Archive member included to satisfy reference by file (symbol)

/home/lodge/STM32MP157/tf-a/tf-a-stm32mp/../build/optee/lib/libfdt.a(fdt.o)
                              /home/lodge/STM32MP157/tf-a/tf-a-stm32mp/../build/optee/bl2/stm32mp_dt.o (fdt_check_header)
/home/lodge/STM32MP157/tf-a/tf-a-stm32mp/../build/optee/lib/libfdt.a(fdt_addresses.o)
                              /home/lodge/STM32MP157/tf-a/tf-a-stm32mp/../build/optee/bl2/stm32mp_dt.o (fdt_address_cells)
/home/lodge/STM32MP157/tf-a/tf-a-stm32mp/../build/optee/lib/libfdt.a(fdt_ro.o)
                              /home/lodge/STM32MP157/tf-a/tf-a-stm32mp/../build/optee/bl2/stm32mp_clkfunc.o (fdt_get_name)
/home/lodge/STM32MP157/tf-a/tf-a-stm32mp/../build/optee/lib/libc.a(assert.o)
                              /home/lodge/STM32MP157/tf-a/tf-a-stm32mp/../build/optee/bl2/io_block.o (__assert)
/home/lodge/STM32MP157/tf-a/tf-a-stm32mp/../build/optee/lib/libc.a(memchr.o)
                              /home/lodge/STM32MP157/tf-a/tf-a-stm32mp/../build/optee/lib/libfdt.a(fdt_ro.o) (memchr)
/home/lodge/STM32MP157/tf-a/tf-a-stm32mp/../build/optee/lib/libc.a(memcmp.o)
                              /home/lodge/STM32MP157/tf-a/tf-a-stm32mp/../build/optee/bl2/stm32mp_crypto_lib.o (memcmp)
/home/lodge/STM32MP157/tf-a/tf-a-stm32mp/../build/optee/lib/libc.a(memcpy.o)
                              /home/lodge/STM32MP157/tf-a/tf-a-stm32mp/../build/optee/bl2/io_block.o (memcpy)
/home/lodge/STM32MP157/tf-a/tf-a-stm32mp/../build/optee/lib/libc.a(memmove.o)
                              /home/lodge/STM32MP157/tf-a/tf-a-stm32mp/../build/optee/bl2/xlat_tables_core.o (memmove)
/home/lodge/STM32MP157/tf-a/tf-a-stm32mp/../build/optee/lib/libc.a(memset.o)
                              /home/lodge/STM32MP157/tf-a/tf-a-stm32mp/../build/optee/bl2/xlat_tables_core.o (memset)
/home/lodge/STM32MP157/tf-a/tf-a-stm32mp/../build/optee/lib/libc.a(printf.o)
                              /home/lodge/STM32MP157/tf-a/tf-a-stm32mp/../build/optee/bl2/tf_log.o (vprintf)
/home/lodge/STM32MP157/tf-a/tf-a-stm32mp/../build/optee/lib/libc.a(putchar.o)
                              /home/lodge/STM32MP157/tf-a/tf-a-stm32mp/../build/optee/bl2/tf_log.o (putchar)
/home/lodge/STM32MP157/tf-a/tf-a-stm32mp/../build/optee/lib/libc.a(snprintf.o)
                              /home/lodge/STM32MP157/tf-a/tf-a-stm32mp/../build/optee/bl2/stm32mp1_clk.o (snprintf)
/home/lodge/STM32MP157/tf-a/tf-a-stm32mp/../build/optee/lib/libc.a(strchr.o)
                              /home/lodge/STM32MP157/tf-a/tf-a-stm32mp/../build/optee/bl2/stm32mp_dt.o (strchr)
/home/lodge/STM32MP157/tf-a/tf-a-stm32mp/../build/optee/lib/libc.a(strcmp.o)
                              /home/lodge/STM32MP157/tf-a/tf-a-stm32mp/../build/optee/bl2/partition.o (strcmp)
/home/lodge/STM32MP157/tf-a/tf-a-stm32mp/../build/optee/lib/libc.a(strlen.o)
                              /home/lodge/STM32MP157/tf-a/tf-a-stm32mp/../build/optee/bl2/stpmic1.o (strlen)
/home/lodge/STM32MP157/tf-a/tf-a-stm32mp/../build/optee/lib/libc.a(strncmp.o)
                              /home/lodge/STM32MP157/tf-a/tf-a-stm32mp/../build/optee/bl2/raw_nand.o (strncmp)
/home/lodge/STM32MP157/tf-a/tf-a-stm32mp/../build/optee/lib/libc.a(strnlen.o)
                              /home/lodge/STM32MP157/tf-a/tf-a-stm32mp/../build/optee/lib/libfdt.a(fdt_ro.o) (strnlen)
/home/lodge/STM32MP157/tf-a/tf-a-stm32mp/../build/optee/lib/libc.a(strrchr.o)
                              /home/lodge/STM32MP157/tf-a/tf-a-stm32mp/../build/optee/lib/libfdt.a(fdt_ro.o) (strrchr)

Discarded input sections

 .text          0x0000000000000000        0x0 /home/lodge/STM32MP157/tf-a/tf-a-stm32mp/../build/optee/bl2/build_message.o
 .data          0x0000000000000000        0x0 /home/lodge/STM32MP157/tf-a/tf-a-stm32mp/../build/optee/bl2/build_message.o
 .bss           0x0000000000000000        0x0 /home/lodge/STM32MP157/tf-a/tf-a-stm32mp/../build/optee/bl2/build_message.o
 .text          0x0000000000000000        0x0 /home/lodge/STM32MP157/tf-a/tf-a-stm32mp/../build/optee/bl2/io_block.o
 .data          0x0000000000000000        0x0 /home/lodge/STM32MP157/tf-a/tf-a-stm32mp/../build/optee/bl2/io_block.o
 .bss           0x0000000000000000        0x0 /home/lodge/STM32MP157/tf-a/tf-a-stm32mp/../build/optee/bl2/io_block.o
 .text          0x0000000000000000        0x0 /home/lodge/STM32MP157/tf-a/tf-a-stm32mp/../build/optee/bl2/io_dummy.o
 .data          0x0000000000000000        0x0 /home/lodge/STM32MP157/tf-a/tf-a-stm32mp/../build/optee/bl2/io_dummy.o
 .bss           0x0000000000000000        0x0 /home/lodge/STM32MP157/tf-a/tf-a-stm32mp/../build/optee/bl2/io_dummy.o
 .text          0x0000000000000000        0x0 /home/lodge/STM32MP157/tf-a/tf-a-stm32mp/../build/optee/bl2/io_mtd.o
 .data          0x0000000000000000        0x0 /home/lodge/STM32MP157/tf-a/tf-a-stm32mp/../build/optee/bl2/io_mtd.o
 .bss           0x0000000000000000        0x0 /home/lodge/STM32MP157/tf-a/tf-a-stm32mp/../build/optee/bl2/io_mtd.o
[...]
Memory Configuration

Name             Origin             Length             Attributes
RAM              0x000000002ffe7000 0x0000000000018000 xrw
*default*        0x0000000000000000 0xffffffffffffffff

Linker script and memory map

                0x000000002ffe7000                . = 0x2ffe7000
                0x0000000000000001                ASSERT ((. == ALIGN (0x1000)), BL2_BASE address is not aligned on a page boundary.)

ro              0x000000002ffe7000    0x12000
                0x000000002ffe7000                __RO_START__ = .
                0x000000002ffe7000                __TEXT_RESIDENT_START__ = .
 *bl2_el3_entrypoint.o(.text*)
 .text.asm.bl2_entrypoint
                0x000000002ffe7000      0x158 /home/lodge/STM32MP157/tf-a/tf-a-stm32mp/../build/optee/bl2/bl2_el3_entrypoint.o
                0x000000002ffe7000                bl2_entrypoint
 .text.asm.bl2_run_next_image
                0x000000002ffe7158       0x40 /home/lodge/STM32MP157/tf-a/tf-a-stm32mp/../build/optee/bl2/bl2_el3_entrypoint.o
                0x000000002ffe7158                bl2_run_next_image
 *(.text.asm.*)
 .text.asm.spin_lock
                0x000000002ffe7198       0x24 /home/lodge/STM32MP157/tf-a/tf-a-stm32mp/../build/optee/bl2/spinlock.o
                0x000000002ffe7198                spin_lock
 .text.asm.spin_unlock
                0x000000002ffe71bc       0x18 /home/lodge/STM32MP157/tf-a/tf-a-stm32mp/../build/optee/bl2/spinlock.o
                0x000000002ffe71bc                spin_unlock
 .text.asm.plat_set_my_stack
                0x000000002ffe71d4       0x10 /home/lodge/STM32MP157/tf-a/tf-a-stm32mp/../build/optee/bl2/platform_up_stack.o
                0x000000002ffe71d4                plat_set_my_stack
 .text.asm.reset_handler
                0x000000002ffe71e4       0x38 /home/lodge/STM32MP157/tf-a/tf-a-stm32mp/../build/optee/bl2/cpu_helpers.o
                0x000000002ffe71e4                reset_handler
 .text.asm.get_cpu_ops_ptr
                0x000000002ffe721c       0x44 /home/lodge/STM32MP157/tf-a/tf-a-stm32mp/../build/optee/bl2/cpu_helpers.o
                0x000000002ffe721c                get_cpu_ops_ptr
 .text.asm.do_panic
                0x000000002ffe7260       0x3c /home/lodge/STM32MP157/tf-a/tf-a-stm32mp/../build/optee/bl2/debug.o
                0x000000002ffe7260                do_panic
 .text.asm.report_exception
                0x000000002ffe729c       0x14 /home/lodge/STM32MP157/tf-a/tf-a-stm32mp/../build/optee/bl2/debug.o
                0x000000002ffe729c                report_exception
 .text.asm.report_undef_inst
                0x000000002ffe72b0       0x10 /home/lodge/STM32MP157/tf-a/tf-a-stm32mp/../build/optee/bl2/debug.o
                0x000000002ffe72b0                report_undef_inst
 .text.asm.report_prefetch_abort
                0x000000002ffe72c0       0x10 /home/lodge/STM32MP157/tf-a/tf-a-stm32mp/../build/optee/bl2/debug.o
                0x000000002ffe72c0                report_prefetch_abort
 .text.asm.report_data_abort
                0x000000002ffe72d0       0x10 /home/lodge/STM32MP157/tf-a/tf-a-stm32mp/../build/optee/bl2/debug.o
                0x000000002ffe72d0                report_data_abort
 .text.asm.asm_assert
                0x000000002ffe72e0       0x7c /home/lodge/STM32MP157/tf-a/tf-a-stm32mp/../build/optee/bl2/debug.o
                0x000000002ffe72e0                asm_assert
 .text.asm.asm_print_str
                0x000000002ffe735c       0x1c /home/lodge/STM32MP157/tf-a/tf-a-stm32mp/../build/optee/bl2/debug.o
                0x000000002ffe735c                asm_print_str
 .text.asm.asm_print_hex
                0x000000002ffe7378       0x34 /home/lodge/STM32MP157/tf-a/tf-a-stm32mp/../build/optee/bl2/debug.o
                0x000000002ffe7378                asm_print_hex
 .text.asm.flush_dcache_range
                0x000000002ffe73ac       0x3c /home/lodge/STM32MP157/tf-a/tf-a-stm32mp/../build/optee/bl2/cache_helpers.o
                0x000000002ffe73ac                flush_dcache_range
 .text.asm.clean_dcache_range
                0x000000002ffe73e8       0x3c /home/lodge/STM32MP157/tf-a/tf-a-stm32mp/../build/optee/bl2/cache_helpers.o
                0x000000002ffe73e8                clean_dcache_range
 .text.asm.inv_dcache_range
                0x000000002ffe7424       0x3c /home/lodge/STM32MP157/tf-a/tf-a-stm32mp/../build/optee/bl2/cache_helpers.o
                0x000000002ffe7424                inv_dcache_range
 .text.asm.zeromem
                0x000000002ffe7460       0x64 /home/lodge/STM32MP157/tf-a/tf-a-stm32mp/../build/optee/bl2/misc_helpers.o
                0x000000002ffe7460                zeromem
                0x000000002ffe7460                zero_normalmem
 .text.asm.disable_mmu_secure
                0x000000002ffe74c4       0x1c /home/lodge/STM32MP157/tf-a/tf-a-stm32mp/../build/optee/bl2/misc_helpers.o
                0x000000002ffe74c4                disable_mmu_secure
 .text.asm.disable_mmu_icache_secure
                0x000000002ffe74e0        0xc /home/lodge/STM32MP157/tf-a/tf-a-stm32mp/../build/optee/bl2/misc_helpers.o
                0x000000002ffe74e0                disable_mmu_icache_secure
 .text.asm.console_stm32_core_init
                0x000000002ffe74ec       0x7c /home/lodge/STM32MP157/tf-a/tf-a-stm32mp/../build/optee/bl2/stm32_console.o
                0x000000002ffe74ec                console_stm32_core_init
 .text.asm.console_stm32_register
                0x000000002ffe7568       0x58 /home/lodge/STM32MP157/tf-a/tf-a-stm32mp/../build/optee/bl2/stm32_console.o
                0x000000002ffe7568                console_stm32_register
 .text.asm.console_stm32_core_putc
                0x000000002ffe75c0       0x48 /home/lodge/STM32MP157/tf-a/tf-a-stm32mp/../build/optee/bl2/stm32_console.o
                0x000000002ffe75c0                console_stm32_core_putc
 .text.asm.console_stm32_putc
                0x000000002ffe7608       0x20 /home/lodge/STM32MP157/tf-a/tf-a-stm32mp/../build/optee/bl2/stm32_console.o
                0x000000002ffe7608                console_stm32_putc
 .text.asm.console_stm32_core_flush
                0x000000002ffe7628       0x30 /home/lodge/STM32MP157/tf-a/tf-a-stm32mp/../build/optee/bl2/stm32_console.o
                0x000000002ffe7628                console_stm32_core_flush
 .text.asm.console_stm32_flush
                0x000000002ffe7658       0x20 /home/lodge/STM32MP157/tf-a/tf-a-stm32mp/../build/optee/bl2/stm32_console.o
                0x000000002ffe7658                console_stm32_flush
 .text.asm.enable_mmu_direct_svc_mon
                0x000000002ffe7678       0x80 /home/lodge/STM32MP157/tf-a/tf-a-stm32mp/../build/optee/bl2/enable_mmu.o
                0x000000002ffe7678                enable_mmu_direct_svc_mon
 .text.asm.cortex_a7_enable_smp
                0x000000002ffe76f8       0x14 /home/lodge/STM32MP157/tf-a/tf-a-stm32mp/../build/optee/bl2/cortex_a7.o
 .text.asm.cortex_a7_reset_func
                0x000000002ffe770c        0x4 /home/lodge/STM32MP157/tf-a/tf-a-stm32mp/../build/optee/bl2/cortex_a7.o
 .text.asm.platform_mem_init
                0x000000002ffe7710        0x4 /home/lodge/STM32MP157/tf-a/tf-a-stm32mp/../build/optee/bl2/stm32mp1_helper.o
                0x000000002ffe7710                platform_mem_init
 .text.asm.plat_report_exception
                0x000000002ffe7714       0x74 /home/lodge/STM32MP157/tf-a/tf-a-stm32mp/../build/optee/bl2/stm32mp1_helper.o
                0x000000002ffe7714                plat_report_exception
 .text.asm.plat_report_undef_inst
                0x000000002ffe7788       0x30 /home/lodge/STM32MP157/tf-a/tf-a-stm32mp/../build/optee/bl2/stm32mp1_helper.o
                0x000000002ffe7788                plat_report_undef_inst
 .text.asm.plat_report_prefetch_abort
                0x000000002ffe77b8       0x58 /home/lodge/STM32MP157/tf-a/tf-a-stm32mp/../build/optee/bl2/stm32mp1_helper.o
                0x000000002ffe77b8                plat_report_prefetch_abort
 .text.asm.plat_report_data_abort
                0x000000002ffe7810       0x58 /home/lodge/STM32MP157/tf-a/tf-a-stm32mp/../build/optee/bl2/stm32mp1_helper.o
                0x000000002ffe7810                plat_report_data_abort
 .text.asm.plat_reset_handler
                0x000000002ffe7868        0x4 /home/lodge/STM32MP157/tf-a/tf-a-stm32mp/../build/optee/bl2/stm32mp1_helper.o
                0x000000002ffe7868                plat_reset_handler
 .text.asm.plat_get_my_entrypoint
                0x000000002ffe786c        0x8 /home/lodge/STM32MP157/tf-a/tf-a-stm32mp/../build/optee/bl2/stm32mp1_helper.o
                0x000000002ffe786c                plat_get_my_entrypoint
 .text.asm.plat_secondary_cold_boot_setup
                0x000000002ffe7874        0x4 /home/lodge/STM32MP157/tf-a/tf-a-stm32mp/../build/optee/bl2/stm32mp1_helper.o
                0x000000002ffe7874                plat_secondary_cold_boot_setup
 .text.asm.plat_is_my_cpu_primary
                0x000000002ffe7878       0x20 /home/lodge/STM32MP157/tf-a/tf-a-stm32mp/../build/optee/bl2/stm32mp1_helper.o
                0x000000002ffe7878                plat_is_my_cpu_primary
 .text.asm.plat_crash_console_init
                0x000000002ffe7898       0xac /home/lodge/STM32MP157/tf-a/tf-a-stm32mp/../build/optee/bl2/stm32mp1_helper.o
                0x000000002ffe7898                plat_crash_console_init
 .text.asm.plat_crash_console_flush
                0x000000002ffe7944        0xc /home/lodge/STM32MP157/tf-a/tf-a-stm32mp/../build/optee/bl2/stm32mp1_helper.o
                0x000000002ffe7944                plat_crash_console_flush
 .text.asm.plat_crash_console_putc
                0x000000002ffe7950        0xc /home/lodge/STM32MP157/tf-a/tf-a-stm32mp/../build/optee/bl2/stm32mp1_helper.o
                0x000000002ffe7950                plat_crash_console_putc
 .text.asm.plat_panic_handler
                0x000000002ffe795c       0x14 /home/lodge/STM32MP157/tf-a/tf-a-stm32mp/../build/optee/bl2/stm32mp1_helper.o
                0x000000002ffe795c                plat_panic_handler
                0x000000002ffe7970                __TEXT_RESIDENT_END__ = .
 *(.text*)
 .text.device_type_block
                0x000000002ffe7970        0x4 /home/lodge/STM32MP157/tf-a/tf-a-stm32mp/../build/optee/bl2/io_block.o
                0x000000002ffe7970                device_type_block
 .text.block_close
                0x000000002ffe7974        0x8 /home/lodge/STM32MP157/tf-a/tf-a-stm32mp/../build/optee/bl2/io_block.o
 .text.block_seek
                0x000000002ffe797c       0x54 /home/lodge/STM32MP157/tf-a/tf-a-stm32mp/../build/optee/bl2/io_block.o
 .text.block_open
                0x000000002ffe79d0       0x4c /home/lodge/STM32MP157/tf-a/tf-a-stm32mp/../build/optee/bl2/io_block.o
 .text.block_write
                0x000000002ffe7a1c      0x114 /home/lodge/STM32MP157/tf-a/tf-a-stm32mp/../build/optee/bl2/io_block.o
 .text.block_read
                0x000000002ffe7b30       0xe8 /home/lodge/STM32MP157/tf-a/tf-a-stm32mp/../build/optee/bl2/io_block.o
 .text.block_dev_open
                0x000000002ffe7c18       0x78 /home/lodge/STM32MP157/tf-a/tf-a-stm32mp/../build/optee/bl2/io_block.o
 .text.block_dev_close
                0x000000002ffe7c90       0x48 /home/lodge/STM32MP157/tf-a/tf-a-stm32mp/../build/optee/bl2/io_block.o
 .text.register_io_dev_block
                0x000000002ffe7cd8       0x2c /home/lodge/STM32MP157/tf-a/tf-a-stm32mp/../build/optee/bl2/io_block.o
                0x000000002ffe7cd8                register_io_dev_block
 .text.device_type_dummy
                0x000000002ffe7d04        0x4 /home/lodge/STM32MP157/tf-a/tf-a-stm32mp/../build/optee/bl2/io_dummy.o
 .text.dummy_dev_close
                0x000000002ffe7d08        0x4 /home/lodge/STM32MP157/tf-a/tf-a-stm32mp/../build/optee/bl2/io_dummy.o
 .text.dummy_dev_open
                0x000000002ffe7d0c       0x1c /home/lodge/STM32MP157/tf-a/tf-a-stm32mp/../build/optee/bl2/io_dummy.o
 .text.dummy_block_close
                0x000000002ffe7d28       0x20 /home/lodge/STM32MP157/tf-a/tf-a-stm32mp/../build/optee/bl2/io_dummy.o
 .text.dummy_block_read
                0x000000002ffe7d48       0x18 /home/lodge/STM32MP157/tf-a/tf-a-stm32mp/../build/optee/bl2/io_dummy.o
 .text.dummy_block_len
                0x000000002ffe7d60       0x20 /home/lodge/STM32MP157/tf-a/tf-a-stm32mp/../build/optee/bl2/io_dummy.o
 .text.dummy_block_open
                0x000000002ffe7d80       0x3c /home/lodge/STM32MP157/tf-a/tf-a-stm32mp/../build/optee/bl2/io_dummy.o
 .text.register_io_dev_dummy
                0x000000002ffe7dbc       0x28 /home/lodge/STM32MP157/tf-a/tf-a-stm32mp/../build/optee/bl2/io_dummy.o
                0x000000002ffe7dbc                register_io_dev_dummy
 .text.device_type_mtd
                0x000000002ffe7de4        0x4 /home/lodge/STM32MP157/tf-a/tf-a-stm32mp/../build/optee/bl2/io_mtd.o
                0x000000002ffe7de4                device_type_mtd
 .text.mtd_close
                0x000000002ffe7de8        0x8 /home/lodge/STM32MP157/tf-a/tf-a-stm32mp/../build/optee/bl2/io_mtd.o
 .text.mtd_read
                0x000000002ffe7df0       0x74 /home/lodge/STM32MP157/tf-a/tf-a-stm32mp/../build/optee/bl2/io_mtd.o
 .text.mtd_seek
                0x000000002ffe7e64       0x60 /home/lodge/STM32MP157/tf-a/tf-a-stm32mp/../build/optee/bl2/io_mtd.o
 .text.mtd_open
                0x000000002ffe7ec4       0x24 /home/lodge/STM32MP157/tf-a/tf-a-stm32mp/../build/optee/bl2/io_mtd.o
 .text.mtd_dev_close
                0x000000002ffe7ee8       0x2c /home/lodge/STM32MP157/tf-a/tf-a-stm32mp/../build/optee/bl2/io_mtd.o
 .text.mtd_dev_open
                0x000000002ffe7f14       0x4c /home/lodge/STM32MP157/tf-a/tf-a-stm32mp/../build/optee/bl2/io_mtd.o
 .text.register_io_dev_mtd
                0x000000002ffe7f60       0x1c /home/lodge/STM32MP157/tf-a/tf-a-stm32mp/../build/optee/bl2/io_mtd.o
                0x000000002ffe7f60                register_io_dev_mtd
 .text.is_valid_dev
                0x000000002ffe7f7c       0x18 /home/lodge/STM32MP157/tf-a/tf-a-stm32mp/../build/optee/bl2/io_storage.o
 .text.is_valid_entity
                0x000000002ffe7f94       0x12 /home/lodge/STM32MP157/tf-a/tf-a-stm32mp/../build/optee/bl2/io_storage.o
 *fill*         0x000000002ffe7fa6        0x2 
 .text.free_entity.isra.0
                0x000000002ffe7fa8       0x40 /home/lodge/STM32MP157/tf-a/tf-a-stm32mp/../build/optee/bl2/io_storage.o
 .text.io_register_device
                0x000000002ffe7fe8       0x28 /home/lodge/STM32MP157/tf-a/tf-a-stm32mp/../build/optee/bl2/io_storage.o
                0x000000002ffe7fe8                io_register_device
 .text.io_dev_open
                0x000000002ffe8010       0x28 /home/lodge/STM32MP157/tf-a/tf-a-stm32mp/../build/optee/bl2/io_storage.o
                0x000000002ffe8010                io_dev_open
 .text.io_dev_init
                0x000000002ffe8038       0x34 /home/lodge/STM32MP157/tf-a/tf-a-stm32mp/../build/optee/bl2/io_storage.o
                0x000000002ffe8038                io_dev_init
 .text.io_dev_close
                0x000000002ffe806c       0x30 /home/lodge/STM32MP157/tf-a/tf-a-stm32mp/../build/optee/bl2/io_storage.o
                0x000000002ffe806c                io_dev_close
 .text.io_open  0x000000002ffe809c       0x94 /home/lodge/STM32MP157/tf-a/tf-a-stm32mp/../build/optee/bl2/io_storage.o
                0x000000002ffe809c                io_open
 .text.io_seek  0x000000002ffe8130       0x4c /home/lodge/STM32MP157/tf-a/tf-a-stm32mp/../build/optee/bl2/io_storage.o
                0x000000002ffe8130                io_seek
 .text.io_size  0x000000002ffe817c       0x34 /home/lodge/STM32MP157/tf-a/tf-a-stm32mp/../build/optee/bl2/io_storage.o
                0x000000002ffe817c                io_size
 .text.io_read  0x000000002ffe81b0       0x48 /home/lodge/STM32MP157/tf-a/tf-a-stm32mp/../build/optee/bl2/io_storage.o
                0x000000002ffe81b0                io_read
 .text.io_close
                0x000000002ffe81f8       0x30 /home/lodge/STM32MP157/tf-a/tf-a-stm32mp/../build/optee/bl2/io_storage.o
                0x000000002ffe81f8                io_close
 .text.hash_write_data
                0x000000002ffe8228       0x64 /home/lodge/STM32MP157/tf-a/tf-a-stm32mp/../build/optee/bl2/stm32_hash.o
 .text.stm32_hash_update
                0x000000002ffe828c       0xb0 /home/lodge/STM32MP157/tf-a/tf-a-stm32mp/../build/optee/bl2/stm32_hash.o
                0x000000002ffe828c                stm32_hash_update
 .text.stm32_hash_final
                0x000000002ffe833c       0xec /home/lodge/STM32MP157/tf-a/tf-a-stm32mp/../build/optee/bl2/stm32_hash.o
                0x000000002ffe833c                stm32_hash_final
 .text.stm32_hash_final_update
                0x000000002ffe8428       0x16 /home/lodge/STM32MP157/tf-a/tf-a-stm32mp/../build/optee/bl2/stm32_hash.o
                0x000000002ffe8428                stm32_hash_final_update
 *fill*         0x000000002ffe843e        0x2 
 .text.stm32_hash_init
                0x000000002ffe8440       0x5c /home/lodge/STM32MP157/tf-a/tf-a-stm32mp/../build/optee/bl2/stm32_hash.o
                0x000000002ffe8440                stm32_hash_init
 .text.stm32_hash_register
                0x000000002ffe849c       0x88 /home/lodge/STM32MP157/tf-a/tf-a-stm32mp/../build/optee/bl2/stm32_hash.o
                0x000000002ffe849c                stm32_hash_register
 .text.device_type_stm32image
                0x000000002ffe8524        0x4 /home/lodge/STM32MP157/tf-a/tf-a-stm32mp/../build/optee/bl2/io_stm32image.o
 .text.stm32image_dev_close
                0x000000002ffe8528       0x1c /home/lodge/STM32MP157/tf-a/tf-a-stm32mp/../build/optee/bl2/io_stm32image.o
 .text.stm32image_partition_close
                0x000000002ffe8544        0xc /home/lodge/STM32MP157/tf-a/tf-a-stm32mp/../build/optee/bl2/io_stm32image.o
 .text.stm32image_dev_open
                0x000000002ffe8550       0x64 /home/lodge/STM32MP157/tf-a/tf-a-stm32mp/../build/optee/bl2/io_stm32image.o
 .text.stm32image_dev_init
                0x000000002ffe85b4       0x44 /home/lodge/STM32MP157/tf-a/tf-a-stm32mp/../build/optee/bl2/io_stm32image.o
 .text.stm32image_partition_read
                0x000000002ffe85f8      0x100 /home/lodge/STM32MP157/tf-a/tf-a-stm32mp/../build/optee/bl2/io_stm32image.o
 .text.stm32image_partition_size
                0x000000002ffe86f8       0xec /home/lodge/STM32MP157/tf-a/tf-a-stm32mp/../build/optee/bl2/io_stm32image.o
 .text.stm32image_partition_open
                0x000000002ffe87e4       0x64 /home/lodge/STM32MP157/tf-a/tf-a-stm32mp/../build/optee/bl2/io_stm32image.o
 .text.register_io_dev_stm32image
                0x000000002ffe8848       0x2c /home/lodge/STM32MP157/tf-a/tf-a-stm32mp/../build/optee/bl2/io_stm32image.o
                0x000000002ffe8848                register_io_dev_stm32image
 .text.boot_mmc
                0x000000002ffe8874      0x14c /home/lodge/STM32MP157/tf-a/tf-a-stm32mp/../build/optee/bl2/bl2_io_storage.o
 .text.open_storage
                0x000000002ffe89c0       0x10 /home/lodge/STM32MP157/tf-a/tf-a-stm32mp/../build/optee/bl2/bl2_io_storage.o
 .text.open_image
                0x000000002ffe89d0       0x10 /home/lodge/STM32MP157/tf-a/tf-a-stm32mp/../build/optee/bl2/bl2_io_storage.o
 .text.open_dummy
                0x000000002ffe89e0       0x10 /home/lodge/STM32MP157/tf-a/tf-a-stm32mp/../build/optee/bl2/bl2_io_storage.o
 .text.stm32mp_io_setup
                0x000000002ffe89f0      0x2ec /home/lodge/STM32MP157/tf-a/tf-a-stm32mp/../build/optee/bl2/bl2_io_storage.o
                0x000000002ffe89f0                stm32mp_io_setup
 .text.plat_get_image_source
                0x000000002ffe8cdc       0x40 /home/lodge/STM32MP157/tf-a/tf-a-stm32mp/../build/optee/bl2/bl2_io_storage.o
                0x000000002ffe8cdc                plat_get_image_source
 .text.plat_try_next_boot_source
                0x000000002ffe8d1c       0x9c /home/lodge/STM32MP157/tf-a/tf-a-stm32mp/../build/optee/bl2/bl2_io_storage.o
                0x000000002ffe8d1c                plat_try_next_boot_source
 .text.get_boot_device
                0x000000002ffe8db8        0x4 /home/lodge/STM32MP157/tf-a/tf-a-stm32mp/../build/optee/bl2/bl2_plat_setup.o
                0x000000002ffe8db8                get_boot_device
 .text.bl2_el3_early_platform_setup
                0x000000002ffe8dbc        0x4 /home/lodge/STM32MP157/tf-a/tf-a-stm32mp/../build/optee/bl2/bl2_plat_setup.o
                0x000000002ffe8dbc                bl2_el3_early_platform_setup
 .text.bl2_platform_setup
                0x000000002ffe8dc0       0xc8 /home/lodge/STM32MP157/tf-a/tf-a-stm32mp/../build/optee/bl2/bl2_plat_setup.o
                0x000000002ffe8dc0                bl2_platform_setup
 .text.bl2_el3_plat_arch_setup
                0x000000002ffe8e88      0x430 /home/lodge/STM32MP157/tf-a/tf-a-stm32mp/../build/optee/bl2/bl2_plat_setup.o
                0x000000002ffe8e88                bl2_el3_plat_arch_setup
 .text.bl2_plat_handle_post_image_load
                0x000000002ffe92b8       0xf4 /home/lodge/STM32MP157/tf-a/tf-a-stm32mp/../build/optee/bl2/bl2_plat_setup.o
                0x000000002ffe92b8                bl2_plat_handle_post_image_load
 .text.auth_get_param
                0x000000002ffe93ac       0x3e /home/lodge/STM32MP157/tf-a/tf-a-stm32mp/../build/optee/bl2/auth_mod.o
 .text.plat_set_nv_ctr2
                0x000000002ffe93ea        0x6 /home/lodge/STM32MP157/tf-a/tf-a-stm32mp/../build/optee/bl2/auth_mod.o
                0x000000002ffe93ea                plat_set_nv_ctr2
 .text.auth_mod_get_parent_id
                0x000000002ffe93f0       0x40 /home/lodge/STM32MP157/tf-a/tf-a-stm32mp/../build/optee/bl2/auth_mod.o
                0x000000002ffe93f0                auth_mod_get_parent_id
 .text.auth_mod_init
                0x000000002ffe9430       0x28 /home/lodge/STM32MP157/tf-a/tf-a-stm32mp/../build/optee/bl2/auth_mod.o
                0x000000002ffe9430                auth_mod_init
 .text.auth_mod_verify_img
                0x000000002ffe9458      0x280 /home/lodge/STM32MP157/tf-a/tf-a-stm32mp/../build/optee/bl2/auth_mod.o
                0x000000002ffe9458                auth_mod_verify_img
 .text.crypto_mod_init
                0x000000002ffe96d8       0x44 /home/lodge/STM32MP157/tf-a/tf-a-stm32mp/../build/optee/bl2/crypto_mod.o
                0x000000002ffe96d8                crypto_mod_init
 .text.crypto_mod_verify_signature
                0x000000002ffe971c       0x74 /home/lodge/STM32MP157/tf-a/tf-a-stm32mp/../build/optee/bl2/crypto_mod.o
                0x000000002ffe971c                crypto_mod_verify_signature
 .text.crypto_mod_verify_hash
                0x000000002ffe9790       0x38 /home/lodge/STM32MP157/tf-a/tf-a-stm32mp/../build/optee/bl2/crypto_mod.o
                0x000000002ffe9790                crypto_mod_verify_hash
 .text.img_parser_init
                0x000000002ffe97c8       0x94 /home/lodge/STM32MP157/tf-a/tf-a-stm32mp/../build/optee/bl2/img_parser_mod.o
                0x000000002ffe97c8                img_parser_init
 .text.img_parser_check_integrity
                0x000000002ffe985c       0x48 /home/lodge/STM32MP157/tf-a/tf-a-stm32mp/../build/optee/bl2/img_parser_mod.o
                0x000000002ffe985c                img_parser_check_integrity
 .text.img_parser_get_auth_param
                0x000000002ffe98a4       0x78 /home/lodge/STM32MP157/tf-a/tf-a-stm32mp/../build/optee/bl2/img_parser_mod.o
                0x000000002ffe98a4                img_parser_get_auth_param
 .text.crypto_verify_hash
                0x000000002ffe991c       0x46 /home/lodge/STM32MP157/tf-a/tf-a-stm32mp/../build/optee/bl2/stm32mp_crypto_lib.o
 *fill*         0x000000002ffe9962        0x2 
 .text.crypto_verify_signature
                0x000000002ffe9964      0x100 /home/lodge/STM32MP157/tf-a/tf-a-stm32mp/../build/optee/bl2/stm32mp_crypto_lib.o
 .text.crypto_lib_init
                0x000000002ffe9a64       0x60 /home/lodge/STM32MP157/tf-a/tf-a-stm32mp/../build/optee/bl2/stm32mp_crypto_lib.o
 .text.img_lib_init
                0x000000002ffe9ac4        0x2 /home/lodge/STM32MP157/tf-a/tf-a-stm32mp/../build/optee/bl2/stm32mp_img_parser_lib.o
 .text.img_get_auth_param
                0x000000002ffe9ac6       0x74 /home/lodge/STM32MP157/tf-a/tf-a-stm32mp/../build/optee/bl2/stm32mp_img_parser_lib.o
 .text.img_check_integrity
                0x000000002ffe9b3a       0x12 /home/lodge/STM32MP157/tf-a/tf-a-stm32mp/../build/optee/bl2/stm32mp_img_parser_lib.o
 .text.plat_get_rotpk_info
                0x000000002ffe9b4c       0x8c /home/lodge/STM32MP157/tf-a/tf-a-stm32mp/../build/optee/bl2/stm32mp_trusted_boot.o
                0x000000002ffe9b4c                plat_get_rotpk_info
 .text.plat_get_nv_ctr
                0x000000002ffe9bd8       0x1c /home/lodge/STM32MP157/tf-a/tf-a-stm32mp/../build/optee/bl2/stm32mp_trusted_boot.o
                0x000000002ffe9bd8                plat_get_nv_ctr
 .text.plat_set_nv_ctr
                0x000000002ffe9bf4        0x6 /home/lodge/STM32MP157/tf-a/tf-a-stm32mp/../build/optee/bl2/stm32mp_trusted_boot.o
                0x000000002ffe9bf4                plat_set_nv_ctr
 *fill*         0x000000002ffe9bfa        0x2 
 .text.mmc_send_cmd
                0x000000002ffe9bfc       0x44 /home/lodge/STM32MP157/tf-a/tf-a-stm32mp/../build/optee/bl2/mmc.o
 .text.mmc_device_state
                0x000000002ffe9c40       0x44 /home/lodge/STM32MP157/tf-a/tf-a-stm32mp/../build/optee/bl2/mmc.o
 .text.mmc_reset_to_idle
                0x000000002ffe9c84       0x1c /home/lodge/STM32MP157/tf-a/tf-a-stm32mp/../build/optee/bl2/mmc.o
 .text.mmc_set_ext_csd
                0x000000002ffe9ca0       0x34 /home/lodge/STM32MP157/tf-a/tf-a-stm32mp/../build/optee/bl2/mmc.o
 .text.sd_switch.constprop.0
                0x000000002ffe9cd4       0x48 /home/lodge/STM32MP157/tf-a/tf-a-stm32mp/../build/optee/bl2/mmc.o
 .text.mmc_read_blocks
                0x000000002ffe9d1c       0xd0 /home/lodge/STM32MP157/tf-a/tf-a-stm32mp/../build/optee/bl2/mmc.o
                0x000000002ffe9d1c                mmc_read_blocks
 .text.mmc_init
                0x000000002ffe9dec      0x4c4 /home/lodge/STM32MP157/tf-a/tf-a-stm32mp/../build/optee/bl2/mmc.o
                0x000000002ffe9dec                mmc_init
 .text.parse_gpt_entry
                0x000000002ffea2b0       0x98 /home/lodge/STM32MP157/tf-a/tf-a-stm32mp/../build/optee/bl2/gpt.o
                0x000000002ffea2b0                parse_gpt_entry
 .text.load_partition_table
                0x000000002ffea348      0x1f4 /home/lodge/STM32MP157/tf-a/tf-a-stm32mp/../build/optee/bl2/partition.o
                0x000000002ffea348                load_partition_table
 .text.get_partition_entry
                0x000000002ffea53c       0x40 /home/lodge/STM32MP157/tf-a/tf-a-stm32mp/../build/optee/bl2/partition.o
                0x000000002ffea53c                get_partition_entry
 .text.partition_init
                0x000000002ffea57c        0x4 /home/lodge/STM32MP157/tf-a/tf-a-stm32mp/../build/optee/bl2/partition.o
                0x000000002ffea57c                partition_init
 .text.device_type_mmc
                0x000000002ffea580        0x4 /home/lodge/STM32MP157/tf-a/tf-a-stm32mp/../build/optee/bl2/io_mmc.o
 .text.mmc_dev_init
                0x000000002ffea584        0x4 /home/lodge/STM32MP157/tf-a/tf-a-stm32mp/../build/optee/bl2/io_mmc.o
 .text.mmc_block_open
                0x000000002ffea588       0x10 /home/lodge/STM32MP157/tf-a/tf-a-stm32mp/../build/optee/bl2/io_mmc.o
 .text.mmc_block_seek
                0x000000002ffea598       0x14 /home/lodge/STM32MP157/tf-a/tf-a-stm32mp/../build/optee/bl2/io_mmc.o
 .text.mmc_block_close
                0x000000002ffea5ac        0x4 /home/lodge/STM32MP157/tf-a/tf-a-stm32mp/../build/optee/bl2/io_mmc.o
 .text.mmc_block_read
                0x000000002ffea5b0       0x70 /home/lodge/STM32MP157/tf-a/tf-a-stm32mp/../build/optee/bl2/io_mmc.o
 .text.mmc_dev_open
                0x000000002ffea620       0x1c /home/lodge/STM32MP157/tf-a/tf-a-stm32mp/../build/optee/bl2/io_mmc.o
 .text.mmc_dev_close
                0x000000002ffea63c        0x4 /home/lodge/STM32MP157/tf-a/tf-a-stm32mp/../build/optee/bl2/io_mmc.o
 .text.register_io_dev_mmc
                0x000000002ffea640       0x28 /home/lodge/STM32MP157/tf-a/tf-a-stm32mp/../build/optee/bl2/io_mmc.o
                0x000000002ffea640                register_io_dev_mmc
 .text.fdt32_to_cpu
                0x000000002ffea668        0x4 /home/lodge/STM32MP157/tf-a/tf-a-stm32mp/../build/optee/bl2/stm32_sdmmc2.o
 .text.stm32_sdmmc2_write
                0x000000002ffea66c        0x4 /home/lodge/STM32MP157/tf-a/tf-a-stm32mp/../build/optee/bl2/stm32_sdmmc2.o
 .text.dump_registers
                0x000000002ffea670       0xc4 /home/lodge/STM32MP157/tf-a/tf-a-stm32mp/../build/optee/bl2/stm32_sdmmc2.o
 .text.stm32_sdmmc2_set_ios
                0x000000002ffea734       0x78 /home/lodge/STM32MP157/tf-a/tf-a-stm32mp/../build/optee/bl2/stm32_sdmmc2.o
 .text.stm32_sdmmc2_init
                0x000000002ffea7ac       0x94 /home/lodge/STM32MP157/tf-a/tf-a-stm32mp/../build/optee/bl2/stm32_sdmmc2.o
 .text.stm32_sdmmc2_send_cmd.part.0
                0x000000002ffea840      0x2ac /home/lodge/STM32MP157/tf-a/tf-a-stm32mp/../build/optee/bl2/stm32_sdmmc2.o
 .text.stm32_sdmmc2_send_cmd
                0x000000002ffeaaec       0x1c /home/lodge/STM32MP157/tf-a/tf-a-stm32mp/../build/optee/bl2/stm32_sdmmc2.o
 .text.stm32_sdmmc2_stop_transfer
                0x000000002ffeab08       0x20 /home/lodge/STM32MP157/tf-a/tf-a-stm32mp/../build/optee/bl2/stm32_sdmmc2.o
 .text.stm32_sdmmc2_read
                0x000000002ffeab28      0x12c /home/lodge/STM32MP157/tf-a/tf-a-stm32mp/../build/optee/bl2/stm32_sdmmc2.o
 .text.plat_sdmmc2_use_dma
                0x000000002ffeac54        0x4 /home/lodge/STM32MP157/tf-a/tf-a-stm32mp/../build/optee/bl2/stm32_sdmmc2.o
                0x000000002ffeac54                plat_sdmmc2_use_dma
 .text.stm32_sdmmc2_prepare
                0x000000002ffeac58       0xb4 /home/lodge/STM32MP157/tf-a/tf-a-stm32mp/../build/optee/bl2/stm32_sdmmc2.o
 .text.stm32_sdmmc2_mmc_get_device_size
                0x000000002ffead0c       0x10 /home/lodge/STM32MP157/tf-a/tf-a-stm32mp/../build/optee/bl2/stm32_sdmmc2.o
                0x000000002ffead0c                stm32_sdmmc2_mmc_get_device_size
 .text.stm32_sdmmc2_mmc_init
                0x000000002ffead1c      0x190 /home/lodge/STM32MP157/tf-a/tf-a-stm32mp/../build/optee/bl2/stm32_sdmmc2.o
                0x000000002ffead1c                stm32_sdmmc2_mmc_init
 .text.nand_send_addr
                0x000000002ffeaeac       0x38 /home/lodge/STM32MP157/tf-a/tf-a-stm32mp/../build/optee/bl2/raw_nand.o
 .text.nand_send_cmd
                0x000000002ffeaee4       0x2c /home/lodge/STM32MP157/tf-a/tf-a-stm32mp/../build/optee/bl2/raw_nand.o
 .text.nand_read_data
                0x000000002ffeaf10       0x40 /home/lodge/STM32MP157/tf-a/tf-a-stm32mp/../build/optee/bl2/raw_nand.o
 .text.nand_send_wait
                0x000000002ffeaf50       0x34 /home/lodge/STM32MP157/tf-a/tf-a-stm32mp/../build/optee/bl2/raw_nand.o
 .text.nand_read_param_page
                0x000000002ffeaf84       0xfc /home/lodge/STM32MP157/tf-a/tf-a-stm32mp/../build/optee/bl2/raw_nand.o
 .text.nand_change_read_column_cmd
                0x000000002ffeb080       0x58 /home/lodge/STM32MP157/tf-a/tf-a-stm32mp/../build/optee/bl2/raw_nand.o
                0x000000002ffeb080                nand_change_read_column_cmd
 .text.nand_read_page_cmd
                0x000000002ffeb0d8       0xa0 /home/lodge/STM32MP157/tf-a/tf-a-stm32mp/../build/optee/bl2/raw_nand.o
                0x000000002ffeb0d8                nand_read_page_cmd
 .text.nand_mtd_read_page_raw
                0x000000002ffeb178       0x14 /home/lodge/STM32MP157/tf-a/tf-a-stm32mp/../build/optee/bl2/raw_nand.o
 .text.nand_mtd_block_is_bad
                0x000000002ffeb18c       0x50 /home/lodge/STM32MP157/tf-a/tf-a-stm32mp/../build/optee/bl2/raw_nand.o
 .text.nand_wait_ready
                0x000000002ffeb1dc       0x78 /home/lodge/STM32MP157/tf-a/tf-a-stm32mp/../build/optee/bl2/raw_nand.o
                0x000000002ffeb1dc                nand_wait_ready
 .text.nand_raw_ctrl_init
                0x000000002ffeb254        0xc /home/lodge/STM32MP157/tf-a/tf-a-stm32mp/../build/optee/bl2/raw_nand.o
                0x000000002ffeb254                nand_raw_ctrl_init
 .text.nand_raw_init
                0x000000002ffeb260       0xf0 /home/lodge/STM32MP157/tf-a/tf-a-stm32mp/../build/optee/bl2/raw_nand.o
                0x000000002ffeb260                nand_raw_init
 .text.fdt32_to_cpu
                0x000000002ffeb350        0x4 /home/lodge/STM32MP157/tf-a/tf-a-stm32mp/../build/optee/bl2/stm32_fmc2_nand.o
 .text.stm32_fmc2_set_buswidth_16
                0x000000002ffeb354       0x20 /home/lodge/STM32MP157/tf-a/tf-a-stm32mp/../build/optee/bl2/stm32_fmc2_nand.o
 .text.stm32_fmc2_set_ecc
                0x000000002ffeb374       0x20 /home/lodge/STM32MP157/tf-a/tf-a-stm32mp/../build/optee/bl2/stm32_fmc2_nand.o
 .text.stm32_fmc2_setup
                0x000000002ffeb394       0x6c /home/lodge/STM32MP157/tf-a/tf-a-stm32mp/../build/optee/bl2/stm32_fmc2_nand.o
 .text.stm32_fmc2_exec
                0x000000002ffeb400      0x170 /home/lodge/STM32MP157/tf-a/tf-a-stm32mp/../build/optee/bl2/stm32_fmc2_nand.o
 .text.stm32_fmc2_read_page
                0x000000002ffeb570      0x2fc /home/lodge/STM32MP157/tf-a/tf-a-stm32mp/../build/optee/bl2/stm32_fmc2_nand.o
 .text.stm32_fmc2_init
                0x000000002ffeb86c      0x3d8 /home/lodge/STM32MP157/tf-a/tf-a-stm32mp/../build/optee/bl2/stm32_fmc2_nand.o
                0x000000002ffeb86c                stm32_fmc2_init
 .text.spi_nand_reg
                0x000000002ffebc44       0x48 /home/lodge/STM32MP157/tf-a/tf-a-stm32mp/../build/optee/bl2/spi_nand.o
 .text.spi_nand_update_cfg
                0x000000002ffebc8c       0x38 /home/lodge/STM32MP157/tf-a/tf-a-stm32mp/../build/optee/bl2/spi_nand.o
 .text.spi_nand_wait_ready
                0x000000002ffebcc4       0x54 /home/lodge/STM32MP157/tf-a/tf-a-stm32mp/../build/optee/bl2/spi_nand.o
 .text.spi_nand_read_page
                0x000000002ffebd18       0xe8 /home/lodge/STM32MP157/tf-a/tf-a-stm32mp/../build/optee/bl2/spi_nand.o
 .text.spi_nand_mtd_read_page
                0x000000002ffebe00       0x20 /home/lodge/STM32MP157/tf-a/tf-a-stm32mp/../build/optee/bl2/spi_nand.o
 .text.spi_nand_mtd_block_is_bad
                0x000000002ffebe20       0x44 /home/lodge/STM32MP157/tf-a/tf-a-stm32mp/../build/optee/bl2/spi_nand.o
 .text.spi_nand_init
                0x000000002ffebe64       0xf4 /home/lodge/STM32MP157/tf-a/tf-a-stm32mp/../build/optee/bl2/spi_nand.o
                0x000000002ffebe64                spi_nand_init
 .text.spi_nor_reg
                0x000000002ffebf58       0x32 /home/lodge/STM32MP157/tf-a/tf-a-stm32mp/../build/optee/bl2/spi_nor.o
 .text.spi_nor_write_en
                0x000000002ffebf8a        0xc /home/lodge/STM32MP157/tf-a/tf-a-stm32mp/../build/optee/bl2/spi_nor.o
 .text.spi_nor_read_sr
                0x000000002ffebf96        0xc /home/lodge/STM32MP157/tf-a/tf-a-stm32mp/../build/optee/bl2/spi_nor.o
 *fill*         0x000000002ffebfa2        0x2 
 .text.spi_nor_clean_bar
                0x000000002ffebfa4       0x30 /home/lodge/STM32MP157/tf-a/tf-a-stm32mp/../build/optee/bl2/spi_nor.o
 .text.spi_nor_wait_ready
                0x000000002ffebfd4       0x74 /home/lodge/STM32MP157/tf-a/tf-a-stm32mp/../build/optee/bl2/spi_nor.o
 .text.spi_nor_read
                0x000000002ffec048       0xb0 /home/lodge/STM32MP157/tf-a/tf-a-stm32mp/../build/optee/bl2/spi_nor.o
                0x000000002ffec048                spi_nor_read
 .text.spi_nor_init
                0x000000002ffec0f8      0x18c /home/lodge/STM32MP157/tf-a/tf-a-stm32mp/../build/optee/bl2/spi_nor.o
                0x000000002ffec0f8                spi_nor_init
 .text.fdt32_to_cpu
                0x000000002ffec284        0x4 /home/lodge/STM32MP157/tf-a/tf-a-stm32mp/../build/optee/bl2/spi_mem.o
 .text.spi_mem_check_buswidth_req
                0x000000002ffec288       0x40 /home/lodge/STM32MP157/tf-a/tf-a-stm32mp/../build/optee/bl2/spi_mem.o
 .text.spi_mem_exec_op
                0x000000002ffec2c8       0x7c /home/lodge/STM32MP157/tf-a/tf-a-stm32mp/../build/optee/bl2/spi_mem.o
                0x000000002ffec2c8                spi_mem_exec_op
 .text.spi_mem_init_slave
                0x000000002ffec344      0x1d8 /home/lodge/STM32MP157/tf-a/tf-a-stm32mp/../build/optee/bl2/spi_mem.o
                0x000000002ffec344                spi_mem_init_slave
 .text.stm32_qspi_read_fifo
                0x000000002ffec51c        0x6 /home/lodge/STM32MP157/tf-a/tf-a-stm32mp/../build/optee/bl2/stm32_qspi.o
 .text.stm32_qspi_write_fifo
                0x000000002ffec522        0x6 /home/lodge/STM32MP157/tf-a/tf-a-stm32mp/../build/optee/bl2/stm32_qspi.o
 .text.stm32_qspi_claim_bus
                0x000000002ffec528       0x28 /home/lodge/STM32MP157/tf-a/tf-a-stm32mp/../build/optee/bl2/stm32_qspi.o
 .text.stm32_qspi_release_bus
                0x000000002ffec550       0x14 /home/lodge/STM32MP157/tf-a/tf-a-stm32mp/../build/optee/bl2/stm32_qspi.o
 .text.stm32_qspi_wait_for_not_busy
                0x000000002ffec564       0x58 /home/lodge/STM32MP157/tf-a/tf-a-stm32mp/../build/optee/bl2/stm32_qspi.o
 .text.stm32_qspi_set_speed
                0x000000002ffec5bc       0x74 /home/lodge/STM32MP157/tf-a/tf-a-stm32mp/../build/optee/bl2/stm32_qspi.o
 .text.stm32_qspi_set_mode
                0x000000002ffec630       0x3c /home/lodge/STM32MP157/tf-a/tf-a-stm32mp/../build/optee/bl2/stm32_qspi.o
 .text.stm32_qspi_exec_op
                0x000000002ffec66c      0x22c /home/lodge/STM32MP157/tf-a/tf-a-stm32mp/../build/optee/bl2/stm32_qspi.o
 .text.stm32_qspi_init
                0x000000002ffec898       0xcc /home/lodge/STM32MP157/tf-a/tf-a-stm32mp/../build/optee/bl2/stm32_qspi.o
                0x000000002ffec898                stm32_qspi_init
 .text.nand_read
                0x000000002ffec964      0x118 /home/lodge/STM32MP157/tf-a/tf-a-stm32mp/../build/optee/bl2/core.o
                0x000000002ffec964                nand_read
 .text.get_nand_device
                0x000000002ffeca7c        0x8 /home/lodge/STM32MP157/tf-a/tf-a-stm32mp/../build/optee/bl2/core.o
                0x000000002ffeca7c                get_nand_device
 .text.get_data_from_otp
                0x000000002ffeca84       0xe0 /home/lodge/STM32MP157/tf-a/tf-a-stm32mp/../build/optee/bl2/stm32mp1_boot_device.o
 .text.plat_get_raw_nand_data
                0x000000002ffecb64       0x10 /home/lodge/STM32MP157/tf-a/tf-a-stm32mp/../build/optee/bl2/stm32mp1_boot_device.o
                0x000000002ffecb64                plat_get_raw_nand_data
 .text.plat_get_spi_nand_data
                0x000000002ffecb74       0x32 /home/lodge/STM32MP157/tf-a/tf-a-stm32mp/../build/optee/bl2/stm32mp1_boot_device.o
                0x000000002ffecb74                plat_get_spi_nand_data
 .text.plat_get_nor_data
                0x000000002ffecba6       0x2c /home/lodge/STM32MP157/tf-a/tf-a-stm32mp/../build/optee/bl2/stm32mp1_boot_device.o
                0x000000002ffecba6                plat_get_nor_data
 *fill*         0x000000002ffecbd2        0x2 
 .text.set_reg  0x000000002ffecbd4       0x54 /home/lodge/STM32MP157/tf-a/tf-a-stm32mp/../build/optee/bl2/stm32mp1_ddr.o
 .text.board_ddr_power_init
                0x000000002ffecc28       0x1a /home/lodge/STM32MP157/tf-a/tf-a-stm32mp/../build/optee/bl2/stm32mp1_ddr.o
 .text.stm32mp1_mode_register_write.isra.0
                0x000000002ffecc42       0x22 /home/lodge/STM32MP157/tf-a/tf-a-stm32mp/../build/optee/bl2/stm32mp1_ddr.o
 .text.stm32mp1_ddrphy_idone_wait
                0x000000002ffecc64       0x60 /home/lodge/STM32MP157/tf-a/tf-a-stm32mp/../build/optee/bl2/stm32mp1_ddr.o
 .text.stm32mp1_wait_operating_mode
                0x000000002ffeccc4       0x68 /home/lodge/STM32MP157/tf-a/tf-a-stm32mp/../build/optee/bl2/stm32mp1_ddr.o
 .text.stm32mp1_wait_sw_done_ack
                0x000000002ffecd2c       0x50 /home/lodge/STM32MP157/tf-a/tf-a-stm32mp/../build/optee/bl2/stm32mp1_ddr.o
 .text.stm32mp1_ddr_init
                0x000000002ffecd7c      0x4c8 /home/lodge/STM32MP157/tf-a/tf-a-stm32mp/../build/optee/bl2/stm32mp1_ddr.o
                0x000000002ffecd7c                stm32mp1_ddr_init
 .text.stm32mp1_ddr_setup
                0x000000002ffed244      0x340 /home/lodge/STM32MP157/tf-a/tf-a-stm32mp/../build/optee/bl2/stm32mp1_ram.o
 .text.stm32mp1_ddr_clk_enable
                0x000000002ffed584       0x44 /home/lodge/STM32MP157/tf-a/tf-a-stm32mp/../build/optee/bl2/stm32mp1_ram.o
                0x000000002ffed584                stm32mp1_ddr_clk_enable
 .text.stm32mp1_ddr_probe
                0x000000002ffed5c8       0x3c /home/lodge/STM32MP157/tf-a/tf-a-stm32mp/../build/optee/bl2/stm32mp1_ram.o
                0x000000002ffed5c8                stm32mp1_ddr_probe
 .text.flush_bl_params_desc_args
                0x000000002ffed604       0x34 /home/lodge/STM32MP157/tf-a/tf-a-stm32mp/../build/optee/bl2/desc_image_load.o
                0x000000002ffed604                flush_bl_params_desc_args
 .text.flush_bl_params_desc
                0x000000002ffed638       0x1c /home/lodge/STM32MP157/tf-a/tf-a-stm32mp/../build/optee/bl2/desc_image_load.o
                0x000000002ffed638                flush_bl_params_desc
 .text.get_bl_params_node_index
                0x000000002ffed654       0x40 /home/lodge/STM32MP157/tf-a/tf-a-stm32mp/../build/optee/bl2/desc_image_load.o
                0x000000002ffed654                get_bl_params_node_index
 .text.get_bl_mem_params_node
                0x000000002ffed694       0x30 /home/lodge/STM32MP157/tf-a/tf-a-stm32mp/../build/optee/bl2/desc_image_load.o
                0x000000002ffed694                get_bl_mem_params_node
 .text.get_bl_load_info_from_mem_params_desc
                0x000000002ffed6c4       0x54 /home/lodge/STM32MP157/tf-a/tf-a-stm32mp/../build/optee/bl2/desc_image_load.o
                0x000000002ffed6c4                get_bl_load_info_from_mem_params_desc
 .text.get_next_bl_params_from_mem_params_desc
                0x000000002ffed718       0xc0 /home/lodge/STM32MP157/tf-a/tf-a-stm32mp/../build/optee/bl2/desc_image_load.o
                0x000000002ffed718                get_next_bl_params_from_mem_params_desc
 .text.plat_flush_next_bl_params
                0x000000002ffed7d8        0x4 /home/lodge/STM32MP157/tf-a/tf-a-stm32mp/../build/optee/bl2/plat_image_load.o
                0x000000002ffed7d8                plat_flush_next_bl_params
 .text.plat_get_bl_image_load_info
                0x000000002ffed7dc       0xa4 /home/lodge/STM32MP157/tf-a/tf-a-stm32mp/../build/optee/bl2/plat_image_load.o
                0x000000002ffed7dc                plat_get_bl_image_load_info
 .text.plat_get_next_bl_params
                0x000000002ffed880        0x4 /home/lodge/STM32MP157/tf-a/tf-a-stm32mp/../build/optee/bl2/plat_image_load.o
                0x000000002ffed880                plat_get_next_bl_params
 .text.tee_validate_header
                0x000000002ffed884       0x30 /home/lodge/STM32MP157/tf-a/tf-a-stm32mp/../build/optee/bl2/optee_utils.o
 .text.parse_optee_image
                0x000000002ffed8b4       0x5c /home/lodge/STM32MP157/tf-a/tf-a-stm32mp/../build/optee/bl2/optee_utils.o
 .text.get_optee_header_ep
                0x000000002ffed910       0x44 /home/lodge/STM32MP157/tf-a/tf-a-stm32mp/../build/optee/bl2/optee_utils.o
                0x000000002ffed910                get_optee_header_ep
 .text.parse_optee_header
                0x000000002ffed954       0xf4 /home/lodge/STM32MP157/tf-a/tf-a-stm32mp/../build/optee/bl2/optee_utils.o
                0x000000002ffed954                parse_optee_header
 .text.bl2_load_images
                0x000000002ffeda48      0x110 /home/lodge/STM32MP157/tf-a/tf-a-stm32mp/../build/optee/bl2/bl2_image_load_v2.o
                0x000000002ffeda48                bl2_load_images
 .text.bl2_el3_setup
                0x000000002ffedb58        0xe /home/lodge/STM32MP157/tf-a/tf-a-stm32mp/../build/optee/bl2/bl2_main.o
                0x000000002ffedb58                bl2_el3_setup
 *fill*         0x000000002ffedb66        0x2 
 .text.bl2_main
                0x000000002ffedb68       0x50 /home/lodge/STM32MP157/tf-a/tf-a-stm32mp/../build/optee/bl2/bl2_main.o
                0x000000002ffedb68                bl2_main
 .text.bl2_arch_setup
                0x000000002ffedbb8        0x2 /home/lodge/STM32MP157/tf-a/tf-a-stm32mp/../build/optee/bl2/bl2_arch_setup.o
                0x000000002ffedbb8                bl2_arch_setup
 *fill*         0x000000002ffedbba        0x2 
 .text.load_auth_image_internal
                0x000000002ffedbbc      0x138 /home/lodge/STM32MP157/tf-a/tf-a-stm32mp/../build/optee/bl2/bl_common.o
 .text.load_auth_image
                0x000000002ffedcf4       0x22 /home/lodge/STM32MP157/tf-a/tf-a-stm32mp/../build/optee/bl2/bl_common.o
                0x000000002ffedcf4                load_auth_image
 *fill*         0x000000002ffedd16        0x2 
 .text.print_entry_point_info
                0x000000002ffedd18       0x20 /home/lodge/STM32MP157/tf-a/tf-a-stm32mp/../build/optee/bl2/bl_common.o
                0x000000002ffedd18                print_entry_point_info
 .text.tf_log   0x000000002ffedd38       0x5c /home/lodge/STM32MP157/tf-a/tf-a-stm32mp/../build/optee/bl2/tf_log.o
                0x000000002ffedd38                tf_log
 .text.console_is_registered
                0x000000002ffedd94       0x2c /home/lodge/STM32MP157/tf-a/tf-a-stm32mp/../build/optee/bl2/multi_console.o
                0x000000002ffedd94                console_is_registered
 .text.console_register
                0x000000002ffeddc0       0x40 /home/lodge/STM32MP157/tf-a/tf-a-stm32mp/../build/optee/bl2/multi_console.o
                0x000000002ffeddc0                console_register
 .text.console_set_scope
                0x000000002ffede00       0x1c /home/lodge/STM32MP157/tf-a/tf-a-stm32mp/../build/optee/bl2/multi_console.o
                0x000000002ffede00                console_set_scope
 .text.console_putc
                0x000000002ffede1c       0x58 /home/lodge/STM32MP157/tf-a/tf-a-stm32mp/../build/optee/bl2/multi_console.o
                0x000000002ffede1c                console_putc
 .text.console_flush
                0x000000002ffede74       0x40 /home/lodge/STM32MP157/tf-a/tf-a-stm32mp/../build/optee/bl2/multi_console.o
                0x000000002ffede74                console_flush
 .text.bl2_el3_plat_prepare_exit
                0x000000002ffedeb4        0x2 /home/lodge/STM32MP157/tf-a/tf-a-stm32mp/../build/optee/bl2/plat_bl_common.o
                0x000000002ffedeb4                bl2_el3_plat_prepare_exit
 .text.plat_error_handler
                0x000000002ffedeb6        0x4 /home/lodge/STM32MP157/tf-a/tf-a-stm32mp/../build/optee/bl2/plat_bl_common.o
                0x000000002ffedeb6                plat_error_handler
 .text.bl2_plat_preload_setup
                0x000000002ffedeba        0x2 /home/lodge/STM32MP157/tf-a/tf-a-stm32mp/../build/optee/bl2/plat_bl_common.o
                0x000000002ffedeba                bl2_plat_preload_setup
 .text.bl2_plat_handle_pre_image_load
                0x000000002ffedebc        0x4 /home/lodge/STM32MP157/tf-a/tf-a-stm32mp/../build/optee/bl2/plat_bl_common.o
                0x000000002ffedebc                bl2_plat_handle_pre_image_load
 .text.plat_log_get_prefix
                0x000000002ffedec0       0x24 /home/lodge/STM32MP157/tf-a/tf-a-stm32mp/../build/optee/bl2/plat_log_common.o
                0x000000002ffedec0                plat_log_get_prefix
 .text.__popcountsi2
                0x000000002ffedee4       0x2a /home/lodge/STM32MP157/tf-a/tf-a-stm32mp/../build/optee/bl2/popcountsi2.o
                0x000000002ffedee4                __popcountsi2
 .text.__ctzdi2
                0x000000002ffedf0e       0x20 /home/lodge/STM32MP157/tf-a/tf-a-stm32mp/../build/optee/bl2/ctzdi2.o
                0x000000002ffedf0e                __ctzdi2
 .text.__udivmoddi4
                0x000000002ffedf2e      0x17e /home/lodge/STM32MP157/tf-a/tf-a-stm32mp/../build/optee/bl2/udivmoddi4.o
                0x000000002ffedf2e                __udivmoddi4
 .text.plat_get_syscnt_freq2
                0x000000002ffee0ac        0x6 /home/lodge/STM32MP157/tf-a/tf-a-stm32mp/../build/optee/bl2/stm32mp_common.o
                0x000000002ffee0ac                plat_get_syscnt_freq2
 *fill*         0x000000002ffee0b2        0x2 
 .text.stm32mp_save_boot_ctx_address
                0x000000002ffee0b4        0xc /home/lodge/STM32MP157/tf-a/tf-a-stm32mp/../build/optee/bl2/stm32mp_common.o
                0x000000002ffee0b4                stm32mp_save_boot_ctx_address
 .text.stm32mp_get_boot_ctx_address
                0x000000002ffee0c0        0xc /home/lodge/STM32MP157/tf-a/tf-a-stm32mp/../build/optee/bl2/stm32mp_common.o
                0x000000002ffee0c0                stm32mp_get_boot_ctx_address
 .text.stm32mp_ddrctrl_base
                0x000000002ffee0cc        0x8 /home/lodge/STM32MP157/tf-a/tf-a-stm32mp/../build/optee/bl2/stm32mp_common.o
                0x000000002ffee0cc                stm32mp_ddrctrl_base
 .text.stm32mp_ddrphyc_base
                0x000000002ffee0d4        0x8 /home/lodge/STM32MP157/tf-a/tf-a-stm32mp/../build/optee/bl2/stm32mp_common.o
                0x000000002ffee0d4                stm32mp_ddrphyc_base
 .text.stm32mp_pwr_base
                0x000000002ffee0dc        0x8 /home/lodge/STM32MP157/tf-a/tf-a-stm32mp/../build/optee/bl2/stm32mp_common.o
                0x000000002ffee0dc                stm32mp_pwr_base
 .text.stm32mp_rcc_base
                0x000000002ffee0e4        0x6 /home/lodge/STM32MP157/tf-a/tf-a-stm32mp/../build/optee/bl2/stm32mp_common.o
                0x000000002ffee0e4                stm32mp_rcc_base
 .text.stm32mp_lock_available
                0x000000002ffee0ea       0x10 /home/lodge/STM32MP157/tf-a/tf-a-stm32mp/../build/optee/bl2/stm32mp_common.o
                0x000000002ffee0ea                stm32mp_lock_available
 *fill*         0x000000002ffee0fa        0x2 
 .text.stm32_get_gpio_bank_base
                0x000000002ffee0fc       0x28 /home/lodge/STM32MP157/tf-a/tf-a-stm32mp/../build/optee/bl2/stm32mp_common.o
                0x000000002ffee0fc                stm32_get_gpio_bank_base
 .text.stm32_get_gpio_bank_offset
                0x000000002ffee124       0x20 /home/lodge/STM32MP157/tf-a/tf-a-stm32mp/../build/optee/bl2/stm32mp_common.o
                0x000000002ffee124                stm32_get_gpio_bank_offset
 .text.stm32mp_check_header
                0x000000002ffee144       0xc0 /home/lodge/STM32MP157/tf-a/tf-a-stm32mp/../build/optee/bl2/stm32mp_common.o
                0x000000002ffee144                stm32mp_check_header
 .text.stm32mp_get_cpu_supply_name
                0x000000002ffee204       0x2e /home/lodge/STM32MP157/tf-a/tf-a-stm32mp/../build/optee/bl2/stm32mp_common.o
                0x000000002ffee204                stm32mp_get_cpu_supply_name
 *fill*         0x000000002ffee232        0x2 
 .text.stm32mp_save_loaded_header
                0x000000002ffee234       0x1c /home/lodge/STM32MP157/tf-a/tf-a-stm32mp/../build/optee/bl2/stm32mp_common.o
                0x000000002ffee234                stm32mp_save_loaded_header
 .text.stm32mp_delete_loaded_header
                0x000000002ffee250       0x1c /home/lodge/STM32MP157/tf-a/tf-a-stm32mp/../build/optee/bl2/stm32mp_common.o
                0x000000002ffee250                stm32mp_delete_loaded_header
 .text.stm32mp_get_loaded_header
                0x000000002ffee26c       0x1c /home/lodge/STM32MP157/tf-a/tf-a-stm32mp/../build/optee/bl2/stm32mp_common.o
                0x000000002ffee26c                stm32mp_get_loaded_header
 .text.configure_mmu
                0x000000002ffee288       0x1c /home/lodge/STM32MP157/tf-a/tf-a-stm32mp/../build/optee/bl2/stm32mp1_private.o
                0x000000002ffee288                configure_mmu
 .text.stm32_get_gpio_bank_clock
                0x000000002ffee2a4       0x20 /home/lodge/STM32MP157/tf-a/tf-a-stm32mp/../build/optee/bl2/stm32mp1_private.o
                0x000000002ffee2a4                stm32_get_gpio_bank_clock
 .text.stm32_get_otp_index
                0x000000002ffee2c4       0x28 /home/lodge/STM32MP157/tf-a/tf-a-stm32mp/../build/optee/bl2/stm32mp1_private.o
                0x000000002ffee2c4                stm32_get_otp_index
 .text.stm32_get_otp_value_from_idx
                0x000000002ffee2ec       0x30 /home/lodge/STM32MP157/tf-a/tf-a-stm32mp/../build/optee/bl2/stm32mp1_private.o
                0x000000002ffee2ec                stm32_get_otp_value_from_idx
 .text.stm32_get_otp_value
                0x000000002ffee31c       0x48 /home/lodge/STM32MP157/tf-a/tf-a-stm32mp/../build/optee/bl2/stm32mp1_private.o
                0x000000002ffee31c                stm32_get_otp_value
 .text.get_part_number
                0x000000002ffee364       0x4c /home/lodge/STM32MP157/tf-a/tf-a-stm32mp/../build/optee/bl2/stm32mp1_private.o
 .text.stm32mp_supports_cpu_opp
                0x000000002ffee3b0       0x40 /home/lodge/STM32MP157/tf-a/tf-a-stm32mp/../build/optee/bl2/stm32mp1_private.o
                0x000000002ffee3b0                stm32mp_supports_cpu_opp
 .text.stm32mp_print_cpuinfo
                0x000000002ffee3f0      0x15c /home/lodge/STM32MP157/tf-a/tf-a-stm32mp/../build/optee/bl2/stm32mp1_private.o
                0x000000002ffee3f0                stm32mp_print_cpuinfo
 .text.stm32mp_print_boardinfo
                0x000000002ffee54c       0x4c /home/lodge/STM32MP157/tf-a/tf-a-stm32mp/../build/optee/bl2/stm32mp1_private.o
                0x000000002ffee54c                stm32mp_print_boardinfo
 .text.stm32mp_is_closed_device
                0x000000002ffee598       0x24 /home/lodge/STM32MP157/tf-a/tf-a-stm32mp/../build/optee/bl2/stm32mp1_private.o
                0x000000002ffee598                stm32mp_is_closed_device
 .text.stm32mp_is_auth_supported
                0x000000002ffee5bc       0x40 /home/lodge/STM32MP157/tf-a/tf-a-stm32mp/../build/optee/bl2/stm32mp1_private.o
                0x000000002ffee5bc                stm32mp_is_auth_supported
 .text.stm32_iwdg_get_instance
                0x000000002ffee5fc       0x28 /home/lodge/STM32MP157/tf-a/tf-a-stm32mp/../build/optee/bl2/stm32mp1_private.o
                0x000000002ffee5fc                stm32_iwdg_get_instance
 .text.stm32_iwdg_get_otp_config
                0x000000002ffee624       0x54 /home/lodge/STM32MP157/tf-a/tf-a-stm32mp/../build/optee/bl2/stm32mp1_private.o
                0x000000002ffee624                stm32_iwdg_get_otp_config
 .text.stm32_iwdg_shadow_update
                0x000000002ffee678       0x74 /home/lodge/STM32MP157/tf-a/tf-a-stm32mp/../build/optee/bl2/stm32mp1_private.o
                0x000000002ffee678                stm32_iwdg_shadow_update
 .text.plat_bind_regulator
                0x000000002ffee6ec       0x50 /home/lodge/STM32MP157/tf-a/tf-a-stm32mp/../build/optee/bl2/stm32mp1_private.o
                0x000000002ffee6ec                plat_bind_regulator
 .text.xlat_arch_get_max_supported_pa
                0x000000002ffee73c        0x8 /home/lodge/STM32MP157/tf-a/tf-a-stm32mp/../build/optee/bl2/xlat_tables_arch.o
                0x000000002ffee73c                xlat_arch_get_max_supported_pa
 .text.xlat_get_min_virt_addr_space_size
                0x000000002ffee744        0x6 /home/lodge/STM32MP157/tf-a/tf-a-stm32mp/../build/optee/bl2/xlat_tables_arch.o
                0x000000002ffee744                xlat_get_min_virt_addr_space_size
 .text.is_dcache_enabled
                0x000000002ffee74a       0x1c /home/lodge/STM32MP157/tf-a/tf-a-stm32mp/../build/optee/bl2/xlat_tables_arch.o
                0x000000002ffee74a                is_dcache_enabled
 *fill*         0x000000002ffee766        0x2 
 .text.xlat_arch_regime_get_xn_desc
                0x000000002ffee768       0x28 /home/lodge/STM32MP157/tf-a/tf-a-stm32mp/../build/optee/bl2/xlat_tables_arch.o
                0x000000002ffee768                xlat_arch_regime_get_xn_desc
 .text.xlat_arch_tlbi_va
                0x000000002ffee790       0x30 /home/lodge/STM32MP157/tf-a/tf-a-stm32mp/../build/optee/bl2/xlat_tables_arch.o
                0x000000002ffee790                xlat_arch_tlbi_va
 .text.xlat_arch_tlbi_va_sync
                0x000000002ffee7c0       0x10 /home/lodge/STM32MP157/tf-a/tf-a-stm32mp/../build/optee/bl2/xlat_tables_arch.o
                0x000000002ffee7c0                xlat_arch_tlbi_va_sync
 .text.xlat_arch_current_el
                0x000000002ffee7d0       0x3c /home/lodge/STM32MP157/tf-a/tf-a-stm32mp/../build/optee/bl2/xlat_tables_arch.o
                0x000000002ffee7d0                xlat_arch_current_el
 .text.is_mmu_enabled_ctx
                0x000000002ffee80c       0x40 /home/lodge/STM32MP157/tf-a/tf-a-stm32mp/../build/optee/bl2/xlat_tables_arch.o
                0x000000002ffee80c                is_mmu_enabled_ctx
 .text.setup_mmu_cfg
                0x000000002ffee84c       0xac /home/lodge/STM32MP157/tf-a/tf-a-stm32mp/../build/optee/bl2/xlat_tables_arch.o
                0x000000002ffee84c                setup_mmu_cfg
 .text.mmap_add_region
                0x000000002ffee8f8       0x28 /home/lodge/STM32MP157/tf-a/tf-a-stm32mp/../build/optee/bl2/xlat_tables_context.o
                0x000000002ffee8f8                mmap_add_region
 .text.mmap_add
                0x000000002ffee920        0xc /home/lodge/STM32MP157/tf-a/tf-a-stm32mp/../build/optee/bl2/xlat_tables_context.o
                0x000000002ffee920                mmap_add
 .text.mmap_add_dynamic_region
                0x000000002ffee92c       0x28 /home/lodge/STM32MP157/tf-a/tf-a-stm32mp/../build/optee/bl2/xlat_tables_context.o
                0x000000002ffee92c                mmap_add_dynamic_region
 .text.mmap_remove_dynamic_region
                0x000000002ffee954       0x10 /home/lodge/STM32MP157/tf-a/tf-a-stm32mp/../build/optee/bl2/xlat_tables_context.o
                0x000000002ffee954                mmap_remove_dynamic_region
 .text.init_xlat_tables
                0x000000002ffee964       0x3c /home/lodge/STM32MP157/tf-a/tf-a-stm32mp/../build/optee/bl2/xlat_tables_context.o
                0x000000002ffee964                init_xlat_tables
 .text.enable_mmu_svc_mon
                0x000000002ffee9a0       0x34 /home/lodge/STM32MP157/tf-a/tf-a-stm32mp/../build/optee/bl2/xlat_tables_context.o
                0x000000002ffee9a0                enable_mmu_svc_mon
 .text.mmap_add_region_check
                0x000000002ffee9d4      0x12e /home/lodge/STM32MP157/tf-a/tf-a-stm32mp/../build/optee/bl2/xlat_tables_core.o
 .text.xlat_clean_dcache_range
                0x000000002ffeeb02       0x1a /home/lodge/STM32MP157/tf-a/tf-a-stm32mp/../build/optee/bl2/xlat_tables_core.o
 .text.xlat_table_get_index
                0x000000002ffeeb1c       0x28 /home/lodge/STM32MP157/tf-a/tf-a-stm32mp/../build/optee/bl2/xlat_tables_core.o
 .text.xlat_tables_unmap_region
                0x000000002ffeeb44      0x13c /home/lodge/STM32MP157/tf-a/tf-a-stm32mp/../build/optee/bl2/xlat_tables_core.o
 .text.xlat_desc
                0x000000002ffeec80       0xa4 /home/lodge/STM32MP157/tf-a/tf-a-stm32mp/../build/optee/bl2/xlat_tables_core.o
                0x000000002ffeec80                xlat_desc
 .text.xlat_tables_map_region
                0x000000002ffeed24      0x1a8 /home/lodge/STM32MP157/tf-a/tf-a-stm32mp/../build/optee/bl2/xlat_tables_core.o
 .text.mmap_add_region_ctx
                0x000000002ffeeecc       0xe4 /home/lodge/STM32MP157/tf-a/tf-a-stm32mp/../build/optee/bl2/xlat_tables_core.o
                0x000000002ffeeecc                mmap_add_region_ctx
 .text.mmap_add_ctx
                0x000000002ffeefb0       0x18 /home/lodge/STM32MP157/tf-a/tf-a-stm32mp/../build/optee/bl2/xlat_tables_core.o
                0x000000002ffeefb0                mmap_add_ctx
 .text.mmap_add_dynamic_region_ctx
                0x000000002ffeefc8      0x160 /home/lodge/STM32MP157/tf-a/tf-a-stm32mp/../build/optee/bl2/xlat_tables_core.o
                0x000000002ffeefc8                mmap_add_dynamic_region_ctx
 .text.mmap_remove_dynamic_region_ctx
                0x000000002ffef128      0x108 /home/lodge/STM32MP157/tf-a/tf-a-stm32mp/../build/optee/bl2/xlat_tables_core.o
                0x000000002ffef128                mmap_remove_dynamic_region_ctx
 .text.init_xlat_tables_ctx
                0x000000002ffef230      0x154 /home/lodge/STM32MP157/tf-a/tf-a-stm32mp/../build/optee/bl2/xlat_tables_core.o
                0x000000002ffef230                init_xlat_tables_ctx
 .text.xlat_mmap_print
                0x000000002ffef384        0x2 /home/lodge/STM32MP157/tf-a/tf-a-stm32mp/../build/optee/bl2/xlat_tables_utils.o
                0x000000002ffef384                xlat_mmap_print
 .text.xlat_tables_print
                0x000000002ffef386        0x2 /home/lodge/STM32MP157/tf-a/tf-a-stm32mp/../build/optee/bl2/xlat_tables_utils.o
                0x000000002ffef386                xlat_tables_print
 .text.tzc400_set_action
                0x000000002ffef388       0x24 /home/lodge/STM32MP157/tf-a/tf-a-stm32mp/../build/optee/bl2/tzc400.o
                0x000000002ffef388                tzc400_set_action
 .text.tzc400_init
                0x000000002ffef3ac       0x5c /home/lodge/STM32MP157/tf-a/tf-a-stm32mp/../build/optee/bl2/tzc400.o
                0x000000002ffef3ac                tzc400_init
 .text.tzc400_configure_region
                0x000000002ffef408       0xb0 /home/lodge/STM32MP157/tf-a/tf-a-stm32mp/../build/optee/bl2/tzc400.o
                0x000000002ffef408                tzc400_configure_region
 .text.tzc400_enable_filters
                0x000000002ffef4b8       0x68 /home/lodge/STM32MP157/tf-a/tf-a-stm32mp/../build/optee/bl2/tzc400.o
                0x000000002ffef4b8                tzc400_enable_filters
 .text.tzc400_disable_filters
                0x000000002ffef520       0x4c /home/lodge/STM32MP157/tf-a/tf-a-stm32mp/../build/optee/bl2/tzc400.o
                0x000000002ffef520                tzc400_disable_filters
 .text.udelay   0x000000002ffef56c       0x5c /home/lodge/STM32MP157/tf-a/tf-a-stm32mp/../build/optee/bl2/delay_timer.o
                0x000000002ffef56c                udelay
 .text.mdelay   0x000000002ffef5c8        0xa /home/lodge/STM32MP157/tf-a/tf-a-stm32mp/../build/optee/bl2/delay_timer.o
                0x000000002ffef5c8                mdelay
 *fill*         0x000000002ffef5d2        0x2 
 .text.timer_init
                0x000000002ffef5d4       0x28 /home/lodge/STM32MP157/tf-a/tf-a-stm32mp/../build/optee/bl2/delay_timer.o
                0x000000002ffef5d4                timer_init
 .text.get_timer_value
                0x000000002ffef5fc        0x8 /home/lodge/STM32MP157/tf-a/tf-a-stm32mp/../build/optee/bl2/generic_delay_timer.o
 .text.generic_delay_timer_init_args
                0x000000002ffef604       0x18 /home/lodge/STM32MP157/tf-a/tf-a-stm32mp/../build/optee/bl2/generic_delay_timer.o
                0x000000002ffef604                generic_delay_timer_init_args
 .text.generic_delay_timer_init
                0x000000002ffef61c       0x44 /home/lodge/STM32MP157/tf-a/tf-a-stm32mp/../build/optee/bl2/generic_delay_timer.o
                0x000000002ffef61c                generic_delay_timer_init
 .text.fdt32_to_cpu
                0x000000002ffef660        0x4 /home/lodge/STM32MP157/tf-a/tf-a-stm32mp/../build/optee/bl2/bsec2.o
 .text.bsec_lock
                0x000000002ffef664       0x18 /home/lodge/STM32MP157/tf-a/tf-a-stm32mp/../build/optee/bl2/bsec2.o
 .text.bsec_unlock
                0x000000002ffef67c       0x18 /home/lodge/STM32MP157/tf-a/tf-a-stm32mp/../build/optee/bl2/bsec2.o
 .text.otp_bank_offset
                0x000000002ffef694       0x18 /home/lodge/STM32MP157/tf-a/tf-a-stm32mp/../build/optee/bl2/bsec2.o
 .text.bsec_check_error
                0x000000002ffef6ac       0x34 /home/lodge/STM32MP157/tf-a/tf-a-stm32mp/../build/optee/bl2/bsec2.o
 .text.bsec_find_otp_name_in_dt
                0x000000002ffef6e0       0xd0 /home/lodge/STM32MP157/tf-a/tf-a-stm32mp/../build/optee/bl2/bsec2.o
                0x000000002ffef6e0                bsec_find_otp_name_in_dt
 .text.bsec_read_otp
                0x000000002ffef7b0       0x20 /home/lodge/STM32MP157/tf-a/tf-a-stm32mp/../build/optee/bl2/bsec2.o
                0x000000002ffef7b0                bsec_read_otp
 .text.bsec_read_debug_conf
                0x000000002ffef7d0        0xc /home/lodge/STM32MP157/tf-a/tf-a-stm32mp/../build/optee/bl2/bsec2.o
                0x000000002ffef7d0                bsec_read_debug_conf
 .text.bsec_get_status
                0x000000002ffef7dc        0xc /home/lodge/STM32MP157/tf-a/tf-a-stm32mp/../build/optee/bl2/bsec2.o
                0x000000002ffef7dc                bsec_get_status
 .text.bsec_power_safmem
                0x000000002ffef7e8       0x64 /home/lodge/STM32MP157/tf-a/tf-a-stm32mp/../build/optee/bl2/bsec2.o
 .text.bsec_get_version
                0x000000002ffef84c       0x10 /home/lodge/STM32MP157/tf-a/tf-a-stm32mp/../build/optee/bl2/bsec2.o
                0x000000002ffef84c                bsec_get_version
 .text.bsec_get_id
                0x000000002ffef85c       0x10 /home/lodge/STM32MP157/tf-a/tf-a-stm32mp/../build/optee/bl2/bsec2.o
                0x000000002ffef85c                bsec_get_id
 .text.bsec_probe
                0x000000002ffef86c       0x50 /home/lodge/STM32MP157/tf-a/tf-a-stm32mp/../build/optee/bl2/bsec2.o
                0x000000002ffef86c                bsec_probe
 .text.bsec_set_sr_lock
                0x000000002ffef8bc       0x38 /home/lodge/STM32MP157/tf-a/tf-a-stm32mp/../build/optee/bl2/bsec2.o
                0x000000002ffef8bc                bsec_set_sr_lock
 .text.bsec_read_sr_lock
                0x000000002ffef8f4       0x38 /home/lodge/STM32MP157/tf-a/tf-a-stm32mp/../build/optee/bl2/bsec2.o
                0x000000002ffef8f4                bsec_read_sr_lock
 .text.bsec_shadow_register
                0x000000002ffef92c       0x7c /home/lodge/STM32MP157/tf-a/tf-a-stm32mp/../build/optee/bl2/bsec2.o
                0x000000002ffef92c                bsec_shadow_register
 .text.bsec_set_sw_lock
                0x000000002ffef9a8       0x38 /home/lodge/STM32MP157/tf-a/tf-a-stm32mp/../build/optee/bl2/bsec2.o
                0x000000002ffef9a8                bsec_set_sw_lock
 .text.bsec_read_sw_lock
                0x000000002ffef9e0       0x38 /home/lodge/STM32MP157/tf-a/tf-a-stm32mp/../build/optee/bl2/bsec2.o
                0x000000002ffef9e0                bsec_read_sw_lock
 .text.bsec_write_otp
                0x000000002ffefa18       0x44 /home/lodge/STM32MP157/tf-a/tf-a-stm32mp/../build/optee/bl2/bsec2.o
                0x000000002ffefa18                bsec_write_otp
 .text.bsec_read_sp_lock
                0x000000002ffefa5c       0x38 /home/lodge/STM32MP157/tf-a/tf-a-stm32mp/../build/optee/bl2/bsec2.o
                0x000000002ffefa5c                bsec_read_sp_lock
 .text.bsec_read_permanent_lock
                0x000000002ffefa94       0x38 /home/lodge/STM32MP157/tf-a/tf-a-stm32mp/../build/optee/bl2/bsec2.o
                0x000000002ffefa94                bsec_read_permanent_lock
 .text.bsec_program_otp
                0x000000002ffefacc       0xe0 /home/lodge/STM32MP157/tf-a/tf-a-stm32mp/../build/optee/bl2/bsec2.o
                0x000000002ffefacc                bsec_program_otp
 .text.bsec_shadow_read_otp
                0x000000002ffefbac       0x3c /home/lodge/STM32MP157/tf-a/tf-a-stm32mp/../build/optee/bl2/bsec2.o
                0x000000002ffefbac                bsec_shadow_read_otp
 .text.fdt32_to_cpu
                0x000000002ffefbe8        0x4 /home/lodge/STM32MP157/tf-a/tf-a-stm32mp/../build/optee/bl2/stm32mp_clkfunc.o
 .text.fdt_osc_read_freq
                0x000000002ffefbec       0x90 /home/lodge/STM32MP157/tf-a/tf-a-stm32mp/../build/optee/bl2/stm32mp_clkfunc.o
                0x000000002ffefbec                fdt_osc_read_freq
 .text.fdt_osc_read_bool
                0x000000002ffefc7c       0x74 /home/lodge/STM32MP157/tf-a/tf-a-stm32mp/../build/optee/bl2/stm32mp_clkfunc.o
                0x000000002ffefc7c                fdt_osc_read_bool
 .text.fdt_osc_read_uint32_default
                0x000000002ffefcf0       0x74 /home/lodge/STM32MP157/tf-a/tf-a-stm32mp/../build/optee/bl2/stm32mp_clkfunc.o
                0x000000002ffefcf0                fdt_osc_read_uint32_default
 .text.fdt_get_rcc_node
                0x000000002ffefd64        0xc /home/lodge/STM32MP157/tf-a/tf-a-stm32mp/../build/optee/bl2/stm32mp_clkfunc.o
                0x000000002ffefd64                fdt_get_rcc_node
 .text.fdt_rcc_read_uint32_array
                0x000000002ffefd70       0x24 /home/lodge/STM32MP157/tf-a/tf-a-stm32mp/../build/optee/bl2/stm32mp_clkfunc.o
                0x000000002ffefd70                fdt_rcc_read_uint32_array
 .text.fdt_rcc_subnode_offset
                0x000000002ffefd94       0x30 /home/lodge/STM32MP157/tf-a/tf-a-stm32mp/../build/optee/bl2/stm32mp_clkfunc.o
                0x000000002ffefd94                fdt_rcc_subnode_offset
 .text.fdt_rcc_read_prop
                0x000000002ffefdc4       0x30 /home/lodge/STM32MP157/tf-a/tf-a-stm32mp/../build/optee/bl2/stm32mp_clkfunc.o
                0x000000002ffefdc4                fdt_rcc_read_prop
 .text.fdt_get_rcc_secure_status
                0x000000002ffefdf4       0x18 /home/lodge/STM32MP157/tf-a/tf-a-stm32mp/../build/optee/bl2/stm32mp_clkfunc.o
                0x000000002ffefdf4                fdt_get_rcc_secure_status
 .text.fdt_get_clock_id
                0x000000002ffefe0c       0x38 /home/lodge/STM32MP157/tf-a/tf-a-stm32mp/../build/optee/bl2/stm32mp_clkfunc.o
                0x000000002ffefe0c                fdt_get_clock_id
 .text.fdt_is_pll1_predefined
                0x000000002ffefe44       0x14 /home/lodge/STM32MP157/tf-a/tf-a-stm32mp/../build/optee/bl2/stm32mp_clkfunc.o
                0x000000002ffefe44                fdt_is_pll1_predefined
 .text.stm32mp_stgen_get_counter
                0x000000002ffefe58        0xc /home/lodge/STM32MP157/tf-a/tf-a-stm32mp/../build/optee/bl2/stm32mp_clkfunc.o
                0x000000002ffefe58                stm32mp_stgen_get_counter
 .text.stm32mp_stgen_config
                0x000000002ffefe64       0x48 /home/lodge/STM32MP157/tf-a/tf-a-stm32mp/../build/optee/bl2/stm32mp_clkfunc.o
                0x000000002ffefe64                stm32mp_stgen_config
 .text.clock_is_always_on
                0x000000002ffefeac       0x1c /home/lodge/STM32MP157/tf-a/tf-a-stm32mp/../build/optee/bl2/stm32mp1_clk.o
 .text.stm32mp1_pll_compute_pllxcfgr2
                0x000000002ffefec8       0x1e /home/lodge/STM32MP157/tf-a/tf-a-stm32mp/../build/optee/bl2/stm32mp1_clk.o
 *fill*         0x000000002ffefee6        0x2 
 .text.stm32mp1_read_pll_freq
                0x000000002ffefee8       0xa8 /home/lodge/STM32MP157/tf-a/tf-a-stm32mp/../build/optee/bl2/stm32mp1_clk.o
 .text.get_clock_rate
                0x000000002ffeff90      0x198 /home/lodge/STM32MP157/tf-a/tf-a-stm32mp/../build/optee/bl2/stm32mp1_clk.o
 .text.stm32mp1_pll_start
                0x000000002fff0128       0x24 /home/lodge/STM32MP157/tf-a/tf-a-stm32mp/../build/optee/bl2/stm32mp1_clk.o
 .text.stm32mp1_mco_csg
                0x000000002fff014c       0x3a /home/lodge/STM32MP157/tf-a/tf-a-stm32mp/../build/optee/bl2/stm32mp1_clk.o
 .text.stm32mp1_clk_lock
                0x000000002fff0186       0x16 /home/lodge/STM32MP157/tf-a/tf-a-stm32mp/../build/optee/bl2/stm32mp1_clk.o
 .text.stm32mp1_clk_unlock
                0x000000002fff019c       0x16 /home/lodge/STM32MP157/tf-a/tf-a-stm32mp/../build/optee/bl2/stm32mp1_clk.o
 *fill*         0x000000002fff01b2        0x2 
 .text.stm32mp1_set_clkdiv
                0x000000002fff01b4       0x68 /home/lodge/STM32MP157/tf-a/tf-a-stm32mp/../build/optee/bl2/stm32mp1_clk.o
 .text.__clk_enable
                0x000000002fff021c       0x26 /home/lodge/STM32MP157/tf-a/tf-a-stm32mp/../build/optee/bl2/stm32mp1_clk.o
 .text.__clk_disable
                0x000000002fff0242       0x28 /home/lodge/STM32MP157/tf-a/tf-a-stm32mp/../build/optee/bl2/stm32mp1_clk.o
 *fill*         0x000000002fff026a        0x2 
 .text.stm32mp1_clk_get_gated_id
                0x000000002fff026c       0x34 /home/lodge/STM32MP157/tf-a/tf-a-stm32mp/../build/optee/bl2/stm32mp1_clk.o
 .text.stm32mp1_clk_get_parent
                0x000000002fff02a0       0x78 /home/lodge/STM32MP157/tf-a/tf-a-stm32mp/../build/optee/bl2/stm32mp1_clk.o
 .text.__stm32mp1_clk_enable
                0x000000002fff0318       0x78 /home/lodge/STM32MP157/tf-a/tf-a-stm32mp/../build/optee/bl2/stm32mp1_clk.o
 .text.__stm32mp1_clk_disable
                0x000000002fff0390       0x74 /home/lodge/STM32MP157/tf-a/tf-a-stm32mp/../build/optee/bl2/stm32mp1_clk.o
 .text.stm32mp1_check_pll_conf
                0x000000002fff0404      0x114 /home/lodge/STM32MP157/tf-a/tf-a-stm32mp/../build/optee/bl2/stm32mp1_clk.o
 .text.stm32mp1_pll_compute_pllxcfgr1
                0x000000002fff0518       0x8c /home/lodge/STM32MP157/tf-a/tf-a-stm32mp/../build/optee/bl2/stm32mp1_clk.o
 .text.stm32mp1_pll_config
                0x000000002fff05a4       0x58 /home/lodge/STM32MP157/tf-a/tf-a-stm32mp/../build/optee/bl2/stm32mp1_clk.o
 .text.stm32mp1_osc_wait.isra.0
                0x000000002fff05fc       0x7c /home/lodge/STM32MP157/tf-a/tf-a-stm32mp/../build/optee/bl2/stm32mp1_clk.o
 .text.stm32mp1_set_clksrc
                0x000000002fff0678       0x80 /home/lodge/STM32MP157/tf-a/tf-a-stm32mp/../build/optee/bl2/stm32mp1_clk.o
 .text.stm32mp1_pll_output
                0x000000002fff06f8       0x84 /home/lodge/STM32MP157/tf-a/tf-a-stm32mp/../build/optee/bl2/stm32mp1_clk.o
 .text.stm32mp1_pll_stop
                0x000000002fff077c       0x7c /home/lodge/STM32MP157/tf-a/tf-a-stm32mp/../build/optee/bl2/stm32mp1_clk.o
 .text.stm32mp1_clk_rcc_regs_lock
                0x000000002fff07f8        0xc /home/lodge/STM32MP157/tf-a/tf-a-stm32mp/../build/optee/bl2/stm32mp1_clk.o
                0x000000002fff07f8                stm32mp1_clk_rcc_regs_lock
 .text.stm32mp1_clk_rcc_regs_unlock
                0x000000002fff0804        0xc /home/lodge/STM32MP157/tf-a/tf-a-stm32mp/../build/optee/bl2/stm32mp1_clk.o
                0x000000002fff0804                stm32mp1_clk_rcc_regs_unlock
 .text.stm32mp_clk_enable
                0x000000002fff0810        0x6 /home/lodge/STM32MP157/tf-a/tf-a-stm32mp/../build/optee/bl2/stm32mp1_clk.o
                0x000000002fff0810                stm32mp_clk_enable
 .text.stm32mp_clk_disable
                0x000000002fff0816        0x6 /home/lodge/STM32MP157/tf-a/tf-a-stm32mp/../build/optee/bl2/stm32mp1_clk.o
                0x000000002fff0816                stm32mp_clk_disable
 .text.stm32mp1_clk_force_enable
                0x000000002fff081c        0x6 /home/lodge/STM32MP157/tf-a/tf-a-stm32mp/../build/optee/bl2/stm32mp1_clk.o
                0x000000002fff081c                stm32mp1_clk_force_enable
 .text.stm32mp_clk_get_rate
                0x000000002fff0822       0x16 /home/lodge/STM32MP157/tf-a/tf-a-stm32mp/../build/optee/bl2/stm32mp1_clk.o
                0x000000002fff0822                stm32mp_clk_get_rate
 .text.clk_get_pll1_settings
                0x000000002fff0838      0x1f4 /home/lodge/STM32MP157/tf-a/tf-a-stm32mp/../build/optee/bl2/stm32mp1_clk.o
 .text.stm32mp1_clk_get_maxfreq_opp
                0x000000002fff0a2c       0x54 /home/lodge/STM32MP157/tf-a/tf-a-stm32mp/../build/optee/bl2/stm32mp1_clk.o
                0x000000002fff0a2c                stm32mp1_clk_get_maxfreq_opp
 .text.stm32mp1_clk_lp_load_opp_pll1_settings
                0x000000002fff0a80       0x20 /home/lodge/STM32MP157/tf-a/tf-a-stm32mp/../build/optee/bl2/stm32mp1_clk.o
                0x000000002fff0a80                stm32mp1_clk_lp_load_opp_pll1_settings
 .text.stm32mp1_clk_init
                0x000000002fff0aa0      0x6e0 /home/lodge/STM32MP157/tf-a/tf-a-stm32mp/../build/optee/bl2/stm32mp1_clk.o
                0x000000002fff0aa0                stm32mp1_clk_init
 .text.stm32mp1_clk_probe
                0x000000002fff1180       0xa4 /home/lodge/STM32MP157/tf-a/tf-a-stm32mp/../build/optee/bl2/stm32mp1_clk.o
                0x000000002fff1180                stm32mp1_clk_probe
 .text.ddr_enable_clock
                0x000000002fff1224       0x22 /home/lodge/STM32MP157/tf-a/tf-a-stm32mp/../build/optee/bl2/stm32mp1_ddr_helpers.o
                0x000000002fff1224                ddr_enable_clock
 *fill*         0x000000002fff1246        0x2 
 .text.ddr_read_sr_mode
                0x000000002fff1248       0x18 /home/lodge/STM32MP157/tf-a/tf-a-stm32mp/../build/optee/bl2/stm32mp1_ddr_helpers.o
                0x000000002fff1248                ddr_read_sr_mode
 .text.ddr_set_sr_mode
                0x000000002fff1260      0x1cc /home/lodge/STM32MP157/tf-a/tf-a-stm32mp/../build/optee/bl2/stm32mp1_ddr_helpers.o
                0x000000002fff1260                ddr_set_sr_mode
 .text.fdt32_to_cpu
                0x000000002fff142c        0x4 /home/lodge/STM32MP157/tf-a/tf-a-stm32mp/../build/optee/bl2/stm32_gpio.o
 .text.set_gpio
                0x000000002fff1430       0xd8 /home/lodge/STM32MP157/tf-a/tf-a-stm32mp/../build/optee/bl2/stm32_gpio.o
                0x000000002fff1430                set_gpio
 .text.dt_set_pinctrl_config
                0x000000002fff1508      0x204 /home/lodge/STM32MP157/tf-a/tf-a-stm32mp/../build/optee/bl2/stm32_gpio.o
                0x000000002fff1508                dt_set_pinctrl_config
 .text.i2c_wait_flag
                0x000000002fff170c       0x44 /home/lodge/STM32MP157/tf-a/tf-a-stm32mp/../build/optee/bl2/stm32_i2c.o
 .text.i2c_transfer_config.isra.0
                0x000000002fff1750       0x2c /home/lodge/STM32MP157/tf-a/tf-a-stm32mp/../build/optee/bl2/stm32_i2c.o
 .text.i2c_ack_failed
                0x000000002fff177c       0x8e /home/lodge/STM32MP157/tf-a/tf-a-stm32mp/../build/optee/bl2/stm32_i2c.o
 .text.i2c_wait_txis
                0x000000002fff180a       0x42 /home/lodge/STM32MP157/tf-a/tf-a-stm32mp/../build/optee/bl2/stm32_i2c.o
 .text.i2c_wait_stop
                0x000000002fff184c       0x42 /home/lodge/STM32MP157/tf-a/tf-a-stm32mp/../build/optee/bl2/stm32_i2c.o
 *fill*         0x000000002fff188e        0x2 
 .text.i2c_read.constprop.0
                0x000000002fff1890      0x1ec /home/lodge/STM32MP157/tf-a/tf-a-stm32mp/../build/optee/bl2/stm32_i2c.o
 .text.i2c_write
                0x000000002fff1a7c      0x224 /home/lodge/STM32MP157/tf-a/tf-a-stm32mp/../build/optee/bl2/stm32_i2c.o
 .text.stm32_i2c_get_setup_from_fdt
                0x000000002fff1ca0       0x60 /home/lodge/STM32MP157/tf-a/tf-a-stm32mp/../build/optee/bl2/stm32_i2c.o
                0x000000002fff1ca0                stm32_i2c_get_setup_from_fdt
 .text.stm32_i2c_init
                0x000000002fff1d00      0x45c /home/lodge/STM32MP157/tf-a/tf-a-stm32mp/../build/optee/bl2/stm32_i2c.o
                0x000000002fff1d00                stm32_i2c_init
 .text.stm32_i2c_mem_write
                0x000000002fff215c       0x1c /home/lodge/STM32MP157/tf-a/tf-a-stm32mp/../build/optee/bl2/stm32_i2c.o
                0x000000002fff215c                stm32_i2c_mem_write
 .text.stm32_i2c_mem_read
                0x000000002fff2178       0x12 /home/lodge/STM32MP157/tf-a/tf-a-stm32mp/../build/optee/bl2/stm32_i2c.o
                0x000000002fff2178                stm32_i2c_mem_read
 *fill*         0x000000002fff218a        0x2 
 .text.stm32_i2c_is_device_ready
                0x000000002fff218c      0x144 /home/lodge/STM32MP157/tf-a/tf-a-stm32mp/../build/optee/bl2/stm32_i2c.o
                0x000000002fff218c                stm32_i2c_is_device_ready
 .text.stm32_iwdg_refresh
                0x000000002fff22d0       0x40 /home/lodge/STM32MP157/tf-a/tf-a-stm32mp/../build/optee/bl2/stm32_iwdg.o
                0x000000002fff22d0                stm32_iwdg_refresh
 .text.stm32_iwdg_init
                0x000000002fff2310      0x114 /home/lodge/STM32MP157/tf-a/tf-a-stm32mp/../build/optee/bl2/stm32_iwdg.o
                0x000000002fff2310                stm32_iwdg_init
 .text.fdt32_to_cpu
                0x000000002fff2424        0x4 /home/lodge/STM32MP157/tf-a/tf-a-stm32mp/../build/optee/bl2/stm32mp_pmic.o
 .text.dt_get_pmic_node
                0x000000002fff2428       0x20 /home/lodge/STM32MP157/tf-a/tf-a-stm32mp/../build/optee/bl2/stm32mp_pmic.o
 .text.dt_pmic_get_regulator_voltage
                0x000000002fff2448       0x60 /home/lodge/STM32MP157/tf-a/tf-a-stm32mp/../build/optee/bl2/stm32mp_pmic.o
 .text.pmic_operate
                0x000000002fff24a8      0x17c /home/lodge/STM32MP157/tf-a/tf-a-stm32mp/../build/optee/bl2/stm32mp_pmic.o
 .text.pmic_regulator_enable
                0x000000002fff2624       0x2e /home/lodge/STM32MP157/tf-a/tf-a-stm32mp/../build/optee/bl2/stm32mp_pmic.o
 .text.pmic_regulator_disable
                0x000000002fff2652       0x2e /home/lodge/STM32MP157/tf-a/tf-a-stm32mp/../build/optee/bl2/stm32mp_pmic.o
 .text.dt_pmic_status
                0x000000002fff2680       0x28 /home/lodge/STM32MP157/tf-a/tf-a-stm32mp/../build/optee/bl2/stm32mp_pmic.o
                0x000000002fff2680                dt_pmic_status
 .text.pmic_configure_boot_on_regulators
                0x000000002fff26a8        0xa /home/lodge/STM32MP157/tf-a/tf-a-stm32mp/../build/optee/bl2/stm32mp_pmic.o
                0x000000002fff26a8                pmic_configure_boot_on_regulators
 *fill*         0x000000002fff26b2        0x2 
 .text.dt_pmic_find_supply
                0x000000002fff26b4       0x7c /home/lodge/STM32MP157/tf-a/tf-a-stm32mp/../build/optee/bl2/stm32mp_pmic.o
                0x000000002fff26b4                dt_pmic_find_supply
 .text.initialize_pmic_i2c
                0x000000002fff2730      0x108 /home/lodge/STM32MP157/tf-a/tf-a-stm32mp/../build/optee/bl2/stm32mp_pmic.o
                0x000000002fff2730                initialize_pmic_i2c
 .text.is_pmic_regulator
                0x000000002fff2838       0x38 /home/lodge/STM32MP157/tf-a/tf-a-stm32mp/../build/optee/bl2/stm32mp_pmic.o
                0x000000002fff2838                is_pmic_regulator
 .text.bind_pmic_regulator
                0x000000002fff2870        0xc /home/lodge/STM32MP157/tf-a/tf-a-stm32mp/../build/optee/bl2/stm32mp_pmic.o
                0x000000002fff2870                bind_pmic_regulator
 .text.initialize_pmic
                0x000000002fff287c       0x12 /home/lodge/STM32MP157/tf-a/tf-a-stm32mp/../build/optee/bl2/stm32mp_pmic.o
                0x000000002fff287c                initialize_pmic
 .text.configure_pmic
                0x000000002fff288e       0x14 /home/lodge/STM32MP157/tf-a/tf-a-stm32mp/../build/optee/bl2/stm32mp_pmic.o
                0x000000002fff288e                configure_pmic
 *fill*         0x000000002fff28a2        0x2 
 .text.print_pmic_info_and_debug
                0x000000002fff28a4       0x34 /home/lodge/STM32MP157/tf-a/tf-a-stm32mp/../build/optee/bl2/stm32mp_pmic.o
                0x000000002fff28a4                print_pmic_info_and_debug
 .text.pmic_ddr_power_init
                0x000000002fff28d8      0x150 /home/lodge/STM32MP157/tf-a/tf-a-stm32mp/../build/optee/bl2/stm32mp_pmic.o
                0x000000002fff28d8                pmic_ddr_power_init
 .text.get_regulator_data
                0x000000002fff2a28       0x3c /home/lodge/STM32MP157/tf-a/tf-a-stm32mp/../build/optee/bl2/stpmic1.o
 .text.voltage_to_index
                0x000000002fff2a64       0x2a /home/lodge/STM32MP157/tf-a/tf-a-stm32mp/../build/optee/bl2/stpmic1.o
 *fill*         0x000000002fff2a8e        0x2 
 .text.stpmic1_register_read
                0x000000002fff2a90       0x28 /home/lodge/STM32MP157/tf-a/tf-a-stm32mp/../build/optee/bl2/stpmic1.o
                0x000000002fff2a90                stpmic1_register_read
 .text.stpmic1_is_regulator_enabled
                0x000000002fff2ab8       0x28 /home/lodge/STM32MP157/tf-a/tf-a-stm32mp/../build/optee/bl2/stpmic1.o
                0x000000002fff2ab8                stpmic1_is_regulator_enabled
 .text.stpmic1_regulator_voltage_get
                0x000000002fff2ae0       0x74 /home/lodge/STM32MP157/tf-a/tf-a-stm32mp/../build/optee/bl2/stpmic1.o
                0x000000002fff2ae0                stpmic1_regulator_voltage_get
 .text.stpmic1_register_write
                0x000000002fff2b54       0x58 /home/lodge/STM32MP157/tf-a/tf-a-stm32mp/../build/optee/bl2/stpmic1.o
                0x000000002fff2b54                stpmic1_register_write
 .text.stpmic1_register_update
                0x000000002fff2bac       0x2e /home/lodge/STM32MP157/tf-a/tf-a-stm32mp/../build/optee/bl2/stpmic1.o
                0x000000002fff2bac                stpmic1_register_update
 .text.stpmic1_regulator_enable
                0x000000002fff2bda       0x14 /home/lodge/STM32MP157/tf-a/tf-a-stm32mp/../build/optee/bl2/stpmic1.o
                0x000000002fff2bda                stpmic1_regulator_enable
 .text.stpmic1_regulator_disable
                0x000000002fff2bee       0x14 /home/lodge/STM32MP157/tf-a/tf-a-stm32mp/../build/optee/bl2/stpmic1.o
                0x000000002fff2bee                stpmic1_regulator_disable
 *fill*         0x000000002fff2c02        0x2 
 .text.stpmic1_regulator_voltage_set
                0x000000002fff2c04       0x5c /home/lodge/STM32MP157/tf-a/tf-a-stm32mp/../build/optee/bl2/stpmic1.o
                0x000000002fff2c04                stpmic1_regulator_voltage_set
 .text.stpmic1_regulator_pull_down_set
                0x000000002fff2c60       0x24 /home/lodge/STM32MP157/tf-a/tf-a-stm32mp/../build/optee/bl2/stpmic1.o
                0x000000002fff2c60                stpmic1_regulator_pull_down_set
 .text.stpmic1_regulator_mask_reset_set
                0x000000002fff2c84       0x1a /home/lodge/STM32MP157/tf-a/tf-a-stm32mp/../build/optee/bl2/stpmic1.o
                0x000000002fff2c84                stpmic1_regulator_mask_reset_set
 *fill*         0x000000002fff2c9e        0x2 
 .text.stpmic1_bind_i2c
                0x000000002fff2ca0       0x14 /home/lodge/STM32MP157/tf-a/tf-a-stm32mp/../build/optee/bl2/stpmic1.o
                0x000000002fff2ca0                stpmic1_bind_i2c
 .text.stpmic1_dump_regulators
                0x000000002fff2cb4        0x2 /home/lodge/STM32MP157/tf-a/tf-a-stm32mp/../build/optee/bl2/stpmic1.o
                0x000000002fff2cb4                stpmic1_dump_regulators
 .text.stpmic1_get_version
                0x000000002fff2cb6       0x1e /home/lodge/STM32MP157/tf-a/tf-a-stm32mp/../build/optee/bl2/stpmic1.o
                0x000000002fff2cb6                stpmic1_get_version
 .text.dummy_regulator_enable
                0x000000002fff2cd4        0x4 /home/lodge/STM32MP157/tf-a/tf-a-stm32mp/../build/optee/bl2/stm32mp_dummy_regulator.o
 .text.dummy_regulator_disable
                0x000000002fff2cd8        0x4 /home/lodge/STM32MP157/tf-a/tf-a-stm32mp/../build/optee/bl2/stm32mp_dummy_regulator.o
 .text.bind_dummy_regulator
                0x000000002fff2cdc        0xc /home/lodge/STM32MP157/tf-a/tf-a-stm32mp/../build/optee/bl2/stm32mp_dummy_regulator.o
                0x000000002fff2cdc                bind_dummy_regulator
 .text.stm32mp_regulator_enable
                0x000000002fff2ce8       0x1c /home/lodge/STM32MP157/tf-a/tf-a-stm32mp/../build/optee/bl2/stm32mp_regulator.o
                0x000000002fff2ce8                stm32mp_regulator_enable
 .text.stm32mp_regulator_disable
                0x000000002fff2d04       0x24 /home/lodge/STM32MP157/tf-a/tf-a-stm32mp/../build/optee/bl2/stm32mp_regulator.o
                0x000000002fff2d04                stm32mp_regulator_disable
 .text.stm32mp_regulator_register
                0x000000002fff2d28        0x4 /home/lodge/STM32MP157/tf-a/tf-a-stm32mp/../build/optee/bl2/stm32mp_regulator.o
                0x000000002fff2d28                stm32mp_regulator_register
 .text.stm32mp_reset_assert_to
                0x000000002fff2d2c       0x78 /home/lodge/STM32MP157/tf-a/tf-a-stm32mp/../build/optee/bl2/stm32mp1_reset.o
                0x000000002fff2d2c                stm32mp_reset_assert_to
 .text.stm32mp_reset_deassert_to
                0x000000002fff2da4       0x7c /home/lodge/STM32MP157/tf-a/tf-a-stm32mp/../build/optee/bl2/stm32mp1_reset.o
                0x000000002fff2da4                stm32mp_reset_deassert_to
 .text.fdt32_to_cpu
                0x000000002fff2e20        0x4 /home/lodge/STM32MP157/tf-a/tf-a-stm32mp/../build/optee/bl2/stm32mp_dt.o
 .text.fdt_get_node_parent_address_cells
                0x000000002fff2e24       0x24 /home/lodge/STM32MP157/tf-a/tf-a-stm32mp/../build/optee/bl2/stm32mp_dt.o
 .text.dt_get_stdout_node_offset
                0x000000002fff2e48       0x7c /home/lodge/STM32MP157/tf-a/tf-a-stm32mp/../build/optee/bl2/stm32mp_dt.o
 .text.dt_get_opp_freqvolt_from_subnode
                0x000000002fff2ec4       0xc4 /home/lodge/STM32MP157/tf-a/tf-a-stm32mp/../build/optee/bl2/stm32mp_dt.o
 .text.dt_open_and_check
                0x000000002fff2f88       0x1c /home/lodge/STM32MP157/tf-a/tf-a-stm32mp/../build/optee/bl2/stm32mp_dt.o
                0x000000002fff2f88                dt_open_and_check
 .text.fdt_get_address
                0x000000002fff2fa4       0x18 /home/lodge/STM32MP157/tf-a/tf-a-stm32mp/../build/optee/bl2/stm32mp_dt.o
                0x000000002fff2fa4                fdt_get_address
 .text.fdt_check_node
                0x000000002fff2fbc       0x20 /home/lodge/STM32MP157/tf-a/tf-a-stm32mp/../build/optee/bl2/stm32mp_dt.o
                0x000000002fff2fbc                fdt_check_node
 .text.fdt_get_status
                0x000000002fff2fdc       0x64 /home/lodge/STM32MP157/tf-a/tf-a-stm32mp/../build/optee/bl2/stm32mp_dt.o
                0x000000002fff2fdc                fdt_get_status
 .text.fdt_read_uint32_default
                0x000000002fff3040       0x28 /home/lodge/STM32MP157/tf-a/tf-a-stm32mp/../build/optee/bl2/stm32mp_dt.o
                0x000000002fff3040                fdt_read_uint32_default
 .text.fdt_read_uint32_array
                0x000000002fff3068       0x4c /home/lodge/STM32MP157/tf-a/tf-a-stm32mp/../build/optee/bl2/stm32mp_dt.o
                0x000000002fff3068                fdt_read_uint32_array
 .text.fdt_get_reg_props_by_name
                0x000000002fff30b4       0x98 /home/lodge/STM32MP157/tf-a/tf-a-stm32mp/../build/optee/bl2/stm32mp_dt.o
                0x000000002fff30b4                fdt_get_reg_props_by_name
 .text.dt_set_stdout_pinctrl
                0x000000002fff314c       0x18 /home/lodge/STM32MP157/tf-a/tf-a-stm32mp/../build/optee/bl2/stm32mp_dt.o
                0x000000002fff314c                dt_set_stdout_pinctrl
 .text.dt_fill_device_info
                0x000000002fff3164       0x88 /home/lodge/STM32MP157/tf-a/tf-a-stm32mp/../build/optee/bl2/stm32mp_dt.o
                0x000000002fff3164                dt_fill_device_info
 .text.dt_get_node
                0x000000002fff31ec       0x24 /home/lodge/STM32MP157/tf-a/tf-a-stm32mp/../build/optee/bl2/stm32mp_dt.o
                0x000000002fff31ec                dt_get_node
 .text.dt_get_stdout_uart_info
                0x000000002fff3210       0x1e /home/lodge/STM32MP157/tf-a/tf-a-stm32mp/../build/optee/bl2/stm32mp_dt.o
                0x000000002fff3210                dt_get_stdout_uart_info
 *fill*         0x000000002fff322e        0x2 
 .text.dt_get_node_by_compatible
                0x000000002fff3230       0x28 /home/lodge/STM32MP157/tf-a/tf-a-stm32mp/../build/optee/bl2/stm32mp_dt.o
                0x000000002fff3230                dt_get_node_by_compatible
 .text.dt_match_instance_by_compatible
                0x000000002fff3258       0x6c /home/lodge/STM32MP157/tf-a/tf-a-stm32mp/../build/optee/bl2/stm32mp_dt.o
                0x000000002fff3258                dt_match_instance_by_compatible
 .text.dt_get_ddr_size
                0x000000002fff32c4       0x24 /home/lodge/STM32MP157/tf-a/tf-a-stm32mp/../build/optee/bl2/stm32mp_dt.o
                0x000000002fff32c4                dt_get_ddr_size
 .text.dt_get_max_opp_freqvolt
                0x000000002fff32e8       0x88 /home/lodge/STM32MP157/tf-a/tf-a-stm32mp/../build/optee/bl2/stm32mp_dt.o
                0x000000002fff32e8                dt_get_max_opp_freqvolt
 .text.dt_get_pwr_vdd_voltage
                0x000000002fff3370       0x54 /home/lodge/STM32MP157/tf-a/tf-a-stm32mp/../build/optee/bl2/stm32mp_dt.o
                0x000000002fff3370                dt_get_pwr_vdd_voltage
 .text.dt_get_cpu_regulator_name
                0x000000002fff33c4       0x50 /home/lodge/STM32MP157/tf-a/tf-a-stm32mp/../build/optee/bl2/stm32mp_dt.o
                0x000000002fff33c4                dt_get_cpu_regulator_name
 .text.dt_get_board_model
                0x000000002fff3414       0x2c /home/lodge/STM32MP157/tf-a/tf-a-stm32mp/../build/optee/bl2/stm32mp_dt.o
                0x000000002fff3414                dt_get_board_model
 .text.stm32mp_lock_shregs
                0x000000002fff3440       0x18 /home/lodge/STM32MP157/tf-a/tf-a-stm32mp/../build/optee/bl2/stm32mp_shres_helpers.o
                0x000000002fff3440                stm32mp_lock_shregs
 .text.stm32mp_unlock_shregs
                0x000000002fff3458       0x18 /home/lodge/STM32MP157/tf-a/tf-a-stm32mp/../build/optee/bl2/stm32mp_shres_helpers.o
                0x000000002fff3458                stm32mp_unlock_shregs
 .text.stm32mp_mmio_clrbits_32_shregs
                0x000000002fff3470       0x1a /home/lodge/STM32MP157/tf-a/tf-a-stm32mp/../build/optee/bl2/stm32mp_shres_helpers.o
                0x000000002fff3470                stm32mp_mmio_clrbits_32_shregs
 .text.stm32mp_mmio_setbits_32_shregs
                0x000000002fff348a       0x18 /home/lodge/STM32MP157/tf-a/tf-a-stm32mp/../build/optee/bl2/stm32mp_shres_helpers.o
                0x000000002fff348a                stm32mp_mmio_setbits_32_shregs
 *fill*         0x000000002fff34a2        0x2 
 .text.stm32_pm_get_optee_ep
                0x000000002fff34a4       0x48 /home/lodge/STM32MP157/tf-a/tf-a-stm32mp/../build/optee/bl2/stm32mp1_context.o
                0x000000002fff34a4                stm32_pm_get_optee_ep
 .text.stm32_get_zdata_from_context
                0x000000002fff34ec       0x1c /home/lodge/STM32MP157/tf-a/tf-a-stm32mp/../build/optee/bl2/stm32mp1_context.o
                0x000000002fff34ec                stm32_get_zdata_from_context
 .text.stm32_get_pll1_settings_from_context
                0x000000002fff3508       0x58 /home/lodge/STM32MP157/tf-a/tf-a-stm32mp/../build/optee/bl2/stm32mp1_context.o