09:22:21 **** Clean-only build of configuration Debug for project Template_CM4 ****
make -j16 clean 
rm -rf ./Drivers/STM32MP1xx_HAL_Driver/stm32mp1xx_hal.d ./Drivers/STM32MP1xx_HAL_Driver/stm32mp1xx_hal.o ./Drivers/STM32MP1xx_HAL_Driver/stm32mp1xx_hal_cortex.d ./Drivers/STM32MP1xx_HAL_Driver/stm32mp1xx_hal_cortex.o ./Drivers/STM32MP1xx_HAL_Driver/stm32mp1xx_hal_dma.d ./Drivers/STM32MP1xx_HAL_Driver/stm32mp1xx_hal_dma.o ./Drivers/STM32MP1xx_HAL_Driver/stm32mp1xx_hal_dma_ex.d ./Drivers/STM32MP1xx_HAL_Driver/stm32mp1xx_hal_dma_ex.o ./Drivers/STM32MP1xx_HAL_Driver/stm32mp1xx_hal_exti.d ./Drivers/STM32MP1xx_HAL_Driver/stm32mp1xx_hal_exti.o ./Drivers/STM32MP1xx_HAL_Driver/stm32mp1xx_hal_gpio.d ./Drivers/STM32MP1xx_HAL_Driver/stm32mp1xx_hal_gpio.o ./Drivers/STM32MP1xx_HAL_Driver/stm32mp1xx_hal_hsem.d ./Drivers/STM32MP1xx_HAL_Driver/stm32mp1xx_hal_hsem.o ./Drivers/STM32MP1xx_HAL_Driver/stm32mp1xx_hal_mdma.d ./Drivers/STM32MP1xx_HAL_Driver/stm32mp1xx_hal_mdma.o ./Drivers/STM32MP1xx_HAL_Driver/stm32mp1xx_hal_pwr.d ./Drivers/STM32MP1xx_HAL_Driver/stm32mp1xx_hal_pwr.o ./Drivers/STM32MP1xx_HAL_Driver/stm32mp1xx_hal_pwr_ex.d ./Drivers/STM32MP1xx_HAL_Driver/stm32mp1xx_hal_pwr_ex.o ./Drivers/STM32MP1xx_HAL_Driver/stm32mp1xx_hal_rcc.d ./Drivers/STM32MP1xx_HAL_Driver/stm32mp1xx_hal_rcc.o ./Drivers/STM32MP1xx_HAL_Driver/stm32mp1xx_hal_rcc_ex.d ./Drivers/STM32MP1xx_HAL_Driver/stm32mp1xx_hal_rcc_ex.o ./Drivers/STM32MP1xx_HAL_Driver/stm32mp1xx_hal_tim.d ./Drivers/STM32MP1xx_HAL_Driver/stm32mp1xx_hal_tim.o ./Drivers/STM32MP1xx_HAL_Driver/stm32mp1xx_hal_tim_ex.d ./Drivers/STM32MP1xx_HAL_Driver/stm32mp1xx_hal_tim_ex.o
rm -rf ./Core/Startup/startup_stm32mp157daax.d ./Core/Startup/startup_stm32mp157daax.o
rm -rf ./Core/Src/gpio.d ./Core/Src/gpio.o ./Core/Src/main.d ./Core/Src/main.o ./Core/Src/stm32mp1xx_hal_msp.d ./Core/Src/stm32mp1xx_hal_msp.o ./Core/Src/stm32mp1xx_it.d ./Core/Src/stm32mp1xx_it.o ./Core/Src/syscalls.d ./Core/Src/syscalls.o ./Core/Src/sysmem.d ./Core/Src/sysmem.o
rm -rf ./Common/System/system_stm32mp1xx.d ./Common/System/system_stm32mp1xx.o
rm -rf Template_CM4.bin Template_CM4.elf Template_CM4.hex Template_CM4.list default.size.stdout
 
09:22:22 **** Clean-only build of configuration Debug for project Template_CM4 ****
make -j16 clean 
rm -rf ./Drivers/STM32MP1xx_HAL_Driver/stm32mp1xx_hal.d ./Drivers/STM32MP1xx_HAL_Driver/stm32mp1xx_hal.o ./Drivers/STM32MP1xx_HAL_Driver/stm32mp1xx_hal_cortex.d ./Drivers/STM32MP1xx_HAL_Driver/stm32mp1xx_hal_cortex.o ./Drivers/STM32MP1xx_HAL_Driver/stm32mp1xx_hal_dma.d ./Drivers/STM32MP1xx_HAL_Driver/stm32mp1xx_hal_dma.o ./Drivers/STM32MP1xx_HAL_Driver/stm32mp1xx_hal_dma_ex.d ./Drivers/STM32MP1xx_HAL_Driver/stm32mp1xx_hal_dma_ex.o ./Drivers/STM32MP1xx_HAL_Driver/stm32mp1xx_hal_exti.d ./Drivers/STM32MP1xx_HAL_Driver/stm32mp1xx_hal_exti.o ./Drivers/STM32MP1xx_HAL_Driver/stm32mp1xx_hal_gpio.d ./Drivers/STM32MP1xx_HAL_Driver/stm32mp1xx_hal_gpio.o ./Drivers/STM32MP1xx_HAL_Driver/stm32mp1xx_hal_hsem.d ./Drivers/STM32MP1xx_HAL_Driver/stm32mp1xx_hal_hsem.o ./Drivers/STM32MP1xx_HAL_Driver/stm32mp1xx_hal_mdma.d ./Drivers/STM32MP1xx_HAL_Driver/stm32mp1xx_hal_mdma.o ./Drivers/STM32MP1xx_HAL_Driver/stm32mp1xx_hal_pwr.d ./Drivers/STM32MP1xx_HAL_Driver/stm32mp1xx_hal_pwr.o ./Drivers/STM32MP1xx_HAL_Driver/stm32mp1xx_hal_pwr_ex.d ./Drivers/STM32MP1xx_HAL_Driver/stm32mp1xx_hal_pwr_ex.o ./Drivers/STM32MP1xx_HAL_Driver/stm32mp1xx_hal_rcc.d ./Drivers/STM32MP1xx_HAL_Driver/stm32mp1xx_hal_rcc.o ./Drivers/STM32MP1xx_HAL_Driver/stm32mp1xx_hal_rcc_ex.d ./Drivers/STM32MP1xx_HAL_Driver/stm32mp1xx_hal_rcc_ex.o ./Drivers/STM32MP1xx_HAL_Driver/stm32mp1xx_hal_tim.d ./Drivers/STM32MP1xx_HAL_Driver/stm32mp1xx_hal_tim.o ./Drivers/STM32MP1xx_HAL_Driver/stm32mp1xx_hal_tim_ex.d ./Drivers/STM32MP1xx_HAL_Driver/stm32mp1xx_hal_tim_ex.o
rm -rf ./Core/Startup/startup_stm32mp157daax.d ./Core/Startup/startup_stm32mp157daax.o
rm -rf ./Core/Src/gpio.d ./Core/Src/gpio.o ./Core/Src/main.d ./Core/Src/main.o ./Core/Src/stm32mp1xx_hal_msp.d ./Core/Src/stm32mp1xx_hal_msp.o ./Core/Src/stm32mp1xx_it.d ./Core/Src/stm32mp1xx_it.o ./Core/Src/syscalls.d ./Core/Src/syscalls.o ./Core/Src/sysmem.d ./Core/Src/sysmem.o
rm -rf ./Common/System/system_stm32mp1xx.d ./Common/System/system_stm32mp1xx.o
rm -rf Template_CM4.bin Template_CM4.elf Template_CM4.hex Template_CM4.list default.size.stdout
 
09:22:22 **** Build of configuration Debug for project Template_CM4 ****
make -j16 all 
arm-none-eabi-gcc "D:/STM32MP157/MP157_M4/CubeIDE/Template/Template/Drivers/STM32MP1xx_HAL_Driver/Src/stm32mp1xx_hal.c" -mcpu=cortex-m4 -std=gnu11 -g3 -DDEBUG -DCORE_CM4 -DUSE_HAL_DRIVER -DSTM32MP157Dxx -c -I../Core/Inc -I../../Drivers/STM32MP1xx_HAL_Driver/Inc -I../../Drivers/STM32MP1xx_HAL_Driver/Inc/Legacy -I../../Drivers/CMSIS/Device/ST/STM32MP1xx/Include -I../../Drivers/CMSIS/Include -O0 -ffunction-sections -fdata-sections -Wall -fstack-usage -MMD -MP -MF"Drivers/STM32MP1xx_HAL_Driver/stm32mp1xx_hal.d" -MT"Drivers/STM32MP1xx_HAL_Driver/stm32mp1xx_hal.o" --specs=nano.specs -mfpu=fpv4-sp-d16 -mfloat-abi=hard -mthumb -o "Drivers/STM32MP1xx_HAL_Driver/stm32mp1xx_hal.o"
arm-none-eabi-gcc "D:/STM32MP157/MP157_M4/CubeIDE/Template/Template/Drivers/STM32MP1xx_HAL_Driver/Src/stm32mp1xx_hal_cortex.c" -mcpu=cortex-m4 -std=gnu11 -g3 -DDEBUG -DCORE_CM4 -DUSE_HAL_DRIVER -DSTM32MP157Dxx -c -I../Core/Inc -I../../Drivers/STM32MP1xx_HAL_Driver/Inc -I../../Drivers/STM32MP1xx_HAL_Driver/Inc/Legacy -I../../Drivers/CMSIS/Device/ST/STM32MP1xx/Include -I../../Drivers/CMSIS/Include -O0 -ffunction-sections -fdata-sections -Wall -fstack-usage -MMD -MP -MF"Drivers/STM32MP1xx_HAL_Driver/stm32mp1xx_hal_cortex.d" -MT"Drivers/STM32MP1xx_HAL_Driver/stm32mp1xx_hal_cortex.o" --specs=nano.specs -mfpu=fpv4-sp-d16 -mfloat-abi=hard -mthumb -o "Drivers/STM32MP1xx_HAL_Driver/stm32mp1xx_hal_cortex.o"
arm-none-eabi-gcc "D:/STM32MP157/MP157_M4/CubeIDE/Template/Template/Drivers/STM32MP1xx_HAL_Driver/Src/stm32mp1xx_hal_dma.c" -mcpu=cortex-m4 -std=gnu11 -g3 -DDEBUG -DCORE_CM4 -DUSE_HAL_DRIVER -DSTM32MP157Dxx -c -I../Core/Inc -I../../Drivers/STM32MP1xx_HAL_Driver/Inc -I../../Drivers/STM32MP1xx_HAL_Driver/Inc/Legacy -I../../Drivers/CMSIS/Device/ST/STM32MP1xx/Include -I../../Drivers/CMSIS/Include -O0 -ffunction-sections -fdata-sections -Wall -fstack-usage -MMD -MP -MF"Drivers/STM32MP1xx_HAL_Driver/stm32mp1xx_hal_dma.d" -MT"Drivers/STM32MP1xx_HAL_Driver/stm32mp1xx_hal_dma.o" --specs=nano.specs -mfpu=fpv4-sp-d16 -mfloat-abi=hard -mthumb -o "Drivers/STM32MP1xx_HAL_Driver/stm32mp1xx_hal_dma.o"
arm-none-eabi-gcc "D:/STM32MP157/MP157_M4/CubeIDE/Template/Template/Drivers/STM32MP1xx_HAL_Driver/Src/stm32mp1xx_hal_dma_ex.c" -mcpu=cortex-m4 -std=gnu11 -g3 -DDEBUG -DCORE_CM4 -DUSE_HAL_DRIVER -DSTM32MP157Dxx -c -I../Core/Inc -I../../Drivers/STM32MP1xx_HAL_Driver/Inc -I../../Drivers/STM32MP1xx_HAL_Driver/Inc/Legacy -I../../Drivers/CMSIS/Device/ST/STM32MP1xx/Include -I../../Drivers/CMSIS/Include -O0 -ffunction-sections -fdata-sections -Wall -fstack-usage -MMD -MP -MF"Drivers/STM32MP1xx_HAL_Driver/stm32mp1xx_hal_dma_ex.d" -MT"Drivers/STM32MP1xx_HAL_Driver/stm32mp1xx_hal_dma_ex.o" --specs=nano.specs -mfpu=fpv4-sp-d16 -mfloat-abi=hard -mthumb -o "Drivers/STM32MP1xx_HAL_Driver/stm32mp1xx_hal_dma_ex.o"
arm-none-eabi-gcc "D:/STM32MP157/MP157_M4/CubeIDE/Template/Template/Drivers/STM32MP1xx_HAL_Driver/Src/stm32mp1xx_hal_exti.c" -mcpu=cortex-m4 -std=gnu11 -g3 -DDEBUG -DCORE_CM4 -DUSE_HAL_DRIVER -DSTM32MP157Dxx -c -I../Core/Inc -I../../Drivers/STM32MP1xx_HAL_Driver/Inc -I../../Drivers/STM32MP1xx_HAL_Driver/Inc/Legacy -I../../Drivers/CMSIS/Device/ST/STM32MP1xx/Include -I../../Drivers/CMSIS/Include -O0 -ffunction-sections -fdata-sections -Wall -fstack-usage -MMD -MP -MF"Drivers/STM32MP1xx_HAL_Driver/stm32mp1xx_hal_exti.d" -MT"Drivers/STM32MP1xx_HAL_Driver/stm32mp1xx_hal_exti.o" --specs=nano.specs -mfpu=fpv4-sp-d16 -mfloat-abi=hard -mthumb -o "Drivers/STM32MP1xx_HAL_Driver/stm32mp1xx_hal_exti.o"
arm-none-eabi-gcc "D:/STM32MP157/MP157_M4/CubeIDE/Template/Template/Drivers/STM32MP1xx_HAL_Driver/Src/stm32mp1xx_hal_gpio.c" -mcpu=cortex-m4 -std=gnu11 -g3 -DDEBUG -DCORE_CM4 -DUSE_HAL_DRIVER -DSTM32MP157Dxx -c -I../Core/Inc -I../../Drivers/STM32MP1xx_HAL_Driver/Inc -I../../Drivers/STM32MP1xx_HAL_Driver/Inc/Legacy -I../../Drivers/CMSIS/Device/ST/STM32MP1xx/Include -I../../Drivers/CMSIS/Include -O0 -ffunction-sections -fdata-sections -Wall -fstack-usage -MMD -MP -MF"Drivers/STM32MP1xx_HAL_Driver/stm32mp1xx_hal_gpio.d" -MT"Drivers/STM32MP1xx_HAL_Driver/stm32mp1xx_hal_gpio.o" --specs=nano.specs -mfpu=fpv4-sp-d16 -mfloat-abi=hard -mthumb -o "Drivers/STM32MP1xx_HAL_Driver/stm32mp1xx_hal_gpio.o"
arm-none-eabi-gcc "D:/STM32MP157/MP157_M4/CubeIDE/Template/Template/Drivers/STM32MP1xx_HAL_Driver/Src/stm32mp1xx_hal_hsem.c" -mcpu=cortex-m4 -std=gnu11 -g3 -DDEBUG -DCORE_CM4 -DUSE_HAL_DRIVER -DSTM32MP157Dxx -c -I../Core/Inc -I../../Drivers/STM32MP1xx_HAL_Driver/Inc -I../../Drivers/STM32MP1xx_HAL_Driver/Inc/Legacy -I../../Drivers/CMSIS/Device/ST/STM32MP1xx/Include -I../../Drivers/CMSIS/Include -O0 -ffunction-sections -fdata-sections -Wall -fstack-usage -MMD -MP -MF"Drivers/STM32MP1xx_HAL_Driver/stm32mp1xx_hal_hsem.d" -MT"Drivers/STM32MP1xx_HAL_Driver/stm32mp1xx_hal_hsem.o" --specs=nano.specs -mfpu=fpv4-sp-d16 -mfloat-abi=hard -mthumb -o "Drivers/STM32MP1xx_HAL_Driver/stm32mp1xx_hal_hsem.o"
arm-none-eabi-gcc "D:/STM32MP157/MP157_M4/CubeIDE/Template/Template/Drivers/STM32MP1xx_HAL_Driver/Src/stm32mp1xx_hal_mdma.c" -mcpu=cortex-m4 -std=gnu11 -g3 -DDEBUG -DCORE_CM4 -DUSE_HAL_DRIVER -DSTM32MP157Dxx -c -I../Core/Inc -I../../Drivers/STM32MP1xx_HAL_Driver/Inc -I../../Drivers/STM32MP1xx_HAL_Driver/Inc/Legacy -I../../Drivers/CMSIS/Device/ST/STM32MP1xx/Include -I../../Drivers/CMSIS/Include -O0 -ffunction-sections -fdata-sections -Wall -fstack-usage -MMD -MP -MF"Drivers/STM32MP1xx_HAL_Driver/stm32mp1xx_hal_mdma.d" -MT"Drivers/STM32MP1xx_HAL_Driver/stm32mp1xx_hal_mdma.o" --specs=nano.specs -mfpu=fpv4-sp-d16 -mfloat-abi=hard -mthumb -o "Drivers/STM32MP1xx_HAL_Driver/stm32mp1xx_hal_mdma.o"
arm-none-eabi-gcc "D:/STM32MP157/MP157_M4/CubeIDE/Template/Template/Drivers/STM32MP1xx_HAL_Driver/Src/stm32mp1xx_hal_pwr.c" -mcpu=cortex-m4 -std=gnu11 -g3 -DDEBUG -DCORE_CM4 -DUSE_HAL_DRIVER -DSTM32MP157Dxx -c -I../Core/Inc -I../../Drivers/STM32MP1xx_HAL_Driver/Inc -I../../Drivers/STM32MP1xx_HAL_Driver/Inc/Legacy -I../../Drivers/CMSIS/Device/ST/STM32MP1xx/Include -I../../Drivers/CMSIS/Include -O0 -ffunction-sections -fdata-sections -Wall -fstack-usage -MMD -MP -MF"Drivers/STM32MP1xx_HAL_Driver/stm32mp1xx_hal_pwr.d" -MT"Drivers/STM32MP1xx_HAL_Driver/stm32mp1xx_hal_pwr.o" --specs=nano.specs -mfpu=fpv4-sp-d16 -mfloat-abi=hard -mthumb -o "Drivers/STM32MP1xx_HAL_Driver/stm32mp1xx_hal_pwr.o"
arm-none-eabi-gcc "D:/STM32MP157/MP157_M4/CubeIDE/Template/Template/Drivers/STM32MP1xx_HAL_Driver/Src/stm32mp1xx_hal_pwr_ex.c" -mcpu=cortex-m4 -std=gnu11 -g3 -DDEBUG -DCORE_CM4 -DUSE_HAL_DRIVER -DSTM32MP157Dxx -c -I../Core/Inc -I../../Drivers/STM32MP1xx_HAL_Driver/Inc -I../../Drivers/STM32MP1xx_HAL_Driver/Inc/Legacy -I../../Drivers/CMSIS/Device/ST/STM32MP1xx/Include -I../../Drivers/CMSIS/Include -O0 -ffunction-sections -fdata-sections -Wall -fstack-usage -MMD -MP -MF"Drivers/STM32MP1xx_HAL_Driver/stm32mp1xx_hal_pwr_ex.d" -MT"Drivers/STM32MP1xx_HAL_Driver/stm32mp1xx_hal_pwr_ex.o" --specs=nano.specs -mfpu=fpv4-sp-d16 -mfloat-abi=hard -mthumb -o "Drivers/STM32MP1xx_HAL_Driver/stm32mp1xx_hal_pwr_ex.o"
arm-none-eabi-gcc "D:/STM32MP157/MP157_M4/CubeIDE/Template/Template/Drivers/STM32MP1xx_HAL_Driver/Src/stm32mp1xx_hal_rcc.c" -mcpu=cortex-m4 -std=gnu11 -g3 -DDEBUG -DCORE_CM4 -DUSE_HAL_DRIVER -DSTM32MP157Dxx -c -I../Core/Inc -I../../Drivers/STM32MP1xx_HAL_Driver/Inc -I../../Drivers/STM32MP1xx_HAL_Driver/Inc/Legacy -I../../Drivers/CMSIS/Device/ST/STM32MP1xx/Include -I../../Drivers/CMSIS/Include -O0 -ffunction-sections -fdata-sections -Wall -fstack-usage -MMD -MP -MF"Drivers/STM32MP1xx_HAL_Driver/stm32mp1xx_hal_rcc.d" -MT"Drivers/STM32MP1xx_HAL_Driver/stm32mp1xx_hal_rcc.o" --specs=nano.specs -mfpu=fpv4-sp-d16 -mfloat-abi=hard -mthumb -o "Drivers/STM32MP1xx_HAL_Driver/stm32mp1xx_hal_rcc.o"
arm-none-eabi-gcc "D:/STM32MP157/MP157_M4/CubeIDE/Template/Template/Drivers/STM32MP1xx_HAL_Driver/Src/stm32mp1xx_hal_rcc_ex.c" -mcpu=cortex-m4 -std=gnu11 -g3 -DDEBUG -DCORE_CM4 -DUSE_HAL_DRIVER -DSTM32MP157Dxx -c -I../Core/Inc -I../../Drivers/STM32MP1xx_HAL_Driver/Inc -I../../Drivers/STM32MP1xx_HAL_Driver/Inc/Legacy -I../../Drivers/CMSIS/Device/ST/STM32MP1xx/Include -I../../Drivers/CMSIS/Include -O0 -ffunction-sections -fdata-sections -Wall -fstack-usage -MMD -MP -MF"Drivers/STM32MP1xx_HAL_Driver/stm32mp1xx_hal_rcc_ex.d" -MT"Drivers/STM32MP1xx_HAL_Driver/stm32mp1xx_hal_rcc_ex.o" --specs=nano.specs -mfpu=fpv4-sp-d16 -mfloat-abi=hard -mthumb -o "Drivers/STM32MP1xx_HAL_Driver/stm32mp1xx_hal_rcc_ex.o"
arm-none-eabi-gcc "D:/STM32MP157/MP157_M4/CubeIDE/Template/Template/Drivers/STM32MP1xx_HAL_Driver/Src/stm32mp1xx_hal_tim.c" -mcpu=cortex-m4 -std=gnu11 -g3 -DDEBUG -DCORE_CM4 -DUSE_HAL_DRIVER -DSTM32MP157Dxx -c -I../Core/Inc -I../../Drivers/STM32MP1xx_HAL_Driver/Inc -I../../Drivers/STM32MP1xx_HAL_Driver/Inc/Legacy -I../../Drivers/CMSIS/Device/ST/STM32MP1xx/Include -I../../Drivers/CMSIS/Include -O0 -ffunction-sections -fdata-sections -Wall -fstack-usage -MMD -MP -MF"Drivers/STM32MP1xx_HAL_Driver/stm32mp1xx_hal_tim.d" -MT"Drivers/STM32MP1xx_HAL_Driver/stm32mp1xx_hal_tim.o" --specs=nano.specs -mfpu=fpv4-sp-d16 -mfloat-abi=hard -mthumb -o "Drivers/STM32MP1xx_HAL_Driver/stm32mp1xx_hal_tim.o"
arm-none-eabi-gcc "D:/STM32MP157/MP157_M4/CubeIDE/Template/Template/Drivers/STM32MP1xx_HAL_Driver/Src/stm32mp1xx_hal_tim_ex.c" -mcpu=cortex-m4 -std=gnu11 -g3 -DDEBUG -DCORE_CM4 -DUSE_HAL_DRIVER -DSTM32MP157Dxx -c -I../Core/Inc -I../../Drivers/STM32MP1xx_HAL_Driver/Inc -I../../Drivers/STM32MP1xx_HAL_Driver/Inc/Legacy -I../../Drivers/CMSIS/Device/ST/STM32MP1xx/Include -I../../Drivers/CMSIS/Include -O0 -ffunction-sections -fdata-sections -Wall -fstack-usage -MMD -MP -MF"Drivers/STM32MP1xx_HAL_Driver/stm32mp1xx_hal_tim_ex.d" -MT"Drivers/STM32MP1xx_HAL_Driver/stm32mp1xx_hal_tim_ex.o" --specs=nano.specs -mfpu=fpv4-sp-d16 -mfloat-abi=hard -mthumb -o "Drivers/STM32MP1xx_HAL_Driver/stm32mp1xx_hal_tim_ex.o"
arm-none-eabi-gcc -mcpu=cortex-m4 -g3 -DDEBUG -c -x assembler-with-cpp -MMD -MP -MF"Core/Startup/startup_stm32mp157daax.d" -MT"Core/Startup/startup_stm32mp157daax.o" --specs=nano.specs -mfpu=fpv4-sp-d16 -mfloat-abi=hard -mthumb -o "Core/Startup/startup_stm32mp157daax.o" "../Core/Startup/startup_stm32mp157daax.s"
arm-none-eabi-gcc "../Core/Src/gpio.c" -mcpu=cortex-m4 -std=gnu11 -g3 -DDEBUG -DCORE_CM4 -DUSE_HAL_DRIVER -DSTM32MP157Dxx -c -I../Core/Inc -I../../Drivers/STM32MP1xx_HAL_Driver/Inc -I../../Drivers/STM32MP1xx_HAL_Driver/Inc/Legacy -I../../Drivers/CMSIS/Device/ST/STM32MP1xx/Include -I../../Drivers/CMSIS/Include -O0 -ffunction-sections -fdata-sections -Wall -fstack-usage -MMD -MP -MF"Core/Src/gpio.d" -MT"Core/Src/gpio.o" --specs=nano.specs -mfpu=fpv4-sp-d16 -mfloat-abi=hard -mthumb -o "Core/Src/gpio.o"
arm-none-eabi-gcc "../Core/Src/main.c" -mcpu=cortex-m4 -std=gnu11 -g3 -DDEBUG -DCORE_CM4 -DUSE_HAL_DRIVER -DSTM32MP157Dxx -c -I../Core/Inc -I../../Drivers/STM32MP1xx_HAL_Driver/Inc -I../../Drivers/STM32MP1xx_HAL_Driver/Inc/Legacy -I../../Drivers/CMSIS/Device/ST/STM32MP1xx/Include -I../../Drivers/CMSIS/Include -O0 -ffunction-sections -fdata-sections -Wall -fstack-usage -MMD -MP -MF"Core/Src/main.d" -MT"Core/Src/main.o" --specs=nano.specs -mfpu=fpv4-sp-d16 -mfloat-abi=hard -mthumb -o "Core/Src/main.o"
arm-none-eabi-gcc "../Core/Src/stm32mp1xx_hal_msp.c" -mcpu=cortex-m4 -std=gnu11 -g3 -DDEBUG -DCORE_CM4 -DUSE_HAL_DRIVER -DSTM32MP157Dxx -c -I../Core/Inc -I../../Drivers/STM32MP1xx_HAL_Driver/Inc -I../../Drivers/STM32MP1xx_HAL_Driver/Inc/Legacy -I../../Drivers/CMSIS/Device/ST/STM32MP1xx/Include -I../../Drivers/CMSIS/Include -O0 -ffunction-sections -fdata-sections -Wall -fstack-usage -MMD -MP -MF"Core/Src/stm32mp1xx_hal_msp.d" -MT"Core/Src/stm32mp1xx_hal_msp.o" --specs=nano.specs -mfpu=fpv4-sp-d16 -mfloat-abi=hard -mthumb -o "Core/Src/stm32mp1xx_hal_msp.o"
arm-none-eabi-gcc "../Core/Src/stm32mp1xx_it.c" -mcpu=cortex-m4 -std=gnu11 -g3 -DDEBUG -DCORE_CM4 -DUSE_HAL_DRIVER -DSTM32MP157Dxx -c -I../Core/Inc -I../../Drivers/STM32MP1xx_HAL_Driver/Inc -I../../Drivers/STM32MP1xx_HAL_Driver/Inc/Legacy -I../../Drivers/CMSIS/Device/ST/STM32MP1xx/Include -I../../Drivers/CMSIS/Include -O0 -ffunction-sections -fdata-sections -Wall -fstack-usage -MMD -MP -MF"Core/Src/stm32mp1xx_it.d" -MT"Core/Src/stm32mp1xx_it.o" --specs=nano.specs -mfpu=fpv4-sp-d16 -mfloat-abi=hard -mthumb -o "Core/Src/stm32mp1xx_it.o"
arm-none-eabi-gcc "../Core/Src/syscalls.c" -mcpu=cortex-m4 -std=gnu11 -g3 -DDEBUG -DCORE_CM4 -DUSE_HAL_DRIVER -DSTM32MP157Dxx -c -I../Core/Inc -I../../Drivers/STM32MP1xx_HAL_Driver/Inc -I../../Drivers/STM32MP1xx_HAL_Driver/Inc/Legacy -I../../Drivers/CMSIS/Device/ST/STM32MP1xx/Include -I../../Drivers/CMSIS/Include -O0 -ffunction-sections -fdata-sections -Wall -fstack-usage -MMD -MP -MF"Core/Src/syscalls.d" -MT"Core/Src/syscalls.o" --specs=nano.specs -mfpu=fpv4-sp-d16 -mfloat-abi=hard -mthumb -o "Core/Src/syscalls.o"
arm-none-eabi-gcc "../Core/Src/sysmem.c" -mcpu=cortex-m4 -std=gnu11 -g3 -DDEBUG -DCORE_CM4 -DUSE_HAL_DRIVER -DSTM32MP157Dxx -c -I../Core/Inc -I../../Drivers/STM32MP1xx_HAL_Driver/Inc -I../../Drivers/STM32MP1xx_HAL_Driver/Inc/Legacy -I../../Drivers/CMSIS/Device/ST/STM32MP1xx/Include -I../../Drivers/CMSIS/Include -O0 -ffunction-sections -fdata-sections -Wall -fstack-usage -MMD -MP -MF"Core/Src/sysmem.d" -MT"Core/Src/sysmem.o" --specs=nano.specs -mfpu=fpv4-sp-d16 -mfloat-abi=hard -mthumb -o "Core/Src/sysmem.o"
arm-none-eabi-gcc "D:/STM32MP157/MP157_M4/CubeIDE/Template/Template/Common/System/system_stm32mp1xx.c" -mcpu=cortex-m4 -std=gnu11 -g3 -DDEBUG -DCORE_CM4 -DUSE_HAL_DRIVER -DSTM32MP157Dxx -c -I../Core/Inc -I../../Drivers/STM32MP1xx_HAL_Driver/Inc -I../../Drivers/STM32MP1xx_HAL_Driver/Inc/Legacy -I../../Drivers/CMSIS/Device/ST/STM32MP1xx/Include -I../../Drivers/CMSIS/Include -O0 -ffunction-sections -fdata-sections -Wall -fstack-usage -MMD -MP -MF"Common/System/system_stm32mp1xx.d" -MT"Common/System/system_stm32mp1xx.o" --specs=nano.specs -mfpu=fpv4-sp-d16 -mfloat-abi=hard -mthumb -o "Common/System/system_stm32mp1xx.o"
arm-none-eabi-gcc -o "Template_CM4.elf" @"objects.list"   -mcpu=cortex-m4 -T"D:\STM32MP157\MP157_M4\CubeIDE\Template\Template\CM4\STM32MP157DAAX_RAM.ld" --specs=nosys.specs -Wl,-Map="Template_CM4.map" -Wl,--gc-sections -static --specs=nano.specs -mfpu=fpv4-sp-d16 -mfloat-abi=hard -mthumb -Wl,--start-group -lc -lm -Wl,--end-group
Finished building target: Template_CM4.elf
 
arm-none-eabi-size   Template_CM4.elf 
arm-none-eabi-objdump -h -S  Template_CM4.elf  > "Template_CM4.list"
arm-none-eabi-objcopy  -O ihex  Template_CM4.elf  "Template_CM4.hex"
arm-none-eabi-objcopy  -O binary  Template_CM4.elf  "Template_CM4.bin"
   text	   data	    bss	    dec	    hex	filename
  10560	     20	   1572	  12152	   2f78	Template_CM4.elf
Finished building: default.size.stdout
 
Finished building: Template_CM4.list
 
Finished building: Template_CM4.hex
 
Finished building: Template_CM4.bin
 
09:24:01 **** Clean-only build of configuration Debug for project Template_CM4 ****
make -j16 clean 
rm -rf ./Drivers/STM32MP1xx_HAL_Driver/stm32mp1xx_hal.d ./Drivers/STM32MP1xx_HAL_Driver/stm32mp1xx_hal.o ./Drivers/STM32MP1xx_HAL_Driver/stm32mp1xx_hal_cortex.d ./Drivers/STM32MP1xx_HAL_Driver/stm32mp1xx_hal_cortex.o ./Drivers/STM32MP1xx_HAL_Driver/stm32mp1xx_hal_dma.d ./Drivers/STM32MP1xx_HAL_Driver/stm32mp1xx_hal_dma.o ./Drivers/STM32MP1xx_HAL_Driver/stm32mp1xx_hal_dma_ex.d ./Drivers/STM32MP1xx_HAL_Driver/stm32mp1xx_hal_dma_ex.o ./Drivers/STM32MP1xx_HAL_Driver/stm32mp1xx_hal_exti.d ./Drivers/STM32MP1xx_HAL_Driver/stm32mp1xx_hal_exti.o ./Drivers/STM32MP1xx_HAL_Driver/stm32mp1xx_hal_gpio.d ./Drivers/STM32MP1xx_HAL_Driver/stm32mp1xx_hal_gpio.o ./Drivers/STM32MP1xx_HAL_Driver/stm32mp1xx_hal_hsem.d ./Drivers/STM32MP1xx_HAL_Driver/stm32mp1xx_hal_hsem.o ./Drivers/STM32MP1xx_HAL_Driver/stm32mp1xx_hal_mdma.d ./Drivers/STM32MP1xx_HAL_Driver/stm32mp1xx_hal_mdma.o ./Drivers/STM32MP1xx_HAL_Driver/stm32mp1xx_hal_pwr.d ./Drivers/STM32MP1xx_HAL_Driver/stm32mp1xx_hal_pwr.o ./Drivers/STM32MP1xx_HAL_Driver/stm32mp1xx_hal_pwr_ex.d ./Drivers/STM32MP1xx_HAL_Driver/stm32mp1xx_hal_pwr_ex.o ./Drivers/STM32MP1xx_HAL_Driver/stm32mp1xx_hal_rcc.d ./Drivers/STM32MP1xx_HAL_Driver/stm32mp1xx_hal_rcc.o ./Drivers/STM32MP1xx_HAL_Driver/stm32mp1xx_hal_rcc_ex.d ./Drivers/STM32MP1xx_HAL_Driver/stm32mp1xx_hal_rcc_ex.o ./Drivers/STM32MP1xx_HAL_Driver/stm32mp1xx_hal_tim.d ./Drivers/STM32MP1xx_HAL_Driver/stm32mp1xx_hal_tim.o ./Drivers/STM32MP1xx_HAL_Driver/stm32mp1xx_hal_tim_ex.d ./Drivers/STM32MP1xx_HAL_Driver/stm32mp1xx_hal_tim_ex.o
rm -rf ./Core/Startup/startup_stm32mp157daax.d ./Core/Startup/startup_stm32mp157daax.o
rm -rf ./Core/Src/gpio.d ./Core/Src/gpio.o ./Core/Src/main.d ./Core/Src/main.o ./Core/Src/stm32mp1xx_hal_msp.d ./Core/Src/stm32mp1xx_hal_msp.o ./Core/Src/stm32mp1xx_it.d ./Core/Src/stm32mp1xx_it.o ./Core/Src/syscalls.d ./Core/Src/syscalls.o ./Core/Src/sysmem.d ./Core/Src/sysmem.o
rm -rf ./Common/System/system_stm32mp1xx.d ./Common/System/system_stm32mp1xx.o
rm -rf Template_CM4.bin Template_CM4.elf Template_CM4.hex Template_CM4.list default.size.stdout
 
10:10:16 **** Clean-only build of configuration Debug for project Template_CM4 ****
make -j16 clean 
rm -rf ./Drivers/STM32MP1xx_HAL_Driver/stm32mp1xx_hal.d ./Drivers/STM32MP1xx_HAL_Driver/stm32mp1xx_hal.o ./Drivers/STM32MP1xx_HAL_Driver/stm32mp1xx_hal_cortex.d ./Drivers/STM32MP1xx_HAL_Driver/stm32mp1xx_hal_cortex.o ./Drivers/STM32MP1xx_HAL_Driver/stm32mp1xx_hal_dma.d ./Drivers/STM32MP1xx_HAL_Driver/stm32mp1xx_hal_dma.o ./Drivers/STM32MP1xx_HAL_Driver/stm32mp1xx_hal_dma_ex.d ./Drivers/STM32MP1xx_HAL_Driver/stm32mp1xx_hal_dma_ex.o ./Drivers/STM32MP1xx_HAL_Driver/stm32mp1xx_hal_exti.d ./Drivers/STM32MP1xx_HAL_Driver/stm32mp1xx_hal_exti.o ./Drivers/STM32MP1xx_HAL_Driver/stm32mp1xx_hal_gpio.d ./Drivers/STM32MP1xx_HAL_Driver/stm32mp1xx_hal_gpio.o ./Drivers/STM32MP1xx_HAL_Driver/stm32mp1xx_hal_hsem.d ./Drivers/STM32MP1xx_HAL_Driver/stm32mp1xx_hal_hsem.o ./Drivers/STM32MP1xx_HAL_Driver/stm32mp1xx_hal_mdma.d ./Drivers/STM32MP1xx_HAL_Driver/stm32mp1xx_hal_mdma.o ./Drivers/STM32MP1xx_HAL_Driver/stm32mp1xx_hal_pwr.d ./Drivers/STM32MP1xx_HAL_Driver/stm32mp1xx_hal_pwr.o ./Drivers/STM32MP1xx_HAL_Driver/stm32mp1xx_hal_pwr_ex.d ./Drivers/STM32MP1xx_HAL_Driver/stm32mp1xx_hal_pwr_ex.o ./Drivers/STM32MP1xx_HAL_Driver/stm32mp1xx_hal_rcc.d ./Drivers/STM32MP1xx_HAL_Driver/stm32mp1xx_hal_rcc.o ./Drivers/STM32MP1xx_HAL_Driver/stm32mp1xx_hal_rcc_ex.d ./Drivers/STM32MP1xx_HAL_Driver/stm32mp1xx_hal_rcc_ex.o ./Drivers/STM32MP1xx_HAL_Driver/stm32mp1xx_hal_tim.d ./Drivers/STM32MP1xx_HAL_Driver/stm32mp1xx_hal_tim.o ./Drivers/STM32MP1xx_HAL_Driver/stm32mp1xx_hal_tim_ex.d ./Drivers/STM32MP1xx_HAL_Driver/stm32mp1xx_hal_tim_ex.o
rm -rf ./Core/Startup/startup_stm32mp157daax.d ./Core/Startup/startup_stm32mp157daax.o
rm -rf ./Core/Src/gpio.d ./Core/Src/gpio.o ./Core/Src/main.d ./Core/Src/main.o ./Core/Src/stm32mp1xx_hal_msp.d ./Core/Src/stm32mp1xx_hal_msp.o ./Core/Src/stm32mp1xx_it.d ./Core/Src/stm32mp1xx_it.o ./Core/Src/syscalls.d ./Core/Src/syscalls.o ./Core/Src/sysmem.d ./Core/Src/sysmem.o
rm -rf ./Common/System/system_stm32mp1xx.d ./Common/System/system_stm32mp1xx.o
rm -rf Template_CM4.bin Template_CM4.elf Template_CM4.hex Template_CM4.list default.size.stdout
 
10:10:16 **** Clean-only build of configuration Debug for project UART_CM4 ****
make -j16 clean 
rm -rf ./Drivers/STM32MP1xx_HAL_Driver/stm32mp1xx_hal.d ./Drivers/STM32MP1xx_HAL_Driver/stm32mp1xx_hal.o ./Drivers/STM32MP1xx_HAL_Driver/stm32mp1xx_hal_cortex.d ./Drivers/STM32MP1xx_HAL_Driver/stm32mp1xx_hal_cortex.o ./Drivers/STM32MP1xx_HAL_Driver/stm32mp1xx_hal_dma.d ./Drivers/STM32MP1xx_HAL_Driver/stm32mp1xx_hal_dma.o ./Drivers/STM32MP1xx_HAL_Driver/stm32mp1xx_hal_dma_ex.d ./Drivers/STM32MP1xx_HAL_Driver/stm32mp1xx_hal_dma_ex.o ./Drivers/STM32MP1xx_HAL_Driver/stm32mp1xx_hal_exti.d ./Drivers/STM32MP1xx_HAL_Driver/stm32mp1xx_hal_exti.o ./Drivers/STM32MP1xx_HAL_Driver/stm32mp1xx_hal_gpio.d ./Drivers/STM32MP1xx_HAL_Driver/stm32mp1xx_hal_gpio.o ./Drivers/STM32MP1xx_HAL_Driver/stm32mp1xx_hal_hsem.d ./Drivers/STM32MP1xx_HAL_Driver/stm32mp1xx_hal_hsem.o ./Drivers/STM32MP1xx_HAL_Driver/stm32mp1xx_hal_mdma.d ./Drivers/STM32MP1xx_HAL_Driver/stm32mp1xx_hal_mdma.o ./Drivers/STM32MP1xx_HAL_Driver/stm32mp1xx_hal_pwr.d ./Drivers/STM32MP1xx_HAL_Driver/stm32mp1xx_hal_pwr.o ./Drivers/STM32MP1xx_HAL_Driver/stm32mp1xx_hal_pwr_ex.d ./Drivers/STM32MP1xx_HAL_Driver/stm32mp1xx_hal_pwr_ex.o ./Drivers/STM32MP1xx_HAL_Driver/stm32mp1xx_hal_rcc.d ./Drivers/STM32MP1xx_HAL_Driver/stm32mp1xx_hal_rcc.o ./Drivers/STM32MP1xx_HAL_Driver/stm32mp1xx_hal_rcc_ex.d ./Drivers/STM32MP1xx_HAL_Driver/stm32mp1xx_hal_rcc_ex.o ./Drivers/STM32MP1xx_HAL_Driver/stm32mp1xx_hal_tim.d ./Drivers/STM32MP1xx_HAL_Driver/stm32mp1xx_hal_tim.o ./Drivers/STM32MP1xx_HAL_Driver/stm32mp1xx_hal_tim_ex.d ./Drivers/STM32MP1xx_HAL_Driver/stm32mp1xx_hal_tim_ex.o ./Drivers/STM32MP1xx_HAL_Driver/stm32mp1xx_hal_uart.d ./Drivers/STM32MP1xx_HAL_Driver/stm32mp1xx_hal_uart.o ./Drivers/STM32MP1xx_HAL_Driver/stm32mp1xx_hal_uart_ex.d ./Drivers/STM32MP1xx_HAL_Driver/stm32mp1xx_hal_uart_ex.o
rm -rf ./Core/Startup/startup_stm32mp157daax.d ./Core/Startup/startup_stm32mp157daax.o
rm -rf ./Core/Src/gpio.d ./Core/Src/gpio.o ./Core/Src/main.d ./Core/Src/main.o ./Core/Src/stm32mp1xx_hal_msp.d ./Core/Src/stm32mp1xx_hal_msp.o ./Core/Src/stm32mp1xx_it.d ./Core/Src/stm32mp1xx_it.o ./Core/Src/syscalls.d ./Core/Src/syscalls.o ./Core/Src/sysmem.d ./Core/Src/sysmem.o ./Core/Src/usart.d ./Core/Src/usart.o
rm -rf ./Common/System/system_stm32mp1xx.d ./Common/System/system_stm32mp1xx.o
rm -rf UART_CM4.bin UART_CM4.elf UART_CM4.list default.size.stdout
 
