Archive member included to satisfy reference by file (symbol)

c:/st/stm32cubeide_1.7.0/stm32cubeide/plugins/com.st.stm32cube.ide.mcu.externaltools.gnu-tools-for-stm32.9-2020-q2-update.win32_2.0.0.202105311346/tools/bin/../lib/gcc/arm-none-eabi/9.3.1/../../../../arm-none-eabi/lib/thumb/v7e-m+fp/hard\libc_nano.a(lib_a-errno.o)
                              ./Core/Src/syscalls.o (__errno)
c:/st/stm32cubeide_1.7.0/stm32cubeide/plugins/com.st.stm32cube.ide.mcu.externaltools.gnu-tools-for-stm32.9-2020-q2-update.win32_2.0.0.202105311346/tools/bin/../lib/gcc/arm-none-eabi/9.3.1/../../../../arm-none-eabi/lib/thumb/v7e-m+fp/hard\libc_nano.a(lib_a-exit.o)
                              c:/st/stm32cubeide_1.7.0/stm32cubeide/plugins/com.st.stm32cube.ide.mcu.externaltools.gnu-tools-for-stm32.9-2020-q2-update.win32_2.0.0.202105311346/tools/bin/../lib/gcc/arm-none-eabi/9.3.1/../../../../arm-none-eabi/lib/thumb/v7e-m+fp/hard/crt0.o (exit)
c:/st/stm32cubeide_1.7.0/stm32cubeide/plugins/com.st.stm32cube.ide.mcu.externaltools.gnu-tools-for-stm32.9-2020-q2-update.win32_2.0.0.202105311346/tools/bin/../lib/gcc/arm-none-eabi/9.3.1/../../../../arm-none-eabi/lib/thumb/v7e-m+fp/hard\libc_nano.a(lib_a-impure.o)
                              c:/st/stm32cubeide_1.7.0/stm32cubeide/plugins/com.st.stm32cube.ide.mcu.externaltools.gnu-tools-for-stm32.9-2020-q2-update.win32_2.0.0.202105311346/tools/bin/../lib/gcc/arm-none-eabi/9.3.1/../../../../arm-none-eabi/lib/thumb/v7e-m+fp/hard\libc_nano.a(lib_a-exit.o) (_global_impure_ptr)
c:/st/stm32cubeide_1.7.0/stm32cubeide/plugins/com.st.stm32cube.ide.mcu.externaltools.gnu-tools-for-stm32.9-2020-q2-update.win32_2.0.0.202105311346/tools/bin/../lib/gcc/arm-none-eabi/9.3.1/../../../../arm-none-eabi/lib/thumb/v7e-m+fp/hard\libc_nano.a(lib_a-init.o)
                              c:/st/stm32cubeide_1.7.0/stm32cubeide/plugins/com.st.stm32cube.ide.mcu.externaltools.gnu-tools-for-stm32.9-2020-q2-update.win32_2.0.0.202105311346/tools/bin/../lib/gcc/arm-none-eabi/9.3.1/../../../../arm-none-eabi/lib/thumb/v7e-m+fp/hard/crt0.o (__libc_init_array)
c:/st/stm32cubeide_1.7.0/stm32cubeide/plugins/com.st.stm32cube.ide.mcu.externaltools.gnu-tools-for-stm32.9-2020-q2-update.win32_2.0.0.202105311346/tools/bin/../lib/gcc/arm-none-eabi/9.3.1/../../../../arm-none-eabi/lib/thumb/v7e-m+fp/hard\libc_nano.a(lib_a-memset.o)
                              c:/st/stm32cubeide_1.7.0/stm32cubeide/plugins/com.st.stm32cube.ide.mcu.externaltools.gnu-tools-for-stm32.9-2020-q2-update.win32_2.0.0.202105311346/tools/bin/../lib/gcc/arm-none-eabi/9.3.1/../../../../arm-none-eabi/lib/thumb/v7e-m+fp/hard/crt0.o (memset)

Allocating common symbols
Common symbol       size              file

uwTick              0x4               ./Drivers/STM32MP1xx_HAL_Driver/stm32mp1xx_hal.o

Discarded input sections

 .text          0x0000000000000000        0x0 c:/st/stm32cubeide_1.7.0/stm32cubeide/plugins/com.st.stm32cube.ide.mcu.externaltools.gnu-tools-for-stm32.9-2020-q2-update.win32_2.0.0.202105311346/tools/bin/../lib/gcc/arm-none-eabi/9.3.1/thumb/v7e-m+fp/hard/crti.o
 .data          0x0000000000000000        0x0 c:/st/stm32cubeide_1.7.0/stm32cubeide/plugins/com.st.stm32cube.ide.mcu.externaltools.gnu-tools-for-stm32.9-2020-q2-update.win32_2.0.0.202105311346/tools/bin/../lib/gcc/arm-none-eabi/9.3.1/thumb/v7e-m+fp/hard/crti.o
 .bss           0x0000000000000000        0x0 c:/st/stm32cubeide_1.7.0/stm32cubeide/plugins/com.st.stm32cube.ide.mcu.externaltools.gnu-tools-for-stm32.9-2020-q2-update.win32_2.0.0.202105311346/tools/bin/../lib/gcc/arm-none-eabi/9.3.1/thumb/v7e-m+fp/hard/crti.o
 .data          0x0000000000000000        0x4 c:/st/stm32cubeide_1.7.0/stm32cubeide/plugins/com.st.stm32cube.ide.mcu.externaltools.gnu-tools-for-stm32.9-2020-q2-update.win32_2.0.0.202105311346/tools/bin/../lib/gcc/arm-none-eabi/9.3.1/thumb/v7e-m+fp/hard/crtbegin.o
 .text          0x0000000000000000       0x7c c:/st/stm32cubeide_1.7.0/stm32cubeide/plugins/com.st.stm32cube.ide.mcu.externaltools.gnu-tools-for-stm32.9-2020-q2-update.win32_2.0.0.202105311346/tools/bin/../lib/gcc/arm-none-eabi/9.3.1/../../../../arm-none-eabi/lib/thumb/v7e-m+fp/hard/crt0.o
 .data          0x0000000000000000        0x0 c:/st/stm32cubeide_1.7.0/stm32cubeide/plugins/com.st.stm32cube.ide.mcu.externaltools.gnu-tools-for-stm32.9-2020-q2-update.win32_2.0.0.202105311346/tools/bin/../lib/gcc/arm-none-eabi/9.3.1/../../../../arm-none-eabi/lib/thumb/v7e-m+fp/hard/crt0.o
 .bss           0x0000000000000000        0x0 c:/st/stm32cubeide_1.7.0/stm32cubeide/plugins/com.st.stm32cube.ide.mcu.externaltools.gnu-tools-for-stm32.9-2020-q2-update.win32_2.0.0.202105311346/tools/bin/../lib/gcc/arm-none-eabi/9.3.1/../../../../arm-none-eabi/lib/thumb/v7e-m+fp/hard/crt0.o
[...]
Memory Configuration

Name             Origin             Length             Attributes
RETRAM_interrupts 0x0000000000000000 0x0000000000000600 xrw
SRAM1_text       0x0000000010000000 0x0000000000020000 xrw
SRAM2_data       0x0000000010020000 0x0000000000020000 xrw
SRAM3_ipc_shm    0x0000000010040000 0x0000000000010000 xrw
SRAM4            0x0000000010050000 0x0000000000010000 xrw
*default*        0x0000000000000000 0xffffffffffffffff

Linker script and memory map

LOAD c:/st/stm32cubeide_1.7.0/stm32cubeide/plugins/com.st.stm32cube.ide.mcu.externaltools.gnu-tools-for-stm32.9-2020-q2-update.win32_2.0.0.202105311346/tools/bin/../lib/gcc/arm-none-eabi/9.3.1/thumb/v7e-m+fp/hard/crti.o
LOAD c:/st/stm32cubeide_1.7.0/stm32cubeide/plugins/com.st.stm32cube.ide.mcu.externaltools.gnu-tools-for-stm32.9-2020-q2-update.win32_2.0.0.202105311346/tools/bin/../lib/gcc/arm-none-eabi/9.3.1/thumb/v7e-m+fp/hard/crtbegin.o
LOAD c:/st/stm32cubeide_1.7.0/stm32cubeide/plugins/com.st.stm32cube.ide.mcu.externaltools.gnu-tools-for-stm32.9-2020-q2-update.win32_2.0.0.202105311346/tools/bin/../lib/gcc/arm-none-eabi/9.3.1/../../../../arm-none-eabi/lib/thumb/v7e-m+fp/hard/crt0.o
LOAD ./Common/System/system_stm32mp1xx.o
LOAD ./Core/Src/gpio.o
LOAD ./Core/Src/main.o
LOAD ./Core/Src/stm32mp1xx_hal_msp.o
LOAD ./Core/Src/stm32mp1xx_it.o
LOAD ./Core/Src/syscalls.o
LOAD ./Core/Src/sysmem.o
LOAD ./Core/Startup/startup_stm32mp157daax.o
LOAD ./Drivers/STM32MP1xx_HAL_Driver/stm32mp1xx_hal.o
LOAD ./Drivers/STM32MP1xx_HAL_Driver/stm32mp1xx_hal_cortex.o
LOAD ./Drivers/STM32MP1xx_HAL_Driver/stm32mp1xx_hal_dma.o
LOAD ./Drivers/STM32MP1xx_HAL_Driver/stm32mp1xx_hal_dma_ex.o
LOAD ./Drivers/STM32MP1xx_HAL_Driver/stm32mp1xx_hal_exti.o
LOAD ./Drivers/STM32MP1xx_HAL_Driver/stm32mp1xx_hal_gpio.o
LOAD ./Drivers/STM32MP1xx_HAL_Driver/stm32mp1xx_hal_hsem.o
LOAD ./Drivers/STM32MP1xx_HAL_Driver/stm32mp1xx_hal_mdma.o
LOAD ./Drivers/STM32MP1xx_HAL_Driver/stm32mp1xx_hal_pwr.o
LOAD ./Drivers/STM32MP1xx_HAL_Driver/stm32mp1xx_hal_pwr_ex.o
LOAD ./Drivers/STM32MP1xx_HAL_Driver/stm32mp1xx_hal_rcc.o
LOAD ./Drivers/STM32MP1xx_HAL_Driver/stm32mp1xx_hal_rcc_ex.o
LOAD ./Drivers/STM32MP1xx_HAL_Driver/stm32mp1xx_hal_tim.o
LOAD ./Drivers/STM32MP1xx_HAL_Driver/stm32mp1xx_hal_tim_ex.o
START GROUP
LOAD c:/st/stm32cubeide_1.7.0/stm32cubeide/plugins/com.st.stm32cube.ide.mcu.externaltools.gnu-tools-for-stm32.9-2020-q2-update.win32_2.0.0.202105311346/tools/bin/../lib/gcc/arm-none-eabi/9.3.1/../../../../arm-none-eabi/lib/thumb/v7e-m+fp/hard\libc_nano.a
LOAD c:/st/stm32cubeide_1.7.0/stm32cubeide/plugins/com.st.stm32cube.ide.mcu.externaltools.gnu-tools-for-stm32.9-2020-q2-update.win32_2.0.0.202105311346/tools/bin/../lib/gcc/arm-none-eabi/9.3.1/../../../../arm-none-eabi/lib/thumb/v7e-m+fp/hard\libm.a
END GROUP
START GROUP
LOAD c:/st/stm32cubeide_1.7.0/stm32cubeide/plugins/com.st.stm32cube.ide.mcu.externaltools.gnu-tools-for-stm32.9-2020-q2-update.win32_2.0.0.202105311346/tools/bin/../lib/gcc/arm-none-eabi/9.3.1/thumb/v7e-m+fp/hard\libgcc.a
LOAD c:/st/stm32cubeide_1.7.0/stm32cubeide/plugins/com.st.stm32cube.ide.mcu.externaltools.gnu-tools-for-stm32.9-2020-q2-update.win32_2.0.0.202105311346/tools/bin/../lib/gcc/arm-none-eabi/9.3.1/../../../../arm-none-eabi/lib/thumb/v7e-m+fp/hard\libc_nano.a
END GROUP
START GROUP
LOAD c:/st/stm32cubeide_1.7.0/stm32cubeide/plugins/com.st.stm32cube.ide.mcu.externaltools.gnu-tools-for-stm32.9-2020-q2-update.win32_2.0.0.202105311346/tools/bin/../lib/gcc/arm-none-eabi/9.3.1/thumb/v7e-m+fp/hard\libgcc.a
LOAD c:/st/stm32cubeide_1.7.0/stm32cubeide/plugins/com.st.stm32cube.ide.mcu.externaltools.gnu-tools-for-stm32.9-2020-q2-update.win32_2.0.0.202105311346/tools/bin/../lib/gcc/arm-none-eabi/9.3.1/../../../../arm-none-eabi/lib/thumb/v7e-m+fp/hard\libc_nano.a
LOAD c:/st/stm32cubeide_1.7.0/stm32cubeide/plugins/com.st.stm32cube.ide.mcu.externaltools.gnu-tools-for-stm32.9-2020-q2-update.win32_2.0.0.202105311346/tools/bin/../lib/gcc/arm-none-eabi/9.3.1/../../../../arm-none-eabi/lib/thumb/v7e-m+fp/hard\libnosys.a
END GROUP
START GROUP
LOAD c:/st/stm32cubeide_1.7.0/stm32cubeide/plugins/com.st.stm32cube.ide.mcu.externaltools.gnu-tools-for-stm32.9-2020-q2-update.win32_2.0.0.202105311346/tools/bin/../lib/gcc/arm-none-eabi/9.3.1/thumb/v7e-m+fp/hard\libgcc.a
LOAD c:/st/stm32cubeide_1.7.0/stm32cubeide/plugins/com.st.stm32cube.ide.mcu.externaltools.gnu-tools-for-stm32.9-2020-q2-update.win32_2.0.0.202105311346/tools/bin/../lib/gcc/arm-none-eabi/9.3.1/../../../../arm-none-eabi/lib/thumb/v7e-m+fp/hard\libc_nano.a
LOAD c:/st/stm32cubeide_1.7.0/stm32cubeide/plugins/com.st.stm32cube.ide.mcu.externaltools.gnu-tools-for-stm32.9-2020-q2-update.win32_2.0.0.202105311346/tools/bin/../lib/gcc/arm-none-eabi/9.3.1/../../../../arm-none-eabi/lib/thumb/v7e-m+fp/hard\libnosys.a
END GROUP
LOAD c:/st/stm32cubeide_1.7.0/stm32cubeide/plugins/com.st.stm32cube.ide.mcu.externaltools.gnu-tools-for-stm32.9-2020-q2-update.win32_2.0.0.202105311346/tools/bin/../lib/gcc/arm-none-eabi/9.3.1/thumb/v7e-m+fp/hard/crtend.o
LOAD c:/st/stm32cubeide_1.7.0/stm32cubeide/plugins/com.st.stm32cube.ide.mcu.externaltools.gnu-tools-for-stm32.9-2020-q2-update.win32_2.0.0.202105311346/tools/bin/../lib/gcc/arm-none-eabi/9.3.1/thumb/v7e-m+fp/hard/crtn.o
                0x0000000010040000                _estack = (ORIGIN (SRAM2_data) + LENGTH (SRAM2_data))
                0x0000000000000200                _Min_Heap_Size = 0x200
                0x0000000000000400                _Min_Stack_Size = 0x400
                0x0000000010040000                __OPENAMP_region_start__ = ORIGIN (SRAM3_ipc_shm)
                0x0000000010050000                __OPENAMP_region_end__ = (ORIGIN (SRAM3_ipc_shm) + LENGTH (SRAM3_ipc_shm))

.isr_vector     0x0000000000000000      0x298
                0x0000000000000000                . = ALIGN (0x4)
 *(.isr_vector)
 .isr_vector    0x0000000000000000      0x298 ./Core/Startup/startup_stm32mp157daax.o
                0x0000000000000000                g_pfnVectors
                0x0000000000000298                . = ALIGN (0x4)

.text           0x0000000010000000     0x2658
                0x0000000010000000                . = ALIGN (0x4)
 *(.text)
 .text          0x0000000010000000       0x40 c:/st/stm32cubeide_1.7.0/stm32cubeide/plugins/com.st.stm32cube.ide.mcu.externaltools.gnu-tools-for-stm32.9-2020-q2-update.win32_2.0.0.202105311346/tools/bin/../lib/gcc/arm-none-eabi/9.3.1/thumb/v7e-m+fp/hard/crtbegin.o
 *(.text*)
 .text.SystemInit
                0x0000000010000040       0x4c ./Common/System/system_stm32mp1xx.o
                0x0000000010000040                SystemInit
 .text.MX_GPIO_Init
                0x000000001000008c       0x50 ./Core/Src/gpio.o
                0x000000001000008c                MX_GPIO_Init
 .text.main     0x00000000100000dc       0x4c ./Core/Src/main.o
                0x00000000100000dc                main
 .text.SystemClock_Config
                0x0000000010000128       0xde ./Core/Src/main.o
                0x0000000010000128                SystemClock_Config
 .text.Error_Handler
                0x0000000010000206        0xa ./Core/Src/main.o
                0x0000000010000206                Error_Handler
 .text.HAL_MspInit
                0x0000000010000210       0x6c ./Core/Src/stm32mp1xx_hal_msp.o
                0x0000000010000210                HAL_MspInit
 .text.NMI_Handler
                0x000000001000027c        0x6 ./Core/Src/stm32mp1xx_it.o
                0x000000001000027c                NMI_Handler
 .text.HardFault_Handler
                0x0000000010000282        0x6 ./Core/Src/stm32mp1xx_it.o
                0x0000000010000282                HardFault_Handler
 .text.MemManage_Handler
                0x0000000010000288        0x6 ./Core/Src/stm32mp1xx_it.o
                0x0000000010000288                MemManage_Handler
 .text.BusFault_Handler
                0x000000001000028e        0x6 ./Core/Src/stm32mp1xx_it.o
                0x000000001000028e                BusFault_Handler
 .text.UsageFault_Handler
                0x0000000010000294        0x6 ./Core/Src/stm32mp1xx_it.o
                0x0000000010000294                UsageFault_Handler
 .text.SVC_Handler
                0x000000001000029a        0xe ./Core/Src/stm32mp1xx_it.o
                0x000000001000029a                SVC_Handler
 .text.DebugMon_Handler
                0x00000000100002a8        0xe ./Core/Src/stm32mp1xx_it.o
                0x00000000100002a8                DebugMon_Handler
 .text.PendSV_Handler
                0x00000000100002b6        0xe ./Core/Src/stm32mp1xx_it.o
                0x00000000100002b6                PendSV_Handler
 .text.SysTick_Handler
                0x00000000100002c4        0xc ./Core/Src/stm32mp1xx_it.o
                0x00000000100002c4                SysTick_Handler
 .text.RCC_WAKEUP_IRQHandler
                0x00000000100002d0        0xc ./Core/Src/stm32mp1xx_it.o
                0x00000000100002d0                RCC_WAKEUP_IRQHandler
 .text.Default_Handler
                0x00000000100002dc        0x2 ./Core/Startup/startup_stm32mp157daax.o
                0x00000000100002dc                EXTI2_IRQHandler
                0x00000000100002dc                TIM8_TRG_COM_IRQHandler
                0x00000000100002dc                TIM8_CC_IRQHandler
                0x00000000100002dc                EXTI5_IRQHandler
                0x00000000100002dc                UART8_IRQHandler
                0x00000000100002dc                SPI4_IRQHandler
                0x00000000100002dc                EXTI13_IRQHandler
                0x00000000100002dc                TIM1_CC_IRQHandler
                0x00000000100002dc                DMA2_Stream5_IRQHandler
                0x00000000100002dc                ETH1_WKUP_IRQHandler
                0x00000000100002dc                TAMP_IRQHandler
                0x00000000100002dc                DMA1_Stream5_IRQHandler
                0x00000000100002dc                TIM6_IRQHandler
                0x00000000100002dc                EXTI12_IRQHandler
                0x00000000100002dc                EXTI3_IRQHandler
                0x00000000100002dc                LPTIM4_IRQHandler
                0x00000000100002dc                EXTI8_IRQHandler
                0x00000000100002dc                LPTIM2_IRQHandler
                0x00000000100002dc                DFSDM1_FLT1_IRQHandler
                0x00000000100002dc                I2C3_ER_IRQHandler
                0x00000000100002dc                DFSDM1_FLT2_IRQHandler
                0x00000000100002dc                I2C5_EV_IRQHandler
                0x00000000100002dc                MDMA_IRQHandler
                0x00000000100002dc                IPCC_TX1_IRQHandler
                0x00000000100002dc                LPTIM3_IRQHandler
                0x00000000100002dc                EXTI0_IRQHandler
                0x00000000100002dc                I2C2_EV_IRQHandler
                0x00000000100002dc                DMA1_Stream2_IRQHandler
                0x00000000100002dc                FPU_IRQHandler
                0x00000000100002dc                USBH_OHCI_IRQHandler
                0x00000000100002dc                FDCAN1_IT1_IRQHandler
                0x00000000100002dc                LTDC_ER_IRQHandler
                0x00000000100002dc                DMA2_Stream2_IRQHandler
                0x00000000100002dc                IPCC_RX0_IRQHandler
                0x00000000100002dc                OTG_IRQHandler
                0x00000000100002dc                SPI1_IRQHandler
                0x00000000100002dc                DCMI_IRQHandler
                0x00000000100002dc                TIM8_UP_IRQHandler
                0x00000000100002dc                DMA2_Stream3_IRQHandler
                0x00000000100002dc                USBH_EHCI_IRQHandler
                0x00000000100002dc                nCTIIRQ2_IRQHandler
                0x00000000100002dc                HASH1_IRQHandler
                0x00000000100002dc                GPU_IRQHandler
                0x00000000100002dc                SAI2_IRQHandler
                0x00000000100002dc                ADC1_IRQHandler
                0x00000000100002dc                RESERVED148_IRQHandler
                0x00000000100002dc                RTC_TIMESTAMP_IRQHandler
                0x00000000100002dc                DFSDM1_FLT3_IRQHandler
                0x00000000100002dc                USART6_IRQHandler
                0x00000000100002dc                EXTI15_IRQHandler
                0x00000000100002dc                TIM17_IRQHandler
                0x00000000100002dc                USART3_IRQHandler
                0x00000000100002dc                EXTI9_IRQHandler
                0x00000000100002dc                LPTIM5_IRQHandler
                0x00000000100002dc                UART5_IRQHandler
                0x00000000100002dc                DMA2_Stream0_IRQHandler
                0x00000000100002dc                TIM4_IRQHandler
                0x00000000100002dc                CRYP2_IRQHandler
                0x00000000100002dc                QUADSPI_IRQHandler
                0x00000000100002dc                I2C1_EV_IRQHandler
                0x00000000100002dc                DMA1_Stream6_IRQHandler
                0x00000000100002dc                RESERVED99_IRQHandler
                0x00000000100002dc                DMAMUX1_OVR_IRQHandler
                0x00000000100002dc                DMA1_Stream1_IRQHandler
                0x00000000100002dc                TIM16_IRQHandler
                0x00000000100002dc                UART4_IRQHandler
                0x00000000100002dc                TIM3_IRQHandler
                0x00000000100002dc                RCC_IRQHandler
                0x00000000100002dc                TIM1_TRG_COM_IRQHandler
                0x00000000100002dc                nCTIIRQ1_IRQHandler
                0x00000000100002dc                Default_Handler
                0x00000000100002dc                IPCC_RX1_IRQHandler
                0x00000000100002dc                CEC_IRQHandler
                0x00000000100002dc                DFSDM1_FLT4_IRQHandler
                0x00000000100002dc                TIM14_IRQHandler
                0x00000000100002dc                I2C5_ER_IRQHandler
                0x00000000100002dc                TIM13_IRQHandler
                0x00000000100002dc                DMA1_Stream7_IRQHandler
                0x00000000100002dc                IPCC_TX0_IRQHandler
                0x00000000100002dc                SPI5_IRQHandler
                0x00000000100002dc                TIM12_IRQHandler
                0x00000000100002dc                TIM7_IRQHandler
                0x00000000100002dc                SDMMC1_IRQHandler
                0x00000000100002dc                TIM5_IRQHandler
                0x00000000100002dc                DMA2_Stream7_IRQHandler
                0x00000000100002dc                TIM15_IRQHandler
                0x00000000100002dc                PVD_AVD_IRQHandler
                0x00000000100002dc                I2C3_EV_IRQHandler
                0x00000000100002dc                SDMMC3_IRQHandler
                0x00000000100002dc                ETH1_IRQHandler
                0x00000000100002dc                LTDC_IRQHandler
                0x00000000100002dc                SAI3_IRQHandler
                0x00000000100002dc                SPDIF_RX_IRQHandler
                0x00000000100002dc                ADC2_IRQHandler
                0x00000000100002dc                SPI2_IRQHandler
                0x00000000100002dc                DFSDM1_FLT5_IRQHandler
                0x00000000100002dc                DMA1_Stream0_IRQHandler
                0x00000000100002dc                EXTI14_IRQHandler
                0x00000000100002dc                EXTI11_IRQHandler
                0x00000000100002dc                CRYP1_IRQHandler
                0x00000000100002dc                RNG2_IRQHandler
                0x00000000100002dc                RNG1_IRQHandler
                0x00000000100002dc                HASH2_IRQHandler
                0x00000000100002dc                EXTI4_IRQHandler
                0x00000000100002dc                ETH1_LPI_IRQHandler
                0x00000000100002dc                FDCAN2_IT1_IRQHandler
                0x00000000100002dc                DSI_IRQHandler
                0x00000000100002dc                TIM1_UP_IRQHandler
                0x00000000100002dc                HSEM_IT2_IRQHandler
                0x00000000100002dc                SPI6_IRQHandler
                0x00000000100002dc                MDIOS_IRQHandler
                0x00000000100002dc                I2C4_EV_IRQHandler
                0x00000000100002dc                FDCAN2_IT0_IRQHandler
                0x00000000100002dc                I2C6_ER_IRQHandler
                0x00000000100002dc                FDCAN1_IT0_IRQHandler
                0x00000000100002dc                TIM2_IRQHandler
                0x00000000100002dc                EXTI7_IRQHandler
                0x00000000100002dc                TIM1_BRK_IRQHandler
                0x00000000100002dc                DAC_IRQHandler
                0x00000000100002dc                EXTI1_IRQHandler
                0x00000000100002dc                SDMMC2_IRQHandler
                0x00000000100002dc                DTS_IRQHandler
                0x00000000100002dc                UART7_IRQHandler
                0x00000000100002dc                USART2_IRQHandler
                0x00000000100002dc                I2C6_EV_IRQHandler
                0x00000000100002dc                DFSDM1_FLT0_IRQHandler
                0x00000000100002dc                SAI4_IRQHandler
                0x00000000100002dc                I2C2_ER_IRQHandler
                0x00000000100002dc                DMA2_Stream1_IRQHandler
                0x00000000100002dc                TIM8_BRK_IRQHandler
                0x00000000100002dc                WWDG1_IRQHandler
                0x00000000100002dc                DMA2_Stream4_IRQHandler
                0x00000000100002dc                USART1_IRQHandler
                0x00000000100002dc                RESERVED143_IRQHandler
                0x00000000100002dc                EXTI10_IRQHandler
                0x00000000100002dc                SPI3_IRQHandler
                0x00000000100002dc                WAKEUP_PIN_IRQHandler
                0x00000000100002dc                DMA1_Stream4_IRQHandler
                0x00000000100002dc                I2C1_ER_IRQHandler
                0x00000000100002dc                FMC_IRQHandler
                0x00000000100002dc                FDCAN_CAL_IRQHandler
                0x00000000100002dc                EXTI6_IRQHandler
                0x00000000100002dc                MPU_SEV_IRQHandler
                0x00000000100002dc                LPTIM1_IRQHandler
                0x00000000100002dc                RTC_WKUP_ALARM_IRQHandler
                0x00000000100002dc                I2C4_ER_IRQHandler
                0x00000000100002dc                DMA2_Stream6_IRQHandler
                0x00000000100002dc                SAI1_IRQHandler
                0x00000000100002dc                DMA1_Stream3_IRQHandler
                0x00000000100002dc                RESERVED4_IRQHandler
 *fill*         0x00000000100002de        0x2 
 .text.HAL_Init
                0x00000000100002e0       0x34 ./Drivers/STM32MP1xx_HAL_Driver/stm32mp1xx_hal.o
                0x00000000100002e0                HAL_Init
 .text.HAL_InitTick
                0x0000000010000314       0x6c ./Drivers/STM32MP1xx_HAL_Driver/stm32mp1xx_hal.o
                0x0000000010000314                HAL_InitTick
 .text.HAL_IncTick
                0x0000000010000380       0x28 ./Drivers/STM32MP1xx_HAL_Driver/stm32mp1xx_hal.o
                0x0000000010000380                HAL_IncTick
 .text.HAL_GetTick
                0x00000000100003a8       0x18 ./Drivers/STM32MP1xx_HAL_Driver/stm32mp1xx_hal.o
                0x00000000100003a8                HAL_GetTick
 .text.HAL_Delay
                0x00000000100003c0       0x48 ./Drivers/STM32MP1xx_HAL_Driver/stm32mp1xx_hal.o
                0x00000000100003c0                HAL_Delay
 .text.__NVIC_SetPriorityGrouping
                0x0000000010000408       0x48 ./Drivers/STM32MP1xx_HAL_Driver/stm32mp1xx_hal_cortex.o
 .text.__NVIC_GetPriorityGrouping
                0x0000000010000450       0x1c ./Drivers/STM32MP1xx_HAL_Driver/stm32mp1xx_hal_cortex.o
 .text.__NVIC_EnableIRQ
                0x000000001000046c       0x3c ./Drivers/STM32MP1xx_HAL_Driver/stm32mp1xx_hal_cortex.o
 .text.__NVIC_SetPriority
                0x00000000100004a8       0x54 ./Drivers/STM32MP1xx_HAL_Driver/stm32mp1xx_hal_cortex.o
 .text.NVIC_EncodePriority
                0x00000000100004fc       0x66 ./Drivers/STM32MP1xx_HAL_Driver/stm32mp1xx_hal_cortex.o
 *fill*         0x0000000010000562        0x2 
 .text.SysTick_Config
                0x0000000010000564       0x44 ./Drivers/STM32MP1xx_HAL_Driver/stm32mp1xx_hal_cortex.o
 .text.HAL_NVIC_SetPriorityGrouping
                0x00000000100005a8       0x16 ./Drivers/STM32MP1xx_HAL_Driver/stm32mp1xx_hal_cortex.o
                0x00000000100005a8                HAL_NVIC_SetPriorityGrouping
 .text.HAL_NVIC_SetPriority
                0x00000000100005be       0x38 ./Drivers/STM32MP1xx_HAL_Driver/stm32mp1xx_hal_cortex.o
                0x00000000100005be                HAL_NVIC_SetPriority
 .text.HAL_NVIC_EnableIRQ
                0x00000000100005f6       0x1c ./Drivers/STM32MP1xx_HAL_Driver/stm32mp1xx_hal_cortex.o
                0x00000000100005f6                HAL_NVIC_EnableIRQ
 .text.HAL_SYSTICK_Config
                0x0000000010000612       0x18 ./Drivers/STM32MP1xx_HAL_Driver/stm32mp1xx_hal_cortex.o
                0x0000000010000612                HAL_SYSTICK_Config
 *fill*         0x000000001000062a        0x2 
 .text.HAL_GPIO_Init
                0x000000001000062c      0x354 ./Drivers/STM32MP1xx_HAL_Driver/stm32mp1xx_hal_gpio.o
                0x000000001000062c                HAL_GPIO_Init
 .text.HAL_GPIO_WritePin
                0x0000000010000980       0x32 ./Drivers/STM32MP1xx_HAL_Driver/stm32mp1xx_hal_gpio.o
                0x0000000010000980                HAL_GPIO_WritePin
 *fill*         0x00000000100009b2        0x2 
 .text.HAL_RCC_OscConfig
                0x00000000100009b4      0x660 ./Drivers/STM32MP1xx_HAL_Driver/stm32mp1xx_hal_rcc.o
                0x00000000100009b4                HAL_RCC_OscConfig
 .text.HAL_RCC_HSEConfig
                0x0000000010001014       0xd6 ./Drivers/STM32MP1xx_HAL_Driver/stm32mp1xx_hal_rcc.o
                0x0000000010001014                HAL_RCC_HSEConfig
 .text.HAL_RCC_LSEConfig
                0x00000000100010ea       0xfa ./Drivers/STM32MP1xx_HAL_Driver/stm32mp1xx_hal_rcc.o
                0x00000000100010ea                HAL_RCC_LSEConfig
 .text.RCC_PLL1_Config
                0x00000000100011e4      0x308 ./Drivers/STM32MP1xx_HAL_Driver/stm32mp1xx_hal_rcc.o
                0x00000000100011e4                RCC_PLL1_Config
 .text.HAL_RCC_ClockConfig
                0x00000000100014ec      0x224 ./Drivers/STM32MP1xx_HAL_Driver/stm32mp1xx_hal_rcc.o
                0x00000000100014ec                HAL_RCC_ClockConfig
 .text.RCC_MPUConfig
                0x0000000010001710       0xec ./Drivers/STM32MP1xx_HAL_Driver/stm32mp1xx_hal_rcc.o
                0x0000000010001710                RCC_MPUConfig
 .text.RCC_AXISSConfig
                0x00000000100017fc      0x12e ./Drivers/STM32MP1xx_HAL_Driver/stm32mp1xx_hal_rcc.o
                0x00000000100017fc                RCC_AXISSConfig
 *fill*         0x000000001000192a        0x2 
 .text.RCC_MCUConfig
                0x000000001000192c      0x150 ./Drivers/STM32MP1xx_HAL_Driver/stm32mp1xx_hal_rcc.o
                0x000000001000192c                RCC_MCUConfig
 .text.HAL_RCC_GetPLL3ClockFreq
                0x0000000010001a7c      0x1f4 ./Drivers/STM32MP1xx_HAL_Driver/stm32mp1xx_hal_rcc.o
                0x0000000010001a7c                HAL_RCC_GetPLL3ClockFreq
 .text.HAL_RCC_GetMCUFreq
                0x0000000010001c70       0x36 ./Drivers/STM32MP1xx_HAL_Driver/stm32mp1xx_hal_rcc.o
                0x0000000010001c70                HAL_RCC_GetMCUFreq
 .text.HAL_RCC_GetSystemCoreClockFreq
                0x0000000010001ca6        0xe ./Drivers/STM32MP1xx_HAL_Driver/stm32mp1xx_hal_rcc.o
                0x0000000010001ca6                HAL_RCC_GetSystemCoreClockFreq
 .text.HAL_RCC_GetMCUSSFreq
                0x0000000010001cb4       0x74 ./Drivers/STM32MP1xx_HAL_Driver/stm32mp1xx_hal_rcc.o
                0x0000000010001cb4                HAL_RCC_GetMCUSSFreq
 .text.HAL_RCC_WAKEUP_IRQHandler
                0x0000000010001d28       0x2a ./Drivers/STM32MP1xx_HAL_Driver/stm32mp1xx_hal_rcc.o
                0x0000000010001d28                HAL_RCC_WAKEUP_IRQHandler
 .text.HAL_RCC_WAKEUP_Callback
                0x0000000010001d52        0xe ./Drivers/STM32MP1xx_HAL_Driver/stm32mp1xx_hal_rcc.o
                0x0000000010001d52                HAL_RCC_WAKEUP_Callback
 .text.RCCEx_PLL2_Config
                0x0000000010001d60      0x304 ./Drivers/STM32MP1xx_HAL_Driver/stm32mp1xx_hal_rcc_ex.o
                0x0000000010001d60                RCCEx_PLL2_Config
 .text.RCCEx_PLL3_Config
                0x0000000010002064      0x2d4 ./Drivers/STM32MP1xx_HAL_Driver/stm32mp1xx_hal_rcc_ex.o
                0x0000000010002064                RCCEx_PLL3_Config
 .text.RCCEx_PLL4_Config
                0x0000000010002338      0x2b0 ./Drivers/STM32MP1xx_HAL_Driver/stm32mp1xx_hal_rcc_ex.o
                0x0000000010002338                RCCEx_PLL4_Config
 .text.__libc_init_array
                0x00000000100025e8       0x48 c:/st/stm32cubeide_1.7.0/stm32cubeide/plugins/com.st.stm32cube.ide.mcu.externaltools.gnu-tools-for-stm32.9-2020-q2-update.win32_2.0.0.202105311346/tools/bin/../lib/gcc/arm-none-eabi/9.3.1/../../../../arm-none-eabi/lib/thumb/v7e-m+fp/hard\libc_nano.a(lib_a-init.o)
                0x00000000100025e8                __libc_init_array
 .text.memset   0x0000000010002630       0x10 c:/st/stm32cubeide_1.7.0/stm32cubeide/plugins/com.st.stm32cube.ide.mcu.externaltools.gnu-tools-for-stm32.9-2020-q2-update.win32_2.0.0.202105311346/tools/bin/../lib/gcc/arm-none-eabi/9.3.1/../../../../arm-none-eabi/lib/thumb/v7e-m+fp/hard\libc_nano.a(lib_a-memset.o)
                0x0000000010002630                memset
 *(.glue_7)
 .glue_7        0x0000000010002640        0x0 linker stubs
 *(.glue_7t)
 .glue_7t       0x0000000010002640        0x0 linker stubs
 *(.eh_frame)
 .eh_frame      0x0000000010002640        0x0 c:/st/stm32cubeide_1.7.0/stm32cubeide/plugins/com.st.stm32cube.ide.mcu.externaltools.gnu-tools-for-stm32.9-2020-q2-update.win32_2.0.0.202105311346/tools/bin/../lib/gcc/arm-none-eabi/9.3.1/thumb/v7e-m+fp/hard/crtbegin.o
 *(.init)
 .init          0x0000000010002640        0x4 c:/st/stm32cubeide_1.7.0/stm32cubeide/plugins/com.st.stm32cube.ide.mcu.externaltools.gnu-tools-for-stm32.9-2020-q2-update.win32_2.0.0.202105311346/tools/bin/../lib/gcc/arm-none-eabi/9.3.1/thumb/v7e-m+fp/hard/crti.o
                0x0000000010002640                _init
 .init          0x0000000010002644        0x8 c:/st/stm32cubeide_1.7.0/stm32cubeide/plugins/com.st.stm32cube.ide.mcu.externaltools.gnu-tools-for-stm32.9-2020-q2-update.win32_2.0.0.202105311346/tools/bin/../lib/gcc/arm-none-eabi/9.3.1/thumb/v7e-m+fp/hard/crtn.o
 *(.fini)
 .fini          0x000000001000264c        0x4 c:/st/stm32cubeide_1.7.0/stm32cubeide/plugins/com.st.stm32cube.ide.mcu.externaltools.gnu-tools-for-stm32.9-2020-q2-update.win32_2.0.0.202105311346/tools/bin/../lib/gcc/arm-none-eabi/9.3.1/thumb/v7e-m+fp/hard/crti.o
                0x000000001000264c                _fini
 .fini          0x0000000010002650        0x8 c:/st/stm32cubeide_1.7.0/stm32cubeide/plugins/com.st.stm32cube.ide.mcu.externaltools.gnu-tools-for-stm32.9-2020-q2-update.win32_2.0.0.202105311346/tools/bin/../lib/gcc/arm-none-eabi/9.3.1/thumb/v7e-m+fp/hard/crtn.o
                0x0000000010002658                . = ALIGN (0x4)
                0x0000000010002658                _etext = .

.vfp11_veneer   0x0000000010002658        0x0
 .vfp11_veneer  0x0000000010002658        0x0 linker stubs

.v4_bx          0x0000000010002658        0x0
 .v4_bx         0x0000000010002658        0x0 linker stubs

.iplt           0x0000000010002658        0x0
 .iplt          0x0000000010002658        0x0 c:/st/stm32cubeide_1.7.0/stm32cubeide/plugins/com.st.stm32cube.ide.mcu.externaltools.gnu-tools-for-stm32.9-2020-q2-update.win32_2.0.0.202105311346/tools/bin/../lib/gcc/arm-none-eabi/9.3.1/thumb/v7e-m+fp/hard/crtbegin.o

.startup_copro_fw.Reset_Handler
                0x0000000010002658       0x50
 .startup_copro_fw.Reset_Handler
                0x0000000010002658       0x50 ./Core/Startup/startup_stm32mp157daax.o
                0x0000000010002658                Reset_Handler

.rel.dyn        0x00000000100026a8        0x0
 .rel.iplt      0x00000000100026a8        0x0 c:/st/stm32cubeide_1.7.0/stm32cubeide/plugins/com.st.stm32cube.ide.mcu.externaltools.gnu-tools-for-stm32.9-2020-q2-update.win32_2.0.0.202105311346/tools/bin/../lib/gcc/arm-none-eabi/9.3.1/thumb/v7e-m+fp/hard/crtbegin.o

.rodata         0x00000000100026a8        0x0
                0x00000000100026a8                . = ALIGN (0x4)
 *(.rodata)
 *(.rodata*)
                0x00000000100026a8                . = ALIGN (0x4)

.ARM.extab      0x00000000100026a8        0x0
                0x00000000100026a8                . = ALIGN (0x4)
 *(.ARM.extab* .gnu.linkonce.armextab.*)
                0x00000000100026a8                . = ALIGN (0x4)

.ARM            0x00000000100026a8        0x0
                0x00000000100026a8                . = ALIGN (0x4)
                0x00000000100026a8                __exidx_start = .
 *(.ARM.exidx*)
                0x00000000100026a8                __exidx_end = .
                0x00000000100026a8                . = ALIGN (0x4)

.preinit_array  0x00000000100026a8        0x0
                0x00000000100026a8                . = ALIGN (0x4)
                0x00000000100026a8                PROVIDE (__preinit_array_start = .)
 *(.preinit_array*)
                0x00000000100026a8                PROVIDE (__preinit_array_end = .)
                0x00000000100026a8                . = ALIGN (0x4)

.init_array     0x00000000100026a8        0x4
                0x00000000100026a8                . = ALIGN (0x4)
                0x00000000100026a8                PROVIDE (__init_array_start = .)
 *(SORT_BY_NAME(.init_array.*))
 *(.init_array*)
 .init_array    0x00000000100026a8        0x4 c:/st/stm32cubeide_1.7.0/stm32cubeide/plugins/com.st.stm32cube.ide.mcu.externaltools.gnu-tools-for-stm32.9-2020-q2-update.win32_2.0.0.202105311346/tools/bin/../lib/gcc/arm-none-eabi/9.3.1/thumb/v7e-m+fp/hard/crtbegin.o
                0x00000000100026ac                PROVIDE (__init_array_end = .)
                0x00000000100026ac                . = ALIGN (0x4)

.fini_array     0x00000000100026ac        0x4
                0x00000000100026ac                . = ALIGN (0x4)
                [!provide]                        PROVIDE (__fini_array_start = .)
 *(SORT_BY_NAME(.fini_array.*))
 *(.fini_array*)
 .fini_array    0x00000000100026ac        0x4 c:/st/stm32cubeide_1.7.0/stm32cubeide/plugins/com.st.stm32cube.ide.mcu.externaltools.gnu-tools-for-stm32.9-2020-q2-update.win32_2.0.0.202105311346/tools/bin/../lib/gcc/arm-none-eabi/9.3.1/thumb/v7e-m+fp/hard/crtbegin.o
                [!provide]                        PROVIDE (__fini_array_end = .)
                0x00000000100026b0                . = ALIGN (0x4)
                0x00000000100026b0                __DATA_ROM = .
                0x00000000100026b0                _sidata = LOADADDR (.data)

.data           0x0000000010020000        0xc load address 0x00000000100026b0
                0x0000000010020000                . = ALIGN (0x4)
                0x0000000010020000                _sdata = .
 *(.data)
 *(.data*)
 .data.SystemCoreClock
                0x0000000010020000        0x4 ./Common/System/system_stm32mp1xx.o
                0x0000000010020000                SystemCoreClock
 .data.uwTickPrio
                0x0000000010020004        0x4 ./Drivers/STM32MP1xx_HAL_Driver/stm32mp1xx_hal.o
                0x0000000010020004                uwTickPrio
 .data.uwTickFreq
                0x0000000010020008        0x1 ./Drivers/STM32MP1xx_HAL_Driver/stm32mp1xx_hal.o
                0x0000000010020008                uwTickFreq
                0x000000001002000c                . = ALIGN (0x4)
 *fill*         0x0000000010020009        0x3 
                0x000000001002000c                _edata = .
                0x00000000100026bc                __DATA_END = (__DATA_ROM + (_edata - _sdata))
                0x0000000010020000                text_end = (ORIGIN (SRAM1_text) + LENGTH (SRAM1_text))
                0x0000000000000001                ASSERT ((__DATA_END <= text_end), region SRAM1_text overflowed with text and data)

.igot.plt       0x000000001002000c        0x0 load address 0x00000000100026bc
 .igot.plt      0x000000001002000c        0x0 c:/st/stm32cubeide_1.7.0/stm32cubeide/plugins/com.st.stm32cube.ide.mcu.externaltools.gnu-tools-for-stm32.9-2020-q2-update.win32_2.0.0.202105311346/tools/bin/../lib/gcc/arm-none-eabi/9.3.1/thumb/v7e-m+fp/hard/crtbegin.o

.resource_table
                0x000000001002000c        0x0
                0x000000001002000c                . = ALIGN (0x4)
 *(.resource_table*)
                0x000000001002000c                . = ALIGN (0x4)
                0x000000001002000c                . = ALIGN (0x4)

.bss            0x000000001002000c       0x20 load address 0x00000000100026bc
                0x000000001002000c                _sbss = .
                0x000000001002000c                __bss_start__ = _sbss
 *(.bss)
 .bss           0x000000001002000c       0x1c c:/st/stm32cubeide_1.7.0/stm32cubeide/plugins/com.st.stm32cube.ide.mcu.externaltools.gnu-tools-for-stm32.9-2020-q2-update.win32_2.0.0.202105311346/tools/bin/../lib/gcc/arm-none-eabi/9.3.1/thumb/v7e-m+fp/hard/crtbegin.o
 *(.bss*)
 *(COMMON)
 COMMON         0x0000000010020028        0x4 ./Drivers/STM32MP1xx_HAL_Driver/stm32mp1xx_hal.o
                0x0000000010020028                uwTick
                0x000000001002002c                . = ALIGN (0x4)
                0x000000001002002c                _ebss = .
                0x000000001002002c                __bss_end__ = _ebss

._user_heap_stack
                0x000000001002002c      0x604 load address 0x00000000100026dc
                0x0000000010020030                . = ALIGN (0x8)
 *fill*         0x000000001002002c        0x4 
                [!provide]                        PROVIDE (end = .)
                0x0000000010020030                PROVIDE (_end = .)
                0x0000000010020230                . = (. + _Min_Heap_Size)
 *fill*         0x0000000010020030      0x200 
                0x0000000010020630                . = (. + _Min_Stack_Size)
 *fill*         0x0000000010020230      0x400 
                0x0000000010020630                . = ALIGN (0x8)

/DISCARD/
 libc.a(*)
 libm.a(*)
 libgcc.a(*)

.ARM.attributes
                0x0000000000000000       0x30
 *(.ARM.attributes)
 .ARM.attributes
                0x0000000000000000       0x1e c:/st/stm32cubeide_1.7.0/stm32cubeide/plugins/com.st.stm32cube.ide.mcu.externaltools.gnu-tools-for-stm32.9-2020-q2-update.win32_2.0.0.202105311346/tools/bin/../lib/gcc/arm-none-eabi/9.3.1/thumb/v7e-m+fp/hard/crti.o
 .ARM.attributes
                0x000000000000001e       0x34 c:/st/stm32cubeide_1.7.0/stm32cubeide/plugins/com.st.stm32cube.ide.mcu.externaltools.gnu-tools-for-stm32.9-2020-q2-update.win32_2.0.0.202105311346/tools/bin/../lib/gcc/arm-none-eabi/9.3.1/thumb/v7e-m+fp/hard/crtbegin.o
 .ARM.attributes
                0x0000000000000052       0x34 ./Common/System/system_stm32mp1xx.o
 .ARM.attributes
                0x0000000000000086       0x34 ./Core/Src/gpio.o
 .ARM.attributes
                0x00000000000000ba       0x34 ./Core/Src/main.o
 .ARM.attributes
                0x00000000000000ee       0x34 ./Core/Src/stm32mp1xx_hal_msp.o
 .ARM.attributes
                0x0000000000000122       0x34 ./Core/Src/stm32mp1xx_it.o
 .ARM.attributes
                0x0000000000000156       0x21 ./Core/Startup/startup_stm32mp157daax.o
 .ARM.attributes
                0x0000000000000177       0x34 ./Drivers/STM32MP1xx_HAL_Driver/stm32mp1xx_hal.o
 .ARM.attributes
                0x00000000000001ab       0x34 ./Drivers/STM32MP1xx_HAL_Driver/stm32mp1xx_hal_cortex.o
 .ARM.attributes
                0x00000000000001df       0x34 ./Drivers/STM32MP1xx_HAL_Driver/stm32mp1xx_hal_gpio.o
 .ARM.attributes
                0x0000000000000213       0x34 ./Drivers/STM32MP1xx_HAL_Driver/stm32mp1xx_hal_rcc.o
 .ARM.attributes
                0x0000000000000247       0x34 ./Drivers/STM32MP1xx_HAL_Driver/stm32mp1xx_hal_rcc_ex.o
 .ARM.attributes
                0x000000000000027b       0x34 c:/st/stm32cubeide_1.7.0/stm32cubeide/plugins/com.st.stm32cube.ide.mcu.externaltools.gnu-tools-for-stm32.9-2020-q2-update.win32_2.0.0.202105311346/tools/bin/../lib/gcc/arm-none-eabi/9.3.1/../../../../arm-none-eabi/lib/thumb/v7e-m+fp/hard\libc_nano.a(lib_a-init.o)
 .ARM.attributes
                0x00000000000002af       0x34 c:/st/stm32cubeide_1.7.0/stm32cubeide/plugins/com.st.stm32cube.ide.mcu.externaltools.gnu-tools-for-stm32.9-2020-q2-update.win32_2.0.0.202105311346/tools/bin/../lib/gcc/arm-none-eabi/9.3.1/../../../../arm-none-eabi/lib/thumb/v7e-m+fp/hard\libc_nano.a(lib_a-memset.o)
 .ARM.attributes
                0x00000000000002e3       0x1e c:/st/stm32cubeide_1.7.0/stm32cubeide/plugins/com.st.stm32cube.ide.mcu.externaltools.gnu-tools-for-stm32.9-2020-q2-update.win32_2.0.0.202105311346/tools/bin/../lib/gcc/arm-none-eabi/9.3.1/thumb/v7e-m+fp/hard/crtn.o
OUTPUT(Template_CM4.elf elf32-littlearm)
LOAD linker stubs
LOAD c:/st/stm32cubeide_1.7.0/stm32cubeide/plugins/com.st.stm32cube.ide.mcu.externaltools.gnu-tools-for-stm32.9-2020-q2-update.win32_2.0.0.202105311346/tools/bin/../lib/gcc/arm-none-eabi/9.3.1/../../../../arm-none-eabi/lib/thumb/v7e-m+fp/hard\libc.a
LOAD c:/st/stm32cubeide_1.7.0/stm32cubeide/plugins/com.st.stm32cube.ide.mcu.externaltools.gnu-tools-for-stm32.9-2020-q2-update.win32_2.0.0.202105311346/tools/bin/../lib/gcc/arm-none-eabi/9.3.1/../../../../arm-none-eabi/lib/thumb/v7e-m+fp/hard\libm.a
LOAD c:/st/stm32cubeide_1.7.0/stm32cubeide/plugins/com.st.stm32cube.ide.mcu.externaltools.gnu-tools-for-stm32.9-2020-q2-update.win32_2.0.0.202105311346/tools/bin/../lib/gcc/arm-none-eabi/9.3.1/thumb/v7e-m+fp/hard\libgcc.a

.debug_info     0x0000000000000000     0xfae5
 .debug_info    0x0000000000000000     0x1c3a ./Common/System/system_stm32mp1xx.o
 .debug_info    0x0000000000001c3a     0x1bba ./Core/Src/gpio.o
 .debug_info    0x00000000000037f4     0x1069 ./Core/Src/main.o
 .debug_info    0x000000000000485d     0x1d2d ./Core/Src/stm32mp1xx_hal_msp.o
 .debug_info    0x000000000000658a      0xa92 ./Core/Src/stm32mp1xx_it.o
 .debug_info    0x000000000000701c       0x22 ./Core/Startup/startup_stm32mp157daax.o
 .debug_info    0x000000000000703e     0x1674 ./Drivers/STM32MP1xx_HAL_Driver/stm32mp1xx_hal.o
 .debug_info    0x00000000000086b2     0x1854 ./Drivers/STM32MP1xx_HAL_Driver/stm32mp1xx_hal_cortex.o
 .debug_info    0x0000000000009f06     0x137c ./Drivers/STM32MP1xx_HAL_Driver/stm32mp1xx_hal_gpio.o
 .debug_info    0x000000000000b282     0x26fe ./Drivers/STM32MP1xx_HAL_Driver/stm32mp1xx_hal_rcc.o
 .debug_info    0x000000000000d980     0x2165 ./Drivers/STM32MP1xx_HAL_Driver/stm32mp1xx_hal_rcc_ex.o

.debug_abbrev   0x0000000000000000     0x1989
 .debug_abbrev  0x0000000000000000      0x222 ./Common/System/system_stm32mp1xx.o
 .debug_abbrev  0x0000000000000222      0x1e8 ./Core/Src/gpio.o
 .debug_abbrev  0x000000000000040a      0x253 ./Core/Src/main.o
 .debug_abbrev  0x000000000000065d      0x1f5 ./Core/Src/stm32mp1xx_hal_msp.o
 .debug_abbrev  0x0000000000000852      0x1d1 ./Core/Src/stm32mp1xx_it.o
 .debug_abbrev  0x0000000000000a23       0x12 ./Core/Startup/startup_stm32mp157daax.o
 .debug_abbrev  0x0000000000000a35      0x315 ./Drivers/STM32MP1xx_HAL_Driver/stm32mp1xx_hal.o
 .debug_abbrev  0x0000000000000d4a      0x3f6 ./Drivers/STM32MP1xx_HAL_Driver/stm32mp1xx_hal_cortex.o
 .debug_abbrev  0x0000000000001140      0x29c ./Drivers/STM32MP1xx_HAL_Driver/stm32mp1xx_hal_gpio.o
 .debug_abbrev  0x00000000000013dc      0x2f9 ./Drivers/STM32MP1xx_HAL_Driver/stm32mp1xx_hal_rcc.o
 .debug_abbrev  0x00000000000016d5      0x2b4 ./Drivers/STM32MP1xx_HAL_Driver/stm32mp1xx_hal_rcc_ex.o

.debug_aranges  0x0000000000000000      0x5a0
 .debug_aranges
                0x0000000000000000       0x28 ./Common/System/system_stm32mp1xx.o
 .debug_aranges
                0x0000000000000028       0x20 ./Core/Src/gpio.o
 .debug_aranges
                0x0000000000000048       0x30 ./Core/Src/main.o
 .debug_aranges
                0x0000000000000078       0x20 ./Core/Src/stm32mp1xx_hal_msp.o
 .debug_aranges
                0x0000000000000098       0x68 ./Core/Src/stm32mp1xx_it.o
 .debug_aranges
                0x0000000000000100       0x28 ./Core/Startup/startup_stm32mp157daax.o
 .debug_aranges
                0x0000000000000128      0x160 ./Drivers/STM32MP1xx_HAL_Driver/stm32mp1xx_hal.o
 .debug_aranges
                0x0000000000000288      0x100 ./Drivers/STM32MP1xx_HAL_Driver/stm32mp1xx_hal_cortex.o
 .debug_aranges
                0x0000000000000388       0x60 ./Drivers/STM32MP1xx_HAL_Driver/stm32mp1xx_hal_gpio.o
 .debug_aranges
                0x00000000000003e8      0x160 ./Drivers/STM32MP1xx_HAL_Driver/stm32mp1xx_hal_rcc.o
 .debug_aranges
                0x0000000000000548       0x58 ./Drivers/STM32MP1xx_HAL_Driver/stm32mp1xx_hal_rcc_ex.o

.debug_ranges   0x0000000000000000      0x4f8
 .debug_ranges  0x0000000000000000       0x18 ./Common/System/system_stm32mp1xx.o
 .debug_ranges  0x0000000000000018       0x10 ./Core/Src/gpio.o
 .debug_ranges  0x0000000000000028       0x20 ./Core/Src/main.o
 .debug_ranges  0x0000000000000048       0x10 ./Core/Src/stm32mp1xx_hal_msp.o
 .debug_ranges  0x0000000000000058       0x58 ./Core/Src/stm32mp1xx_it.o
 .debug_ranges  0x00000000000000b0       0x20 ./Core/Startup/startup_stm32mp157daax.o
 .debug_ranges  0x00000000000000d0      0x150 ./Drivers/STM32MP1xx_HAL_Driver/stm32mp1xx_hal.o
 .debug_ranges  0x0000000000000220       0xf0 ./Drivers/STM32MP1xx_HAL_Driver/stm32mp1xx_hal_cortex.o
 .debug_ranges  0x0000000000000310       0x50 ./Drivers/STM32MP1xx_HAL_Driver/stm32mp1xx_hal_gpio.o
 .debug_ranges  0x0000000000000360      0x150 ./Drivers/STM32MP1xx_HAL_Driver/stm32mp1xx_hal_rcc.o
 .debug_ranges  0x00000000000004b0       0x48 ./Drivers/STM32MP1xx_HAL_Driver/stm32mp1xx_hal_rcc_ex.o

.debug_macro    0x0000000000000000    0x4455d
 .debug_macro   0x0000000000000000      0x2fc ./Common/System/system_stm32mp1xx.o
 .debug_macro   0x00000000000002fc      0xaae ./Common/System/system_stm32mp1xx.o
 .debug_macro   0x0000000000000daa       0xda ./Common/System/system_stm32mp1xx.o
 .debug_macro   0x0000000000000e84       0x2e ./Common/System/system_stm32mp1xx.o
 .debug_macro   0x0000000000000eb2       0x3a ./Common/System/system_stm32mp1xx.o
 .debug_macro   0x0000000000000eec       0x22 ./Common/System/system_stm32mp1xx.o
 .debug_macro   0x0000000000000f0e       0x8e ./Common/System/system_stm32mp1xx.o
 .debug_macro   0x0000000000000f9c       0x51 ./Common/System/system_stm32mp1xx.o
 .debug_macro   0x0000000000000fed      0x103 ./Common/System/system_stm32mp1xx.o
 .debug_macro   0x00000000000010f0       0x6a ./Common/System/system_stm32mp1xx.o
 .debug_macro   0x000000000000115a      0x1df ./Common/System/system_stm32mp1xx.o
 .debug_macro   0x0000000000001339       0x1c ./Common/System/system_stm32mp1xx.o
 .debug_macro   0x0000000000001355       0x22 ./Common/System/system_stm32mp1xx.o
 .debug_macro   0x0000000000001377      0x101 ./Common/System/system_stm32mp1xx.o
 .debug_macro   0x0000000000001478     0x1011 ./Common/System/system_stm32mp1xx.o
 .debug_macro   0x0000000000002489      0x11f ./Common/System/system_stm32mp1xx.o
 .debug_macro   0x00000000000025a8    0x3b3de ./Common/System/system_stm32mp1xx.o
 .debug_macro   0x000000000003d986       0x43 ./Common/System/system_stm32mp1xx.o
 .debug_macro   0x000000000003d9c9       0x52 ./Common/System/system_stm32mp1xx.o
 .debug_macro   0x000000000003da1b       0x18 ./Common/System/system_stm32mp1xx.o
 .debug_macro   0x000000000003da33       0x3c ./Common/System/system_stm32mp1xx.o
 .debug_macro   0x000000000003da6f       0x34 ./Common/System/system_stm32mp1xx.o
 .debug_macro   0x000000000003daa3       0x16 ./Common/System/system_stm32mp1xx.o
 .debug_macro   0x000000000003dab9       0x97 ./Common/System/system_stm32mp1xx.o
 .debug_macro   0x000000000003db50      0x333 ./Common/System/system_stm32mp1xx.o
 .debug_macro   0x000000000003de83       0xfd ./Common/System/system_stm32mp1xx.o
 .debug_macro   0x000000000003df80       0x10 ./Common/System/system_stm32mp1xx.o
 .debug_macro   0x000000000003df90       0x16 ./Common/System/system_stm32mp1xx.o
 .debug_macro   0x000000000003dfa6       0x43 ./Common/System/system_stm32mp1xx.o
 .debug_macro   0x000000000003dfe9       0x34 ./Common/System/system_stm32mp1xx.o
 .debug_macro   0x000000000003e01d       0x10 ./Common/System/system_stm32mp1xx.o
 .debug_macro   0x000000000003e02d       0x58 ./Common/System/system_stm32mp1xx.o
 .debug_macro   0x000000000003e085       0x71 ./Common/System/system_stm32mp1xx.o
 .debug_macro   0x000000000003e0f6       0x1c ./Common/System/system_stm32mp1xx.o
 .debug_macro   0x000000000003e112      0x12a ./Common/System/system_stm32mp1xx.o
 .debug_macro   0x000000000003e23c       0x10 ./Common/System/system_stm32mp1xx.o
 .debug_macro   0x000000000003e24c       0x1c ./Common/System/system_stm32mp1xx.o
 .debug_macro   0x000000000003e268       0x52 ./Common/System/system_stm32mp1xx.o
 .debug_macro   0x000000000003e2ba       0x22 ./Common/System/system_stm32mp1xx.o
 .debug_macro   0x000000000003e2dc       0x10 ./Common/System/system_stm32mp1xx.o
 .debug_macro   0x000000000003e2ec       0x40 ./Common/System/system_stm32mp1xx.o
 .debug_macro   0x000000000003e32c       0xd5 ./Common/System/system_stm32mp1xx.o
 .debug_macro   0x000000000003e401       0x1c ./Common/System/system_stm32mp1xx.o
 .debug_macro   0x000000000003e41d       0x3d ./Common/System/system_stm32mp1xx.o
 .debug_macro   0x000000000003e45a       0x16 ./Common/System/system_stm32mp1xx.o
 .debug_macro   0x000000000003e470      0x145 ./Common/System/system_stm32mp1xx.o
 .debug_macro   0x000000000003e5b5       0x54 ./Common/System/system_stm32mp1xx.o
 .debug_macro   0x000000000003e609     0x1d00 ./Common/System/system_stm32mp1xx.o
 .debug_macro   0x0000000000040309      0x9b1 ./Common/System/system_stm32mp1xx.o
 .debug_macro   0x0000000000040cba       0x2e ./Common/System/system_stm32mp1xx.o
 .debug_macro   0x0000000000040ce8      0x33a ./Common/System/system_stm32mp1xx.o
 .debug_macro   0x0000000000041022      0x13a ./Common/System/system_stm32mp1xx.o
 .debug_macro   0x000000000004115c      0x2f2 ./Common/System/system_stm32mp1xx.o
 .debug_macro   0x000000000004144e       0x27 ./Common/System/system_stm32mp1xx.o
 .debug_macro   0x0000000000041475       0x4a ./Common/System/system_stm32mp1xx.o
 .debug_macro   0x00000000000414bf      0x558 ./Common/System/system_stm32mp1xx.o
 .debug_macro   0x0000000000041a17       0xe0 ./Common/System/system_stm32mp1xx.o
 .debug_macro   0x0000000000041af7       0x66 ./Common/System/system_stm32mp1xx.o
 .debug_macro   0x0000000000041b5d      0x3c9 ./Common/System/system_stm32mp1xx.o
 .debug_macro   0x0000000000041f26      0x227 ./Common/System/system_stm32mp1xx.o
 .debug_macro   0x000000000004214d      0x152 ./Common/System/system_stm32mp1xx.o
 .debug_macro   0x000000000004229f      0x1f9 ./Common/System/system_stm32mp1xx.o
 .debug_macro   0x0000000000042498       0x19 ./Common/System/system_stm32mp1xx.o
 .debug_macro   0x00000000000424b1      0x521 ./Common/System/system_stm32mp1xx.o
 .debug_macro   0x00000000000429d2      0x30f ./Core/Src/gpio.o
 .debug_macro   0x0000000000042ce1       0x10 ./Core/Src/gpio.o
 .debug_macro   0x0000000000042cf1      0x313 ./Core/Src/main.o
 .debug_macro   0x0000000000043004      0x305 ./Core/Src/stm32mp1xx_hal_msp.o
 .debug_macro   0x0000000000043309      0x30f ./Core/Src/stm32mp1xx_it.o
 .debug_macro   0x0000000000043618      0x326 ./Drivers/STM32MP1xx_HAL_Driver/stm32mp1xx_hal.o
 .debug_macro   0x000000000004393e      0x2f6 ./Drivers/STM32MP1xx_HAL_Driver/stm32mp1xx_hal_cortex.o
 .debug_macro   0x0000000000043c34      0x32b ./Drivers/STM32MP1xx_HAL_Driver/stm32mp1xx_hal_gpio.o
 .debug_macro   0x0000000000043f5f      0x302 ./Drivers/STM32MP1xx_HAL_Driver/stm32mp1xx_hal_rcc.o
 .debug_macro   0x0000000000044261      0x2fc ./Drivers/STM32MP1xx_HAL_Driver/stm32mp1xx_hal_rcc_ex.o

.debug_line     0x0000000000000000     0x87fb
 .debug_line    0x0000000000000000      0x919 ./Common/System/system_stm32mp1xx.o
 .debug_line    0x0000000000000919      0x826 ./Core/Src/gpio.o
 .debug_line    0x000000000000113f      0x8b6 ./Core/Src/main.o
 .debug_line    0x00000000000019f5      0x821 ./Core/Src/stm32mp1xx_hal_msp.o
 .debug_line    0x0000000000002216      0x8f6 ./Core/Src/stm32mp1xx_it.o
 .debug_line    0x0000000000002b0c       0x8a ./Core/Startup/startup_stm32mp157daax.o
 .debug_line    0x0000000000002b96      0xd0b ./Drivers/STM32MP1xx_HAL_Driver/stm32mp1xx_hal.o
 .debug_line    0x00000000000038a1      0xd5a ./Drivers/STM32MP1xx_HAL_Driver/stm32mp1xx_hal_cortex.o
 .debug_line    0x00000000000045fb      0xd0e ./Drivers/STM32MP1xx_HAL_Driver/stm32mp1xx_hal_gpio.o
 .debug_line    0x0000000000005309     0x1ba8 ./Drivers/STM32MP1xx_HAL_Driver/stm32mp1xx_hal_rcc.o
 .debug_line    0x0000000000006eb1     0x194a ./Drivers/STM32MP1xx_HAL_Driver/stm32mp1xx_hal_rcc_ex.o

.debug_str      0x0000000000000000   0x1bf8ee
 .debug_str     0x0000000000000000   0x1bd1b7 ./Common/System/system_stm32mp1xx.o
                                     0x1bd56d (size before relaxing)
 .debug_str     0x00000000001bd1b7      0x14f ./Core/Src/gpio.o
                                     0x1bd57b (size before relaxing)
 .debug_str     0x00000000001bd306      0x2d8 ./Core/Src/main.o
                                     0x1bcc4c (size before relaxing)
 .debug_str     0x00000000001bd5de      0x824 ./Core/Src/stm32mp1xx_hal_msp.o
                                     0x1bdcac (size before relaxing)
 .debug_str     0x00000000001bde02       0xbf ./Core/Src/stm32mp1xx_it.o
                                     0x1bc938 (size before relaxing)
 .debug_str     0x00000000001bdec1       0x37 ./Core/Startup/startup_stm32mp157daax.o
                                         0x72 (size before relaxing)
 .debug_str     0x00000000001bdef8      0x719 ./Drivers/STM32MP1xx_HAL_Driver/stm32mp1xx_hal.o
                                     0x1bd893 (size before relaxing)
 .debug_str     0x00000000001be611      0x3a7 ./Drivers/STM32MP1xx_HAL_Driver/stm32mp1xx_hal_cortex.o
                                     0x1bd5d3 (size before relaxing)
 .debug_str     0x00000000001be9b8      0x364 ./Drivers/STM32MP1xx_HAL_Driver/stm32mp1xx_hal_gpio.o
                                     0x1bcd9d (size before relaxing)
 .debug_str     0x00000000001bed1c      0x71b ./Drivers/STM32MP1xx_HAL_Driver/stm32mp1xx_hal_rcc.o
                                     0x1bdddc (size before relaxing)
 .debug_str     0x00000000001bf437      0x4b7 ./Drivers/STM32MP1xx_HAL_Driver/stm32mp1xx_hal_rcc_ex.o
                                     0x1bdbb8 (size before relaxing)

.comment        0x0000000000000000       0x53
 .comment       0x0000000000000000       0x53 ./Common/System/system_stm32mp1xx.o
                                         0x54 (size before relaxing)
 .comment       0x0000000000000053       0x54 ./Core/Src/gpio.o
 .comment       0x0000000000000053       0x54 ./Core/Src/main.o
 .comment       0x0000000000000053       0x54 ./Core/Src/stm32mp1xx_hal_msp.o
 .comment       0x0000000000000053       0x54 ./Core/Src/stm32mp1xx_it.o
 .comment       0x0000000000000053       0x54 ./Drivers/STM32MP1xx_HAL_Driver/stm32mp1xx_hal.o
 .comment       0x0000000000000053       0x54 ./Drivers/STM32MP1xx_HAL_Driver/stm32mp1xx_hal_cortex.o
 .comment       0x0000000000000053       0x54 ./Drivers/STM32MP1xx_HAL_Driver/stm32mp1xx_hal_gpio.o
 .comment       0x0000000000000053       0x54 ./Drivers/STM32MP1xx_HAL_Driver/stm32mp1xx_hal_rcc.o
 .comment       0x0000000000000053       0x54 ./Drivers/STM32MP1xx_HAL_Driver/stm32mp1xx_hal_rcc_ex.o

.debug_frame    0x0000000000000000     0x14b4
 .debug_frame   0x0000000000000000       0x58 ./Common/System/system_stm32mp1xx.o
 .debug_frame   0x0000000000000058       0x34 ./Core/Src/gpio.o
 .debug_frame   0x000000000000008c       0x6c ./Core/Src/main.o
 .debug_frame   0x00000000000000f8       0x2c ./Core/Src/stm32mp1xx_hal_msp.o
 .debug_frame   0x0000000000000124      0x120 ./Core/Src/stm32mp1xx_it.o
 .debug_frame   0x0000000000000244      0x588 ./Drivers/STM32MP1xx_HAL_Driver/stm32mp1xx_hal.o
 .debug_frame   0x00000000000007cc      0x428 ./Drivers/STM32MP1xx_HAL_Driver/stm32mp1xx_hal_cortex.o
 .debug_frame   0x0000000000000bf4      0x174 ./Drivers/STM32MP1xx_HAL_Driver/stm32mp1xx_hal_gpio.o
 .debug_frame   0x0000000000000d68      0x5b0 ./Drivers/STM32MP1xx_HAL_Driver/stm32mp1xx_hal_rcc.o
 .debug_frame   0x0000000000001318      0x150 ./Drivers/STM32MP1xx_HAL_Driver/stm32mp1xx_hal_rcc_ex.o
 .debug_frame   0x0000000000001468       0x2c c:/st/stm32cubeide_1.7.0/stm32cubeide/plugins/com.st.stm32cube.ide.mcu.externaltools.gnu-tools-for-stm32.9-2020-q2-update.win32_2.0.0.202105311346/tools/bin/../lib/gcc/arm-none-eabi/9.3.1/../../../../arm-none-eabi/lib/thumb/v7e-m+fp/hard\libc_nano.a(lib_a-init.o)
 .debug_frame   0x0000000000001494       0x20 c:/st/stm32cubeide_1.7.0/stm32cubeide/plugins/com.st.stm32cube.ide.mcu.externaltools.gnu-tools-for-stm32.9-2020-q2-update.win32_2.0.0.202105311346/tools/bin/../lib/gcc/arm-none-eabi/9.3.1/../../../../arm-none-eabi/lib/thumb/v7e-m+fp/hard\libc_nano.a(lib_a-memset.o)
