12:12:29 **** Incremental Build of configuration Debug for project Template_CM4 ****
make -j16 all 
arm-none-eabi-size   Template_CM4.elf 
   text	   data	    bss	    dec	    hex	filename
  10560	     20	   1572	  12152	   2f78	Template_CM4.elf
Finished building: default.size.stdout
 
16:51:58 **** Build of configuration Debug for project Template_CM4 ****
make -j16 all 
arm-none-eabi-size   Template_CM4.elf 
   text	   data	    bss	    dec	    hex	filename
  10560	     20	   1572	  12152	   2f78	Template_CM4.elf
Finished building: default.size.stdout
 
17:42:55 **** Clean-only build of configuration Debug for project UART_CM4 ****
make -j16 clean 
make: *** No rule to make target 'clean'.  Stop.
"make -j16 clean" terminated with exit code 2. Build might be incomplete.
17:42:55 **** Build of configuration Debug for project UART_CM4 ****
make -j16 all 
arm-none-eabi-gcc "D:/_STM32MP157-åŸºç¡€èµ„æ–™/01ã€ç¨‹åºæºç ?/11ã€M4 CubeIDEè£¸æœºé©±åŠ¨ä¾‹ç¨‹/CubeIDE_project/7-1 UART4/Drivers/STM32MP1xx_HAL_Driver/Src/stm32mp1xx_hal.c" -mcpu=cortex-m4 -std=gnu11 -g3 -DSTM32MP157Dxx -DUSE_HAL_DRIVER -DCORE_CM4 -DDEBUG -c -I../Core/Inc -I../../Drivers/STM32MP1xx_HAL_Driver/Inc -I../../Drivers/STM32MP1xx_HAL_Driver/Inc/Legacy -I../../Drivers/CMSIS/Device/ST/STM32MP1xx/Include -I../../Drivers/CMSIS/Include -O0 -ffunction-sections -fdata-sections -Wall -fstack-usage -MMD -MP -MF"Drivers/STM32MP1xx_HAL_Driver/stm32mp1xx_hal.d" -MT"Drivers/STM32MP1xx_HAL_Driver/stm32mp1xx_hal.o" --specs=nano.specs -mfpu=fpv4-sp-d16 -mfloat-abi=hard -mthumb -o "Drivers/STM32MP1xx_HAL_Driver/stm32mp1xx_hal.o"
arm-none-eabi-gcc "D:/_STM32MP157-åŸºç¡€èµ„æ–™/01ã€ç¨‹åºæºç ?/11ã€M4 CubeIDEè£¸æœºé©±åŠ¨ä¾‹ç¨‹/CubeIDE_project/7-1 UART4/Drivers/STM32MP1xx_HAL_Driver/Src/stm32mp1xx_hal_cortex.c" -mcpu=cortex-m4 -std=gnu11 -g3 -DSTM32MP157Dxx -DUSE_HAL_DRIVER -DCORE_CM4 -DDEBUG -c -I../Core/Inc -I../../Drivers/STM32MP1xx_HAL_Driver/Inc -I../../Drivers/STM32MP1xx_HAL_Driver/Inc/Legacy -I../../Drivers/CMSIS/Device/ST/STM32MP1xx/Include -I../../Drivers/CMSIS/Include -O0 -ffunction-sections -fdata-sections -Wall -fstack-usage -MMD -MP -MF"Drivers/STM32MP1xx_HAL_Driver/stm32mp1xx_hal_cortex.d" -MT"Drivers/STM32MP1xx_HAL_Driver/stm32mp1xx_hal_cortex.o" --specs=nano.specs -mfpu=fpv4-sp-d16 -mfloat-abi=hard -mthumb -o "Drivers/STM32MP1xx_HAL_Driver/stm32mp1xx_hal_cortex.o"
arm-none-eabi-gcc "D:/_STM32MP157-åŸºç¡€èµ„æ–™/01ã€ç¨‹åºæºç ?/11ã€M4 CubeIDEè£¸æœºé©±åŠ¨ä¾‹ç¨‹/CubeIDE_project/7-1 UART4/Drivers/STM32MP1xx_HAL_Driver/Src/stm32mp1xx_hal_dma.c" -mcpu=cortex-m4 -std=gnu11 -g3 -DSTM32MP157Dxx -DUSE_HAL_DRIVER -DCORE_CM4 -DDEBUG -c -I../Core/Inc -I../../Drivers/STM32MP1xx_HAL_Driver/Inc -I../../Drivers/STM32MP1xx_HAL_Driver/Inc/Legacy -I../../Drivers/CMSIS/Device/ST/STM32MP1xx/Include -I../../Drivers/CMSIS/Include -O0 -ffunction-sections -fdata-sections -Wall -fstack-usage -MMD -MP -MF"Drivers/STM32MP1xx_HAL_Driver/stm32mp1xx_hal_dma.d" -MT"Drivers/STM32MP1xx_HAL_Driver/stm32mp1xx_hal_dma.o" --specs=nano.specs -mfpu=fpv4-sp-d16 -mfloat-abi=hard -mthumb -o "Drivers/STM32MP1xx_HAL_Driver/stm32mp1xx_hal_dma.o"
arm-none-eabi-gcc "D:/_STM32MP157-åŸºç¡€èµ„æ–™/01ã€ç¨‹åºæºç ?/11ã€M4 CubeIDEè£¸æœºé©±åŠ¨ä¾‹ç¨‹/CubeIDE_project/7-1 UART4/Drivers/STM32MP1xx_HAL_Driver/Src/stm32mp1xx_hal_dma_ex.c" -mcpu=cortex-m4 -std=gnu11 -g3 -DSTM32MP157Dxx -DUSE_HAL_DRIVER -DCORE_CM4 -DDEBUG -c -I../Core/Inc -I../../Drivers/STM32MP1xx_HAL_Driver/Inc -I../../Drivers/STM32MP1xx_HAL_Driver/Inc/Legacy -I../../Drivers/CMSIS/Device/ST/STM32MP1xx/Include -I../../Drivers/CMSIS/Include -O0 -ffunction-sections -fdata-sections -Wall -fstack-usage -MMD -MP -MF"Drivers/STM32MP1xx_HAL_Driver/stm32mp1xx_hal_dma_ex.d" -MT"Drivers/STM32MP1xx_HAL_Driver/stm32mp1xx_hal_dma_ex.o" --specs=nano.specs -mfpu=fpv4-sp-d16 -mfloat-abi=hard -mthumb -o "Drivers/STM32MP1xx_HAL_Driver/stm32mp1xx_hal_dma_ex.o"
arm-none-eabi-gcc "D:/_STM32MP157-åŸºç¡€èµ„æ–™/01ã€ç¨‹åºæºç ?/11ã€M4 CubeIDEè£¸æœºé©±åŠ¨ä¾‹ç¨‹/CubeIDE_project/7-1 UART4/Drivers/STM32MP1xx_HAL_Driver/Src/stm32mp1xx_hal_exti.c" -mcpu=cortex-m4 -std=gnu11 -g3 -DSTM32MP157Dxx -DUSE_HAL_DRIVER -DCORE_CM4 -DDEBUG -c -I../Core/Inc -I../../Drivers/STM32MP1xx_HAL_Driver/Inc -I../../Drivers/STM32MP1xx_HAL_Driver/Inc/Legacy -I../../Drivers/CMSIS/Device/ST/STM32MP1xx/Include -I../../Drivers/CMSIS/Include -O0 -ffunction-sections -fdata-sections -Wall -fstack-usage -MMD -MP -MF"Drivers/STM32MP1xx_HAL_Driver/stm32mp1xx_hal_exti.d" -MT"Drivers/STM32MP1xx_HAL_Driver/stm32mp1xx_hal_exti.o" --specs=nano.specs -mfpu=fpv4-sp-d16 -mfloat-abi=hard -mthumb -o "Drivers/STM32MP1xx_HAL_Driver/stm32mp1xx_hal_exti.o"
arm-none-eabi-gcc "D:/_STM32MP157-åŸºç¡€èµ„æ–™/01ã€ç¨‹åºæºç ?/11ã€M4 CubeIDEè£¸æœºé©±åŠ¨ä¾‹ç¨‹/CubeIDE_project/7-1 UART4/Drivers/STM32MP1xx_HAL_Driver/Src/stm32mp1xx_hal_gpio.c" -mcpu=cortex-m4 -std=gnu11 -g3 -DSTM32MP157Dxx -DUSE_HAL_DRIVER -DCORE_CM4 -DDEBUG -c -I../Core/Inc -I../../Drivers/STM32MP1xx_HAL_Driver/Inc -I../../Drivers/STM32MP1xx_HAL_Driver/Inc/Legacy -I../../Drivers/CMSIS/Device/ST/STM32MP1xx/Include -I../../Drivers/CMSIS/Include -O0 -ffunction-sections -fdata-sections -Wall -fstack-usage -MMD -MP -MF"Drivers/STM32MP1xx_HAL_Driver/stm32mp1xx_hal_gpio.d" -MT"Drivers/STM32MP1xx_HAL_Driver/stm32mp1xx_hal_gpio.o" --specs=nano.specs -mfpu=fpv4-sp-d16 -mfloat-abi=hard -mthumb -o "Drivers/STM32MP1xx_HAL_Driver/stm32mp1xx_hal_gpio.o"
arm-none-eabi-gcc "D:/_STM32MP157-åŸºç¡€èµ„æ–™/01ã€ç¨‹åºæºç ?/11ã€M4 CubeIDEè£¸æœºé©±åŠ¨ä¾‹ç¨‹/CubeIDE_project/7-1 UART4/Drivers/STM32MP1xx_HAL_Driver/Src/stm32mp1xx_hal_hsem.c" -mcpu=cortex-m4 -std=gnu11 -g3 -DSTM32MP157Dxx -DUSE_HAL_DRIVER -DCORE_CM4 -DDEBUG -c -I../Core/Inc -I../../Drivers/STM32MP1xx_HAL_Driver/Inc -I../../Drivers/STM32MP1xx_HAL_Driver/Inc/Legacy -I../../Drivers/CMSIS/Device/ST/STM32MP1xx/Include -I../../Drivers/CMSIS/Include -O0 -ffunction-sections -fdata-sections -Wall -fstack-usage -MMD -MP -MF"Drivers/STM32MP1xx_HAL_Driver/stm32mp1xx_hal_hsem.d" -MT"Drivers/STM32MP1xx_HAL_Driver/stm32mp1xx_hal_hsem.o" --specs=nano.specs -mfpu=fpv4-sp-d16 -mfloat-abi=hard -mthumb -o "Drivers/STM32MP1xx_HAL_Driver/stm32mp1xx_hal_hsem.o"
arm-none-eabi-gcc "D:/_STM32MP157-åŸºç¡€èµ„æ–™/01ã€ç¨‹åºæºç ?/11ã€M4 CubeIDEè£¸æœºé©±åŠ¨ä¾‹ç¨‹/CubeIDE_project/7-1 UART4/Drivers/STM32MP1xx_HAL_Driver/Src/stm32mp1xx_hal_mdma.c" -mcpu=cortex-m4 -std=gnu11 -g3 -DSTM32MP157Dxx -DUSE_HAL_DRIVER -DCORE_CM4 -DDEBUG -c -I../Core/Inc -I../../Drivers/STM32MP1xx_HAL_Driver/Inc -I../../Drivers/STM32MP1xx_HAL_Driver/Inc/Legacy -I../../Drivers/CMSIS/Device/ST/STM32MP1xx/Include -I../../Drivers/CMSIS/Include -O0 -ffunction-sections -fdata-sections -Wall -fstack-usage -MMD -MP -MF"Drivers/STM32MP1xx_HAL_Driver/stm32mp1xx_hal_mdma.d" -MT"Drivers/STM32MP1xx_HAL_Driver/stm32mp1xx_hal_mdma.o" --specs=nano.specs -mfpu=fpv4-sp-d16 -mfloat-abi=hard -mthumb -o "Drivers/STM32MP1xx_HAL_Driver/stm32mp1xx_hal_mdma.o"
arm-none-eabi-gcc "D:/_STM32MP157-åŸºç¡€èµ„æ–™/01ã€ç¨‹åºæºç ?/11ã€M4 CubeIDEè£¸æœºé©±åŠ¨ä¾‹ç¨‹/CubeIDE_project/7-1 UART4/Drivers/STM32MP1xx_HAL_Driver/Src/stm32mp1xx_hal_pwr.c" -mcpu=cortex-m4 -std=gnu11 -g3 -DSTM32MP157Dxx -DUSE_HAL_DRIVER -DCORE_CM4 -DDEBUG -c -I../Core/Inc -I../../Drivers/STM32MP1xx_HAL_Driver/Inc -I../../Drivers/STM32MP1xx_HAL_Driver/Inc/Legacy -I../../Drivers/CMSIS/Device/ST/STM32MP1xx/Include -I../../Drivers/CMSIS/Include -O0 -ffunction-sections -fdata-sections -Wall -fstack-usage -MMD -MP -MF"Drivers/STM32MP1xx_HAL_Driver/stm32mp1xx_hal_pwr.d" -MT"Drivers/STM32MP1xx_HAL_Driver/stm32mp1xx_hal_pwr.o" --specs=nano.specs -mfpu=fpv4-sp-d16 -mfloat-abi=hard -mthumb -o "Drivers/STM32MP1xx_HAL_Driver/stm32mp1xx_hal_pwr.o"
arm-none-eabi-gcc "D:/_STM32MP157-åŸºç¡€èµ„æ–™/01ã€ç¨‹åºæºç ?/11ã€M4 CubeIDEè£¸æœºé©±åŠ¨ä¾‹ç¨‹/CubeIDE_project/7-1 UART4/Drivers/STM32MP1xx_HAL_Driver/Src/stm32mp1xx_hal_pwr_ex.c" -mcpu=cortex-m4 -std=gnu11 -g3 -DSTM32MP157Dxx -DUSE_HAL_DRIVER -DCORE_CM4 -DDEBUG -c -I../Core/Inc -I../../Drivers/STM32MP1xx_HAL_Driver/Inc -I../../Drivers/STM32MP1xx_HAL_Driver/Inc/Legacy -I../../Drivers/CMSIS/Device/ST/STM32MP1xx/Include -I../../Drivers/CMSIS/Include -O0 -ffunction-sections -fdata-sections -Wall -fstack-usage -MMD -MP -MF"Drivers/STM32MP1xx_HAL_Driver/stm32mp1xx_hal_pwr_ex.d" -MT"Drivers/STM32MP1xx_HAL_Driver/stm32mp1xx_hal_pwr_ex.o" --specs=nano.specs -mfpu=fpv4-sp-d16 -mfloat-abi=hard -mthumb -o "Drivers/STM32MP1xx_HAL_Driver/stm32mp1xx_hal_pwr_ex.o"
arm-none-eabi-gcc: error: D:/_STM32MP157-£¤???????????/01£þ?????£¤????????/11£þ??M4 CubeIDE?????????£¤??©W?????/CubeIDE_project/7-1 UART4/Drivers/STM32MP1xx_HAL_Driver/Src/stm32mp1xx_hal.c: Invalid argument
arm-none-eabi-gcc: fatal error: no input files
compilation terminated.
arm-none-eabi-gcc "D:/_STM32MP157-åŸºç¡€èµ„æ–™/01ã€ç¨‹åºæºç ?/11ã€M4 CubeIDEè£¸æœºé©±åŠ¨ä¾‹ç¨‹/CubeIDE_project/7-1 UART4/Drivers/STM32MP1xx_HAL_Driver/Src/stm32mp1xx_hal_rcc.c" -mcpu=cortex-m4 -std=gnu11 -g3 -DSTM32MP157Dxx -DUSE_HAL_DRIVER -DCORE_CM4 -DDEBUG -c -I../Core/Inc -I../../Drivers/STM32MP1xx_HAL_Driver/Inc -I../../Drivers/STM32MP1xx_HAL_Driver/Inc/Legacy -I../../Drivers/CMSIS/Device/ST/STM32MP1xx/Include -I../../Drivers/CMSIS/Include -O0 -ffunction-sections -fdata-sections -Wall -fstack-usage -MMD -MP -MF"Drivers/STM32MP1xx_HAL_Driver/stm32mp1xx_hal_rcc.d" -MT"Drivers/STM32MP1xx_HAL_Driver/stm32mp1xx_hal_rcc.o" --specs=nano.specs -mfpu=fpv4-sp-d16 -mfloat-abi=hard -mthumb -o "Drivers/STM32MP1xx_HAL_Driver/stm32mp1xx_hal_rcc.o"
arm-none-eabi-gcc: error: D:/_STM32MP157-£¤???????????/01£þ?????£¤????????/11£þ??M4 CubeIDE?????????£¤??©W?????/CubeIDE_project/7-1 UART4/Drivers/STM32MP1xx_HAL_Driver/Src/stm32mp1xx_hal_cortex.c: Invalid argument
arm-none-eabi-gcc: fatal error: no input files
compilation terminated.
make: *** [Drivers/STM32MP1xx_HAL_Driver/subdir.mk:64: Drivers/STM32MP1xx_HAL_Driver/stm32mp1xx_hal.o] Error 1
make: *** Waiting for unfinished jobs....
make: *** [Drivers/STM32MP1xx_HAL_Driver/subdir.mk:66: Drivers/STM32MP1xx_HAL_Driver/stm32mp1xx_hal_cortex.o] Error 1
arm-none-eabi-gcc: error: D:/_STM32MP157-£¤???????????/01£þ?????£¤????????/11£þ??M4 CubeIDE?????????£¤??©W?????/CubeIDE_project/7-1 UART4/Drivers/STM32MP1xx_HAL_Driver/Src/stm32mp1xx_hal_dma.c: Invalid argument
arm-none-eabi-gcc: fatal error: no input files
compilation terminated.
make: *** [Drivers/STM32MP1xx_HAL_Driver/subdir.mk:68: Drivers/STM32MP1xx_HAL_Driver/stm32mp1xx_hal_dma.o] Error 1
arm-none-eabi-gcc: error: D:/_STM32MP157-£¤???????????/01£þ?????£¤????????/11£þ??M4 CubeIDE?????????£¤??©W?????/CubeIDE_project/7-1 UART4/Drivers/STM32MP1xx_HAL_Driver/Src/stm32mp1xx_hal_dma_ex.c: Invalid argument
arm-none-eabi-gcc: fatal error: no input files
compilation terminated.
arm-none-eabi-gcc: error: D:/_STM32MP157-£¤???????????/01£þ?????£¤????????/11£þ??M4 CubeIDE?????????£¤??©W?????/CubeIDE_project/7-1 UART4/Drivers/STM32MP1xx_HAL_Driver/Src/stm32mp1xx_hal_exti.c: Invalid argument
make: *** [Drivers/STM32MP1xx_HAL_Driver/subdir.mk:70: Drivers/STM32MP1xx_HAL_Driver/stm32mp1xx_hal_dma_ex.o] Error 1
arm-none-eabi-gcc: fatal error: no input files
compilation terminated.
make: *** [Drivers/STM32MP1xx_HAL_Driver/subdir.mk:72: Drivers/STM32MP1xx_HAL_Driver/stm32mp1xx_hal_exti.o] Error 1
arm-none-eabi-gcc: error: D:/_STM32MP157-£¤???????????/01£þ?????£¤????????/11£þ??M4 CubeIDE?????????£¤??©W?????/CubeIDE_project/7-1 UART4/Drivers/STM32MP1xx_HAL_Driver/Src/stm32mp1xx_hal_gpio.c: Invalid argument
arm-none-eabi-gcc: fatal error: no input files
compilation terminated.
arm-none-eabi-gcc: error: D:/_STM32MP157-£¤???????????/01£þ?????£¤????????/11£þ??M4 CubeIDE?????????£¤??©W?????/CubeIDE_project/7-1 UART4/Drivers/STM32MP1xx_HAL_Driver/Src/stm32mp1xx_hal_hsem.c: Invalid argument
make: *** [Drivers/STM32MP1xx_HAL_Driver/subdir.mk:74: Drivers/STM32MP1xx_HAL_Driver/stm32mp1xx_hal_gpio.o] Error 1
arm-none-eabi-gcc: fatal error: no input files
compilation terminated.
arm-none-eabi-gcc: error: D:/_STM32MP157-£¤???????????/01£þ?????£¤????????/11£þ??M4 CubeIDE?????????£¤??©W?????/CubeIDE_project/7-1 UART4/Drivers/STM32MP1xx_HAL_Driver/Src/stm32mp1xx_hal_mdma.c: Invalid argument
make: *** [Drivers/STM32MP1xx_HAL_Driver/subdir.mk:76: Drivers/STM32MP1xx_HAL_Driver/stm32mp1xx_hal_hsem.o] Error 1
arm-none-eabi-gcc: fatal error: no input files
compilation terminated.
make: *** [Drivers/STM32MP1xx_HAL_Driver/subdir.mk:78: Drivers/STM32MP1xx_HAL_Driver/stm32mp1xx_hal_mdma.o] Error 1
arm-none-eabi-gcc: error: D:/_STM32MP157-£¤???????????/01£þ?????£¤????????/11£þ??M4 CubeIDE?????????£¤??©W?????/CubeIDE_project/7-1 UART4/Drivers/STM32MP1xx_HAL_Driver/Src/stm32mp1xx_hal_pwr.c: Invalid argument
arm-none-eabi-gcc: fatal error: no input files
compilation terminated.
arm-none-eabi-gcc: error: D:/_STM32MP157-£¤???????????/01£þ?????£¤????????/11£þ??M4 CubeIDE?????????£¤??©W?????/CubeIDE_project/7-1 UART4/Drivers/STM32MP1xx_HAL_Driver/Src/stm32mp1xx_hal_pwr_ex.c: Invalid argument
make: *** [Drivers/STM32MP1xx_HAL_Driver/subdir.mk:80: Drivers/STM32MP1xx_HAL_Driver/stm32mp1xx_hal_pwr.o] Error 1
arm-none-eabi-gcc: fatal error: no input files
compilation terminated.
make: *** [Drivers/STM32MP1xx_HAL_Driver/subdir.mk:82: Drivers/STM32MP1xx_HAL_Driver/stm32mp1xx_hal_pwr_ex.o] Error 1
arm-none-eabi-gcc: error: D:/_STM32MP157-£¤???????????/01£þ?????£¤????????/11£þ??M4 CubeIDE?????????£¤??©W?????/CubeIDE_project/7-1 UART4/Drivers/STM32MP1xx_HAL_Driver/Src/stm32mp1xx_hal_rcc.c: Invalid argument
arm-none-eabi-gcc: fatal error: no input files
compilation terminated.
make: *** [Drivers/STM32MP1xx_HAL_Driver/subdir.mk:84: Drivers/STM32MP1xx_HAL_Driver/stm32mp1xx_hal_rcc.o] Error 1
"make -j16 all" terminated with exit code 2. Build might be incomplete.
09:26:46 **** Incremental Build of configuration Debug for project UART_CM4 ****
make -j16 all 
arm-none-eabi-gcc "D:/_STM32MP157-åŸºç¡€èµ„æ–™/01ã€ç¨‹åºæºç ?/11ã€M4 CubeIDEè£¸æœºé©±åŠ¨ä¾‹ç¨‹/CubeIDE_project/7-1 UART4/Drivers/STM32MP1xx_HAL_Driver/Src/stm32mp1xx_hal.c" -mcpu=cortex-m4 -std=gnu11 -g3 -DSTM32MP157Dxx -DUSE_HAL_DRIVER -DCORE_CM4 -DDEBUG -c -I../Core/Inc -I../../Drivers/STM32MP1xx_HAL_Driver/Inc -I../../Drivers/STM32MP1xx_HAL_Driver/Inc/Legacy -I../../Drivers/CMSIS/Device/ST/STM32MP1xx/Include -I../../Drivers/CMSIS/Include -O0 -ffunction-sections -fdata-sections -Wall -fstack-usage -MMD -MP -MF"Drivers/STM32MP1xx_HAL_Driver/stm32mp1xx_hal.d" -MT"Drivers/STM32MP1xx_HAL_Driver/stm32mp1xx_hal.o" --specs=nano.specs -mfpu=fpv4-sp-d16 -mfloat-abi=hard -mthumb -o "Drivers/STM32MP1xx_HAL_Driver/stm32mp1xx_hal.o"
arm-none-eabi-gcc "D:/_STM32MP157-åŸºç¡€èµ„æ–™/01ã€ç¨‹åºæºç ?/11ã€M4 CubeIDEè£¸æœºé©±åŠ¨ä¾‹ç¨‹/CubeIDE_project/7-1 UART4/Drivers/STM32MP1xx_HAL_Driver/Src/stm32mp1xx_hal_cortex.c" -mcpu=cortex-m4 -std=gnu11 -g3 -DSTM32MP157Dxx -DUSE_HAL_DRIVER -DCORE_CM4 -DDEBUG -c -I../Core/Inc -I../../Drivers/STM32MP1xx_HAL_Driver/Inc -I../../Drivers/STM32MP1xx_HAL_Driver/Inc/Legacy -I../../Drivers/CMSIS/Device/ST/STM32MP1xx/Include -I../../Drivers/CMSIS/Include -O0 -ffunction-sections -fdata-sections -Wall -fstack-usage -MMD -MP -MF"Drivers/STM32MP1xx_HAL_Driver/stm32mp1xx_hal_cortex.d" -MT"Drivers/STM32MP1xx_HAL_Driver/stm32mp1xx_hal_cortex.o" --specs=nano.specs -mfpu=fpv4-sp-d16 -mfloat-abi=hard -mthumb -o "Drivers/STM32MP1xx_HAL_Driver/stm32mp1xx_hal_cortex.o"
arm-none-eabi-gcc "D:/_STM32MP157-åŸºç¡€èµ„æ–™/01ã€ç¨‹åºæºç ?/11ã€M4 CubeIDEè£¸æœºé©±åŠ¨ä¾‹ç¨‹/CubeIDE_project/7-1 UART4/Drivers/STM32MP1xx_HAL_Driver/Src/stm32mp1xx_hal_dma.c" -mcpu=cortex-m4 -std=gnu11 -g3 -DSTM32MP157Dxx -DUSE_HAL_DRIVER -DCORE_CM4 -DDEBUG -c -I../Core/Inc -I../../Drivers/STM32MP1xx_HAL_Driver/Inc -I../../Drivers/STM32MP1xx_HAL_Driver/Inc/Legacy -I../../Drivers/CMSIS/Device/ST/STM32MP1xx/Include -I../../Drivers/CMSIS/Include -O0 -ffunction-sections -fdata-sections -Wall -fstack-usage -MMD -MP -MF"Drivers/STM32MP1xx_HAL_Driver/stm32mp1xx_hal_dma.d" -MT"Drivers/STM32MP1xx_HAL_Driver/stm32mp1xx_hal_dma.o" --specs=nano.specs -mfpu=fpv4-sp-d16 -mfloat-abi=hard -mthumb -o "Drivers/STM32MP1xx_HAL_Driver/stm32mp1xx_hal_dma.o"
arm-none-eabi-gcc "D:/_STM32MP157-åŸºç¡€èµ„æ–™/01ã€ç¨‹åºæºç ?/11ã€M4 CubeIDEè£¸æœºé©±åŠ¨ä¾‹ç¨‹/CubeIDE_project/7-1 UART4/Drivers/STM32MP1xx_HAL_Driver/Src/stm32mp1xx_hal_dma_ex.c" -mcpu=cortex-m4 -std=gnu11 -g3 -DSTM32MP157Dxx -DUSE_HAL_DRIVER -DCORE_CM4 -DDEBUG -c -I../Core/Inc -I../../Drivers/STM32MP1xx_HAL_Driver/Inc -I../../Drivers/STM32MP1xx_HAL_Driver/Inc/Legacy -I../../Drivers/CMSIS/Device/ST/STM32MP1xx/Include -I../../Drivers/CMSIS/Include -O0 -ffunction-sections -fdata-sections -Wall -fstack-usage -MMD -MP -MF"Drivers/STM32MP1xx_HAL_Driver/stm32mp1xx_hal_dma_ex.d" -MT"Drivers/STM32MP1xx_HAL_Driver/stm32mp1xx_hal_dma_ex.o" --specs=nano.specs -mfpu=fpv4-sp-d16 -mfloat-abi=hard -mthumb -o "Drivers/STM32MP1xx_HAL_Driver/stm32mp1xx_hal_dma_ex.o"
arm-none-eabi-gcc "D:/_STM32MP157-åŸºç¡€èµ„æ–™/01ã€ç¨‹åºæºç ?/11ã€M4 CubeIDEè£¸æœºé©±åŠ¨ä¾‹ç¨‹/CubeIDE_project/7-1 UART4/Drivers/STM32MP1xx_HAL_Driver/Src/stm32mp1xx_hal_exti.c" -mcpu=cortex-m4 -std=gnu11 -g3 -DSTM32MP157Dxx -DUSE_HAL_DRIVER -DCORE_CM4 -DDEBUG -c -I../Core/Inc -I../../Drivers/STM32MP1xx_HAL_Driver/Inc -I../../Drivers/STM32MP1xx_HAL_Driver/Inc/Legacy -I../../Drivers/CMSIS/Device/ST/STM32MP1xx/Include -I../../Drivers/CMSIS/Include -O0 -ffunction-sections -fdata-sections -Wall -fstack-usage -MMD -MP -MF"Drivers/STM32MP1xx_HAL_Driver/stm32mp1xx_hal_exti.d" -MT"Drivers/STM32MP1xx_HAL_Driver/stm32mp1xx_hal_exti.o" --specs=nano.specs -mfpu=fpv4-sp-d16 -mfloat-abi=hard -mthumb -o "Drivers/STM32MP1xx_HAL_Driver/stm32mp1xx_hal_exti.o"
arm-none-eabi-gcc "D:/_STM32MP157-åŸºç¡€èµ„æ–™/01ã€ç¨‹åºæºç ?/11ã€M4 CubeIDEè£¸æœºé©±åŠ¨ä¾‹ç¨‹/CubeIDE_project/7-1 UART4/Drivers/STM32MP1xx_HAL_Driver/Src/stm32mp1xx_hal_gpio.c" -mcpu=cortex-m4 -std=gnu11 -g3 -DSTM32MP157Dxx -DUSE_HAL_DRIVER -DCORE_CM4 -DDEBUG -c -I../Core/Inc -I../../Drivers/STM32MP1xx_HAL_Driver/Inc -I../../Drivers/STM32MP1xx_HAL_Driver/Inc/Legacy -I../../Drivers/CMSIS/Device/ST/STM32MP1xx/Include -I../../Drivers/CMSIS/Include -O0 -ffunction-sections -fdata-sections -Wall -fstack-usage -MMD -MP -MF"Drivers/STM32MP1xx_HAL_Driver/stm32mp1xx_hal_gpio.d" -MT"Drivers/STM32MP1xx_HAL_Driver/stm32mp1xx_hal_gpio.o" --specs=nano.specs -mfpu=fpv4-sp-d16 -mfloat-abi=hard -mthumb -o "Drivers/STM32MP1xx_HAL_Driver/stm32mp1xx_hal_gpio.o"
arm-none-eabi-gcc "D:/_STM32MP157-åŸºç¡€èµ„æ–™/01ã€ç¨‹åºæºç ?/11ã€M4 CubeIDEè£¸æœºé©±åŠ¨ä¾‹ç¨‹/CubeIDE_project/7-1 UART4/Drivers/STM32MP1xx_HAL_Driver/Src/stm32mp1xx_hal_hsem.c" -mcpu=cortex-m4 -std=gnu11 -g3 -DSTM32MP157Dxx -DUSE_HAL_DRIVER -DCORE_CM4 -DDEBUG -c -I../Core/Inc -I../../Drivers/STM32MP1xx_HAL_Driver/Inc -I../../Drivers/STM32MP1xx_HAL_Driver/Inc/Legacy -I../../Drivers/CMSIS/Device/ST/STM32MP1xx/Include -I../../Drivers/CMSIS/Include -O0 -ffunction-sections -fdata-sections -Wall -fstack-usage -MMD -MP -MF"Drivers/STM32MP1xx_HAL_Driver/stm32mp1xx_hal_hsem.d" -MT"Drivers/STM32MP1xx_HAL_Driver/stm32mp1xx_hal_hsem.o" --specs=nano.specs -mfpu=fpv4-sp-d16 -mfloat-abi=hard -mthumb -o "Drivers/STM32MP1xx_HAL_Driver/stm32mp1xx_hal_hsem.o"
arm-none-eabi-gcc "D:/_STM32MP157-åŸºç¡€èµ„æ–™/01ã€ç¨‹åºæºç ?/11ã€M4 CubeIDEè£¸æœºé©±åŠ¨ä¾‹ç¨‹/CubeIDE_project/7-1 UART4/Drivers/STM32MP1xx_HAL_Driver/Src/stm32mp1xx_hal_mdma.c" -mcpu=cortex-m4 -std=gnu11 -g3 -DSTM32MP157Dxx -DUSE_HAL_DRIVER -DCORE_CM4 -DDEBUG -c -I../Core/Inc -I../../Drivers/STM32MP1xx_HAL_Driver/Inc -I../../Drivers/STM32MP1xx_HAL_Driver/Inc/Legacy -I../../Drivers/CMSIS/Device/ST/STM32MP1xx/Include -I../../Drivers/CMSIS/Include -O0 -ffunction-sections -fdata-sections -Wall -fstack-usage -MMD -MP -MF"Drivers/STM32MP1xx_HAL_Driver/stm32mp1xx_hal_mdma.d" -MT"Drivers/STM32MP1xx_HAL_Driver/stm32mp1xx_hal_mdma.o" --specs=nano.specs -mfpu=fpv4-sp-d16 -mfloat-abi=hard -mthumb -o "Drivers/STM32MP1xx_HAL_Driver/stm32mp1xx_hal_mdma.o"
arm-none-eabi-gcc "D:/_STM32MP157-åŸºç¡€èµ„æ–™/01ã€ç¨‹åºæºç ?/11ã€M4 CubeIDEè£¸æœºé©±åŠ¨ä¾‹ç¨‹/CubeIDE_project/7-1 UART4/Drivers/STM32MP1xx_HAL_Driver/Src/stm32mp1xx_hal_pwr.c" -mcpu=cortex-m4 -std=gnu11 -g3 -DSTM32MP157Dxx -DUSE_HAL_DRIVER -DCORE_CM4 -DDEBUG -c -I../Core/Inc -I../../Drivers/STM32MP1xx_HAL_Driver/Inc -I../../Drivers/STM32MP1xx_HAL_Driver/Inc/Legacy -I../../Drivers/CMSIS/Device/ST/STM32MP1xx/Include -I../../Drivers/CMSIS/Include -O0 -ffunction-sections -fdata-sections -Wall -fstack-usage -MMD -MP -MF"Drivers/STM32MP1xx_HAL_Driver/stm32mp1xx_hal_pwr.d" -MT"Drivers/STM32MP1xx_HAL_Driver/stm32mp1xx_hal_pwr.o" --specs=nano.specs -mfpu=fpv4-sp-d16 -mfloat-abi=hard -mthumb -o "Drivers/STM32MP1xx_HAL_Driver/stm32mp1xx_hal_pwr.o"
arm-none-eabi-gcc "D:/_STM32MP157-åŸºç¡€èµ„æ–™/01ã€ç¨‹åºæºç ?/11ã€M4 CubeIDEè£¸æœºé©±åŠ¨ä¾‹ç¨‹/CubeIDE_project/7-1 UART4/Drivers/STM32MP1xx_HAL_Driver/Src/stm32mp1xx_hal_pwr_ex.c" -mcpu=cortex-m4 -std=gnu11 -g3 -DSTM32MP157Dxx -DUSE_HAL_DRIVER -DCORE_CM4 -DDEBUG -c -I../Core/Inc -I../../Drivers/STM32MP1xx_HAL_Driver/Inc -I../../Drivers/STM32MP1xx_HAL_Driver/Inc/Legacy -I../../Drivers/CMSIS/Device/ST/STM32MP1xx/Include -I../../Drivers/CMSIS/Include -O0 -ffunction-sections -fdata-sections -Wall -fstack-usage -MMD -MP -MF"Drivers/STM32MP1xx_HAL_Driver/stm32mp1xx_hal_pwr_ex.d" -MT"Drivers/STM32MP1xx_HAL_Driver/stm32mp1xx_hal_pwr_ex.o" --specs=nano.specs -mfpu=fpv4-sp-d16 -mfloat-abi=hard -mthumb -o "Drivers/STM32MP1xx_HAL_Driver/stm32mp1xx_hal_pwr_ex.o"
arm-none-eabi-gcc "D:/_STM32MP157-åŸºç¡€èµ„æ–™/01ã€ç¨‹åºæºç ?/11ã€M4 CubeIDEè£¸æœºé©±åŠ¨ä¾‹ç¨‹/CubeIDE_project/7-1 UART4/Drivers/STM32MP1xx_HAL_Driver/Src/stm32mp1xx_hal_rcc.c" -mcpu=cortex-m4 -std=gnu11 -g3 -DSTM32MP157Dxx -DUSE_HAL_DRIVER -DCORE_CM4 -DDEBUG -c -I../Core/Inc -I../../Drivers/STM32MP1xx_HAL_Driver/Inc -I../../Drivers/STM32MP1xx_HAL_Driver/Inc/Legacy -I../../Drivers/CMSIS/Device/ST/STM32MP1xx/Include -I../../Drivers/CMSIS/Include -O0 -ffunction-sections -fdata-sections -Wall -fstack-usage -MMD -MP -MF"Drivers/STM32MP1xx_HAL_Driver/stm32mp1xx_hal_rcc.d" -MT"Drivers/STM32MP1xx_HAL_Driver/stm32mp1xx_hal_rcc.o" --specs=nano.specs -mfpu=fpv4-sp-d16 -mfloat-abi=hard -mthumb -o "Drivers/STM32MP1xx_HAL_Driver/stm32mp1xx_hal_rcc.o"
arm-none-eabi-gcc "D:/_STM32MP157-åŸºç¡€èµ„æ–™/01ã€ç¨‹åºæºç ?/11ã€M4 CubeIDEè£¸æœºé©±åŠ¨ä¾‹ç¨‹/CubeIDE_project/7-1 UART4/Drivers/STM32MP1xx_HAL_Driver/Src/stm32mp1xx_hal_rcc_ex.c" -mcpu=cortex-m4 -std=gnu11 -g3 -DSTM32MP157Dxx -DUSE_HAL_DRIVER -DCORE_CM4 -DDEBUG -c -I../Core/Inc -I../../Drivers/STM32MP1xx_HAL_Driver/Inc -I../../Drivers/STM32MP1xx_HAL_Driver/Inc/Legacy -I../../Drivers/CMSIS/Device/ST/STM32MP1xx/Include -I../../Drivers/CMSIS/Include -O0 -ffunction-sections -fdata-sections -Wall -fstack-usage -MMD -MP -MF"Drivers/STM32MP1xx_HAL_Driver/stm32mp1xx_hal_rcc_ex.d" -MT"Drivers/STM32MP1xx_HAL_Driver/stm32mp1xx_hal_rcc_ex.o" --specs=nano.specs -mfpu=fpv4-sp-d16 -mfloat-abi=hard -mthumb -o "Drivers/STM32MP1xx_HAL_Driver/stm32mp1xx_hal_rcc_ex.o"
arm-none-eabi-gcc "D:/_STM32MP157-åŸºç¡€èµ„æ–™/01ã€ç¨‹åºæºç ?/11ã€M4 CubeIDEè£¸æœºé©±åŠ¨ä¾‹ç¨‹/CubeIDE_project/7-1 UART4/Drivers/STM32MP1xx_HAL_Driver/Src/stm32mp1xx_hal_tim.c" -mcpu=cortex-m4 -std=gnu11 -g3 -DSTM32MP157Dxx -DUSE_HAL_DRIVER -DCORE_CM4 -DDEBUG -c -I../Core/Inc -I../../Drivers/STM32MP1xx_HAL_Driver/Inc -I../../Drivers/STM32MP1xx_HAL_Driver/Inc/Legacy -I../../Drivers/CMSIS/Device/ST/STM32MP1xx/Include -I../../Drivers/CMSIS/Include -O0 -ffunction-sections -fdata-sections -Wall -fstack-usage -MMD -MP -MF"Drivers/STM32MP1xx_HAL_Driver/stm32mp1xx_hal_tim.d" -MT"Drivers/STM32MP1xx_HAL_Driver/stm32mp1xx_hal_tim.o" --specs=nano.specs -mfpu=fpv4-sp-d16 -mfloat-abi=hard -mthumb -o "Drivers/STM32MP1xx_HAL_Driver/stm32mp1xx_hal_tim.o"
arm-none-eabi-gcc "D:/_STM32MP157-åŸºç¡€èµ„æ–™/01ã€ç¨‹åºæºç ?/11ã€M4 CubeIDEè£¸æœºé©±åŠ¨ä¾‹ç¨‹/CubeIDE_project/7-1 UART4/Drivers/STM32MP1xx_HAL_Driver/Src/stm32mp1xx_hal_tim_ex.c" -mcpu=cortex-m4 -std=gnu11 -g3 -DSTM32MP157Dxx -DUSE_HAL_DRIVER -DCORE_CM4 -DDEBUG -c -I../Core/Inc -I../../Drivers/STM32MP1xx_HAL_Driver/Inc -I../../Drivers/STM32MP1xx_HAL_Driver/Inc/Legacy -I../../Drivers/CMSIS/Device/ST/STM32MP1xx/Include -I../../Drivers/CMSIS/Include -O0 -ffunction-sections -fdata-sections -Wall -fstack-usage -MMD -MP -MF"Drivers/STM32MP1xx_HAL_Driver/stm32mp1xx_hal_tim_ex.d" -MT"Drivers/STM32MP1xx_HAL_Driver/stm32mp1xx_hal_tim_ex.o" --specs=nano.specs -mfpu=fpv4-sp-d16 -mfloat-abi=hard -mthumb -o "Drivers/STM32MP1xx_HAL_Driver/stm32mp1xx_hal_tim_ex.o"
arm-none-eabi-gcc "D:/_STM32MP157-åŸºç¡€èµ„æ–™/01ã€ç¨‹åºæºç ?/11ã€M4 CubeIDEè£¸æœºé©±åŠ¨ä¾‹ç¨‹/CubeIDE_project/7-1 UART4/Drivers/STM32MP1xx_HAL_Driver/Src/stm32mp1xx_hal_uart.c" -mcpu=cortex-m4 -std=gnu11 -g3 -DSTM32MP157Dxx -DUSE_HAL_DRIVER -DCORE_CM4 -DDEBUG -c -I../Core/Inc -I../../Drivers/STM32MP1xx_HAL_Driver/Inc -I../../Drivers/STM32MP1xx_HAL_Driver/Inc/Legacy -I../../Drivers/CMSIS/Device/ST/STM32MP1xx/Include -I../../Drivers/CMSIS/Include -O0 -ffunction-sections -fdata-sections -Wall -fstack-usage -MMD -MP -MF"Drivers/STM32MP1xx_HAL_Driver/stm32mp1xx_hal_uart.d" -MT"Drivers/STM32MP1xx_HAL_Driver/stm32mp1xx_hal_uart.o" --specs=nano.specs -mfpu=fpv4-sp-d16 -mfloat-abi=hard -mthumb -o "Drivers/STM32MP1xx_HAL_Driver/stm32mp1xx_hal_uart.o"
arm-none-eabi-gcc "D:/_STM32MP157-åŸºç¡€èµ„æ–™/01ã€ç¨‹åºæºç ?/11ã€M4 CubeIDEè£¸æœºé©±åŠ¨ä¾‹ç¨‹/CubeIDE_project/7-1 UART4/Drivers/STM32MP1xx_HAL_Driver/Src/stm32mp1xx_hal_uart_ex.c" -mcpu=cortex-m4 -std=gnu11 -g3 -DSTM32MP157Dxx -DUSE_HAL_DRIVER -DCORE_CM4 -DDEBUG -c -I../Core/Inc -I../../Drivers/STM32MP1xx_HAL_Driver/Inc -I../../Drivers/STM32MP1xx_HAL_Driver/Inc/Legacy -I../../Drivers/CMSIS/Device/ST/STM32MP1xx/Include -I../../Drivers/CMSIS/Include -O0 -ffunction-sections -fdata-sections -Wall -fstack-usage -MMD -MP -MF"Drivers/STM32MP1xx_HAL_Driver/stm32mp1xx_hal_uart_ex.d" -MT"Drivers/STM32MP1xx_HAL_Driver/stm32mp1xx_hal_uart_ex.o" --specs=nano.specs -mfpu=fpv4-sp-d16 -mfloat-abi=hard -mthumb -o "Drivers/STM32MP1xx_HAL_Driver/stm32mp1xx_hal_uart_ex.o"
arm-none-eabi-gcc: error: D:/_STM32MP157-£¤???????????/01£þ?????£¤????????/11£þ??M4 CubeIDE?????????£¤??©W?????/CubeIDE_project/7-1 UART4/Drivers/STM32MP1xx_HAL_Driver/Src/stm32mp1xx_hal_uart_ex.c: Invalid argument
arm-none-eabi-gcc: error: D:/_STM32MP157-£¤???????????/01£þ?????£¤????????/11£þ??M4 CubeIDE?????????£¤??©W?????/CubeIDE_project/7-1 UART4/Drivers/STM32MP1xx_HAL_Driver/Src/stm32mp1xx_hal_uart.c: Invalid argument
arm-none-eabi-gcc: error: D:/_STM32MP157-£¤???????????/01£þ?????£¤????????/11£þ??M4 CubeIDE?????????£¤??©W?????/CubeIDE_project/7-1 UART4/Drivers/STM32MP1xx_HAL_Driver/Src/stm32mp1xx_hal_tim_ex.c: Invalid argument
arm-none-eabi-gcc: error: D:/_STM32MP157-£¤???????????/01£þ?????£¤????????/11£þ??M4 CubeIDE?????????£¤??©W?????/CubeIDE_project/7-1 UART4/Drivers/STM32MP1xx_HAL_Driver/Src/stm32mp1xx_hal_rcc.c: Invalid argument
arm-none-eabi-gcc: fatal error: no input files
compilation terminated.
arm-none-eabi-gcc: fatal error: no input files
arm-none-eabi-gcc: fatal error: no input files
compilation terminated.
compilation terminated.
arm-none-eabi-gcc: fatal error: no input files
compilation terminated.
arm-none-eabi-gcc: error: D:/_STM32MP157-£¤???????????/01£þ?????£¤????????/11£þ??M4 CubeIDE?????????£¤??©W?????/CubeIDE_project/7-1 UART4/Drivers/STM32MP1xx_HAL_Driver/Src/stm32mp1xx_hal_mdma.c: Invalid argument
arm-none-eabi-gcc: fatal error: no input files
compilation terminated.
make: *** [Drivers/STM32MP1xx_HAL_Driver/subdir.mk:92: Drivers/STM32MP1xx_HAL_Driver/stm32mp1xx_hal_uart.o] Error 1
make: *** Waiting for unfinished jobs....
make: *** [Drivers/STM32MP1xx_HAL_Driver/subdir.mk:84: Drivers/STM32MP1xx_HAL_Driver/stm32mp1xx_hal_rcc.o] Error 1
make: *** [Drivers/STM32MP1xx_HAL_Driver/subdir.mk:90: Drivers/STM32MP1xx_HAL_Driver/stm32mp1xx_hal_tim_ex.o] Error 1
make: *** [Drivers/STM32MP1xx_HAL_Driver/subdir.mk:94: Drivers/STM32MP1xx_HAL_Driver/stm32mp1xx_hal_uart_ex.o] Error 1
make: *** [Drivers/STM32MP1xx_HAL_Driver/subdir.mk:78: Drivers/STM32MP1xx_HAL_Driver/stm32mp1xx_hal_mdma.o] Error 1
arm-none-eabi-gcc: error: D:/_STM32MP157-£¤???????????/01£þ?????£¤????????/11£þ??M4 CubeIDE?????????£¤??©W?????/CubeIDE_project/7-1 UART4/Drivers/STM32MP1xx_HAL_Driver/Src/stm32mp1xx_hal_gpio.c: Invalid argument
arm-none-eabi-gcc: error: D:/_STM32MP157-£¤???????????/01£þ?????£¤????????/11£þ??M4 CubeIDE?????????£¤??©W?????/CubeIDE_project/7-1 UART4/Drivers/STM32MP1xx_HAL_Driver/Src/stm32mp1xx_hal_dma_ex.c: Invalid argument
arm-none-eabi-gcc: error: D:/_STM32MP157-£¤???????????/01£þ?????£¤????????/11£þ??M4 CubeIDE?????????£¤??©W?????/CubeIDE_project/7-1 UART4/Drivers/STM32MP1xx_HAL_Driver/Src/stm32mp1xx_hal_dma.c: Invalid argument
arm-none-eabi-gcc: error: D:/_STM32MP157-£¤???????????/01£þ?????£¤????????/11£þ??M4 CubeIDE?????????£¤??©W?????/CubeIDE_project/7-1 UART4/Drivers/STM32MP1xx_HAL_Driver/Src/stm32mp1xx_hal_hsem.c: Invalid argument
arm-none-eabi-gcc: error: D:/_STM32MP157-£¤???????????/01£þ?????£¤????????/11£þ??M4 CubeIDE?????????£¤??©W?????/CubeIDE_project/7-1 UART4/Drivers/STM32MP1xx_HAL_Driver/Src/stm32mp1xx_hal_exti.c: Invalid argument
arm-none-eabi-gcc: error: D:/_STM32MP157-£¤???????????/01£þ?????£¤????????/11£þ??M4 CubeIDE?????????£¤??©W?????/CubeIDE_project/7-1 UART4/Drivers/STM32MP1xx_HAL_Driver/Src/stm32mp1xx_hal.c: Invalid argument
arm-none-eabi-gcc: error: D:/_STM32MP157-£¤???????????/01£þ?????£¤????????/11£þ??M4 CubeIDE?????????£¤??©W?????/CubeIDE_project/7-1 UART4/Drivers/STM32MP1xx_HAL_Driver/Src/stm32mp1xx_hal_tim.c: Invalid argument
arm-none-eabi-gcc: error: D:/_STM32MP157-£¤???????????/01£þ?????£¤????????/11£þ??M4 CubeIDE?????????£¤??©W?????/CubeIDE_project/7-1 UART4/Drivers/STM32MP1xx_HAL_Driver/Src/stm32mp1xx_hal_rcc_ex.c: Invalid argument
arm-none-eabi-gcc: error: D:/_STM32MP157-£¤???????????/01£þ?????£¤????????/11£þ??M4 CubeIDE?????????£¤??©W?????/CubeIDE_project/7-1 UART4/Drivers/STM32MP1xx_HAL_Driver/Src/stm32mp1xx_hal_cortex.c: Invalid argument
arm-none-eabi-gcc: error: D:/_STM32MP157-£¤???????????/01£þ?????£¤????????/11£þ??M4 CubeIDE?????????£¤??©W?????/CubeIDE_project/7-1 UART4/Drivers/STM32MP1xx_HAL_Driver/Src/stm32mp1xx_hal_pwr.c: Invalid argument
arm-none-eabi-gcc: error: D:/_STM32MP157-£¤???????????/01£þ?????£¤????????/11£þ??M4 CubeIDE?????????£¤??©W?????/CubeIDE_project/7-1 UART4/Drivers/STM32MP1xx_HAL_Driver/Src/stm32mp1xx_hal_pwr_ex.c: Invalid argument
arm-none-eabi-gcc: fatal error: no input files
arm-none-eabi-gcc: fatal error: no input files
compilation terminated.
compilation terminated.
arm-none-eabi-gcc: fatal error: no input files
arm-none-eabi-gcc: fatal error: no input files
arm-none-eabi-gcc: fatal error: no input files
compilation terminated.
compilation terminated.
compilation terminated.
arm-none-eabi-gcc: fatal error: no input files
arm-none-eabi-gcc: fatal error: no input files
arm-none-eabi-gcc: fatal error: no input files
compilation terminated.
arm-none-eabi-gcc: fatal error: no input files
compilation terminated.
compilation terminated.
compilation terminated.
arm-none-eabi-gcc: fatal error: no input files
arm-none-eabi-gcc: fatal error: no input files
compilation terminated.
compilation terminated.
make: *** [Drivers/STM32MP1xx_HAL_Driver/subdir.mk:74: Drivers/STM32MP1xx_HAL_Driver/stm32mp1xx_hal_gpio.o] Error 1
make: *** [Drivers/STM32MP1xx_HAL_Driver/subdir.mk:68: Drivers/STM32MP1xx_HAL_Driver/stm32mp1xx_hal_dma.o] Error 1
make: *** [Drivers/STM32MP1xx_HAL_Driver/subdir.mk:72: Drivers/STM32MP1xx_HAL_Driver/stm32mp1xx_hal_exti.o] Error 1
make: *** [Drivers/STM32MP1xx_HAL_Driver/subdir.mk:70: Drivers/STM32MP1xx_HAL_Driver/stm32mp1xx_hal_dma_ex.o] Error 1
make: *** [Drivers/STM32MP1xx_HAL_Driver/subdir.mk:76: Drivers/STM32MP1xx_HAL_Driver/stm32mp1xx_hal_hsem.o] Error 1
make: *** [Drivers/STM32MP1xx_HAL_Driver/subdir.mk:64: Drivers/STM32MP1xx_HAL_Driver/stm32mp1xx_hal.o] Error 1
make: *** [Drivers/STM32MP1xx_HAL_Driver/subdir.mk:66: Drivers/STM32MP1xx_HAL_Driver/stm32mp1xx_hal_cortex.o] Error 1
make: *** [Drivers/STM32MP1xx_HAL_Driver/subdir.mk:80: Drivers/STM32MP1xx_HAL_Driver/stm32mp1xx_hal_pwr.o] Error 1
make: *** [Drivers/STM32MP1xx_HAL_Driver/subdir.mk:82: Drivers/STM32MP1xx_HAL_Driver/stm32mp1xx_hal_pwr_ex.o] Error 1
make: *** [Drivers/STM32MP1xx_HAL_Driver/subdir.mk:86: Drivers/STM32MP1xx_HAL_Driver/stm32mp1xx_hal_rcc_ex.o] Error 1
make: *** [Drivers/STM32MP1xx_HAL_Driver/subdir.mk:88: Drivers/STM32MP1xx_HAL_Driver/stm32mp1xx_hal_tim.o] Error 1
"make -j16 all" terminated with exit code 2. Build might be incomplete.
12:00:21 **** Build of configuration Debug for project UART_CM4 ****
make -j16 all 
arm-none-eabi-gcc "D:/STM32MP157_M4/CubeIDE/7-1 UART4/Drivers/STM32MP1xx_HAL_Driver/Src/stm32mp1xx_hal.c" -mcpu=cortex-m4 -std=gnu11 -g3 -DSTM32MP157Dxx -DUSE_HAL_DRIVER -DCORE_CM4 -DDEBUG -c -I../Core/Inc -I../../Drivers/STM32MP1xx_HAL_Driver/Inc -I../../Drivers/STM32MP1xx_HAL_Driver/Inc/Legacy -I../../Drivers/CMSIS/Device/ST/STM32MP1xx/Include -I../../Drivers/CMSIS/Include -O0 -ffunction-sections -fdata-sections -Wall -fstack-usage -MMD -MP -MF"Drivers/STM32MP1xx_HAL_Driver/stm32mp1xx_hal.d" -MT"Drivers/STM32MP1xx_HAL_Driver/stm32mp1xx_hal.o" --specs=nano.specs -mfpu=fpv4-sp-d16 -mfloat-abi=hard -mthumb -o "Drivers/STM32MP1xx_HAL_Driver/stm32mp1xx_hal.o"
arm-none-eabi-gcc "D:/STM32MP157_M4/CubeIDE/7-1 UART4/Drivers/STM32MP1xx_HAL_Driver/Src/stm32mp1xx_hal_cortex.c" -mcpu=cortex-m4 -std=gnu11 -g3 -DSTM32MP157Dxx -DUSE_HAL_DRIVER -DCORE_CM4 -DDEBUG -c -I../Core/Inc -I../../Drivers/STM32MP1xx_HAL_Driver/Inc -I../../Drivers/STM32MP1xx_HAL_Driver/Inc/Legacy -I../../Drivers/CMSIS/Device/ST/STM32MP1xx/Include -I../../Drivers/CMSIS/Include -O0 -ffunction-sections -fdata-sections -Wall -fstack-usage -MMD -MP -MF"Drivers/STM32MP1xx_HAL_Driver/stm32mp1xx_hal_cortex.d" -MT"Drivers/STM32MP1xx_HAL_Driver/stm32mp1xx_hal_cortex.o" --specs=nano.specs -mfpu=fpv4-sp-d16 -mfloat-abi=hard -mthumb -o "Drivers/STM32MP1xx_HAL_Driver/stm32mp1xx_hal_cortex.o"
arm-none-eabi-gcc "D:/STM32MP157_M4/CubeIDE/7-1 UART4/Drivers/STM32MP1xx_HAL_Driver/Src/stm32mp1xx_hal_dma.c" -mcpu=cortex-m4 -std=gnu11 -g3 -DSTM32MP157Dxx -DUSE_HAL_DRIVER -DCORE_CM4 -DDEBUG -c -I../Core/Inc -I../../Drivers/STM32MP1xx_HAL_Driver/Inc -I../../Drivers/STM32MP1xx_HAL_Driver/Inc/Legacy -I../../Drivers/CMSIS/Device/ST/STM32MP1xx/Include -I../../Drivers/CMSIS/Include -O0 -ffunction-sections -fdata-sections -Wall -fstack-usage -MMD -MP -MF"Drivers/STM32MP1xx_HAL_Driver/stm32mp1xx_hal_dma.d" -MT"Drivers/STM32MP1xx_HAL_Driver/stm32mp1xx_hal_dma.o" --specs=nano.specs -mfpu=fpv4-sp-d16 -mfloat-abi=hard -mthumb -o "Drivers/STM32MP1xx_HAL_Driver/stm32mp1xx_hal_dma.o"
arm-none-eabi-gcc "D:/STM32MP157_M4/CubeIDE/7-1 UART4/Drivers/STM32MP1xx_HAL_Driver/Src/stm32mp1xx_hal_dma_ex.c" -mcpu=cortex-m4 -std=gnu11 -g3 -DSTM32MP157Dxx -DUSE_HAL_DRIVER -DCORE_CM4 -DDEBUG -c -I../Core/Inc -I../../Drivers/STM32MP1xx_HAL_Driver/Inc -I../../Drivers/STM32MP1xx_HAL_Driver/Inc/Legacy -I../../Drivers/CMSIS/Device/ST/STM32MP1xx/Include -I../../Drivers/CMSIS/Include -O0 -ffunction-sections -fdata-sections -Wall -fstack-usage -MMD -MP -MF"Drivers/STM32MP1xx_HAL_Driver/stm32mp1xx_hal_dma_ex.d" -MT"Drivers/STM32MP1xx_HAL_Driver/stm32mp1xx_hal_dma_ex.o" --specs=nano.specs -mfpu=fpv4-sp-d16 -mfloat-abi=hard -mthumb -o "Drivers/STM32MP1xx_HAL_Driver/stm32mp1xx_hal_dma_ex.o"
arm-none-eabi-gcc "D:/STM32MP157_M4/CubeIDE/7-1 UART4/Drivers/STM32MP1xx_HAL_Driver/Src/stm32mp1xx_hal_exti.c" -mcpu=cortex-m4 -std=gnu11 -g3 -DSTM32MP157Dxx -DUSE_HAL_DRIVER -DCORE_CM4 -DDEBUG -c -I../Core/Inc -I../../Drivers/STM32MP1xx_HAL_Driver/Inc -I../../Drivers/STM32MP1xx_HAL_Driver/Inc/Legacy -I../../Drivers/CMSIS/Device/ST/STM32MP1xx/Include -I../../Drivers/CMSIS/Include -O0 -ffunction-sections -fdata-sections -Wall -fstack-usage -MMD -MP -MF"Drivers/STM32MP1xx_HAL_Driver/stm32mp1xx_hal_exti.d" -MT"Drivers/STM32MP1xx_HAL_Driver/stm32mp1xx_hal_exti.o" --specs=nano.specs -mfpu=fpv4-sp-d16 -mfloat-abi=hard -mthumb -o "Drivers/STM32MP1xx_HAL_Driver/stm32mp1xx_hal_exti.o"
arm-none-eabi-gcc "D:/STM32MP157_M4/CubeIDE/7-1 UART4/Drivers/STM32MP1xx_HAL_Driver/Src/stm32mp1xx_hal_gpio.c" -mcpu=cortex-m4 -std=gnu11 -g3 -DSTM32MP157Dxx -DUSE_HAL_DRIVER -DCORE_CM4 -DDEBUG -c -I../Core/Inc -I../../Drivers/STM32MP1xx_HAL_Driver/Inc -I../../Drivers/STM32MP1xx_HAL_Driver/Inc/Legacy -I../../Drivers/CMSIS/Device/ST/STM32MP1xx/Include -I../../Drivers/CMSIS/Include -O0 -ffunction-sections -fdata-sections -Wall -fstack-usage -MMD -MP -MF"Drivers/STM32MP1xx_HAL_Driver/stm32mp1xx_hal_gpio.d" -MT"Drivers/STM32MP1xx_HAL_Driver/stm32mp1xx_hal_gpio.o" --specs=nano.specs -mfpu=fpv4-sp-d16 -mfloat-abi=hard -mthumb -o "Drivers/STM32MP1xx_HAL_Driver/stm32mp1xx_hal_gpio.o"
arm-none-eabi-gcc "D:/STM32MP157_M4/CubeIDE/7-1 UART4/Drivers/STM32MP1xx_HAL_Driver/Src/stm32mp1xx_hal_hsem.c" -mcpu=cortex-m4 -std=gnu11 -g3 -DSTM32MP157Dxx -DUSE_HAL_DRIVER -DCORE_CM4 -DDEBUG -c -I../Core/Inc -I../../Drivers/STM32MP1xx_HAL_Driver/Inc -I../../Drivers/STM32MP1xx_HAL_Driver/Inc/Legacy -I../../Drivers/CMSIS/Device/ST/STM32MP1xx/Include -I../../Drivers/CMSIS/Include -O0 -ffunction-sections -fdata-sections -Wall -fstack-usage -MMD -MP -MF"Drivers/STM32MP1xx_HAL_Driver/stm32mp1xx_hal_hsem.d" -MT"Drivers/STM32MP1xx_HAL_Driver/stm32mp1xx_hal_hsem.o" --specs=nano.specs -mfpu=fpv4-sp-d16 -mfloat-abi=hard -mthumb -o "Drivers/STM32MP1xx_HAL_Driver/stm32mp1xx_hal_hsem.o"
arm-none-eabi-gcc "D:/STM32MP157_M4/CubeIDE/7-1 UART4/Drivers/STM32MP1xx_HAL_Driver/Src/stm32mp1xx_hal_mdma.c" -mcpu=cortex-m4 -std=gnu11 -g3 -DSTM32MP157Dxx -DUSE_HAL_DRIVER -DCORE_CM4 -DDEBUG -c -I../Core/Inc -I../../Drivers/STM32MP1xx_HAL_Driver/Inc -I../../Drivers/STM32MP1xx_HAL_Driver/Inc/Legacy -I../../Drivers/CMSIS/Device/ST/STM32MP1xx/Include -I../../Drivers/CMSIS/Include -O0 -ffunction-sections -fdata-sections -Wall -fstack-usage -MMD -MP -MF"Drivers/STM32MP1xx_HAL_Driver/stm32mp1xx_hal_mdma.d" -MT"Drivers/STM32MP1xx_HAL_Driver/stm32mp1xx_hal_mdma.o" --specs=nano.specs -mfpu=fpv4-sp-d16 -mfloat-abi=hard -mthumb -o "Drivers/STM32MP1xx_HAL_Driver/stm32mp1xx_hal_mdma.o"
arm-none-eabi-gcc "D:/STM32MP157_M4/CubeIDE/7-1 UART4/Drivers/STM32MP1xx_HAL_Driver/Src/stm32mp1xx_hal_pwr.c" -mcpu=cortex-m4 -std=gnu11 -g3 -DSTM32MP157Dxx -DUSE_HAL_DRIVER -DCORE_CM4 -DDEBUG -c -I../Core/Inc -I../../Drivers/STM32MP1xx_HAL_Driver/Inc -I../../Drivers/STM32MP1xx_HAL_Driver/Inc/Legacy -I../../Drivers/CMSIS/Device/ST/STM32MP1xx/Include -I../../Drivers/CMSIS/Include -O0 -ffunction-sections -fdata-sections -Wall -fstack-usage -MMD -MP -MF"Drivers/STM32MP1xx_HAL_Driver/stm32mp1xx_hal_pwr.d" -MT"Drivers/STM32MP1xx_HAL_Driver/stm32mp1xx_hal_pwr.o" --specs=nano.specs -mfpu=fpv4-sp-d16 -mfloat-abi=hard -mthumb -o "Drivers/STM32MP1xx_HAL_Driver/stm32mp1xx_hal_pwr.o"
arm-none-eabi-gcc "D:/STM32MP157_M4/CubeIDE/7-1 UART4/Drivers/STM32MP1xx_HAL_Driver/Src/stm32mp1xx_hal_pwr_ex.c" -mcpu=cortex-m4 -std=gnu11 -g3 -DSTM32MP157Dxx -DUSE_HAL_DRIVER -DCORE_CM4 -DDEBUG -c -I../Core/Inc -I../../Drivers/STM32MP1xx_HAL_Driver/Inc -I../../Drivers/STM32MP1xx_HAL_Driver/Inc/Legacy -I../../Drivers/CMSIS/Device/ST/STM32MP1xx/Include -I../../Drivers/CMSIS/Include -O0 -ffunction-sections -fdata-sections -Wall -fstack-usage -MMD -MP -MF"Drivers/STM32MP1xx_HAL_Driver/stm32mp1xx_hal_pwr_ex.d" -MT"Drivers/STM32MP1xx_HAL_Driver/stm32mp1xx_hal_pwr_ex.o" --specs=nano.specs -mfpu=fpv4-sp-d16 -mfloat-abi=hard -mthumb -o "Drivers/STM32MP1xx_HAL_Driver/stm32mp1xx_hal_pwr_ex.o"
arm-none-eabi-gcc "D:/STM32MP157_M4/CubeIDE/7-1 UART4/Drivers/STM32MP1xx_HAL_Driver/Src/stm32mp1xx_hal_rcc.c" -mcpu=cortex-m4 -std=gnu11 -g3 -DSTM32MP157Dxx -DUSE_HAL_DRIVER -DCORE_CM4 -DDEBUG -c -I../Core/Inc -I../../Drivers/STM32MP1xx_HAL_Driver/Inc -I../../Drivers/STM32MP1xx_HAL_Driver/Inc/Legacy -I../../Drivers/CMSIS/Device/ST/STM32MP1xx/Include -I../../Drivers/CMSIS/Include -O0 -ffunction-sections -fdata-sections -Wall -fstack-usage -MMD -MP -MF"Drivers/STM32MP1xx_HAL_Driver/stm32mp1xx_hal_rcc.d" -MT"Drivers/STM32MP1xx_HAL_Driver/stm32mp1xx_hal_rcc.o" --specs=nano.specs -mfpu=fpv4-sp-d16 -mfloat-abi=hard -mthumb -o "Drivers/STM32MP1xx_HAL_Driver/stm32mp1xx_hal_rcc.o"
arm-none-eabi-gcc "D:/STM32MP157_M4/CubeIDE/7-1 UART4/Drivers/STM32MP1xx_HAL_Driver/Src/stm32mp1xx_hal_rcc_ex.c" -mcpu=cortex-m4 -std=gnu11 -g3 -DSTM32MP157Dxx -DUSE_HAL_DRIVER -DCORE_CM4 -DDEBUG -c -I../Core/Inc -I../../Drivers/STM32MP1xx_HAL_Driver/Inc -I../../Drivers/STM32MP1xx_HAL_Driver/Inc/Legacy -I../../Drivers/CMSIS/Device/ST/STM32MP1xx/Include -I../../Drivers/CMSIS/Include -O0 -ffunction-sections -fdata-sections -Wall -fstack-usage -MMD -MP -MF"Drivers/STM32MP1xx_HAL_Driver/stm32mp1xx_hal_rcc_ex.d" -MT"Drivers/STM32MP1xx_HAL_Driver/stm32mp1xx_hal_rcc_ex.o" --specs=nano.specs -mfpu=fpv4-sp-d16 -mfloat-abi=hard -mthumb -o "Drivers/STM32MP1xx_HAL_Driver/stm32mp1xx_hal_rcc_ex.o"
arm-none-eabi-gcc "D:/STM32MP157_M4/CubeIDE/7-1 UART4/Drivers/STM32MP1xx_HAL_Driver/Src/stm32mp1xx_hal_tim.c" -mcpu=cortex-m4 -std=gnu11 -g3 -DSTM32MP157Dxx -DUSE_HAL_DRIVER -DCORE_CM4 -DDEBUG -c -I../Core/Inc -I../../Drivers/STM32MP1xx_HAL_Driver/Inc -I../../Drivers/STM32MP1xx_HAL_Driver/Inc/Legacy -I../../Drivers/CMSIS/Device/ST/STM32MP1xx/Include -I../../Drivers/CMSIS/Include -O0 -ffunction-sections -fdata-sections -Wall -fstack-usage -MMD -MP -MF"Drivers/STM32MP1xx_HAL_Driver/stm32mp1xx_hal_tim.d" -MT"Drivers/STM32MP1xx_HAL_Driver/stm32mp1xx_hal_tim.o" --specs=nano.specs -mfpu=fpv4-sp-d16 -mfloat-abi=hard -mthumb -o "Drivers/STM32MP1xx_HAL_Driver/stm32mp1xx_hal_tim.o"
arm-none-eabi-gcc "D:/STM32MP157_M4/CubeIDE/7-1 UART4/Drivers/STM32MP1xx_HAL_Driver/Src/stm32mp1xx_hal_tim_ex.c" -mcpu=cortex-m4 -std=gnu11 -g3 -DSTM32MP157Dxx -DUSE_HAL_DRIVER -DCORE_CM4 -DDEBUG -c -I../Core/Inc -I../../Drivers/STM32MP1xx_HAL_Driver/Inc -I../../Drivers/STM32MP1xx_HAL_Driver/Inc/Legacy -I../../Drivers/CMSIS/Device/ST/STM32MP1xx/Include -I../../Drivers/CMSIS/Include -O0 -ffunction-sections -fdata-sections -Wall -fstack-usage -MMD -MP -MF"Drivers/STM32MP1xx_HAL_Driver/stm32mp1xx_hal_tim_ex.d" -MT"Drivers/STM32MP1xx_HAL_Driver/stm32mp1xx_hal_tim_ex.o" --specs=nano.specs -mfpu=fpv4-sp-d16 -mfloat-abi=hard -mthumb -o "Drivers/STM32MP1xx_HAL_Driver/stm32mp1xx_hal_tim_ex.o"
arm-none-eabi-gcc "D:/STM32MP157_M4/CubeIDE/7-1 UART4/Drivers/STM32MP1xx_HAL_Driver/Src/stm32mp1xx_hal_uart.c" -mcpu=cortex-m4 -std=gnu11 -g3 -DSTM32MP157Dxx -DUSE_HAL_DRIVER -DCORE_CM4 -DDEBUG -c -I../Core/Inc -I../../Drivers/STM32MP1xx_HAL_Driver/Inc -I../../Drivers/STM32MP1xx_HAL_Driver/Inc/Legacy -I../../Drivers/CMSIS/Device/ST/STM32MP1xx/Include -I../../Drivers/CMSIS/Include -O0 -ffunction-sections -fdata-sections -Wall -fstack-usage -MMD -MP -MF"Drivers/STM32MP1xx_HAL_Driver/stm32mp1xx_hal_uart.d" -MT"Drivers/STM32MP1xx_HAL_Driver/stm32mp1xx_hal_uart.o" --specs=nano.specs -mfpu=fpv4-sp-d16 -mfloat-abi=hard -mthumb -o "Drivers/STM32MP1xx_HAL_Driver/stm32mp1xx_hal_uart.o"
arm-none-eabi-gcc "D:/STM32MP157_M4/CubeIDE/7-1 UART4/Drivers/STM32MP1xx_HAL_Driver/Src/stm32mp1xx_hal_uart_ex.c" -mcpu=cortex-m4 -std=gnu11 -g3 -DSTM32MP157Dxx -DUSE_HAL_DRIVER -DCORE_CM4 -DDEBUG -c -I../Core/Inc -I../../Drivers/STM32MP1xx_HAL_Driver/Inc -I../../Drivers/STM32MP1xx_HAL_Driver/Inc/Legacy -I../../Drivers/CMSIS/Device/ST/STM32MP1xx/Include -I../../Drivers/CMSIS/Include -O0 -ffunction-sections -fdata-sections -Wall -fstack-usage -MMD -MP -MF"Drivers/STM32MP1xx_HAL_Driver/stm32mp1xx_hal_uart_ex.d" -MT"Drivers/STM32MP1xx_HAL_Driver/stm32mp1xx_hal_uart_ex.o" --specs=nano.specs -mfpu=fpv4-sp-d16 -mfloat-abi=hard -mthumb -o "Drivers/STM32MP1xx_HAL_Driver/stm32mp1xx_hal_uart_ex.o"
arm-none-eabi-gcc -mcpu=cortex-m4 -g3 -c -x assembler-with-cpp -MMD -MP -MF"Core/Startup/startup_stm32mp157daax.d" -MT"Core/Startup/startup_stm32mp157daax.o" --specs=nano.specs -mfpu=fpv4-sp-d16 -mfloat-abi=hard -mthumb -o "Core/Startup/startup_stm32mp157daax.o" "../Core/Startup/startup_stm32mp157daax.s"
arm-none-eabi-gcc "../Core/Src/gpio.c" -mcpu=cortex-m4 -std=gnu11 -g3 -DSTM32MP157Dxx -DUSE_HAL_DRIVER -DCORE_CM4 -DDEBUG -c -I../Core/Inc -I../../Drivers/STM32MP1xx_HAL_Driver/Inc -I../../Drivers/STM32MP1xx_HAL_Driver/Inc/Legacy -I../../Drivers/CMSIS/Device/ST/STM32MP1xx/Include -I../../Drivers/CMSIS/Include -O0 -ffunction-sections -fdata-sections -Wall -fstack-usage -MMD -MP -MF"Core/Src/gpio.d" -MT"Core/Src/gpio.o" --specs=nano.specs -mfpu=fpv4-sp-d16 -mfloat-abi=hard -mthumb -o "Core/Src/gpio.o"
arm-none-eabi-gcc "../Core/Src/main.c" -mcpu=cortex-m4 -std=gnu11 -g3 -DSTM32MP157Dxx -DUSE_HAL_DRIVER -DCORE_CM4 -DDEBUG -c -I../Core/Inc -I../../Drivers/STM32MP1xx_HAL_Driver/Inc -I../../Drivers/STM32MP1xx_HAL_Driver/Inc/Legacy -I../../Drivers/CMSIS/Device/ST/STM32MP1xx/Include -I../../Drivers/CMSIS/Include -O0 -ffunction-sections -fdata-sections -Wall -fstack-usage -MMD -MP -MF"Core/Src/main.d" -MT"Core/Src/main.o" --specs=nano.specs -mfpu=fpv4-sp-d16 -mfloat-abi=hard -mthumb -o "Core/Src/main.o"
arm-none-eabi-gcc "../Core/Src/stm32mp1xx_hal_msp.c" -mcpu=cortex-m4 -std=gnu11 -g3 -DSTM32MP157Dxx -DUSE_HAL_DRIVER -DCORE_CM4 -DDEBUG -c -I../Core/Inc -I../../Drivers/STM32MP1xx_HAL_Driver/Inc -I../../Drivers/STM32MP1xx_HAL_Driver/Inc/Legacy -I../../Drivers/CMSIS/Device/ST/STM32MP1xx/Include -I../../Drivers/CMSIS/Include -O0 -ffunction-sections -fdata-sections -Wall -fstack-usage -MMD -MP -MF"Core/Src/stm32mp1xx_hal_msp.d" -MT"Core/Src/stm32mp1xx_hal_msp.o" --specs=nano.specs -mfpu=fpv4-sp-d16 -mfloat-abi=hard -mthumb -o "Core/Src/stm32mp1xx_hal_msp.o"
arm-none-eabi-gcc "../Core/Src/stm32mp1xx_it.c" -mcpu=cortex-m4 -std=gnu11 -g3 -DSTM32MP157Dxx -DUSE_HAL_DRIVER -DCORE_CM4 -DDEBUG -c -I../Core/Inc -I../../Drivers/STM32MP1xx_HAL_Driver/Inc -I../../Drivers/STM32MP1xx_HAL_Driver/Inc/Legacy -I../../Drivers/CMSIS/Device/ST/STM32MP1xx/Include -I../../Drivers/CMSIS/Include -O0 -ffunction-sections -fdata-sections -Wall -fstack-usage -MMD -MP -MF"Core/Src/stm32mp1xx_it.d" -MT"Core/Src/stm32mp1xx_it.o" --specs=nano.specs -mfpu=fpv4-sp-d16 -mfloat-abi=hard -mthumb -o "Core/Src/stm32mp1xx_it.o"
arm-none-eabi-gcc "../Core/Src/syscalls.c" -mcpu=cortex-m4 -std=gnu11 -g3 -DSTM32MP157Dxx -DUSE_HAL_DRIVER -DCORE_CM4 -DDEBUG -c -I../Core/Inc -I../../Drivers/STM32MP1xx_HAL_Driver/Inc -I../../Drivers/STM32MP1xx_HAL_Driver/Inc/Legacy -I../../Drivers/CMSIS/Device/ST/STM32MP1xx/Include -I../../Drivers/CMSIS/Include -O0 -ffunction-sections -fdata-sections -Wall -fstack-usage -MMD -MP -MF"Core/Src/syscalls.d" -MT"Core/Src/syscalls.o" --specs=nano.specs -mfpu=fpv4-sp-d16 -mfloat-abi=hard -mthumb -o "Core/Src/syscalls.o"
arm-none-eabi-gcc "../Core/Src/sysmem.c" -mcpu=cortex-m4 -std=gnu11 -g3 -DSTM32MP157Dxx -DUSE_HAL_DRIVER -DCORE_CM4 -DDEBUG -c -I../Core/Inc -I../../Drivers/STM32MP1xx_HAL_Driver/Inc -I../../Drivers/STM32MP1xx_HAL_Driver/Inc/Legacy -I../../Drivers/CMSIS/Device/ST/STM32MP1xx/Include -I../../Drivers/CMSIS/Include -O0 -ffunction-sections -fdata-sections -Wall -fstack-usage -MMD -MP -MF"Core/Src/sysmem.d" -MT"Core/Src/sysmem.o" --specs=nano.specs -mfpu=fpv4-sp-d16 -mfloat-abi=hard -mthumb -o "Core/Src/sysmem.o"
arm-none-eabi-gcc "../Core/Src/usart.c" -mcpu=cortex-m4 -std=gnu11 -g3 -DSTM32MP157Dxx -DUSE_HAL_DRIVER -DCORE_CM4 -DDEBUG -c -I../Core/Inc -I../../Drivers/STM32MP1xx_HAL_Driver/Inc -I../../Drivers/STM32MP1xx_HAL_Driver/Inc/Legacy -I../../Drivers/CMSIS/Device/ST/STM32MP1xx/Include -I../../Drivers/CMSIS/Include -O0 -ffunction-sections -fdata-sections -Wall -fstack-usage -MMD -MP -MF"Core/Src/usart.d" -MT"Core/Src/usart.o" --specs=nano.specs -mfpu=fpv4-sp-d16 -mfloat-abi=hard -mthumb -o "Core/Src/usart.o"
arm-none-eabi-gcc "D:/STM32MP157_M4/CubeIDE/7-1 UART4/Common/System/system_stm32mp1xx.c" -mcpu=cortex-m4 -std=gnu11 -g3 -DSTM32MP157Dxx -DUSE_HAL_DRIVER -DCORE_CM4 -DDEBUG -c -I../Core/Inc -I../../Drivers/STM32MP1xx_HAL_Driver/Inc -I../../Drivers/STM32MP1xx_HAL_Driver/Inc/Legacy -I../../Drivers/CMSIS/Device/ST/STM32MP1xx/Include -I../../Drivers/CMSIS/Include -O0 -ffunction-sections -fdata-sections -Wall -fstack-usage -MMD -MP -MF"Common/System/system_stm32mp1xx.d" -MT"Common/System/system_stm32mp1xx.o" --specs=nano.specs -mfpu=fpv4-sp-d16 -mfloat-abi=hard -mthumb -o "Common/System/system_stm32mp1xx.o"
arm-none-eabi-gcc -o "UART_CM4.elf" @"objects.list"   -mcpu=cortex-m4 -T"D:\STM32MP157_M4\CubeIDE\7-1 UART4\CM4\STM32MP157DAAX_RAM.ld" --specs=nosys.specs -Wl,-Map="UART_CM4.map" -Wl,--gc-sections -static --specs=nano.specs -mfpu=fpv4-sp-d16 -mfloat-abi=hard -mthumb -Wl,--start-group -lc -lm -Wl,--end-group
Finished building target: UART_CM4.elf
 
arm-none-eabi-size   UART_CM4.elf 
arm-none-eabi-objdump -h -S  UART_CM4.elf  > "UART_CM4.list"
arm-none-eabi-objcopy  -O binary  UART_CM4.elf  "UART_CM4.bin"
   text	   data	    bss	    dec	    hex	filename
  31096	    120	   1752	  32968	   80c8	UART_CM4.elf
Finished building: default.size.stdout
 
Finished building: UART_CM4.list
 
Finished building: UART_CM4.bin
 
12:03:05 **** Incremental Build of configuration Debug for project UART_CM4 ****
make -j16 all 
arm-none-eabi-size   UART_CM4.elf 
   text	   data	    bss	    dec	    hex	filename
  31096	    120	   1752	  32968	   80c8	UART_CM4.elf
Finished building: default.size.stdout
 
12:05:46 **** Incremental Build of configuration Debug for project UART_CM4 ****
make -j16 all 
arm-none-eabi-gcc "../Core/Src/main.c" -mcpu=cortex-m4 -std=gnu11 -g3 -DSTM32MP157Dxx -DUSE_HAL_DRIVER -DCORE_CM4 -DDEBUG -c -I../Core/Inc -I../../Drivers/STM32MP1xx_HAL_Driver/Inc -I../../Drivers/STM32MP1xx_HAL_Driver/Inc/Legacy -I../../Drivers/CMSIS/Device/ST/STM32MP1xx/Include -I../../Drivers/CMSIS/Include -O0 -ffunction-sections -fdata-sections -Wall -fstack-usage -MMD -MP -MF"Core/Src/main.d" -MT"Core/Src/main.o" --specs=nano.specs -mfpu=fpv4-sp-d16 -mfloat-abi=hard -mthumb -o "Core/Src/main.o"
arm-none-eabi-gcc -o "UART_CM4.elf" @"objects.list"   -mcpu=cortex-m4 -T"D:\STM32MP157_M4\CubeIDE\7-1 UART4\CM4\STM32MP157DAAX_RAM.ld" --specs=nosys.specs -Wl,-Map="UART_CM4.map" -Wl,--gc-sections -static --specs=nano.specs -mfpu=fpv4-sp-d16 -mfloat-abi=hard -mthumb -Wl,--start-group -lc -lm -Wl,--end-group
Finished building target: UART_CM4.elf
 
arm-none-eabi-size   UART_CM4.elf 
arm-none-eabi-objdump -h -S  UART_CM4.elf  > "UART_CM4.list"
arm-none-eabi-objcopy  -O binary  UART_CM4.elf  "UART_CM4.bin"
   text	   data	    bss	    dec	    hex	filename
  29472	    120	   1752	  31344	   7a70	UART_CM4.elf
Finished building: default.size.stdout
 
Finished building: UART_CM4.list
 
Finished building: UART_CM4.bin
 
12:06:13 **** Incremental Build of configuration Debug for project UART_CM4 ****
make -j16 all 
arm-none-eabi-size   UART_CM4.elf 
   text	   data	    bss	    dec	    hex	filename
  29472	    120	   1752	  31344	   7a70	UART_CM4.elf
Finished building: default.size.stdout
 
12:06:24 **** Incremental Build of configuration Debug for project UART_CM4 ****
make -j16 all 
arm-none-eabi-gcc "../Core/Src/main.c" -mcpu=cortex-m4 -std=gnu11 -g3 -DSTM32MP157Dxx -DUSE_HAL_DRIVER -DCORE_CM4 -DDEBUG -c -I../Core/Inc -I../../Drivers/STM32MP1xx_HAL_Driver/Inc -I../../Drivers/STM32MP1xx_HAL_Driver/Inc/Legacy -I../../Drivers/CMSIS/Device/ST/STM32MP1xx/Include -I../../Drivers/CMSIS/Include -O0 -ffunction-sections -fdata-sections -Wall -fstack-usage -MMD -MP -MF"Core/Src/main.d" -MT"Core/Src/main.o" --specs=nano.specs -mfpu=fpv4-sp-d16 -mfloat-abi=hard -mthumb -o "Core/Src/main.o"
arm-none-eabi-gcc -o "UART_CM4.elf" @"objects.list"   -mcpu=cortex-m4 -T"D:\STM32MP157_M4\CubeIDE\7-1 UART4\CM4\STM32MP157DAAX_RAM.ld" --specs=nosys.specs -Wl,-Map="UART_CM4.map" -Wl,--gc-sections -static --specs=nano.specs -mfpu=fpv4-sp-d16 -mfloat-abi=hard -mthumb -Wl,--start-group -lc -lm -Wl,--end-group
Finished building target: UART_CM4.elf
 
arm-none-eabi-size   UART_CM4.elf 
arm-none-eabi-objdump -h -S  UART_CM4.elf  > "UART_CM4.list"
arm-none-eabi-objcopy  -O binary  UART_CM4.elf  "UART_CM4.bin"
   text	   data	    bss	    dec	    hex	filename
  29472	    120	   1752	  31344	   7a70	UART_CM4.elf
Finished building: default.size.stdout
 
Finished building: UART_CM4.list
 
Finished building: UART_CM4.bin
 
12:06:32 **** Incremental Build of configuration Debug for project UART_CM4 ****
make -j16 all 
arm-none-eabi-size   UART_CM4.elf 
   text	   data	    bss	    dec	    hex	filename
  29472	    120	   1752	  31344	   7a70	UART_CM4.elf
Finished building: default.size.stdout
 
12:10:18 **** Incremental Build of configuration Debug for project UART_CM4 ****
make -j16 all 
arm-none-eabi-gcc "../Core/Src/main.c" -mcpu=cortex-m4 -std=gnu11 -g3 -DSTM32MP157Dxx -DUSE_HAL_DRIVER -DCORE_CM4 -DDEBUG -c -I../Core/Inc -I../../Drivers/STM32MP1xx_HAL_Driver/Inc -I../../Drivers/STM32MP1xx_HAL_Driver/Inc/Legacy -I../../Drivers/CMSIS/Device/ST/STM32MP1xx/Include -I../../Drivers/CMSIS/Include -O0 -ffunction-sections -fdata-sections -Wall -fstack-usage -MMD -MP -MF"Core/Src/main.d" -MT"Core/Src/main.o" --specs=nano.specs -mfpu=fpv4-sp-d16 -mfloat-abi=hard -mthumb -o "Core/Src/main.o"
../Core/Src/main.c: In function 'main':
../Core/Src/main.c:145:41: warning: format '%X' expects argument of type 'unsigned int', but argument 2 has type 'uint32_t' {aka 'long unsigned int'} [-Wformat=]
  145 |   printf("\r\n SystemCoreClockFreqï¼?0x%X\r\n",que);
      |                                        ~^      ~~~
      |                                         |      |
      |                                         |      uint32_t {aka long unsigned int}
      |                                         unsigned int
      |                                        %lX
../Core/Src/main.c:148:41: warning: format '%X' expects argument of type 'unsigned int', but argument 2 has type 'uint32_t' {aka 'long unsigned int'} [-Wformat=]
  148 |   printf("\r\n SystemCoreClockFreqï¼?0x%X\r\n",que);
      |                                        ~^      ~~~
      |                                         |      |
      |                                         |      uint32_t {aka long unsigned int}
      |                                         unsigned int
      |                                        %lX
../Core/Src/main.c:149:38: warning: format '%X' expects argument of type 'unsigned int', but argument 2 has type 'uint32_t' {aka 'volatile long unsigned int'} [-Wformat=]
  149 |   printf("\r\n RCC->UART78CKSELR: 0x%X\r\n",RCC->UART78CKSELR);
      |                                     ~^
      |                                      |
      |                                      unsigned int
      |                                     %lX
../Core/Src/main.c:151:32: warning: format '%X' expects argument of type 'unsigned int', but argument 2 has type 'uint32_t' {aka 'volatile long unsigned int'} [-Wformat=]
  151 |   printf("\r\n RCC->PLL1CR: 0x%X\r\n",RCC->PLL1CR);
      |                               ~^
      |                                |
      |                                unsigned int
      |                               %lX
../Core/Src/main.c:152:35: warning: format '%X' expects argument of type 'unsigned int', but argument 2 has type 'uint32_t' {aka 'volatile long unsigned int'} [-Wformat=]
  152 |   printf("\r\n RCC->PLL1CFGR1: 0x%X\r\n",RCC->PLL1CFGR1);
      |                                  ~^
      |                                   |
      |                                   unsigned int
      |                                  %lX
../Core/Src/main.c:153:35: warning: format '%X' expects argument of type 'unsigned int', but argument 2 has type 'uint32_t' {aka 'volatile long unsigned int'} [-Wformat=]
  153 |   printf("\r\n RCC->PLL1CFGR2: 0x%X\r\n",RCC->PLL1CFGR2);
      |                                  ~^
      |                                   |
      |                                   unsigned int
      |                                  %lX
../Core/Src/main.c:154:35: warning: format '%X' expects argument of type 'unsigned int', but argument 2 has type 'uint32_t' {aka 'volatile long unsigned int'} [-Wformat=]
  154 |   printf("\r\n RCC->PLL1FRACR: 0x%X\r\n",RCC->PLL1FRACR);
      |                                  ~^
      |                                   |
      |                                   unsigned int
      |                                  %lX
../Core/Src/main.c:156:32: warning: format '%X' expects argument of type 'unsigned int', but argument 2 has type 'uint32_t' {aka 'volatile long unsigned int'} [-Wformat=]
  156 |   printf("\r\n RCC->PLL2CR: 0x%X\r\n",RCC->PLL2CR);
      |                               ~^
      |                                |
      |                                unsigned int
      |                               %lX
../Core/Src/main.c:157:35: warning: format '%X' expects argument of type 'unsigned int', but argument 2 has type 'uint32_t' {aka 'volatile long unsigned int'} [-Wformat=]
  157 |   printf("\r\n RCC->PLL2CFGR1: 0x%X\r\n",RCC->PLL2CFGR1);
      |                                  ~^
      |                                   |
      |                                   unsigned int
      |                                  %lX
../Core/Src/main.c:158:35: warning: format '%X' expects argument of type 'unsigned int', but argument 2 has type 'uint32_t' {aka 'volatile long unsigned int'} [-Wformat=]
  158 |   printf("\r\n RCC->PLL2CFGR2: 0x%X\r\n",RCC->PLL2CFGR2);
      |                                  ~^
      |                                   |
      |                                   unsigned int
      |                                  %lX
../Core/Src/main.c:159:35: warning: format '%X' expects argument of type 'unsigned int', but argument 2 has type 'uint32_t' {aka 'volatile long unsigned int'} [-Wformat=]
  159 |   printf("\r\n RCC->PLL2FRACR: 0x%X\r\n",RCC->PLL2FRACR);
      |                                  ~^
      |                                   |
      |                                   unsigned int
      |                                  %lX
../Core/Src/main.c:161:32: warning: format '%X' expects argument of type 'unsigned int', but argument 2 has type 'uint32_t' {aka 'volatile long unsigned int'} [-Wformat=]
  161 |   printf("\r\n RCC->PLL3CR: 0x%X\r\n",RCC->PLL3CR);
      |                               ~^
      |                                |
      |                                unsigned int
      |                               %lX
../Core/Src/main.c:162:35: warning: format '%X' expects argument of type 'unsigned int', but argument 2 has type 'uint32_t' {aka 'volatile long unsigned int'} [-Wformat=]
  162 |   printf("\r\n RCC->PLL3CFGR1: 0x%X\r\n",RCC->PLL3CFGR1);
      |                                  ~^
      |                                   |
      |                                   unsigned int
      |                                  %lX
../Core/Src/main.c:163:35: warning: format '%X' expects argument of type 'unsigned int', but argument 2 has type 'uint32_t' {aka 'volatile long unsigned int'} [-Wformat=]
  163 |   printf("\r\n RCC->PLL3CFGR2: 0x%X\r\n",RCC->PLL3CFGR2);
      |                                  ~^
      |                                   |
      |                                   unsigned int
      |                                  %lX
../Core/Src/main.c:164:35: warning: format '%X' expects argument of type 'unsigned int', but argument 2 has type 'uint32_t' {aka 'volatile long unsigned int'} [-Wformat=]
  164 |   printf("\r\n RCC->PLL3FRACR: 0x%X\r\n",RCC->PLL3FRACR);
      |                                  ~^
      |                                   |
      |                                   unsigned int
      |                                  %lX
../Core/Src/main.c:166:32: warning: format '%X' expects argument of type 'unsigned int', but argument 2 has type 'uint32_t' {aka 'volatile long unsigned int'} [-Wformat=]
  166 |   printf("\r\n RCC->PLL4CR: 0x%X\r\n",RCC->PLL4CR);
      |                               ~^
      |                                |
      |                                unsigned int
      |                               %lX
../Core/Src/main.c:167:35: warning: format '%X' expects argument of type 'unsigned int', but argument 2 has type 'uint32_t' {aka 'volatile long unsigned int'} [-Wformat=]
  167 |   printf("\r\n RCC->PLL4CFGR1: 0x%X\r\n",RCC->PLL4CFGR1);
      |                                  ~^
      |                                   |
      |                                   unsigned int
      |                                  %lX
../Core/Src/main.c:168:35: warning: format '%X' expects argument of type 'unsigned int', but argument 2 has type 'uint32_t' {aka 'volatile long unsigned int'} [-Wformat=]
  168 |   printf("\r\n RCC->PLL4CFGR2: 0x%X\r\n",RCC->PLL4CFGR2);
      |                                  ~^
      |                                   |
      |                                   unsigned int
      |                                  %lX
../Core/Src/main.c:169:35: warning: format '%X' expects argument of type 'unsigned int', but argument 2 has type 'uint32_t' {aka 'volatile long unsigned int'} [-Wformat=]
  169 |   printf("\r\n RCC->PLL4FRACR: 0x%X\r\n",RCC->PLL4FRACR);
      |                                  ~^
      |                                   |
      |                                   unsigned int
      |                                  %lX
arm-none-eabi-gcc -o "UART_CM4.elf" @"objects.list"   -mcpu=cortex-m4 -T"D:\STM32MP157_M4\CubeIDE\7-1 UART4\CM4\STM32MP157DAAX_RAM.ld" --specs=nosys.specs -Wl,-Map="UART_CM4.map" -Wl,--gc-sections -static --specs=nano.specs -mfpu=fpv4-sp-d16 -mfloat-abi=hard -mthumb -Wl,--start-group -lc -lm -Wl,--end-group
Finished building target: UART_CM4.elf
 
arm-none-eabi-size   UART_CM4.elf 
arm-none-eabi-objdump -h -S  UART_CM4.elf  > "UART_CM4.list"
arm-none-eabi-objcopy  -O binary  UART_CM4.elf  "UART_CM4.bin"
   text	   data	    bss	    dec	    hex	filename
  32104	    120	   1752	  33976	   84b8	UART_CM4.elf
Finished building: default.size.stdout
 
Finished building: UART_CM4.list
 
Finished building: UART_CM4.bin
 
12:10:31 **** Incremental Build of configuration Debug for project UART_CM4 ****
make -j16 all 
arm-none-eabi-size   UART_CM4.elf 
   text	   data	    bss	    dec	    hex	filename
  32104	    120	   1752	  33976	   84b8	UART_CM4.elf
Finished building: default.size.stdout
 
12:16:46 **** Incremental Build of configuration Debug for project UART_CM4 ****
make -j16 all 
arm-none-eabi-gcc "../Core/Src/main.c" -mcpu=cortex-m4 -std=gnu11 -g3 -DSTM32MP157Dxx -DUSE_HAL_DRIVER -DCORE_CM4 -DDEBUG -c -I../Core/Inc -I../../Drivers/STM32MP1xx_HAL_Driver/Inc -I../../Drivers/STM32MP1xx_HAL_Driver/Inc/Legacy -I../../Drivers/CMSIS/Device/ST/STM32MP1xx/Include -I../../Drivers/CMSIS/Include -O0 -ffunction-sections -fdata-sections -Wall -fstack-usage -MMD -MP -MF"Core/Src/main.d" -MT"Core/Src/main.o" --specs=nano.specs -mfpu=fpv4-sp-d16 -mfloat-abi=hard -mthumb -o "Core/Src/main.o"
../Core/Src/main.c: In function 'main':
../Core/Src/main.c:145:39: warning: format '%X' expects argument of type 'unsigned int', but argument 2 has type 'uint32_t' {aka 'long unsigned int'} [-Wformat=]
  145 |   printf("\r\n SystemCoreClockFreq:0x%X\r\n",que);
      |                                      ~^      ~~~
      |                                       |      |
      |                                       |      uint32_t {aka long unsigned int}
      |                                       unsigned int
      |                                      %lX
../Core/Src/main.c:148:29: warning: format '%d' expects argument of type 'int', but argument 2 has type 'uint32_t' {aka 'volatile long unsigned int'} [-Wformat=]
  148 |   printf("\r\n UART8->BRR: %d\r\n",UART8->BRR);
      |                            ~^
      |                             |
      |                             int
      |                            %ld
../Core/Src/main.c:149:37: warning: format '%X' expects argument of type 'unsigned int', but argument 2 has type 'uint32_t' {aka 'volatile long unsigned int'} [-Wformat=]
  149 |   printf("\r\n RCC->UART78CKSELR:0x%X\r\n",RCC->UART78CKSELR);
      |                                    ~^
      |                                     |
      |                                     unsigned int
      |                                    %lX
../Core/Src/main.c:151:32: warning: format '%X' expects argument of type 'unsigned int', but argument 2 has type 'uint32_t' {aka 'volatile long unsigned int'} [-Wformat=]
  151 |   printf("\r\n RCC->PLL1CR: 0x%X\r\n",RCC->PLL1CR);
      |                               ~^
      |                                |
      |                                unsigned int
      |                               %lX
../Core/Src/main.c:152:35: warning: format '%X' expects argument of type 'unsigned int', but argument 2 has type 'uint32_t' {aka 'volatile long unsigned int'} [-Wformat=]
  152 |   printf("\r\n RCC->PLL1CFGR1: 0x%X\r\n",RCC->PLL1CFGR1);
      |                                  ~^
      |                                   |
      |                                   unsigned int
      |                                  %lX
../Core/Src/main.c:153:35: warning: format '%X' expects argument of type 'unsigned int', but argument 2 has type 'uint32_t' {aka 'volatile long unsigned int'} [-Wformat=]
  153 |   printf("\r\n RCC->PLL1CFGR2: 0x%X\r\n",RCC->PLL1CFGR2);
      |                                  ~^
      |                                   |
      |                                   unsigned int
      |                                  %lX
../Core/Src/main.c:154:35: warning: format '%X' expects argument of type 'unsigned int', but argument 2 has type 'uint32_t' {aka 'volatile long unsigned int'} [-Wformat=]
  154 |   printf("\r\n RCC->PLL1FRACR: 0x%X\r\n",RCC->PLL1FRACR);
      |                                  ~^
      |                                   |
      |                                   unsigned int
      |                                  %lX
../Core/Src/main.c:156:32: warning: format '%X' expects argument of type 'unsigned int', but argument 2 has type 'uint32_t' {aka 'volatile long unsigned int'} [-Wformat=]
  156 |   printf("\r\n RCC->PLL2CR: 0x%X\r\n",RCC->PLL2CR);
      |                               ~^
      |                                |
      |                                unsigned int
      |                               %lX
../Core/Src/main.c:157:35: warning: format '%X' expects argument of type 'unsigned int', but argument 2 has type 'uint32_t' {aka 'volatile long unsigned int'} [-Wformat=]
  157 |   printf("\r\n RCC->PLL2CFGR1: 0x%X\r\n",RCC->PLL2CFGR1);
      |                                  ~^
      |                                   |
      |                                   unsigned int
      |                                  %lX
../Core/Src/main.c:158:35: warning: format '%X' expects argument of type 'unsigned int', but argument 2 has type 'uint32_t' {aka 'volatile long unsigned int'} [-Wformat=]
  158 |   printf("\r\n RCC->PLL2CFGR2: 0x%X\r\n",RCC->PLL2CFGR2);
      |                                  ~^
      |                                   |
      |                                   unsigned int
      |                                  %lX
../Core/Src/main.c:159:35: warning: format '%X' expects argument of type 'unsigned int', but argument 2 has type 'uint32_t' {aka 'volatile long unsigned int'} [-Wformat=]
  159 |   printf("\r\n RCC->PLL2FRACR: 0x%X\r\n",RCC->PLL2FRACR);
      |                                  ~^
      |                                   |
      |                                   unsigned int
      |                                  %lX
../Core/Src/main.c:161:32: warning: format '%X' expects argument of type 'unsigned int', but argument 2 has type 'uint32_t' {aka 'volatile long unsigned int'} [-Wformat=]
  161 |   printf("\r\n RCC->PLL3CR: 0x%X\r\n",RCC->PLL3CR);
      |                               ~^
      |                                |
      |                                unsigned int
      |                               %lX
../Core/Src/main.c:162:35: warning: format '%X' expects argument of type 'unsigned int', but argument 2 has type 'uint32_t' {aka 'volatile long unsigned int'} [-Wformat=]
  162 |   printf("\r\n RCC->PLL3CFGR1: 0x%X\r\n",RCC->PLL3CFGR1);
      |                                  ~^
      |                                   |
      |                                   unsigned int
      |                                  %lX
../Core/Src/main.c:163:35: warning: format '%X' expects argument of type 'unsigned int', but argument 2 has type 'uint32_t' {aka 'volatile long unsigned int'} [-Wformat=]
  163 |   printf("\r\n RCC->PLL3CFGR2: 0x%X\r\n",RCC->PLL3CFGR2);
      |                                  ~^
      |                                   |
      |                                   unsigned int
      |                                  %lX
../Core/Src/main.c:164:35: warning: format '%X' expects argument of type 'unsigned int', but argument 2 has type 'uint32_t' {aka 'volatile long unsigned int'} [-Wformat=]
  164 |   printf("\r\n RCC->PLL3FRACR: 0x%X\r\n",RCC->PLL3FRACR);
      |                                  ~^
      |                                   |
      |                                   unsigned int
      |                                  %lX
../Core/Src/main.c:166:32: warning: format '%X' expects argument of type 'unsigned int', but argument 2 has type 'uint32_t' {aka 'volatile long unsigned int'} [-Wformat=]
  166 |   printf("\r\n RCC->PLL4CR: 0x%X\r\n",RCC->PLL4CR);
      |                               ~^
      |                                |
      |                                unsigned int
      |                               %lX
../Core/Src/main.c:167:35: warning: format '%X' expects argument of type 'unsigned int', but argument 2 has type 'uint32_t' {aka 'volatile long unsigned int'} [-Wformat=]
  167 |   printf("\r\n RCC->PLL4CFGR1: 0x%X\r\n",RCC->PLL4CFGR1);
      |                                  ~^
      |                                   |
      |                                   unsigned int
      |                                  %lX
../Core/Src/main.c:168:35: warning: format '%X' expects argument of type 'unsigned int', but argument 2 has type 'uint32_t' {aka 'volatile long unsigned int'} [-Wformat=]
  168 |   printf("\r\n RCC->PLL4CFGR2: 0x%X\r\n",RCC->PLL4CFGR2);
      |                                  ~^
      |                                   |
      |                                   unsigned int
      |                                  %lX
../Core/Src/main.c:169:35: warning: format '%X' expects argument of type 'unsigned int', but argument 2 has type 'uint32_t' {aka 'volatile long unsigned int'} [-Wformat=]
  169 |   printf("\r\n RCC->PLL4FRACR: 0x%X\r\n",RCC->PLL4FRACR);
      |                                  ~^
      |                                   |
      |                                   unsigned int
      |                                  %lX
arm-none-eabi-gcc -o "UART_CM4.elf" @"objects.list"   -mcpu=cortex-m4 -T"D:\STM32MP157_M4\CubeIDE\7-1 UART4\CM4\STM32MP157DAAX_RAM.ld" --specs=nosys.specs -Wl,-Map="UART_CM4.map" -Wl,--gc-sections -static --specs=nano.specs -mfpu=fpv4-sp-d16 -mfloat-abi=hard -mthumb -Wl,--start-group -lc -lm -Wl,--end-group
Finished building target: UART_CM4.elf
 
arm-none-eabi-size   UART_CM4.elf 
arm-none-eabi-objdump -h -S  UART_CM4.elf  > "UART_CM4.list"
arm-none-eabi-objcopy  -O binary  UART_CM4.elf  "UART_CM4.bin"
   text	   data	    bss	    dec	    hex	filename
  33748	    120	   1752	  35620	   8b24	UART_CM4.elf
Finished building: default.size.stdout
 
Finished building: UART_CM4.list
 
Finished building: UART_CM4.bin
 
12:16:59 **** Incremental Build of configuration Debug for project UART_CM4 ****
make -j16 all 
arm-none-eabi-size   UART_CM4.elf 
   text	   data	    bss	    dec	    hex	filename
  33748	    120	   1752	  35620	   8b24	UART_CM4.elf
Finished building: default.size.stdout
 
12:23:24 **** Incremental Build of configuration Debug for project UART_CM4 ****
make -j16 all 
arm-none-eabi-gcc "../Core/Src/main.c" -mcpu=cortex-m4 -std=gnu11 -g3 -DSTM32MP157Dxx -DUSE_HAL_DRIVER -DCORE_CM4 -DDEBUG -c -I../Core/Inc -I../../Drivers/STM32MP1xx_HAL_Driver/Inc -I../../Drivers/STM32MP1xx_HAL_Driver/Inc/Legacy -I../../Drivers/CMSIS/Device/ST/STM32MP1xx/Include -I../../Drivers/CMSIS/Include -O0 -ffunction-sections -fdata-sections -Wall -fstack-usage -MMD -MP -MF"Core/Src/main.d" -MT"Core/Src/main.o" --specs=nano.specs -mfpu=fpv4-sp-d16 -mfloat-abi=hard -mthumb -o "Core/Src/main.o"
../Core/Src/main.c: In function 'main':
../Core/Src/main.c:144:31: warning: format '%X' expects argument of type 'unsigned int', but argument 2 has type 'uint32_t' {aka 'volatile long unsigned int'} [-Wformat=]
  144 |   printf("\r\n SCB->AIRCR :0x%X\r\n",SCB->AIRCR);
      |                              ~^
      |                               |
      |                               unsigned int
      |                              %lX
../Core/Src/main.c:147:39: warning: format '%X' expects argument of type 'unsigned int', but argument 2 has type 'uint32_t' {aka 'long unsigned int'} [-Wformat=]
  147 |   printf("\r\n SystemCoreClockFreq:0x%X\r\n",que);
      |                                      ~^      ~~~
      |                                       |      |
      |                                       |      uint32_t {aka long unsigned int}
      |                                       unsigned int
      |                                      %lX
../Core/Src/main.c:150:29: warning: format '%d' expects argument of type 'int', but argument 2 has type 'uint32_t' {aka 'volatile long unsigned int'} [-Wformat=]
  150 |   printf("\r\n UART8->BRR: %d\r\n",UART8->BRR);
      |                            ~^
      |                             |
      |                             int
      |                            %ld
../Core/Src/main.c:151:37: warning: format '%X' expects argument of type 'unsigned int', but argument 2 has type 'uint32_t' {aka 'volatile long unsigned int'} [-Wformat=]
  151 |   printf("\r\n RCC->UART78CKSELR:0x%X\r\n",RCC->UART78CKSELR);
      |                                    ~^
      |                                     |
      |                                     unsigned int
      |                                    %lX
../Core/Src/main.c:153:32: warning: format '%X' expects argument of type 'unsigned int', but argument 2 has type 'uint32_t' {aka 'volatile long unsigned int'} [-Wformat=]
  153 |   printf("\r\n RCC->PLL1CR: 0x%X\r\n",RCC->PLL1CR);
      |                               ~^
      |                                |
      |                                unsigned int
      |                               %lX
../Core/Src/main.c:154:35: warning: format '%X' expects argument of type 'unsigned int', but argument 2 has type 'uint32_t' {aka 'volatile long unsigned int'} [-Wformat=]
  154 |   printf("\r\n RCC->PLL1CFGR1: 0x%X\r\n",RCC->PLL1CFGR1);
      |                                  ~^
      |                                   |
      |                                   unsigned int
      |                                  %lX
../Core/Src/main.c:155:35: warning: format '%X' expects argument of type 'unsigned int', but argument 2 has type 'uint32_t' {aka 'volatile long unsigned int'} [-Wformat=]
  155 |   printf("\r\n RCC->PLL1CFGR2: 0x%X\r\n",RCC->PLL1CFGR2);
      |                                  ~^
      |                                   |
      |                                   unsigned int
      |                                  %lX
../Core/Src/main.c:156:35: warning: format '%X' expects argument of type 'unsigned int', but argument 2 has type 'uint32_t' {aka 'volatile long unsigned int'} [-Wformat=]
  156 |   printf("\r\n RCC->PLL1FRACR: 0x%X\r\n",RCC->PLL1FRACR);
      |                                  ~^
      |                                   |
      |                                   unsigned int
      |                                  %lX
../Core/Src/main.c:158:32: warning: format '%X' expects argument of type 'unsigned int', but argument 2 has type 'uint32_t' {aka 'volatile long unsigned int'} [-Wformat=]
  158 |   printf("\r\n RCC->PLL2CR: 0x%X\r\n",RCC->PLL2CR);
      |                               ~^
      |                                |
      |                                unsigned int
      |                               %lX
../Core/Src/main.c:159:35: warning: format '%X' expects argument of type 'unsigned int', but argument 2 has type 'uint32_t' {aka 'volatile long unsigned int'} [-Wformat=]
  159 |   printf("\r\n RCC->PLL2CFGR1: 0x%X\r\n",RCC->PLL2CFGR1);
      |                                  ~^
      |                                   |
      |                                   unsigned int
      |                                  %lX
../Core/Src/main.c:160:35: warning: format '%X' expects argument of type 'unsigned int', but argument 2 has type 'uint32_t' {aka 'volatile long unsigned int'} [-Wformat=]
  160 |   printf("\r\n RCC->PLL2CFGR2: 0x%X\r\n",RCC->PLL2CFGR2);
      |                                  ~^
      |                                   |
      |                                   unsigned int
      |                                  %lX
../Core/Src/main.c:161:35: warning: format '%X' expects argument of type 'unsigned int', but argument 2 has type 'uint32_t' {aka 'volatile long unsigned int'} [-Wformat=]
  161 |   printf("\r\n RCC->PLL2FRACR: 0x%X\r\n",RCC->PLL2FRACR);
      |                                  ~^
      |                                   |
      |                                   unsigned int
      |                                  %lX
../Core/Src/main.c:163:32: warning: format '%X' expects argument of type 'unsigned int', but argument 2 has type 'uint32_t' {aka 'volatile long unsigned int'} [-Wformat=]
  163 |   printf("\r\n RCC->PLL3CR: 0x%X\r\n",RCC->PLL3CR);
      |                               ~^
      |                                |
      |                                unsigned int
      |                               %lX
../Core/Src/main.c:164:35: warning: format '%X' expects argument of type 'unsigned int', but argument 2 has type 'uint32_t' {aka 'volatile long unsigned int'} [-Wformat=]
  164 |   printf("\r\n RCC->PLL3CFGR1: 0x%X\r\n",RCC->PLL3CFGR1);
      |                                  ~^
      |                                   |
      |                                   unsigned int
      |                                  %lX
../Core/Src/main.c:165:35: warning: format '%X' expects argument of type 'unsigned int', but argument 2 has type 'uint32_t' {aka 'volatile long unsigned int'} [-Wformat=]
  165 |   printf("\r\n RCC->PLL3CFGR2: 0x%X\r\n",RCC->PLL3CFGR2);
      |                                  ~^
      |                                   |
      |                                   unsigned int
      |                                  %lX
../Core/Src/main.c:166:35: warning: format '%X' expects argument of type 'unsigned int', but argument 2 has type 'uint32_t' {aka 'volatile long unsigned int'} [-Wformat=]
  166 |   printf("\r\n RCC->PLL3FRACR: 0x%X\r\n",RCC->PLL3FRACR);
      |                                  ~^
      |                                   |
      |                                   unsigned int
      |                                  %lX
../Core/Src/main.c:168:32: warning: format '%X' expects argument of type 'unsigned int', but argument 2 has type 'uint32_t' {aka 'volatile long unsigned int'} [-Wformat=]
  168 |   printf("\r\n RCC->PLL4CR: 0x%X\r\n",RCC->PLL4CR);
      |                               ~^
      |                                |
      |                                unsigned int
      |                               %lX
../Core/Src/main.c:169:35: warning: format '%X' expects argument of type 'unsigned int', but argument 2 has type 'uint32_t' {aka 'volatile long unsigned int'} [-Wformat=]
  169 |   printf("\r\n RCC->PLL4CFGR1: 0x%X\r\n",RCC->PLL4CFGR1);
      |                                  ~^
      |                                   |
[...]
../Core/Src/main.c:310:35: warning: format '%X' expects argument of type 'unsigned int', but argument 2 has type 'uint32_t' {aka 'volatile long unsigned int'} [-Wformat=]
  310 |   printf("\r\n RCC->PLL2FRACR: 0x%X\r\n",RCC->PLL2FRACR);
      |                                  ~^
      |                                   |
      |                                   unsigned int
      |                                  %lX
../Core/Src/main.c:312:32: warning: format '%X' expects argument of type 'unsigned int', but argument 2 has type 'uint32_t' {aka 'volatile long unsigned int'} [-Wformat=]
  312 |   printf("\r\n RCC->PLL3CR: 0x%X\r\n",RCC->PLL3CR);
      |                               ~^
      |                                |
      |                                unsigned int
      |                               %lX
../Core/Src/main.c:313:35: warning: format '%X' expects argument of type 'unsigned int', but argument 2 has type 'uint32_t' {aka 'volatile long unsigned int'} [-Wformat=]
  313 |   printf("\r\n RCC->PLL3CFGR1: 0x%X\r\n",RCC->PLL3CFGR1);
      |                                  ~^
      |                                   |
      |                                   unsigned int
      |                                  %lX
../Core/Src/main.c:314:35: warning: format '%X' expects argument of type 'unsigned int', but argument 2 has type 'uint32_t' {aka 'volatile long unsigned int'} [-Wformat=]
  314 |   printf("\r\n RCC->PLL3CFGR2: 0x%X\r\n",RCC->PLL3CFGR2);
      |                                  ~^
      |                                   |
      |                                   unsigned int
      |                                  %lX
../Core/Src/main.c:315:35: warning: format '%X' expects argument of type 'unsigned int', but argument 2 has type 'uint32_t' {aka 'volatile long unsigned int'} [-Wformat=]
  315 |   printf("\r\n RCC->PLL3FRACR: 0x%X\r\n",RCC->PLL3FRACR);
      |                                  ~^
      |                                   |
      |                                   unsigned int
      |                                  %lX
../Core/Src/main.c:317:32: warning: format '%X' expects argument of type 'unsigned int', but argument 2 has type 'uint32_t' {aka 'volatile long unsigned int'} [-Wformat=]
  317 |   printf("\r\n RCC->PLL4CR: 0x%X\r\n",RCC->PLL4CR);
      |                               ~^
      |                                |
      |                                unsigned int
      |                               %lX
../Core/Src/main.c:318:35: warning: format '%X' expects argument of type 'unsigned int', but argument 2 has type 'uint32_t' {aka 'volatile long unsigned int'} [-Wformat=]
  318 |   printf("\r\n RCC->PLL4CFGR1: 0x%X\r\n",RCC->PLL4CFGR1);
      |                                  ~^
      |                                   |
      |                                   unsigned int
      |                                  %lX
../Core/Src/main.c:319:35: warning: format '%X' expects argument of type 'unsigned int', but argument 2 has type 'uint32_t' {aka 'volatile long unsigned int'} [-Wformat=]
  319 |   printf("\r\n RCC->PLL4CFGR2: 0x%X\r\n",RCC->PLL4CFGR2);
      |                                  ~^
      |                                   |
      |                                   unsigned int
      |                                  %lX
../Core/Src/main.c:320:35: warning: format '%X' expects argument of type 'unsigned int', but argument 2 has type 'uint32_t' {aka 'volatile long unsigned int'} [-Wformat=]
  320 |   printf("\r\n RCC->PLL4FRACR: 0x%X\r\n",RCC->PLL4FRACR);
      |                                  ~^
      |                                   |
      |                                   unsigned int
      |                                  %lX
arm-none-eabi-gcc -o "UART_CM4.elf" @"objects.list"   -mcpu=cortex-m4 -T"D:\STM32MP157_M4\CubeIDE\7-1 UART4\CM4\STM32MP157DAAX_RAM.ld" --specs=nosys.specs -Wl,-Map="UART_CM4.map" -Wl,--gc-sections -static --specs=nano.specs -mfpu=fpv4-sp-d16 -mfloat-abi=hard -mthumb -Wl,--start-group -lc -lm -Wl,--end-group
Finished building target: UART_CM4.elf
 
arm-none-eabi-size   UART_CM4.elf 
arm-none-eabi-objdump -h -S  UART_CM4.elf  > "UART_CM4.list"
arm-none-eabi-objcopy  -O binary  UART_CM4.elf  "UART_CM4.bin"
   text	   data	    bss	    dec	    hex	filename
  34772	    120	   1752	  36644	   8f24	UART_CM4.elf
Finished building: default.size.stdout
 
Finished building: UART_CM4.list
 
Finished building: UART_CM4.bin
 
17:56:18 **** Incremental Build of configuration Debug for project UART_CM4 ****
make -j16 all 
arm-none-eabi-size   UART_CM4.elf 
   text	   data	    bss	    dec	    hex	filename
  34772	    120	   1752	  36644	   8f24	UART_CM4.elf
Finished building: default.size.stdout
 
10:05:32 **** Incremental Build of configuration Debug for project UART_CM4 ****
make -j16 all 
arm-none-eabi-gcc "../Core/Src/gpio.c" -mcpu=cortex-m4 -std=gnu11 -g3 -DSTM32MP157Dxx -DUSE_HAL_DRIVER -DCORE_CM4 -DDEBUG -c -I../Core/Inc -I../../Drivers/STM32MP1xx_HAL_Driver/Inc -I../../Drivers/STM32MP1xx_HAL_Driver/Inc/Legacy -I../../Drivers/CMSIS/Device/ST/STM32MP1xx/Include -I../../Drivers/CMSIS/Include -O0 -ffunction-sections -fdata-sections -Wall -fstack-usage -MMD -MP -MF"Core/Src/gpio.d" -MT"Core/Src/gpio.o" --specs=nano.specs -mfpu=fpv4-sp-d16 -mfloat-abi=hard -mthumb -o "Core/Src/gpio.o"
arm-none-eabi-gcc "../Core/Src/usart.c" -mcpu=cortex-m4 -std=gnu11 -g3 -DSTM32MP157Dxx -DUSE_HAL_DRIVER -DCORE_CM4 -DDEBUG -c -I../Core/Inc -I../../Drivers/STM32MP1xx_HAL_Driver/Inc -I../../Drivers/STM32MP1xx_HAL_Driver/Inc/Legacy -I../../Drivers/CMSIS/Device/ST/STM32MP1xx/Include -I../../Drivers/CMSIS/Include -O0 -ffunction-sections -fdata-sections -Wall -fstack-usage -MMD -MP -MF"Core/Src/usart.d" -MT"Core/Src/usart.o" --specs=nano.specs -mfpu=fpv4-sp-d16 -mfloat-abi=hard -mthumb -o "Core/Src/usart.o"
../Core/Src/usart.c: In function 'HAL_UART_MspInit':
../Core/Src/usart.c:87:3: warning: implicit declaration of function 'enable_pclock' [-Wimplicit-function-declaration]
   87 |   enable_pclock((uint32_t)UART4);
      |   ^~~~~~~~~~~~~
../Core/Src/usart.c:67:20: warning: unused variable 'GPIO_InitStruct' [-Wunused-variable]
   67 |   GPIO_InitTypeDef GPIO_InitStruct = {0};
      |                    ^~~~~~~~~~~~~~~
arm-none-eabi-gcc -o "UART_CM4.elf" @"objects.list"   -mcpu=cortex-m4 -T"D:\STM32MP157_M4\CubeIDE\7-1 UART4\CM4\STM32MP157DAAX_RAM.ld" --specs=nosys.specs -Wl,-Map="UART_CM4.map" -Wl,--gc-sections -static --specs=nano.specs -mfpu=fpv4-sp-d16 -mfloat-abi=hard -mthumb -Wl,--start-group -lc -lm -Wl,--end-group
Finished building target: UART_CM4.elf
 
arm-none-eabi-size   UART_CM4.elf 
arm-none-eabi-objdump -h -S  UART_CM4.elf  > "UART_CM4.list"
arm-none-eabi-objcopy  -O binary  UART_CM4.elf  "UART_CM4.bin"
   text	   data	    bss	    dec	    hex	filename
  34784	    120	   1752	  36656	   8f30	UART_CM4.elf
Finished building: default.size.stdout
 
Finished building: UART_CM4.list
 
Finished building: UART_CM4.bin
 
10:06:17 **** Incremental Build of configuration Debug for project UART_CM4 ****
make -j16 all 
arm-none-eabi-size   UART_CM4.elf 
   text	   data	    bss	    dec	    hex	filename
  34784	    120	   1752	  36656	   8f30	UART_CM4.elf
Finished building: default.size.stdout
 
10:06:42 **** Incremental Build of configuration Debug for project UART_CM4 ****
make -j16 all 
arm-none-eabi-size   UART_CM4.elf 
   text	   data	    bss	    dec	    hex	filename
  34784	    120	   1752	  36656	   8f30	UART_CM4.elf
Finished building: default.size.stdout
 
10:07:04 **** Incremental Build of configuration Debug for project UART_CM4 ****
make -j16 all 
arm-none-eabi-size   UART_CM4.elf 
   text	   data	    bss	    dec	    hex	filename
  34784	    120	   1752	  36656	   8f30	UART_CM4.elf
Finished building: default.size.stdout
 
10:07:11 **** Incremental Build of configuration Debug for project UART_CM4 ****
make -j16 all 
arm-none-eabi-size   UART_CM4.elf 
   text	   data	    bss	    dec	    hex	filename
  34784	    120	   1752	  36656	   8f30	UART_CM4.elf
Finished building: default.size.stdout
 
10:07:52 **** Incremental Build of configuration Debug for project UART_CM4 ****
make -j16 all 
arm-none-eabi-size   UART_CM4.elf 
   text	   data	    bss	    dec	    hex	filename
  34784	    120	   1752	  36656	   8f30	UART_CM4.elf
Finished building: default.size.stdout
 
10:08:24 **** Incremental Build of configuration Debug for project UART_CM4 ****
make -j16 all 
arm-none-eabi-size   UART_CM4.elf 
   text	   data	    bss	    dec	    hex	filename
  34784	    120	   1752	  36656	   8f30	UART_CM4.elf
Finished building: default.size.stdout
 
10:08:30 **** Incremental Build of configuration Debug for project UART_CM4 ****
make -j16 all 
arm-none-eabi-size   UART_CM4.elf 
   text	   data	    bss	    dec	    hex	filename
  34784	    120	   1752	  36656	   8f30	UART_CM4.elf
Finished building: default.size.stdout
 
10:10:52 **** Incremental Build of configuration Debug for project UART_CM4 ****
make -j16 all 
arm-none-eabi-size   UART_CM4.elf 
   text	   data	    bss	    dec	    hex	filename
  34784	    120	   1752	  36656	   8f30	UART_CM4.elf
Finished building: default.size.stdout
 
10:11:46 **** Incremental Build of configuration Debug for project UART_CM4 ****
make -j16 all 
arm-none-eabi-size   UART_CM4.elf 
   text	   data	    bss	    dec	    hex	filename
  34784	    120	   1752	  36656	   8f30	UART_CM4.elf
Finished building: default.size.stdout
 
10:11:52 **** Incremental Build of configuration Debug for project UART_CM4 ****
make -j16 all 
arm-none-eabi-size   UART_CM4.elf 
   text	   data	    bss	    dec	    hex	filename
  34784	    120	   1752	  36656	   8f30	UART_CM4.elf
Finished building: default.size.stdout
 
10:18:40 **** Incremental Build of configuration Debug for project UART_CM4 ****
make -j16 all 
arm-none-eabi-size   UART_CM4.elf 
   text	   data	    bss	    dec	    hex	filename
  34784	    120	   1752	  36656	   8f30	UART_CM4.elf
Finished building: default.size.stdout
 
10:19:35 **** Incremental Build of configuration Debug for project UART_CM4 ****
make -j16 all 
arm-none-eabi-gcc "../Core/Src/main.c" -mcpu=cortex-m4 -std=gnu11 -g3 -DSTM32MP157Dxx -DUSE_HAL_DRIVER -DCORE_CM4 -DDEBUG -c -I../Core/Inc -I../../Drivers/STM32MP1xx_HAL_Driver/Inc -I../../Drivers/STM32MP1xx_HAL_Driver/Inc/Legacy -I../../Drivers/CMSIS/Device/ST/STM32MP1xx/Include -I../../Drivers/CMSIS/Include -O0 -ffunction-sections -fdata-sections -Wall -fstack-usage -MMD -MP -MF"Core/Src/main.d" -MT"Core/Src/main.o" --specs=nano.specs -mfpu=fpv4-sp-d16 -mfloat-abi=hard -mthumb -o "Core/Src/main.o"
../Core/Src/main.c: In function 'main':
../Core/Src/main.c:296:39: warning: format '%d' expects argument of type 'int', but argument 2 has type 'uint32_t' {aka 'long unsigned int'} [-Wformat=]
  296 |   printf("\r\n SystemCoreClockFreq:0x%d\r\n",que);
      |                                      ~^      ~~~
      |                                       |      |
      |                                       int    uint32_t {aka long unsigned int}
      |                                      %ld
../Core/Src/main.c:299:30: warning: format '%X' expects argument of type 'unsigned int', but argument 2 has type 'uint32_t' {aka 'volatile long unsigned int'} [-Wformat=]
  299 |   printf("\r\n UART8->BRR:0x%X\r\n",UART8->BRR);
      |                             ~^
      |                              |
      |                              unsigned int
      |                             %lX
../Core/Src/main.c:300:38: warning: format '%X' expects argument of type 'unsigned int', but argument 2 has type 'uint32_t' {aka 'volatile long unsigned int'} [-Wformat=]
  300 |   printf("\r\n RCC->UART78CKSELR: 0x%X\r\n",RCC->UART78CKSELR);
      |                                     ~^
      |                                      |
      |                                      unsigned int
      |                                     %lX
../Core/Src/main.c:302:32: warning: format '%X' expects argument of type 'unsigned int', but argument 2 has type 'uint32_t' {aka 'volatile long unsigned int'} [-Wformat=]
  302 |   printf("\r\n RCC->PLL1CR: 0x%X\r\n",RCC->PLL1CR);
      |                               ~^
      |                                |
      |                                unsigned int
      |                               %lX
../Core/Src/main.c:303:35: warning: format '%X' expects argument of type 'unsigned int', but argument 2 has type 'uint32_t' {aka 'volatile long unsigned int'} [-Wformat=]
  303 |   printf("\r\n RCC->PLL1CFGR1: 0x%X\r\n",RCC->PLL1CFGR1);
      |                                  ~^
      |                                   |
      |                                   unsigned int
      |                                  %lX
../Core/Src/main.c:304:35: warning: format '%X' expects argument of type 'unsigned int', but argument 2 has type 'uint32_t' {aka 'volatile long unsigned int'} [-Wformat=]
  304 |   printf("\r\n RCC->PLL1CFGR2: 0x%X\r\n",RCC->PLL1CFGR2);
      |                                  ~^
      |                                   |
      |                                   unsigned int
      |                                  %lX
../Core/Src/main.c:305:35: warning: format '%X' expects argument of type 'unsigned int', but argument 2 has type 'uint32_t' {aka 'volatile long unsigned int'} [-Wformat=]
  305 |   printf("\r\n RCC->PLL1FRACR: 0x%X\r\n",RCC->PLL1FRACR);
      |                                  ~^
      |                                   |
      |                                   unsigned int
      |                                  %lX
../Core/Src/main.c:307:32: warning: format '%X' expects argument of type 'unsigned int', but argument 2 has type 'uint32_t' {aka 'volatile long unsigned int'} [-Wformat=]
  307 |   printf("\r\n RCC->PLL2CR: 0x%X\r\n",RCC->PLL2CR);
      |                               ~^
      |                                |
      |                                unsigned int
      |                               %lX
../Core/Src/main.c:308:35: warning: format '%X' expects argument of type 'unsigned int', but argument 2 has type 'uint32_t' {aka 'volatile long unsigned int'} [-Wformat=]
  308 |   printf("\r\n RCC->PLL2CFGR1: 0x%X\r\n",RCC->PLL2CFGR1);
      |                                  ~^
      |                                   |
      |                                   unsigned int
      |                                  %lX
../Core/Src/main.c:309:35: warning: format '%X' expects argument of type 'unsigned int', but argument 2 has type 'uint32_t' {aka 'volatile long unsigned int'} [-Wformat=]
  309 |   printf("\r\n RCC->PLL2CFGR2: 0x%X\r\n",RCC->PLL2CFGR2);
      |                                  ~^
      |                                   |
      |                                   unsigned int
      |                                  %lX
../Core/Src/main.c:310:35: warning: format '%X' expects argument of type 'unsigned int', but argument 2 has type 'uint32_t' {aka 'volatile long unsigned int'} [-Wformat=]
  310 |   printf("\r\n RCC->PLL2FRACR: 0x%X\r\n",RCC->PLL2FRACR);
      |                                  ~^
      |                                   |
      |                                   unsigned int
      |                                  %lX
../Core/Src/main.c:312:32: warning: format '%X' expects argument of type 'unsigned int', but argument 2 has type 'uint32_t' {aka 'volatile long unsigned int'} [-Wformat=]
  312 |   printf("\r\n RCC->PLL3CR: 0x%X\r\n",RCC->PLL3CR);
      |                               ~^
      |                                |
      |                                unsigned int
      |                               %lX
../Core/Src/main.c:313:35: warning: format '%X' expects argument of type 'unsigned int', but argument 2 has type 'uint32_t' {aka 'volatile long unsigned int'} [-Wformat=]
  313 |   printf("\r\n RCC->PLL3CFGR1: 0x%X\r\n",RCC->PLL3CFGR1);
      |                                  ~^
      |                                   |
      |                                   unsigned int
      |                                  %lX
../Core/Src/main.c:314:35: warning: format '%X' expects argument of type 'unsigned int', but argument 2 has type 'uint32_t' {aka 'volatile long unsigned int'} [-Wformat=]
  314 |   printf("\r\n RCC->PLL3CFGR2: 0x%X\r\n",RCC->PLL3CFGR2);
      |                                  ~^
      |                                   |
      |                                   unsigned int
      |                                  %lX
../Core/Src/main.c:315:35: warning: format '%X' expects argument of type 'unsigned int', but argument 2 has type 'uint32_t' {aka 'volatile long unsigned int'} [-Wformat=]
  315 |   printf("\r\n RCC->PLL3FRACR: 0x%X\r\n",RCC->PLL3FRACR);
      |                                  ~^
      |                                   |
      |                                   unsigned int
      |                                  %lX
../Core/Src/main.c:317:32: warning: format '%X' expects argument of type 'unsigned int', but argument 2 has type 'uint32_t' {aka 'volatile long unsigned int'} [-Wformat=]
  317 |   printf("\r\n RCC->PLL4CR: 0x%X\r\n",RCC->PLL4CR);
      |                               ~^
      |                                |
      |                                unsigned int
      |                               %lX
../Core/Src/main.c:318:35: warning: format '%X' expects argument of type 'unsigned int', but argument 2 has type 'uint32_t' {aka 'volatile long unsigned int'} [-Wformat=]
  318 |   printf("\r\n RCC->PLL4CFGR1: 0x%X\r\n",RCC->PLL4CFGR1);
      |                                  ~^
      |                                   |
      |                                   unsigned int
      |                                  %lX
../Core/Src/main.c:319:35: warning: format '%X' expects argument of type 'unsigned int', but argument 2 has type 'uint32_t' {aka 'volatile long unsigned int'} [-Wformat=]
  319 |   printf("\r\n RCC->PLL4CFGR2: 0x%X\r\n",RCC->PLL4CFGR2);
      |                                  ~^
      |                                   |
      |                                   unsigned int
      |                                  %lX
../Core/Src/main.c:320:35: warning: format '%X' expects argument of type 'unsigned int', but argument 2 has type 'uint32_t' {aka 'volatile long unsigned int'} [-Wformat=]
  320 |   printf("\r\n RCC->PLL4FRACR: 0x%X\r\n",RCC->PLL4FRACR);
      |                                  ~^
      |                                   |
      |                                   unsigned int
      |                                  %lX
arm-none-eabi-gcc -o "UART_CM4.elf" @"objects.list"   -mcpu=cortex-m4 -T"D:\STM32MP157_M4\CubeIDE\7-1 UART4\CM4\STM32MP157DAAX_RAM.ld" --specs=nosys.specs -Wl,-Map="UART_CM4.map" -Wl,--gc-sections -static --specs=nano.specs -mfpu=fpv4-sp-d16 -mfloat-abi=hard -mthumb -Wl,--start-group -lc -lm -Wl,--end-group
Finished building target: UART_CM4.elf
 
arm-none-eabi-size   UART_CM4.elf 
arm-none-eabi-objdump -h -S  UART_CM4.elf  > "UART_CM4.list"
arm-none-eabi-objcopy  -O binary  UART_CM4.elf  "UART_CM4.bin"
   text	   data	    bss	    dec	    hex	filename
  34784	    120	   1752	  36656	   8f30	UART_CM4.elf
Finished building: default.size.stdout
 
Finished building: UART_CM4.list
 
Finished building: UART_CM4.bin
 
10:19:45 **** Incremental Build of configuration Debug for project UART_CM4 ****
make -j16 all 
arm-none-eabi-size   UART_CM4.elf 
   text	   data	    bss	    dec	    hex	filename
  34784	    120	   1752	  36656	   8f30	UART_CM4.elf
Finished building: default.size.stdout
 
10:19:58 **** Incremental Build of configuration Debug for project UART_CM4 ****
make -j16 all 
arm-none-eabi-size   UART_CM4.elf 
   text	   data	    bss	    dec	    hex	filename
  34784	    120	   1752	  36656	   8f30	UART_CM4.elf
Finished building: default.size.stdout
 
