Archive member included to satisfy reference by file (symbol)

/home/lodge/STM32MP157/tf-a/tf-a-stm32mp/../build/trusted/lib/libfdt.a(fdt.o)
                              /home/lodge/STM32MP157/tf-a/tf-a-stm32mp/../build/trusted/bl2/stm32mp_dt.o (fdt_check_header)
/home/lodge/STM32MP157/tf-a/tf-a-stm32mp/../build/trusted/lib/libfdt.a(fdt_addresses.o)
                              /home/lodge/STM32MP157/tf-a/tf-a-stm32mp/../build/trusted/bl2/stm32mp_dt.o (fdt_address_cells)
/home/lodge/STM32MP157/tf-a/tf-a-stm32mp/../build/trusted/lib/libfdt.a(fdt_ro.o)
                              /home/lodge/STM32MP157/tf-a/tf-a-stm32mp/../build/trusted/bl2/stm32mp_clkfunc.o (fdt_get_name)
/home/lodge/STM32MP157/tf-a/tf-a-stm32mp/../build/trusted/lib/libc.a(assert.o)
                              /home/lodge/STM32MP157/tf-a/tf-a-stm32mp/../build/trusted/bl2/io_block.o (__assert)
/home/lodge/STM32MP157/tf-a/tf-a-stm32mp/../build/trusted/lib/libc.a(memchr.o)
                              /home/lodge/STM32MP157/tf-a/tf-a-stm32mp/../build/trusted/lib/libfdt.a(fdt_ro.o) (memchr)
/home/lodge/STM32MP157/tf-a/tf-a-stm32mp/../build/trusted/lib/libc.a(memcmp.o)
                              /home/lodge/STM32MP157/tf-a/tf-a-stm32mp/../build/trusted/bl2/stm32mp_crypto_lib.o (memcmp)
/home/lodge/STM32MP157/tf-a/tf-a-stm32mp/../build/trusted/lib/libc.a(memcpy.o)
                              /home/lodge/STM32MP157/tf-a/tf-a-stm32mp/../build/trusted/bl2/io_block.o (memcpy)
/home/lodge/STM32MP157/tf-a/tf-a-stm32mp/../build/trusted/lib/libc.a(memmove.o)
                              /home/lodge/STM32MP157/tf-a/tf-a-stm32mp/../build/trusted/bl2/xlat_tables_core.o (memmove)
/home/lodge/STM32MP157/tf-a/tf-a-stm32mp/../build/trusted/lib/libc.a(memset.o)
                              /home/lodge/STM32MP157/tf-a/tf-a-stm32mp/../build/trusted/bl2/xlat_tables_core.o (memset)
/home/lodge/STM32MP157/tf-a/tf-a-stm32mp/../build/trusted/lib/libc.a(printf.o)
                              /home/lodge/STM32MP157/tf-a/tf-a-stm32mp/../build/trusted/bl2/tf_log.o (vprintf)
/home/lodge/STM32MP157/tf-a/tf-a-stm32mp/../build/trusted/lib/libc.a(putchar.o)
                              /home/lodge/STM32MP157/tf-a/tf-a-stm32mp/../build/trusted/bl2/tf_log.o (putchar)
/home/lodge/STM32MP157/tf-a/tf-a-stm32mp/../build/trusted/lib/libc.a(snprintf.o)
                              /home/lodge/STM32MP157/tf-a/tf-a-stm32mp/../build/trusted/bl2/stm32mp1_clk.o (snprintf)
/home/lodge/STM32MP157/tf-a/tf-a-stm32mp/../build/trusted/lib/libc.a(strchr.o)
                              /home/lodge/STM32MP157/tf-a/tf-a-stm32mp/../build/trusted/bl2/stm32mp_dt.o (strchr)
/home/lodge/STM32MP157/tf-a/tf-a-stm32mp/../build/trusted/lib/libc.a(strcmp.o)
                              /home/lodge/STM32MP157/tf-a/tf-a-stm32mp/../build/trusted/bl2/partition.o (strcmp)
/home/lodge/STM32MP157/tf-a/tf-a-stm32mp/../build/trusted/lib/libc.a(strlen.o)
                              /home/lodge/STM32MP157/tf-a/tf-a-stm32mp/../build/trusted/bl2/stpmic1.o (strlen)
/home/lodge/STM32MP157/tf-a/tf-a-stm32mp/../build/trusted/lib/libc.a(strncmp.o)
                              /home/lodge/STM32MP157/tf-a/tf-a-stm32mp/../build/trusted/bl2/raw_nand.o (strncmp)
/home/lodge/STM32MP157/tf-a/tf-a-stm32mp/../build/trusted/lib/libc.a(strnlen.o)
                              /home/lodge/STM32MP157/tf-a/tf-a-stm32mp/../build/trusted/lib/libfdt.a(fdt_ro.o) (strnlen)
/home/lodge/STM32MP157/tf-a/tf-a-stm32mp/../build/trusted/lib/libc.a(strrchr.o)
                              /home/lodge/STM32MP157/tf-a/tf-a-stm32mp/../build/trusted/lib/libfdt.a(fdt_ro.o) (strrchr)

Discarded input sections

 .text          0x0000000000000000        0x0 /home/lodge/STM32MP157/tf-a/tf-a-stm32mp/../build/trusted/bl2/build_message.o
 .data          0x0000000000000000        0x0 /home/lodge/STM32MP157/tf-a/tf-a-stm32mp/../build/trusted/bl2/build_message.o
 .bss           0x0000000000000000        0x0 /home/lodge/STM32MP157/tf-a/tf-a-stm32mp/../build/trusted/bl2/build_message.o
 .text          0x0000000000000000        0x0 /home/lodge/STM32MP157/tf-a/tf-a-stm32mp/../build/trusted/bl2/io_block.o
 .data          0x0000000000000000        0x0 /home/lodge/STM32MP157/tf-a/tf-a-stm32mp/../build/trusted/bl2/io_block.o
 .bss           0x0000000000000000        0x0 /home/lodge/STM32MP157/tf-a/tf-a-stm32mp/../build/trusted/bl2/io_block.o
 .text          0x0000000000000000        0x0 /home/lodge/STM32MP157/tf-a/tf-a-stm32mp/../build/trusted/bl2/io_dummy.o
 .data          0x0000000000000000        0x0 /home/lodge/STM32MP157/tf-a/tf-a-stm32mp/../build/trusted/bl2/io_dummy.o
 .bss           0x0000000000000000        0x0 /home/lodge/STM32MP157/tf-a/tf-a-stm32mp/../build/trusted/bl2/io_dummy.o
 .text          0x0000000000000000        0x0 /home/lodge/STM32MP157/tf-a/tf-a-stm32mp/../build/trusted/bl2/io_mtd.o
 .data          0x0000000000000000        0x0 /home/lodge/STM32MP157/tf-a/tf-a-stm32mp/../build/trusted/bl2/io_mtd.o
[...]
Memory Configuration

Name             Origin             Length             Attributes
RAM              0x000000002ffd6000 0x0000000000017000 xrw
*default*        0x0000000000000000 0xffffffffffffffff

Linker script and memory map

                0x000000002ffd6000                . = 0x2ffd6000
                0x0000000000000001                ASSERT ((. == ALIGN (0x1000)), BL2_BASE address is not aligned on a page boundary.)

ro              0x000000002ffd6000    0x11000
                0x000000002ffd6000                __RO_START__ = .
                0x000000002ffd6000                __TEXT_RESIDENT_START__ = .
 *bl2_el3_entrypoint.o(.text*)
 .text.asm.bl2_entrypoint
                0x000000002ffd6000      0x158 /home/lodge/STM32MP157/tf-a/tf-a-stm32mp/../build/trusted/bl2/bl2_el3_entrypoint.o
                0x000000002ffd6000                bl2_entrypoint
 .text.asm.bl2_run_next_image
                0x000000002ffd6158       0x40 /home/lodge/STM32MP157/tf-a/tf-a-stm32mp/../build/trusted/bl2/bl2_el3_entrypoint.o
                0x000000002ffd6158                bl2_run_next_image
 *(.text.asm.*)
 .text.asm.spin_lock
                0x000000002ffd6198       0x24 /home/lodge/STM32MP157/tf-a/tf-a-stm32mp/../build/trusted/bl2/spinlock.o
                0x000000002ffd6198                spin_lock
 .text.asm.spin_unlock
                0x000000002ffd61bc       0x18 /home/lodge/STM32MP157/tf-a/tf-a-stm32mp/../build/trusted/bl2/spinlock.o
                0x000000002ffd61bc                spin_unlock
 .text.asm.plat_set_my_stack
                0x000000002ffd61d4       0x10 /home/lodge/STM32MP157/tf-a/tf-a-stm32mp/../build/trusted/bl2/platform_up_stack.o
                0x000000002ffd61d4                plat_set_my_stack
 .text.asm.reset_handler
                0x000000002ffd61e4       0x38 /home/lodge/STM32MP157/tf-a/tf-a-stm32mp/../build/trusted/bl2/cpu_helpers.o
                0x000000002ffd61e4                reset_handler
 .text.asm.get_cpu_ops_ptr
                0x000000002ffd621c       0x44 /home/lodge/STM32MP157/tf-a/tf-a-stm32mp/../build/trusted/bl2/cpu_helpers.o
                0x000000002ffd621c                get_cpu_ops_ptr
 .text.asm.do_panic
                0x000000002ffd6260       0x3c /home/lodge/STM32MP157/tf-a/tf-a-stm32mp/../build/trusted/bl2/debug.o
                0x000000002ffd6260                do_panic
 .text.asm.report_exception
                0x000000002ffd629c       0x14 /home/lodge/STM32MP157/tf-a/tf-a-stm32mp/../build/trusted/bl2/debug.o
                0x000000002ffd629c                report_exception
 .text.asm.report_undef_inst
                0x000000002ffd62b0       0x10 /home/lodge/STM32MP157/tf-a/tf-a-stm32mp/../build/trusted/bl2/debug.o
                0x000000002ffd62b0                report_undef_inst
 .text.asm.report_prefetch_abort
                0x000000002ffd62c0       0x10 /home/lodge/STM32MP157/tf-a/tf-a-stm32mp/../build/trusted/bl2/debug.o
                0x000000002ffd62c0                report_prefetch_abort
 .text.asm.report_data_abort
                0x000000002ffd62d0       0x10 /home/lodge/STM32MP157/tf-a/tf-a-stm32mp/../build/trusted/bl2/debug.o
                0x000000002ffd62d0                report_data_abort
 .text.asm.asm_assert
                0x000000002ffd62e0       0x7c /home/lodge/STM32MP157/tf-a/tf-a-stm32mp/../build/trusted/bl2/debug.o
                0x000000002ffd62e0                asm_assert
 .text.asm.asm_print_str
                0x000000002ffd635c       0x1c /home/lodge/STM32MP157/tf-a/tf-a-stm32mp/../build/trusted/bl2/debug.o
                0x000000002ffd635c                asm_print_str
 .text.asm.asm_print_hex
                0x000000002ffd6378       0x34 /home/lodge/STM32MP157/tf-a/tf-a-stm32mp/../build/trusted/bl2/debug.o
                0x000000002ffd6378                asm_print_hex
 .text.asm.flush_dcache_range
                0x000000002ffd63ac       0x3c /home/lodge/STM32MP157/tf-a/tf-a-stm32mp/../build/trusted/bl2/cache_helpers.o
                0x000000002ffd63ac                flush_dcache_range
 .text.asm.clean_dcache_range
                0x000000002ffd63e8       0x3c /home/lodge/STM32MP157/tf-a/tf-a-stm32mp/../build/trusted/bl2/cache_helpers.o
                0x000000002ffd63e8                clean_dcache_range
 .text.asm.inv_dcache_range
                0x000000002ffd6424       0x3c /home/lodge/STM32MP157/tf-a/tf-a-stm32mp/../build/trusted/bl2/cache_helpers.o
                0x000000002ffd6424                inv_dcache_range
 .text.asm.zeromem
                0x000000002ffd6460       0x64 /home/lodge/STM32MP157/tf-a/tf-a-stm32mp/../build/trusted/bl2/misc_helpers.o
                0x000000002ffd6460                zeromem
                0x000000002ffd6460                zero_normalmem
 .text.asm.disable_mmu_secure
                0x000000002ffd64c4       0x1c /home/lodge/STM32MP157/tf-a/tf-a-stm32mp/../build/trusted/bl2/misc_helpers.o
                0x000000002ffd64c4                disable_mmu_secure
 .text.asm.disable_mmu_icache_secure
                0x000000002ffd64e0        0xc /home/lodge/STM32MP157/tf-a/tf-a-stm32mp/../build/trusted/bl2/misc_helpers.o
                0x000000002ffd64e0                disable_mmu_icache_secure
 .text.asm.console_stm32_core_init
                0x000000002ffd64ec       0x7c /home/lodge/STM32MP157/tf-a/tf-a-stm32mp/../build/trusted/bl2/stm32_console.o
                0x000000002ffd64ec                console_stm32_core_init
 .text.asm.console_stm32_register
                0x000000002ffd6568       0x58 /home/lodge/STM32MP157/tf-a/tf-a-stm32mp/../build/trusted/bl2/stm32_console.o
                0x000000002ffd6568                console_stm32_register
 .text.asm.console_stm32_core_putc
                0x000000002ffd65c0       0x48 /home/lodge/STM32MP157/tf-a/tf-a-stm32mp/../build/trusted/bl2/stm32_console.o
                0x000000002ffd65c0                console_stm32_core_putc
 .text.asm.console_stm32_putc
                0x000000002ffd6608       0x20 /home/lodge/STM32MP157/tf-a/tf-a-stm32mp/../build/trusted/bl2/stm32_console.o
                0x000000002ffd6608                console_stm32_putc
 .text.asm.console_stm32_core_flush
                0x000000002ffd6628       0x30 /home/lodge/STM32MP157/tf-a/tf-a-stm32mp/../build/trusted/bl2/stm32_console.o
                0x000000002ffd6628                console_stm32_core_flush
 .text.asm.console_stm32_flush
                0x000000002ffd6658       0x20 /home/lodge/STM32MP157/tf-a/tf-a-stm32mp/../build/trusted/bl2/stm32_console.o
                0x000000002ffd6658                console_stm32_flush
 .text.asm.enable_mmu_direct_svc_mon
                0x000000002ffd6678       0x80 /home/lodge/STM32MP157/tf-a/tf-a-stm32mp/../build/trusted/bl2/enable_mmu.o
                0x000000002ffd6678                enable_mmu_direct_svc_mon
 .text.asm.cortex_a7_enable_smp
                0x000000002ffd66f8       0x14 /home/lodge/STM32MP157/tf-a/tf-a-stm32mp/../build/trusted/bl2/cortex_a7.o
 .text.asm.cortex_a7_reset_func
                0x000000002ffd670c        0x4 /home/lodge/STM32MP157/tf-a/tf-a-stm32mp/../build/trusted/bl2/cortex_a7.o
 .text.asm.platform_mem_init
                0x000000002ffd6710        0x4 /home/lodge/STM32MP157/tf-a/tf-a-stm32mp/../build/trusted/bl2/stm32mp1_helper.o
                0x000000002ffd6710                platform_mem_init
 .text.asm.plat_report_exception
                0x000000002ffd6714       0x74 /home/lodge/STM32MP157/tf-a/tf-a-stm32mp/../build/trusted/bl2/stm32mp1_helper.o
                0x000000002ffd6714                plat_report_exception
 .text.asm.plat_report_undef_inst
                0x000000002ffd6788       0x30 /home/lodge/STM32MP157/tf-a/tf-a-stm32mp/../build/trusted/bl2/stm32mp1_helper.o
                0x000000002ffd6788                plat_report_undef_inst
 .text.asm.plat_report_prefetch_abort
                0x000000002ffd67b8       0x58 /home/lodge/STM32MP157/tf-a/tf-a-stm32mp/../build/trusted/bl2/stm32mp1_helper.o
                0x000000002ffd67b8                plat_report_prefetch_abort
 .text.asm.plat_report_data_abort
                0x000000002ffd6810       0x58 /home/lodge/STM32MP157/tf-a/tf-a-stm32mp/../build/trusted/bl2/stm32mp1_helper.o
                0x000000002ffd6810                plat_report_data_abort
 .text.asm.plat_reset_handler
                0x000000002ffd6868        0x4 /home/lodge/STM32MP157/tf-a/tf-a-stm32mp/../build/trusted/bl2/stm32mp1_helper.o
                0x000000002ffd6868                plat_reset_handler
 .text.asm.plat_get_my_entrypoint
                0x000000002ffd686c        0x8 /home/lodge/STM32MP157/tf-a/tf-a-stm32mp/../build/trusted/bl2/stm32mp1_helper.o
                0x000000002ffd686c                plat_get_my_entrypoint
 .text.asm.plat_secondary_cold_boot_setup
                0x000000002ffd6874        0x4 /home/lodge/STM32MP157/tf-a/tf-a-stm32mp/../build/trusted/bl2/stm32mp1_helper.o
                0x000000002ffd6874                plat_secondary_cold_boot_setup
 .text.asm.plat_is_my_cpu_primary
                0x000000002ffd6878       0x20 /home/lodge/STM32MP157/tf-a/tf-a-stm32mp/../build/trusted/bl2/stm32mp1_helper.o
                0x000000002ffd6878                plat_is_my_cpu_primary
 .text.asm.plat_crash_console_init
                0x000000002ffd6898       0xac /home/lodge/STM32MP157/tf-a/tf-a-stm32mp/../build/trusted/bl2/stm32mp1_helper.o
                0x000000002ffd6898                plat_crash_console_init
 .text.asm.plat_crash_console_flush
                0x000000002ffd6944        0xc /home/lodge/STM32MP157/tf-a/tf-a-stm32mp/../build/trusted/bl2/stm32mp1_helper.o
                0x000000002ffd6944                plat_crash_console_flush
 .text.asm.plat_crash_console_putc
                0x000000002ffd6950        0xc /home/lodge/STM32MP157/tf-a/tf-a-stm32mp/../build/trusted/bl2/stm32mp1_helper.o
                0x000000002ffd6950                plat_crash_console_putc
 .text.asm.plat_panic_handler
                0x000000002ffd695c       0x14 /home/lodge/STM32MP157/tf-a/tf-a-stm32mp/../build/trusted/bl2/stm32mp1_helper.o
                0x000000002ffd695c                plat_panic_handler
                0x000000002ffd6970                __TEXT_RESIDENT_END__ = .
 *(.text*)
 .text.device_type_block
                0x000000002ffd6970        0x4 /home/lodge/STM32MP157/tf-a/tf-a-stm32mp/../build/trusted/bl2/io_block.o
                0x000000002ffd6970                device_type_block
 .text.block_close
                0x000000002ffd6974        0x8 /home/lodge/STM32MP157/tf-a/tf-a-stm32mp/../build/trusted/bl2/io_block.o
 .text.block_seek
                0x000000002ffd697c       0x54 /home/lodge/STM32MP157/tf-a/tf-a-stm32mp/../build/trusted/bl2/io_block.o
 .text.block_open
                0x000000002ffd69d0       0x4c /home/lodge/STM32MP157/tf-a/tf-a-stm32mp/../build/trusted/bl2/io_block.o
 .text.block_write
                0x000000002ffd6a1c      0x114 /home/lodge/STM32MP157/tf-a/tf-a-stm32mp/../build/trusted/bl2/io_block.o
 .text.block_read
                0x000000002ffd6b30       0xe8 /home/lodge/STM32MP157/tf-a/tf-a-stm32mp/../build/trusted/bl2/io_block.o
 .text.block_dev_open
                0x000000002ffd6c18       0x78 /home/lodge/STM32MP157/tf-a/tf-a-stm32mp/../build/trusted/bl2/io_block.o
 .text.block_dev_close
                0x000000002ffd6c90       0x48 /home/lodge/STM32MP157/tf-a/tf-a-stm32mp/../build/trusted/bl2/io_block.o
 .text.register_io_dev_block
                0x000000002ffd6cd8       0x2c /home/lodge/STM32MP157/tf-a/tf-a-stm32mp/../build/trusted/bl2/io_block.o
                0x000000002ffd6cd8                register_io_dev_block
 .text.device_type_dummy
                0x000000002ffd6d04        0x4 /home/lodge/STM32MP157/tf-a/tf-a-stm32mp/../build/trusted/bl2/io_dummy.o
 .text.dummy_dev_close
                0x000000002ffd6d08        0x4 /home/lodge/STM32MP157/tf-a/tf-a-stm32mp/../build/trusted/bl2/io_dummy.o
 .text.dummy_dev_open
                0x000000002ffd6d0c       0x1c /home/lodge/STM32MP157/tf-a/tf-a-stm32mp/../build/trusted/bl2/io_dummy.o
 .text.dummy_block_close
                0x000000002ffd6d28       0x20 /home/lodge/STM32MP157/tf-a/tf-a-stm32mp/../build/trusted/bl2/io_dummy.o
 .text.dummy_block_read
                0x000000002ffd6d48       0x18 /home/lodge/STM32MP157/tf-a/tf-a-stm32mp/../build/trusted/bl2/io_dummy.o
 .text.dummy_block_len
                0x000000002ffd6d60       0x20 /home/lodge/STM32MP157/tf-a/tf-a-stm32mp/../build/trusted/bl2/io_dummy.o
 .text.dummy_block_open
                0x000000002ffd6d80       0x3c /home/lodge/STM32MP157/tf-a/tf-a-stm32mp/../build/trusted/bl2/io_dummy.o
 .text.register_io_dev_dummy
                0x000000002ffd6dbc       0x28 /home/lodge/STM32MP157/tf-a/tf-a-stm32mp/../build/trusted/bl2/io_dummy.o
                0x000000002ffd6dbc                register_io_dev_dummy
 .text.device_type_mtd
                0x000000002ffd6de4        0x4 /home/lodge/STM32MP157/tf-a/tf-a-stm32mp/../build/trusted/bl2/io_mtd.o
                0x000000002ffd6de4                device_type_mtd
 .text.mtd_close
                0x000000002ffd6de8        0x8 /home/lodge/STM32MP157/tf-a/tf-a-stm32mp/../build/trusted/bl2/io_mtd.o
 .text.mtd_read
                0x000000002ffd6df0       0x74 /home/lodge/STM32MP157/tf-a/tf-a-stm32mp/../build/trusted/bl2/io_mtd.o
 .text.mtd_seek
                0x000000002ffd6e64       0x60 /home/lodge/STM32MP157/tf-a/tf-a-stm32mp/../build/trusted/bl2/io_mtd.o
 .text.mtd_open
                0x000000002ffd6ec4       0x24 /home/lodge/STM32MP157/tf-a/tf-a-stm32mp/../build/trusted/bl2/io_mtd.o
 .text.mtd_dev_close
                0x000000002ffd6ee8       0x2c /home/lodge/STM32MP157/tf-a/tf-a-stm32mp/../build/trusted/bl2/io_mtd.o
 .text.mtd_dev_open
                0x000000002ffd6f14       0x4c /home/lodge/STM32MP157/tf-a/tf-a-stm32mp/../build/trusted/bl2/io_mtd.o
 .text.register_io_dev_mtd
                0x000000002ffd6f60       0x1c /home/lodge/STM32MP157/tf-a/tf-a-stm32mp/../build/trusted/bl2/io_mtd.o
                0x000000002ffd6f60                register_io_dev_mtd
 .text.is_valid_dev
                0x000000002ffd6f7c       0x18 /home/lodge/STM32MP157/tf-a/tf-a-stm32mp/../build/trusted/bl2/io_storage.o
 .text.is_valid_entity
                0x000000002ffd6f94       0x12 /home/lodge/STM32MP157/tf-a/tf-a-stm32mp/../build/trusted/bl2/io_storage.o
 *fill*         0x000000002ffd6fa6        0x2 
 .text.free_entity.isra.0
                0x000000002ffd6fa8       0x40 /home/lodge/STM32MP157/tf-a/tf-a-stm32mp/../build/trusted/bl2/io_storage.o
 .text.io_register_device
                0x000000002ffd6fe8       0x28 /home/lodge/STM32MP157/tf-a/tf-a-stm32mp/../build/trusted/bl2/io_storage.o
                0x000000002ffd6fe8                io_register_device
 .text.io_dev_open
                0x000000002ffd7010       0x28 /home/lodge/STM32MP157/tf-a/tf-a-stm32mp/../build/trusted/bl2/io_storage.o
                0x000000002ffd7010                io_dev_open
 .text.io_dev_init
                0x000000002ffd7038       0x34 /home/lodge/STM32MP157/tf-a/tf-a-stm32mp/../build/trusted/bl2/io_storage.o
                0x000000002ffd7038                io_dev_init
 .text.io_dev_close
                0x000000002ffd706c       0x30 /home/lodge/STM32MP157/tf-a/tf-a-stm32mp/../build/trusted/bl2/io_storage.o
                0x000000002ffd706c                io_dev_close
 .text.io_open  0x000000002ffd709c       0x94 /home/lodge/STM32MP157/tf-a/tf-a-stm32mp/../build/trusted/bl2/io_storage.o
                0x000000002ffd709c                io_open
 .text.io_seek  0x000000002ffd7130       0x4c /home/lodge/STM32MP157/tf-a/tf-a-stm32mp/../build/trusted/bl2/io_storage.o
                0x000000002ffd7130                io_seek
 .text.io_size  0x000000002ffd717c       0x34 /home/lodge/STM32MP157/tf-a/tf-a-stm32mp/../build/trusted/bl2/io_storage.o
                0x000000002ffd717c                io_size
 .text.io_read  0x000000002ffd71b0       0x48 /home/lodge/STM32MP157/tf-a/tf-a-stm32mp/../build/trusted/bl2/io_storage.o
                0x000000002ffd71b0                io_read
 .text.io_close
                0x000000002ffd71f8       0x30 /home/lodge/STM32MP157/tf-a/tf-a-stm32mp/../build/trusted/bl2/io_storage.o
                0x000000002ffd71f8                io_close
 .text.hash_write_data
                0x000000002ffd7228       0x64 /home/lodge/STM32MP157/tf-a/tf-a-stm32mp/../build/trusted/bl2/stm32_hash.o
 .text.stm32_hash_update
                0x000000002ffd728c       0xb0 /home/lodge/STM32MP157/tf-a/tf-a-stm32mp/../build/trusted/bl2/stm32_hash.o
                0x000000002ffd728c                stm32_hash_update
 .text.stm32_hash_final
                0x000000002ffd733c       0xec /home/lodge/STM32MP157/tf-a/tf-a-stm32mp/../build/trusted/bl2/stm32_hash.o
                0x000000002ffd733c                stm32_hash_final
 .text.stm32_hash_final_update
                0x000000002ffd7428       0x16 /home/lodge/STM32MP157/tf-a/tf-a-stm32mp/../build/trusted/bl2/stm32_hash.o
                0x000000002ffd7428                stm32_hash_final_update
 *fill*         0x000000002ffd743e        0x2 
 .text.stm32_hash_init
                0x000000002ffd7440       0x5c /home/lodge/STM32MP157/tf-a/tf-a-stm32mp/../build/trusted/bl2/stm32_hash.o
                0x000000002ffd7440                stm32_hash_init
 .text.stm32_hash_register
                0x000000002ffd749c       0x88 /home/lodge/STM32MP157/tf-a/tf-a-stm32mp/../build/trusted/bl2/stm32_hash.o
                0x000000002ffd749c                stm32_hash_register
 .text.device_type_stm32image
                0x000000002ffd7524        0x4 /home/lodge/STM32MP157/tf-a/tf-a-stm32mp/../build/trusted/bl2/io_stm32image.o
 .text.stm32image_dev_close
                0x000000002ffd7528       0x1c /home/lodge/STM32MP157/tf-a/tf-a-stm32mp/../build/trusted/bl2/io_stm32image.o
 .text.stm32image_partition_close
                0x000000002ffd7544        0xc /home/lodge/STM32MP157/tf-a/tf-a-stm32mp/../build/trusted/bl2/io_stm32image.o
 .text.stm32image_dev_init
                0x000000002ffd7550       0x44 /home/lodge/STM32MP157/tf-a/tf-a-stm32mp/../build/trusted/bl2/io_stm32image.o
 .text.stm32image_partition_read
                0x000000002ffd7594       0xfc /home/lodge/STM32MP157/tf-a/tf-a-stm32mp/../build/trusted/bl2/io_stm32image.o
 .text.stm32image_partition_size
                0x000000002ffd7690       0xec /home/lodge/STM32MP157/tf-a/tf-a-stm32mp/../build/trusted/bl2/io_stm32image.o
 .text.stm32image_dev_open
                0x000000002ffd777c       0x48 /home/lodge/STM32MP157/tf-a/tf-a-stm32mp/../build/trusted/bl2/io_stm32image.o
 .text.stm32image_partition_open
                0x000000002ffd77c4       0x50 /home/lodge/STM32MP157/tf-a/tf-a-stm32mp/../build/trusted/bl2/io_stm32image.o
 .text.register_io_dev_stm32image
                0x000000002ffd7814       0x2c /home/lodge/STM32MP157/tf-a/tf-a-stm32mp/../build/trusted/bl2/io_stm32image.o
                0x000000002ffd7814                register_io_dev_stm32image
 .text.boot_mmc
                0x000000002ffd7840      0x140 /home/lodge/STM32MP157/tf-a/tf-a-stm32mp/../build/trusted/bl2/bl2_io_storage.o
 .text.open_storage
                0x000000002ffd7980       0x10 /home/lodge/STM32MP157/tf-a/tf-a-stm32mp/../build/trusted/bl2/bl2_io_storage.o
 .text.open_image
                0x000000002ffd7990       0x10 /home/lodge/STM32MP157/tf-a/tf-a-stm32mp/../build/trusted/bl2/bl2_io_storage.o
 .text.open_dummy
                0x000000002ffd79a0       0x10 /home/lodge/STM32MP157/tf-a/tf-a-stm32mp/../build/trusted/bl2/bl2_io_storage.o
 .text.stm32mp_io_setup
                0x000000002ffd79b0      0x290 /home/lodge/STM32MP157/tf-a/tf-a-stm32mp/../build/trusted/bl2/bl2_io_storage.o
                0x000000002ffd79b0                stm32mp_io_setup
 .text.plat_get_image_source
                0x000000002ffd7c40       0x40 /home/lodge/STM32MP157/tf-a/tf-a-stm32mp/../build/trusted/bl2/bl2_io_storage.o
                0x000000002ffd7c40                plat_get_image_source
 .text.plat_try_next_boot_source
                0x000000002ffd7c80       0x84 /home/lodge/STM32MP157/tf-a/tf-a-stm32mp/../build/trusted/bl2/bl2_io_storage.o
                0x000000002ffd7c80                plat_try_next_boot_source
 .text.get_boot_device
                0x000000002ffd7d04        0x4 /home/lodge/STM32MP157/tf-a/tf-a-stm32mp/../build/trusted/bl2/bl2_plat_setup.o
                0x000000002ffd7d04                get_boot_device
 .text.bl2_el3_early_platform_setup
                0x000000002ffd7d08        0x4 /home/lodge/STM32MP157/tf-a/tf-a-stm32mp/../build/trusted/bl2/bl2_plat_setup.o
                0x000000002ffd7d08                bl2_el3_early_platform_setup
 .text.bl2_platform_setup
                0x000000002ffd7d0c       0x9c /home/lodge/STM32MP157/tf-a/tf-a-stm32mp/../build/trusted/bl2/bl2_plat_setup.o
                0x000000002ffd7d0c                bl2_platform_setup
 .text.bl2_el3_plat_arch_setup
                0x000000002ffd7da8      0x430 /home/lodge/STM32MP157/tf-a/tf-a-stm32mp/../build/trusted/bl2/bl2_plat_setup.o
                0x000000002ffd7da8                bl2_el3_plat_arch_setup
 .text.bl2_plat_handle_post_image_load
                0x000000002ffd81d8       0x30 /home/lodge/STM32MP157/tf-a/tf-a-stm32mp/../build/trusted/bl2/bl2_plat_setup.o
                0x000000002ffd81d8                bl2_plat_handle_post_image_load
 .text.auth_get_param
                0x000000002ffd8208       0x3e /home/lodge/STM32MP157/tf-a/tf-a-stm32mp/../build/trusted/bl2/auth_mod.o
 .text.plat_set_nv_ctr2
                0x000000002ffd8246        0x6 /home/lodge/STM32MP157/tf-a/tf-a-stm32mp/../build/trusted/bl2/auth_mod.o
                0x000000002ffd8246                plat_set_nv_ctr2
 .text.auth_mod_get_parent_id
                0x000000002ffd824c       0x40 /home/lodge/STM32MP157/tf-a/tf-a-stm32mp/../build/trusted/bl2/auth_mod.o
                0x000000002ffd824c                auth_mod_get_parent_id
 .text.auth_mod_init
                0x000000002ffd828c       0x28 /home/lodge/STM32MP157/tf-a/tf-a-stm32mp/../build/trusted/bl2/auth_mod.o
                0x000000002ffd828c                auth_mod_init
 .text.auth_mod_verify_img
                0x000000002ffd82b4      0x280 /home/lodge/STM32MP157/tf-a/tf-a-stm32mp/../build/trusted/bl2/auth_mod.o
                0x000000002ffd82b4                auth_mod_verify_img
 .text.crypto_mod_init
                0x000000002ffd8534       0x44 /home/lodge/STM32MP157/tf-a/tf-a-stm32mp/../build/trusted/bl2/crypto_mod.o
                0x000000002ffd8534                crypto_mod_init
 .text.crypto_mod_verify_signature
                0x000000002ffd8578       0x74 /home/lodge/STM32MP157/tf-a/tf-a-stm32mp/../build/trusted/bl2/crypto_mod.o
                0x000000002ffd8578                crypto_mod_verify_signature
 .text.crypto_mod_verify_hash
                0x000000002ffd85ec       0x38 /home/lodge/STM32MP157/tf-a/tf-a-stm32mp/../build/trusted/bl2/crypto_mod.o
                0x000000002ffd85ec                crypto_mod_verify_hash
 .text.img_parser_init
                0x000000002ffd8624       0x94 /home/lodge/STM32MP157/tf-a/tf-a-stm32mp/../build/trusted/bl2/img_parser_mod.o
                0x000000002ffd8624                img_parser_init
 .text.img_parser_check_integrity
                0x000000002ffd86b8       0x48 /home/lodge/STM32MP157/tf-a/tf-a-stm32mp/../build/trusted/bl2/img_parser_mod.o
                0x000000002ffd86b8                img_parser_check_integrity
 .text.img_parser_get_auth_param
                0x000000002ffd8700       0x78 /home/lodge/STM32MP157/tf-a/tf-a-stm32mp/../build/trusted/bl2/img_parser_mod.o
                0x000000002ffd8700                img_parser_get_auth_param
 .text.crypto_verify_hash
                0x000000002ffd8778       0x46 /home/lodge/STM32MP157/tf-a/tf-a-stm32mp/../build/trusted/bl2/stm32mp_crypto_lib.o
 *fill*         0x000000002ffd87be        0x2 
 .text.crypto_verify_signature
                0x000000002ffd87c0      0x100 /home/lodge/STM32MP157/tf-a/tf-a-stm32mp/../build/trusted/bl2/stm32mp_crypto_lib.o
 .text.crypto_lib_init
                0x000000002ffd88c0       0x60 /home/lodge/STM32MP157/tf-a/tf-a-stm32mp/../build/trusted/bl2/stm32mp_crypto_lib.o
 .text.img_lib_init
                0x000000002ffd8920        0x2 /home/lodge/STM32MP157/tf-a/tf-a-stm32mp/../build/trusted/bl2/stm32mp_img_parser_lib.o
 .text.img_get_auth_param
                0x000000002ffd8922       0x74 /home/lodge/STM32MP157/tf-a/tf-a-stm32mp/../build/trusted/bl2/stm32mp_img_parser_lib.o
 .text.img_check_integrity
                0x000000002ffd8996       0x12 /home/lodge/STM32MP157/tf-a/tf-a-stm32mp/../build/trusted/bl2/stm32mp_img_parser_lib.o
 .text.plat_get_rotpk_info
                0x000000002ffd89a8       0x8c /home/lodge/STM32MP157/tf-a/tf-a-stm32mp/../build/trusted/bl2/stm32mp_trusted_boot.o
                0x000000002ffd89a8                plat_get_rotpk_info
 .text.plat_get_nv_ctr
                0x000000002ffd8a34       0x1c /home/lodge/STM32MP157/tf-a/tf-a-stm32mp/../build/trusted/bl2/stm32mp_trusted_boot.o
                0x000000002ffd8a34                plat_get_nv_ctr
 .text.plat_set_nv_ctr
                0x000000002ffd8a50        0x6 /home/lodge/STM32MP157/tf-a/tf-a-stm32mp/../build/trusted/bl2/stm32mp_trusted_boot.o
                0x000000002ffd8a50                plat_set_nv_ctr
 *fill*         0x000000002ffd8a56        0x2 
 .text.mmc_send_cmd
                0x000000002ffd8a58       0x44 /home/lodge/STM32MP157/tf-a/tf-a-stm32mp/../build/trusted/bl2/mmc.o
 .text.mmc_device_state
                0x000000002ffd8a9c       0x44 /home/lodge/STM32MP157/tf-a/tf-a-stm32mp/../build/trusted/bl2/mmc.o
 .text.mmc_reset_to_idle
                0x000000002ffd8ae0       0x1c /home/lodge/STM32MP157/tf-a/tf-a-stm32mp/../build/trusted/bl2/mmc.o
 .text.mmc_set_ext_csd
                0x000000002ffd8afc       0x34 /home/lodge/STM32MP157/tf-a/tf-a-stm32mp/../build/trusted/bl2/mmc.o
 .text.sd_switch.constprop.0
                0x000000002ffd8b30       0x48 /home/lodge/STM32MP157/tf-a/tf-a-stm32mp/../build/trusted/bl2/mmc.o
 .text.mmc_read_blocks
                0x000000002ffd8b78       0xd0 /home/lodge/STM32MP157/tf-a/tf-a-stm32mp/../build/trusted/bl2/mmc.o
                0x000000002ffd8b78                mmc_read_blocks
 .text.mmc_init
                0x000000002ffd8c48      0x4c4 /home/lodge/STM32MP157/tf-a/tf-a-stm32mp/../build/trusted/bl2/mmc.o
                0x000000002ffd8c48                mmc_init
 .text.parse_gpt_entry
                0x000000002ffd910c       0x98 /home/lodge/STM32MP157/tf-a/tf-a-stm32mp/../build/trusted/bl2/gpt.o
                0x000000002ffd910c                parse_gpt_entry
 .text.load_partition_table
                0x000000002ffd91a4      0x1f4 /home/lodge/STM32MP157/tf-a/tf-a-stm32mp/../build/trusted/bl2/partition.o
                0x000000002ffd91a4                load_partition_table
 .text.get_partition_entry
                0x000000002ffd9398       0x40 /home/lodge/STM32MP157/tf-a/tf-a-stm32mp/../build/trusted/bl2/partition.o
                0x000000002ffd9398                get_partition_entry
 .text.partition_init
                0x000000002ffd93d8        0x4 /home/lodge/STM32MP157/tf-a/tf-a-stm32mp/../build/trusted/bl2/partition.o
                0x000000002ffd93d8                partition_init
 .text.device_type_mmc
                0x000000002ffd93dc        0x4 /home/lodge/STM32MP157/tf-a/tf-a-stm32mp/../build/trusted/bl2/io_mmc.o
 .text.mmc_dev_init
                0x000000002ffd93e0        0x4 /home/lodge/STM32MP157/tf-a/tf-a-stm32mp/../build/trusted/bl2/io_mmc.o
 .text.mmc_block_open
                0x000000002ffd93e4       0x10 /home/lodge/STM32MP157/tf-a/tf-a-stm32mp/../build/trusted/bl2/io_mmc.o
 .text.mmc_block_seek
                0x000000002ffd93f4       0x14 /home/lodge/STM32MP157/tf-a/tf-a-stm32mp/../build/trusted/bl2/io_mmc.o
 .text.mmc_block_close
                0x000000002ffd9408        0x4 /home/lodge/STM32MP157/tf-a/tf-a-stm32mp/../build/trusted/bl2/io_mmc.o
 .text.mmc_block_read
                0x000000002ffd940c       0x70 /home/lodge/STM32MP157/tf-a/tf-a-stm32mp/../build/trusted/bl2/io_mmc.o
 .text.mmc_dev_open
                0x000000002ffd947c       0x1c /home/lodge/STM32MP157/tf-a/tf-a-stm32mp/../build/trusted/bl2/io_mmc.o
 .text.mmc_dev_close
                0x000000002ffd9498        0x4 /home/lodge/STM32MP157/tf-a/tf-a-stm32mp/../build/trusted/bl2/io_mmc.o
 .text.register_io_dev_mmc
                0x000000002ffd949c       0x28 /home/lodge/STM32MP157/tf-a/tf-a-stm32mp/../build/trusted/bl2/io_mmc.o
                0x000000002ffd949c                register_io_dev_mmc
 .text.fdt32_to_cpu
                0x000000002ffd94c4        0x4 /home/lodge/STM32MP157/tf-a/tf-a-stm32mp/../build/trusted/bl2/stm32_sdmmc2.o
 .text.stm32_sdmmc2_write
                0x000000002ffd94c8        0x4 /home/lodge/STM32MP157/tf-a/tf-a-stm32mp/../build/trusted/bl2/stm32_sdmmc2.o
 .text.dump_registers
                0x000000002ffd94cc       0xc4 /home/lodge/STM32MP157/tf-a/tf-a-stm32mp/../build/trusted/bl2/stm32_sdmmc2.o
 .text.stm32_sdmmc2_set_ios
                0x000000002ffd9590       0x78 /home/lodge/STM32MP157/tf-a/tf-a-stm32mp/../build/trusted/bl2/stm32_sdmmc2.o
 .text.stm32_sdmmc2_init
                0x000000002ffd9608       0x94 /home/lodge/STM32MP157/tf-a/tf-a-stm32mp/../build/trusted/bl2/stm32_sdmmc2.o
 .text.stm32_sdmmc2_send_cmd.part.0
                0x000000002ffd969c      0x2ac /home/lodge/STM32MP157/tf-a/tf-a-stm32mp/../build/trusted/bl2/stm32_sdmmc2.o
 .text.stm32_sdmmc2_send_cmd
                0x000000002ffd9948       0x1c /home/lodge/STM32MP157/tf-a/tf-a-stm32mp/../build/trusted/bl2/stm32_sdmmc2.o
 .text.stm32_sdmmc2_stop_transfer
                0x000000002ffd9964       0x20 /home/lodge/STM32MP157/tf-a/tf-a-stm32mp/../build/trusted/bl2/stm32_sdmmc2.o
 .text.stm32_sdmmc2_read
                0x000000002ffd9984      0x12c /home/lodge/STM32MP157/tf-a/tf-a-stm32mp/../build/trusted/bl2/stm32_sdmmc2.o
 .text.plat_sdmmc2_use_dma
                0x000000002ffd9ab0        0x4 /home/lodge/STM32MP157/tf-a/tf-a-stm32mp/../build/trusted/bl2/stm32_sdmmc2.o
                0x000000002ffd9ab0                plat_sdmmc2_use_dma
 .text.stm32_sdmmc2_prepare
                0x000000002ffd9ab4       0xb4 /home/lodge/STM32MP157/tf-a/tf-a-stm32mp/../build/trusted/bl2/stm32_sdmmc2.o
 .text.stm32_sdmmc2_mmc_get_device_size
                0x000000002ffd9b68       0x10 /home/lodge/STM32MP157/tf-a/tf-a-stm32mp/../build/trusted/bl2/stm32_sdmmc2.o
                0x000000002ffd9b68                stm32_sdmmc2_mmc_get_device_size
 .text.stm32_sdmmc2_mmc_init
                0x000000002ffd9b78      0x190 /home/lodge/STM32MP157/tf-a/tf-a-stm32mp/../build/trusted/bl2/stm32_sdmmc2.o
                0x000000002ffd9b78                stm32_sdmmc2_mmc_init
 .text.nand_send_addr
                0x000000002ffd9d08       0x38 /home/lodge/STM32MP157/tf-a/tf-a-stm32mp/../build/trusted/bl2/raw_nand.o
 .text.nand_send_cmd
                0x000000002ffd9d40       0x2c /home/lodge/STM32MP157/tf-a/tf-a-stm32mp/../build/trusted/bl2/raw_nand.o
 .text.nand_read_data
                0x000000002ffd9d6c       0x40 /home/lodge/STM32MP157/tf-a/tf-a-stm32mp/../build/trusted/bl2/raw_nand.o
 .text.nand_send_wait
                0x000000002ffd9dac       0x34 /home/lodge/STM32MP157/tf-a/tf-a-stm32mp/../build/trusted/bl2/raw_nand.o
 .text.nand_read_param_page
                0x000000002ffd9de0       0xfc /home/lodge/STM32MP157/tf-a/tf-a-stm32mp/../build/trusted/bl2/raw_nand.o
 .text.nand_change_read_column_cmd
                0x000000002ffd9edc       0x58 /home/lodge/STM32MP157/tf-a/tf-a-stm32mp/../build/trusted/bl2/raw_nand.o
                0x000000002ffd9edc                nand_change_read_column_cmd
 .text.nand_read_page_cmd
                0x000000002ffd9f34       0xa0 /home/lodge/STM32MP157/tf-a/tf-a-stm32mp/../build/trusted/bl2/raw_nand.o
                0x000000002ffd9f34                nand_read_page_cmd
 .text.nand_mtd_read_page_raw
                0x000000002ffd9fd4       0x14 /home/lodge/STM32MP157/tf-a/tf-a-stm32mp/../build/trusted/bl2/raw_nand.o
 .text.nand_mtd_block_is_bad
                0x000000002ffd9fe8       0x50 /home/lodge/STM32MP157/tf-a/tf-a-stm32mp/../build/trusted/bl2/raw_nand.o
 .text.nand_wait_ready
                0x000000002ffda038       0x78 /home/lodge/STM32MP157/tf-a/tf-a-stm32mp/../build/trusted/bl2/raw_nand.o
                0x000000002ffda038                nand_wait_ready
 .text.nand_raw_ctrl_init
                0x000000002ffda0b0        0xc /home/lodge/STM32MP157/tf-a/tf-a-stm32mp/../build/trusted/bl2/raw_nand.o
                0x000000002ffda0b0                nand_raw_ctrl_init
 .text.nand_raw_init
                0x000000002ffda0bc       0xf0 /home/lodge/STM32MP157/tf-a/tf-a-stm32mp/../build/trusted/bl2/raw_nand.o
                0x000000002ffda0bc                nand_raw_init
 .text.fdt32_to_cpu
                0x000000002ffda1ac        0x4 /home/lodge/STM32MP157/tf-a/tf-a-stm32mp/../build/trusted/bl2/stm32_fmc2_nand.o
 .text.stm32_fmc2_set_buswidth_16
                0x000000002ffda1b0       0x20 /home/lodge/STM32MP157/tf-a/tf-a-stm32mp/../build/trusted/bl2/stm32_fmc2_nand.o
 .text.stm32_fmc2_set_ecc
                0x000000002ffda1d0       0x20 /home/lodge/STM32MP157/tf-a/tf-a-stm32mp/../build/trusted/bl2/stm32_fmc2_nand.o
 .text.stm32_fmc2_setup
                0x000000002ffda1f0       0x6c /home/lodge/STM32MP157/tf-a/tf-a-stm32mp/../build/trusted/bl2/stm32_fmc2_nand.o
 .text.stm32_fmc2_exec
                0x000000002ffda25c      0x170 /home/lodge/STM32MP157/tf-a/tf-a-stm32mp/../build/trusted/bl2/stm32_fmc2_nand.o
 .text.stm32_fmc2_read_page
                0x000000002ffda3cc      0x2fc /home/lodge/STM32MP157/tf-a/tf-a-stm32mp/../build/trusted/bl2/stm32_fmc2_nand.o
 .text.stm32_fmc2_init
                0x000000002ffda6c8      0x3d8 /home/lodge/STM32MP157/tf-a/tf-a-stm32mp/../build/trusted/bl2/stm32_fmc2_nand.o
                0x000000002ffda6c8                stm32_fmc2_init
 .text.spi_nand_reg
                0x000000002ffdaaa0       0x48 /home/lodge/STM32MP157/tf-a/tf-a-stm32mp/../build/trusted/bl2/spi_nand.o
 .text.spi_nand_update_cfg
                0x000000002ffdaae8       0x38 /home/lodge/STM32MP157/tf-a/tf-a-stm32mp/../build/trusted/bl2/spi_nand.o
 .text.spi_nand_wait_ready
                0x000000002ffdab20       0x54 /home/lodge/STM32MP157/tf-a/tf-a-stm32mp/../build/trusted/bl2/spi_nand.o
 .text.spi_nand_read_page
                0x000000002ffdab74       0xe8 /home/lodge/STM32MP157/tf-a/tf-a-stm32mp/../build/trusted/bl2/spi_nand.o
 .text.spi_nand_mtd_read_page
                0x000000002ffdac5c       0x20 /home/lodge/STM32MP157/tf-a/tf-a-stm32mp/../build/trusted/bl2/spi_nand.o
 .text.spi_nand_mtd_block_is_bad
                0x000000002ffdac7c       0x44 /home/lodge/STM32MP157/tf-a/tf-a-stm32mp/../build/trusted/bl2/spi_nand.o
 .text.spi_nand_init
                0x000000002ffdacc0       0xf4 /home/lodge/STM32MP157/tf-a/tf-a-stm32mp/../build/trusted/bl2/spi_nand.o
                0x000000002ffdacc0                spi_nand_init
 .text.spi_nor_reg
                0x000000002ffdadb4       0x32 /home/lodge/STM32MP157/tf-a/tf-a-stm32mp/../build/trusted/bl2/spi_nor.o
 .text.spi_nor_write_en
                0x000000002ffdade6        0xc /home/lodge/STM32MP157/tf-a/tf-a-stm32mp/../build/trusted/bl2/spi_nor.o
 .text.spi_nor_read_sr
                0x000000002ffdadf2        0xc /home/lodge/STM32MP157/tf-a/tf-a-stm32mp/../build/trusted/bl2/spi_nor.o
 *fill*         0x000000002ffdadfe        0x2 
 .text.spi_nor_clean_bar
                0x000000002ffdae00       0x30 /home/lodge/STM32MP157/tf-a/tf-a-stm32mp/../build/trusted/bl2/spi_nor.o
 .text.spi_nor_wait_ready
                0x000000002ffdae30       0x74 /home/lodge/STM32MP157/tf-a/tf-a-stm32mp/../build/trusted/bl2/spi_nor.o
 .text.spi_nor_read
                0x000000002ffdaea4       0xb0 /home/lodge/STM32MP157/tf-a/tf-a-stm32mp/../build/trusted/bl2/spi_nor.o
                0x000000002ffdaea4                spi_nor_read
 .text.spi_nor_init
                0x000000002ffdaf54      0x18c /home/lodge/STM32MP157/tf-a/tf-a-stm32mp/../build/trusted/bl2/spi_nor.o
                0x000000002ffdaf54                spi_nor_init
 .text.fdt32_to_cpu
                0x000000002ffdb0e0        0x4 /home/lodge/STM32MP157/tf-a/tf-a-stm32mp/../build/trusted/bl2/spi_mem.o
 .text.spi_mem_check_buswidth_req
                0x000000002ffdb0e4       0x40 /home/lodge/STM32MP157/tf-a/tf-a-stm32mp/../build/trusted/bl2/spi_mem.o
 .text.spi_mem_exec_op
                0x000000002ffdb124       0x7c /home/lodge/STM32MP157/tf-a/tf-a-stm32mp/../build/trusted/bl2/spi_mem.o
                0x000000002ffdb124                spi_mem_exec_op
 .text.spi_mem_init_slave
                0x000000002ffdb1a0      0x1d8 /home/lodge/STM32MP157/tf-a/tf-a-stm32mp/../build/trusted/bl2/spi_mem.o
                0x000000002ffdb1a0                spi_mem_init_slave
 .text.stm32_qspi_read_fifo
                0x000000002ffdb378        0x6 /home/lodge/STM32MP157/tf-a/tf-a-stm32mp/../build/trusted/bl2/stm32_qspi.o
 .text.stm32_qspi_write_fifo
                0x000000002ffdb37e        0x6 /home/lodge/STM32MP157/tf-a/tf-a-stm32mp/../build/trusted/bl2/stm32_qspi.o
 .text.stm32_qspi_claim_bus
                0x000000002ffdb384       0x28 /home/lodge/STM32MP157/tf-a/tf-a-stm32mp/../build/trusted/bl2/stm32_qspi.o
 .text.stm32_qspi_release_bus
                0x000000002ffdb3ac       0x14 /home/lodge/STM32MP157/tf-a/tf-a-stm32mp/../build/trusted/bl2/stm32_qspi.o
 .text.stm32_qspi_wait_for_not_busy
                0x000000002ffdb3c0       0x58 /home/lodge/STM32MP157/tf-a/tf-a-stm32mp/../build/trusted/bl2/stm32_qspi.o
 .text.stm32_qspi_set_speed
                0x000000002ffdb418       0x74 /home/lodge/STM32MP157/tf-a/tf-a-stm32mp/../build/trusted/bl2/stm32_qspi.o
 .text.stm32_qspi_set_mode
                0x000000002ffdb48c       0x3c /home/lodge/STM32MP157/tf-a/tf-a-stm32mp/../build/trusted/bl2/stm32_qspi.o
 .text.stm32_qspi_exec_op
                0x000000002ffdb4c8      0x22c /home/lodge/STM32MP157/tf-a/tf-a-stm32mp/../build/trusted/bl2/stm32_qspi.o
 .text.stm32_qspi_init
                0x000000002ffdb6f4       0xcc /home/lodge/STM32MP157/tf-a/tf-a-stm32mp/../build/trusted/bl2/stm32_qspi.o
                0x000000002ffdb6f4                stm32_qspi_init
 .text.nand_read
                0x000000002ffdb7c0      0x118 /home/lodge/STM32MP157/tf-a/tf-a-stm32mp/../build/trusted/bl2/core.o
                0x000000002ffdb7c0                nand_read
 .text.get_nand_device
                0x000000002ffdb8d8        0x8 /home/lodge/STM32MP157/tf-a/tf-a-stm32mp/../build/trusted/bl2/core.o
                0x000000002ffdb8d8                get_nand_device
 .text.get_data_from_otp
                0x000000002ffdb8e0       0xe0 /home/lodge/STM32MP157/tf-a/tf-a-stm32mp/../build/trusted/bl2/stm32mp1_boot_device.o
 .text.plat_get_raw_nand_data
                0x000000002ffdb9c0       0x10 /home/lodge/STM32MP157/tf-a/tf-a-stm32mp/../build/trusted/bl2/stm32mp1_boot_device.o
                0x000000002ffdb9c0                plat_get_raw_nand_data
 .text.plat_get_spi_nand_data
                0x000000002ffdb9d0       0x32 /home/lodge/STM32MP157/tf-a/tf-a-stm32mp/../build/trusted/bl2/stm32mp1_boot_device.o
                0x000000002ffdb9d0                plat_get_spi_nand_data
 .text.plat_get_nor_data
                0x000000002ffdba02       0x2c /home/lodge/STM32MP157/tf-a/tf-a-stm32mp/../build/trusted/bl2/stm32mp1_boot_device.o
                0x000000002ffdba02                plat_get_nor_data
 *fill*         0x000000002ffdba2e        0x2 
 .text.set_reg  0x000000002ffdba30       0x54 /home/lodge/STM32MP157/tf-a/tf-a-stm32mp/../build/trusted/bl2/stm32mp1_ddr.o
 .text.board_ddr_power_init
                0x000000002ffdba84       0x1a /home/lodge/STM32MP157/tf-a/tf-a-stm32mp/../build/trusted/bl2/stm32mp1_ddr.o
 .text.stm32mp1_mode_register_write.isra.0
                0x000000002ffdba9e       0x22 /home/lodge/STM32MP157/tf-a/tf-a-stm32mp/../build/trusted/bl2/stm32mp1_ddr.o
 .text.stm32mp1_ddrphy_idone_wait
                0x000000002ffdbac0       0x60 /home/lodge/STM32MP157/tf-a/tf-a-stm32mp/../build/trusted/bl2/stm32mp1_ddr.o
 .text.stm32mp1_wait_operating_mode
                0x000000002ffdbb20       0x68 /home/lodge/STM32MP157/tf-a/tf-a-stm32mp/../build/trusted/bl2/stm32mp1_ddr.o
 .text.stm32mp1_wait_sw_done_ack
                0x000000002ffdbb88       0x50 /home/lodge/STM32MP157/tf-a/tf-a-stm32mp/../build/trusted/bl2/stm32mp1_ddr.o
 .text.stm32mp1_ddr_init
                0x000000002ffdbbd8      0x4c8 /home/lodge/STM32MP157/tf-a/tf-a-stm32mp/../build/trusted/bl2/stm32mp1_ddr.o
                0x000000002ffdbbd8                stm32mp1_ddr_init
 .text.stm32mp1_ddr_setup
                0x000000002ffdc0a0      0x340 /home/lodge/STM32MP157/tf-a/tf-a-stm32mp/../build/trusted/bl2/stm32mp1_ram.o
 .text.stm32mp1_ddr_clk_enable
                0x000000002ffdc3e0       0x44 /home/lodge/STM32MP157/tf-a/tf-a-stm32mp/../build/trusted/bl2/stm32mp1_ram.o
                0x000000002ffdc3e0                stm32mp1_ddr_clk_enable
 .text.stm32mp1_ddr_probe
                0x000000002ffdc424       0x3c /home/lodge/STM32MP157/tf-a/tf-a-stm32mp/../build/trusted/bl2/stm32mp1_ram.o
                0x000000002ffdc424                stm32mp1_ddr_probe
 .text.flush_bl_params_desc_args
                0x000000002ffdc460       0x34 /home/lodge/STM32MP157/tf-a/tf-a-stm32mp/../build/trusted/bl2/desc_image_load.o
                0x000000002ffdc460                flush_bl_params_desc_args
 .text.flush_bl_params_desc
                0x000000002ffdc494       0x1c /home/lodge/STM32MP157/tf-a/tf-a-stm32mp/../build/trusted/bl2/desc_image_load.o
                0x000000002ffdc494                flush_bl_params_desc
 .text.get_bl_params_node_index
                0x000000002ffdc4b0       0x40 /home/lodge/STM32MP157/tf-a/tf-a-stm32mp/../build/trusted/bl2/desc_image_load.o
                0x000000002ffdc4b0                get_bl_params_node_index
 .text.get_bl_mem_params_node
                0x000000002ffdc4f0       0x30 /home/lodge/STM32MP157/tf-a/tf-a-stm32mp/../build/trusted/bl2/desc_image_load.o
                0x000000002ffdc4f0                get_bl_mem_params_node
 .text.get_bl_load_info_from_mem_params_desc
                0x000000002ffdc520       0x54 /home/lodge/STM32MP157/tf-a/tf-a-stm32mp/../build/trusted/bl2/desc_image_load.o
                0x000000002ffdc520                get_bl_load_info_from_mem_params_desc
 .text.get_next_bl_params_from_mem_params_desc
                0x000000002ffdc574       0xc0 /home/lodge/STM32MP157/tf-a/tf-a-stm32mp/../build/trusted/bl2/desc_image_load.o
                0x000000002ffdc574                get_next_bl_params_from_mem_params_desc
 .text.plat_flush_next_bl_params
                0x000000002ffdc634        0x4 /home/lodge/STM32MP157/tf-a/tf-a-stm32mp/../build/trusted/bl2/plat_image_load.o
                0x000000002ffdc634                plat_flush_next_bl_params
 .text.plat_get_bl_image_load_info
                0x000000002ffdc638       0x84 /home/lodge/STM32MP157/tf-a/tf-a-stm32mp/../build/trusted/bl2/plat_image_load.o
                0x000000002ffdc638                plat_get_bl_image_load_info
 .text.plat_get_next_bl_params
                0x000000002ffdc6bc        0x4 /home/lodge/STM32MP157/tf-a/tf-a-stm32mp/../build/trusted/bl2/plat_image_load.o
                0x000000002ffdc6bc                plat_get_next_bl_params
 .text.bl2_load_images
                0x000000002ffdc6c0      0x110 /home/lodge/STM32MP157/tf-a/tf-a-stm32mp/../build/trusted/bl2/bl2_image_load_v2.o
                0x000000002ffdc6c0                bl2_load_images
 .text.bl2_el3_setup
                0x000000002ffdc7d0        0xe /home/lodge/STM32MP157/tf-a/tf-a-stm32mp/../build/trusted/bl2/bl2_main.o
                0x000000002ffdc7d0                bl2_el3_setup
 *fill*         0x000000002ffdc7de        0x2 
 .text.bl2_main
                0x000000002ffdc7e0       0x50 /home/lodge/STM32MP157/tf-a/tf-a-stm32mp/../build/trusted/bl2/bl2_main.o
                0x000000002ffdc7e0                bl2_main
 .text.bl2_arch_setup
                0x000000002ffdc830        0x2 /home/lodge/STM32MP157/tf-a/tf-a-stm32mp/../build/trusted/bl2/bl2_arch_setup.o
                0x000000002ffdc830                bl2_arch_setup
 *fill*         0x000000002ffdc832        0x2 
 .text.load_auth_image_internal
                0x000000002ffdc834      0x138 /home/lodge/STM32MP157/tf-a/tf-a-stm32mp/../build/trusted/bl2/bl_common.o
 .text.load_auth_image
                0x000000002ffdc96c       0x22 /home/lodge/STM32MP157/tf-a/tf-a-stm32mp/../build/trusted/bl2/bl_common.o
                0x000000002ffdc96c                load_auth_image
 *fill*         0x000000002ffdc98e        0x2 
 .text.print_entry_point_info
                0x000000002ffdc990       0x20 /home/lodge/STM32MP157/tf-a/tf-a-stm32mp/../build/trusted/bl2/bl_common.o
                0x000000002ffdc990                print_entry_point_info
 .text.tf_log   0x000000002ffdc9b0       0x5c /home/lodge/STM32MP157/tf-a/tf-a-stm32mp/../build/trusted/bl2/tf_log.o
                0x000000002ffdc9b0                tf_log
 .text.console_is_registered
                0x000000002ffdca0c       0x2c /home/lodge/STM32MP157/tf-a/tf-a-stm32mp/../build/trusted/bl2/multi_console.o
                0x000000002ffdca0c                console_is_registered
 .text.console_register
                0x000000002ffdca38       0x40 /home/lodge/STM32MP157/tf-a/tf-a-stm32mp/../build/trusted/bl2/multi_console.o
                0x000000002ffdca38                console_register
 .text.console_set_scope
                0x000000002ffdca78       0x1c /home/lodge/STM32MP157/tf-a/tf-a-stm32mp/../build/trusted/bl2/multi_console.o
                0x000000002ffdca78                console_set_scope
 .text.console_putc
                0x000000002ffdca94       0x58 /home/lodge/STM32MP157/tf-a/tf-a-stm32mp/../build/trusted/bl2/multi_console.o
                0x000000002ffdca94                console_putc
 .text.console_flush
                0x000000002ffdcaec       0x40 /home/lodge/STM32MP157/tf-a/tf-a-stm32mp/../build/trusted/bl2/multi_console.o
                0x000000002ffdcaec                console_flush
 .text.bl2_el3_plat_prepare_exit
                0x000000002ffdcb2c        0x2 /home/lodge/STM32MP157/tf-a/tf-a-stm32mp/../build/trusted/bl2/plat_bl_common.o
                0x000000002ffdcb2c                bl2_el3_plat_prepare_exit
 .text.plat_error_handler
                0x000000002ffdcb2e        0x4 /home/lodge/STM32MP157/tf-a/tf-a-stm32mp/../build/trusted/bl2/plat_bl_common.o
                0x000000002ffdcb2e                plat_error_handler
 .text.bl2_plat_preload_setup
                0x000000002ffdcb32        0x2 /home/lodge/STM32MP157/tf-a/tf-a-stm32mp/../build/trusted/bl2/plat_bl_common.o
                0x000000002ffdcb32                bl2_plat_preload_setup
 .text.bl2_plat_handle_pre_image_load
                0x000000002ffdcb34        0x4 /home/lodge/STM32MP157/tf-a/tf-a-stm32mp/../build/trusted/bl2/plat_bl_common.o
                0x000000002ffdcb34                bl2_plat_handle_pre_image_load
 .text.plat_log_get_prefix
                0x000000002ffdcb38       0x24 /home/lodge/STM32MP157/tf-a/tf-a-stm32mp/../build/trusted/bl2/plat_log_common.o
                0x000000002ffdcb38                plat_log_get_prefix
 .text.__popcountsi2
                0x000000002ffdcb5c       0x2a /home/lodge/STM32MP157/tf-a/tf-a-stm32mp/../build/trusted/bl2/popcountsi2.o
                0x000000002ffdcb5c                __popcountsi2
 .text.__ctzdi2
                0x000000002ffdcb86       0x20 /home/lodge/STM32MP157/tf-a/tf-a-stm32mp/../build/trusted/bl2/ctzdi2.o
                0x000000002ffdcb86                __ctzdi2
 .text.__udivmoddi4
                0x000000002ffdcba6      0x17e /home/lodge/STM32MP157/tf-a/tf-a-stm32mp/../build/trusted/bl2/udivmoddi4.o
                0x000000002ffdcba6                __udivmoddi4
 .text.plat_get_syscnt_freq2
                0x000000002ffdcd24        0x6 /home/lodge/STM32MP157/tf-a/tf-a-stm32mp/../build/trusted/bl2/stm32mp_common.o
                0x000000002ffdcd24                plat_get_syscnt_freq2
 *fill*         0x000000002ffdcd2a        0x2 
 .text.stm32mp_save_boot_ctx_address
                0x000000002ffdcd2c        0xc /home/lodge/STM32MP157/tf-a/tf-a-stm32mp/../build/trusted/bl2/stm32mp_common.o
                0x000000002ffdcd2c                stm32mp_save_boot_ctx_address
 .text.stm32mp_get_boot_ctx_address
                0x000000002ffdcd38        0xc /home/lodge/STM32MP157/tf-a/tf-a-stm32mp/../build/trusted/bl2/stm32mp_common.o
                0x000000002ffdcd38                stm32mp_get_boot_ctx_address
 .text.stm32mp_ddrctrl_base
                0x000000002ffdcd44        0x8 /home/lodge/STM32MP157/tf-a/tf-a-stm32mp/../build/trusted/bl2/stm32mp_common.o
                0x000000002ffdcd44                stm32mp_ddrctrl_base
 .text.stm32mp_ddrphyc_base
                0x000000002ffdcd4c        0x8 /home/lodge/STM32MP157/tf-a/tf-a-stm32mp/../build/trusted/bl2/stm32mp_common.o
                0x000000002ffdcd4c                stm32mp_ddrphyc_base
 .text.stm32mp_pwr_base
                0x000000002ffdcd54        0x8 /home/lodge/STM32MP157/tf-a/tf-a-stm32mp/../build/trusted/bl2/stm32mp_common.o
                0x000000002ffdcd54                stm32mp_pwr_base
 .text.stm32mp_rcc_base
                0x000000002ffdcd5c        0x6 /home/lodge/STM32MP157/tf-a/tf-a-stm32mp/../build/trusted/bl2/stm32mp_common.o
                0x000000002ffdcd5c                stm32mp_rcc_base
 .text.stm32mp_lock_available
                0x000000002ffdcd62       0x10 /home/lodge/STM32MP157/tf-a/tf-a-stm32mp/../build/trusted/bl2/stm32mp_common.o
                0x000000002ffdcd62                stm32mp_lock_available
 *fill*         0x000000002ffdcd72        0x2 
 .text.stm32_get_gpio_bank_base
                0x000000002ffdcd74       0x28 /home/lodge/STM32MP157/tf-a/tf-a-stm32mp/../build/trusted/bl2/stm32mp_common.o
                0x000000002ffdcd74                stm32_get_gpio_bank_base
 .text.stm32_get_gpio_bank_offset
                0x000000002ffdcd9c       0x20 /home/lodge/STM32MP157/tf-a/tf-a-stm32mp/../build/trusted/bl2/stm32mp_common.o
                0x000000002ffdcd9c                stm32_get_gpio_bank_offset
 .text.stm32mp_check_header
                0x000000002ffdcdbc       0xc0 /home/lodge/STM32MP157/tf-a/tf-a-stm32mp/../build/trusted/bl2/stm32mp_common.o
                0x000000002ffdcdbc                stm32mp_check_header
 .text.stm32mp_get_cpu_supply_name
                0x000000002ffdce7c       0x2e /home/lodge/STM32MP157/tf-a/tf-a-stm32mp/../build/trusted/bl2/stm32mp_common.o
                0x000000002ffdce7c                stm32mp_get_cpu_supply_name
 *fill*         0x000000002ffdceaa        0x2 
 .text.stm32mp_save_loaded_header
                0x000000002ffdceac       0x1c /home/lodge/STM32MP157/tf-a/tf-a-stm32mp/../build/trusted/bl2/stm32mp_common.o
                0x000000002ffdceac                stm32mp_save_loaded_header
 .text.stm32mp_delete_loaded_header
                0x000000002ffdcec8       0x1c /home/lodge/STM32MP157/tf-a/tf-a-stm32mp/../build/trusted/bl2/stm32mp_common.o
                0x000000002ffdcec8                stm32mp_delete_loaded_header
 .text.stm32mp_get_loaded_header
                0x000000002ffdcee4       0x1c /home/lodge/STM32MP157/tf-a/tf-a-stm32mp/../build/trusted/bl2/stm32mp_common.o
                0x000000002ffdcee4                stm32mp_get_loaded_header
 .text.configure_mmu
                0x000000002ffdcf00       0x1c /home/lodge/STM32MP157/tf-a/tf-a-stm32mp/../build/trusted/bl2/stm32mp1_private.o
                0x000000002ffdcf00                configure_mmu
 .text.stm32_get_gpio_bank_clock
                0x000000002ffdcf1c       0x20 /home/lodge/STM32MP157/tf-a/tf-a-stm32mp/../build/trusted/bl2/stm32mp1_private.o
                0x000000002ffdcf1c                stm32_get_gpio_bank_clock
 .text.stm32_get_otp_index
                0x000000002ffdcf3c       0x28 /home/lodge/STM32MP157/tf-a/tf-a-stm32mp/../build/trusted/bl2/stm32mp1_private.o
                0x000000002ffdcf3c                stm32_get_otp_index
 .text.stm32_get_otp_value_from_idx
                0x000000002ffdcf64       0x30 /home/lodge/STM32MP157/tf-a/tf-a-stm32mp/../build/trusted/bl2/stm32mp1_private.o
                0x000000002ffdcf64                stm32_get_otp_value_from_idx
 .text.stm32_get_otp_value
                0x000000002ffdcf94       0x48 /home/lodge/STM32MP157/tf-a/tf-a-stm32mp/../build/trusted/bl2/stm32mp1_private.o
                0x000000002ffdcf94                stm32_get_otp_value
 .text.get_part_number
                0x000000002ffdcfdc       0x4c /home/lodge/STM32MP157/tf-a/tf-a-stm32mp/../build/trusted/bl2/stm32mp1_private.o
 .text.stm32mp_supports_cpu_opp
                0x000000002ffdd028       0x40 /home/lodge/STM32MP157/tf-a/tf-a-stm32mp/../build/trusted/bl2/stm32mp1_private.o
                0x000000002ffdd028                stm32mp_supports_cpu_opp
 .text.stm32mp_print_cpuinfo
                0x000000002ffdd068      0x15c /home/lodge/STM32MP157/tf-a/tf-a-stm32mp/../build/trusted/bl2/stm32mp1_private.o
                0x000000002ffdd068                stm32mp_print_cpuinfo
 .text.stm32mp_print_boardinfo
                0x000000002ffdd1c4       0x4c /home/lodge/STM32MP157/tf-a/tf-a-stm32mp/../build/trusted/bl2/stm32mp1_private.o
                0x000000002ffdd1c4                stm32mp_print_boardinfo
 .text.stm32mp_is_closed_device
                0x000000002ffdd210       0x24 /home/lodge/STM32MP157/tf-a/tf-a-stm32mp/../build/trusted/bl2/stm32mp1_private.o
                0x000000002ffdd210                stm32mp_is_closed_device
 .text.stm32mp_is_auth_supported
                0x000000002ffdd234       0x40 /home/lodge/STM32MP157/tf-a/tf-a-stm32mp/../build/trusted/bl2/stm32mp1_private.o
                0x000000002ffdd234                stm32mp_is_auth_supported
 .text.stm32_iwdg_get_instance
                0x000000002ffdd274       0x28 /home/lodge/STM32MP157/tf-a/tf-a-stm32mp/../build/trusted/bl2/stm32mp1_private.o
                0x000000002ffdd274                stm32_iwdg_get_instance
 .text.stm32_iwdg_get_otp_config
                0x000000002ffdd29c       0x54 /home/lodge/STM32MP157/tf-a/tf-a-stm32mp/../build/trusted/bl2/stm32mp1_private.o
                0x000000002ffdd29c                stm32_iwdg_get_otp_config
 .text.stm32_iwdg_shadow_update
                0x000000002ffdd2f0       0x74 /home/lodge/STM32MP157/tf-a/tf-a-stm32mp/../build/trusted/bl2/stm32mp1_private.o
                0x000000002ffdd2f0                stm32_iwdg_shadow_update
 .text.plat_bind_regulator
                0x000000002ffdd364       0x50 /home/lodge/STM32MP157/tf-a/tf-a-stm32mp/../build/trusted/bl2/stm32mp1_private.o
                0x000000002ffdd364                plat_bind_regulator
 .text.xlat_arch_get_max_supported_pa
                0x000000002ffdd3b4        0x8 /home/lodge/STM32MP157/tf-a/tf-a-stm32mp/../build/trusted/bl2/xlat_tables_arch.o
                0x000000002ffdd3b4                xlat_arch_get_max_supported_pa
 .text.xlat_get_min_virt_addr_space_size
                0x000000002ffdd3bc        0x6 /home/lodge/STM32MP157/tf-a/tf-a-stm32mp/../build/trusted/bl2/xlat_tables_arch.o
                0x000000002ffdd3bc                xlat_get_min_virt_addr_space_size
 .text.is_dcache_enabled
                0x000000002ffdd3c2       0x1c /home/lodge/STM32MP157/tf-a/tf-a-stm32mp/../build/trusted/bl2/xlat_tables_arch.o
                0x000000002ffdd3c2                is_dcache_enabled
 *fill*         0x000000002ffdd3de        0x2 
 .text.xlat_arch_regime_get_xn_desc
                0x000000002ffdd3e0       0x28 /home/lodge/STM32MP157/tf-a/tf-a-stm32mp/../build/trusted/bl2/xlat_tables_arch.o
                0x000000002ffdd3e0                xlat_arch_regime_get_xn_desc
 .text.xlat_arch_tlbi_va
                0x000000002ffdd408       0x30 /home/lodge/STM32MP157/tf-a/tf-a-stm32mp/../build/trusted/bl2/xlat_tables_arch.o
                0x000000002ffdd408                xlat_arch_tlbi_va
 .text.xlat_arch_tlbi_va_sync
                0x000000002ffdd438       0x10 /home/lodge/STM32MP157/tf-a/tf-a-stm32mp/../build/trusted/bl2/xlat_tables_arch.o
                0x000000002ffdd438                xlat_arch_tlbi_va_sync
 .text.xlat_arch_current_el
                0x000000002ffdd448       0x3c /home/lodge/STM32MP157/tf-a/tf-a-stm32mp/../build/trusted/bl2/xlat_tables_arch.o
                0x000000002ffdd448                xlat_arch_current_el
 .text.is_mmu_enabled_ctx
                0x000000002ffdd484       0x40 /home/lodge/STM32MP157/tf-a/tf-a-stm32mp/../build/trusted/bl2/xlat_tables_arch.o
                0x000000002ffdd484                is_mmu_enabled_ctx
 .text.setup_mmu_cfg
                0x000000002ffdd4c4       0xac /home/lodge/STM32MP157/tf-a/tf-a-stm32mp/../build/trusted/bl2/xlat_tables_arch.o
                0x000000002ffdd4c4                setup_mmu_cfg
 .text.mmap_add_region
                0x000000002ffdd570       0x28 /home/lodge/STM32MP157/tf-a/tf-a-stm32mp/../build/trusted/bl2/xlat_tables_context.o
                0x000000002ffdd570                mmap_add_region
 .text.mmap_add
                0x000000002ffdd598        0xc /home/lodge/STM32MP157/tf-a/tf-a-stm32mp/../build/trusted/bl2/xlat_tables_context.o
                0x000000002ffdd598                mmap_add
 .text.mmap_add_dynamic_region
                0x000000002ffdd5a4       0x28 /home/lodge/STM32MP157/tf-a/tf-a-stm32mp/../build/trusted/bl2/xlat_tables_context.o
                0x000000002ffdd5a4                mmap_add_dynamic_region
 .text.mmap_remove_dynamic_region
                0x000000002ffdd5cc       0x10 /home/lodge/STM32MP157/tf-a/tf-a-stm32mp/../build/trusted/bl2/xlat_tables_context.o
                0x000000002ffdd5cc                mmap_remove_dynamic_region
 .text.init_xlat_tables
                0x000000002ffdd5dc       0x3c /home/lodge/STM32MP157/tf-a/tf-a-stm32mp/../build/trusted/bl2/xlat_tables_context.o
                0x000000002ffdd5dc                init_xlat_tables
 .text.enable_mmu_svc_mon
                0x000000002ffdd618       0x34 /home/lodge/STM32MP157/tf-a/tf-a-stm32mp/../build/trusted/bl2/xlat_tables_context.o
                0x000000002ffdd618                enable_mmu_svc_mon
 .text.mmap_add_region_check
                0x000000002ffdd64c      0x12e /home/lodge/STM32MP157/tf-a/tf-a-stm32mp/../build/trusted/bl2/xlat_tables_core.o
 .text.xlat_clean_dcache_range
                0x000000002ffdd77a       0x1a /home/lodge/STM32MP157/tf-a/tf-a-stm32mp/../build/trusted/bl2/xlat_tables_core.o
 .text.xlat_table_get_index
                0x000000002ffdd794       0x28 /home/lodge/STM32MP157/tf-a/tf-a-stm32mp/../build/trusted/bl2/xlat_tables_core.o
 .text.xlat_tables_unmap_region
                0x000000002ffdd7bc      0x13c /home/lodge/STM32MP157/tf-a/tf-a-stm32mp/../build/trusted/bl2/xlat_tables_core.o
 .text.xlat_desc
                0x000000002ffdd8f8       0xa4 /home/lodge/STM32MP157/tf-a/tf-a-stm32mp/../build/trusted/bl2/xlat_tables_core.o
                0x000000002ffdd8f8                xlat_desc
 .text.xlat_tables_map_region
                0x000000002ffdd99c      0x1a8 /home/lodge/STM32MP157/tf-a/tf-a-stm32mp/../build/trusted/bl2/xlat_tables_core.o
 .text.mmap_add_region_ctx
                0x000000002ffddb44       0xe4 /home/lodge/STM32MP157/tf-a/tf-a-stm32mp/../build/trusted/bl2/xlat_tables_core.o
                0x000000002ffddb44                mmap_add_region_ctx
 .text.mmap_add_ctx
                0x000000002ffddc28       0x18 /home/lodge/STM32MP157/tf-a/tf-a-stm32mp/../build/trusted/bl2/xlat_tables_core.o
                0x000000002ffddc28                mmap_add_ctx
 .text.mmap_add_dynamic_region_ctx
                0x000000002ffddc40      0x160 /home/lodge/STM32MP157/tf-a/tf-a-stm32mp/../build/trusted/bl2/xlat_tables_core.o
                0x000000002ffddc40                mmap_add_dynamic_region_ctx
 .text.mmap_remove_dynamic_region_ctx
                0x000000002ffddda0      0x108 /home/lodge/STM32MP157/tf-a/tf-a-stm32mp/../build/trusted/bl2/xlat_tables_core.o
                0x000000002ffddda0                mmap_remove_dynamic_region_ctx
 .text.init_xlat_tables_ctx
                0x000000002ffddea8      0x154 /home/lodge/STM32MP157/tf-a/tf-a-stm32mp/../build/trusted/bl2/xlat_tables_core.o
                0x000000002ffddea8                init_xlat_tables_ctx
 .text.xlat_mmap_print
                0x000000002ffddffc        0x2 /home/lodge/STM32MP157/tf-a/tf-a-stm32mp/../build/trusted/bl2/xlat_tables_utils.o
                0x000000002ffddffc                xlat_mmap_print
 .text.xlat_tables_print
                0x000000002ffddffe        0x2 /home/lodge/STM32MP157/tf-a/tf-a-stm32mp/../build/trusted/bl2/xlat_tables_utils.o
                0x000000002ffddffe                xlat_tables_print
 .text.tzc400_set_action
                0x000000002ffde000       0x24 /home/lodge/STM32MP157/tf-a/tf-a-stm32mp/../build/trusted/bl2/tzc400.o
                0x000000002ffde000                tzc400_set_action
 .text.tzc400_init
                0x000000002ffde024       0x5c /home/lodge/STM32MP157/tf-a/tf-a-stm32mp/../build/trusted/bl2/tzc400.o
                0x000000002ffde024                tzc400_init
 .text.tzc400_configure_region
                0x000000002ffde080       0xb0 /home/lodge/STM32MP157/tf-a/tf-a-stm32mp/../build/trusted/bl2/tzc400.o
                0x000000002ffde080                tzc400_configure_region
 .text.tzc400_enable_filters
                0x000000002ffde130       0x68 /home/lodge/STM32MP157/tf-a/tf-a-stm32mp/../build/trusted/bl2/tzc400.o
                0x000000002ffde130                tzc400_enable_filters
 .text.tzc400_disable_filters
                0x000000002ffde198       0x4c /home/lodge/STM32MP157/tf-a/tf-a-stm32mp/../build/trusted/bl2/tzc400.o
                0x000000002ffde198                tzc400_disable_filters
 .text.udelay   0x000000002ffde1e4       0x5c /home/lodge/STM32MP157/tf-a/tf-a-stm32mp/../build/trusted/bl2/delay_timer.o
                0x000000002ffde1e4                udelay
 .text.mdelay   0x000000002ffde240        0xa /home/lodge/STM32MP157/tf-a/tf-a-stm32mp/../build/trusted/bl2/delay_timer.o
                0x000000002ffde240                mdelay
 *fill*         0x000000002ffde24a        0x2 
 .text.timer_init
                0x000000002ffde24c       0x28 /home/lodge/STM32MP157/tf-a/tf-a-stm32mp/../build/trusted/bl2/delay_timer.o
                0x000000002ffde24c                timer_init
 .text.get_timer_value
                0x000000002ffde274        0x8 /home/lodge/STM32MP157/tf-a/tf-a-stm32mp/../build/trusted/bl2/generic_delay_timer.o
 .text.generic_delay_timer_init_args
                0x000000002ffde27c       0x18 /home/lodge/STM32MP157/tf-a/tf-a-stm32mp/../build/trusted/bl2/generic_delay_timer.o
                0x000000002ffde27c                generic_delay_timer_init_args
 .text.generic_delay_timer_init
                0x000000002ffde294       0x44 /home/lodge/STM32MP157/tf-a/tf-a-stm32mp/../build/trusted/bl2/generic_delay_timer.o
                0x000000002ffde294                generic_delay_timer_init
 .text.fdt32_to_cpu
                0x000000002ffde2d8        0x4 /home/lodge/STM32MP157/tf-a/tf-a-stm32mp/../build/trusted/bl2/bsec2.o
 .text.bsec_lock
                0x000000002ffde2dc       0x18 /home/lodge/STM32MP157/tf-a/tf-a-stm32mp/../build/trusted/bl2/bsec2.o
 .text.bsec_unlock
                0x000000002ffde2f4       0x18 /home/lodge/STM32MP157/tf-a/tf-a-stm32mp/../build/trusted/bl2/bsec2.o
 .text.otp_bank_offset
                0x000000002ffde30c       0x18 /home/lodge/STM32MP157/tf-a/tf-a-stm32mp/../build/trusted/bl2/bsec2.o
 .text.bsec_check_error
                0x000000002ffde324       0x34 /home/lodge/STM32MP157/tf-a/tf-a-stm32mp/../build/trusted/bl2/bsec2.o
 .text.bsec_find_otp_name_in_dt
                0x000000002ffde358       0xd0 /home/lodge/STM32MP157/tf-a/tf-a-stm32mp/../build/trusted/bl2/bsec2.o
                0x000000002ffde358                bsec_find_otp_name_in_dt
 .text.bsec_read_otp
                0x000000002ffde428       0x20 /home/lodge/STM32MP157/tf-a/tf-a-stm32mp/../build/trusted/bl2/bsec2.o
                0x000000002ffde428                bsec_read_otp
 .text.bsec_read_debug_conf
                0x000000002ffde448        0xc /home/lodge/STM32MP157/tf-a/tf-a-stm32mp/../build/trusted/bl2/bsec2.o
                0x000000002ffde448                bsec_read_debug_conf
 .text.bsec_get_status
                0x000000002ffde454        0xc /home/lodge/STM32MP157/tf-a/tf-a-stm32mp/../build/trusted/bl2/bsec2.o
                0x000000002ffde454                bsec_get_status
 .text.bsec_power_safmem
                0x000000002ffde460       0x64 /home/lodge/STM32MP157/tf-a/tf-a-stm32mp/../build/trusted/bl2/bsec2.o
 .text.bsec_get_version
                0x000000002ffde4c4       0x10 /home/lodge/STM32MP157/tf-a/tf-a-stm32mp/../build/trusted/bl2/bsec2.o
                0x000000002ffde4c4                bsec_get_version
 .text.bsec_get_id
                0x000000002ffde4d4       0x10 /home/lodge/STM32MP157/tf-a/tf-a-stm32mp/../build/trusted/bl2/bsec2.o
                0x000000002ffde4d4                bsec_get_id
 .text.bsec_probe
                0x000000002ffde4e4       0x50 /home/lodge/STM32MP157/tf-a/tf-a-stm32mp/../build/trusted/bl2/bsec2.o
                0x000000002ffde4e4                bsec_probe
 .text.bsec_set_sr_lock
                0x000000002ffde534       0x38 /home/lodge/STM32MP157/tf-a/tf-a-stm32mp/../build/trusted/bl2/bsec2.o
                0x000000002ffde534                bsec_set_sr_lock
 .text.bsec_read_sr_lock
                0x000000002ffde56c       0x38 /home/lodge/STM32MP157/tf-a/tf-a-stm32mp/../build/trusted/bl2/bsec2.o
                0x000000002ffde56c                bsec_read_sr_lock
 .text.bsec_shadow_register
                0x000000002ffde5a4       0x7c /home/lodge/STM32MP157/tf-a/tf-a-stm32mp/../build/trusted/bl2/bsec2.o
                0x000000002ffde5a4                bsec_shadow_register
 .text.bsec_set_sw_lock
                0x000000002ffde620       0x38 /home/lodge/STM32MP157/tf-a/tf-a-stm32mp/../build/trusted/bl2/bsec2.o
                0x000000002ffde620                bsec_set_sw_lock
 .text.bsec_read_sw_lock
                0x000000002ffde658       0x38 /home/lodge/STM32MP157/tf-a/tf-a-stm32mp/../build/trusted/bl2/bsec2.o
                0x000000002ffde658                bsec_read_sw_lock
 .text.bsec_write_otp
                0x000000002ffde690       0x44 /home/lodge/STM32MP157/tf-a/tf-a-stm32mp/../build/trusted/bl2/bsec2.o
                0x000000002ffde690                bsec_write_otp
 .text.bsec_read_sp_lock
                0x000000002ffde6d4       0x38 /home/lodge/STM32MP157/tf-a/tf-a-stm32mp/../build/trusted/bl2/bsec2.o
                0x000000002ffde6d4                bsec_read_sp_lock
 .text.bsec_read_permanent_lock
                0x000000002ffde70c       0x38 /home/lodge/STM32MP157/tf-a/tf-a-stm32mp/../build/trusted/bl2/bsec2.o
                0x000000002ffde70c                bsec_read_permanent_lock
 .text.bsec_program_otp
                0x000000002ffde744       0xe0 /home/lodge/STM32MP157/tf-a/tf-a-stm32mp/../build/trusted/bl2/bsec2.o
                0x000000002ffde744                bsec_program_otp
 .text.bsec_shadow_read_otp
                0x000000002ffde824       0x3c /home/lodge/STM32MP157/tf-a/tf-a-stm32mp/../build/trusted/bl2/bsec2.o
                0x000000002ffde824                bsec_shadow_read_otp
 .text.fdt32_to_cpu
                0x000000002ffde860        0x4 /home/lodge/STM32MP157/tf-a/tf-a-stm32mp/../build/trusted/bl2/stm32mp_clkfunc.o
 .text.fdt_osc_read_freq
                0x000000002ffde864       0x90 /home/lodge/STM32MP157/tf-a/tf-a-stm32mp/../build/trusted/bl2/stm32mp_clkfunc.o
                0x000000002ffde864                fdt_osc_read_freq
 .text.fdt_osc_read_bool
                0x000000002ffde8f4       0x74 /home/lodge/STM32MP157/tf-a/tf-a-stm32mp/../build/trusted/bl2/stm32mp_clkfunc.o
                0x000000002ffde8f4                fdt_osc_read_bool
 .text.fdt_osc_read_uint32_default
                0x000000002ffde968       0x74 /home/lodge/STM32MP157/tf-a/tf-a-stm32mp/../build/trusted/bl2/stm32mp_clkfunc.o
                0x000000002ffde968                fdt_osc_read_uint32_default
 .text.fdt_get_rcc_node
                0x000000002ffde9dc        0xc /home/lodge/STM32MP157/tf-a/tf-a-stm32mp/../build/trusted/bl2/stm32mp_clkfunc.o
                0x000000002ffde9dc                fdt_get_rcc_node
 .text.fdt_rcc_read_uint32_array
                0x000000002ffde9e8       0x24 /home/lodge/STM32MP157/tf-a/tf-a-stm32mp/../build/trusted/bl2/stm32mp_clkfunc.o
                0x000000002ffde9e8                fdt_rcc_read_uint32_array
 .text.fdt_rcc_subnode_offset
                0x000000002ffdea0c       0x30 /home/lodge/STM32MP157/tf-a/tf-a-stm32mp/../build/trusted/bl2/stm32mp_clkfunc.o
                0x000000002ffdea0c                fdt_rcc_subnode_offset
 .text.fdt_rcc_read_prop
                0x000000002ffdea3c       0x30 /home/lodge/STM32MP157/tf-a/tf-a-stm32mp/../build/trusted/bl2/stm32mp_clkfunc.o
                0x000000002ffdea3c                fdt_rcc_read_prop
 .text.fdt_get_rcc_secure_status
                0x000000002ffdea6c       0x18 /home/lodge/STM32MP157/tf-a/tf-a-stm32mp/../build/trusted/bl2/stm32mp_clkfunc.o
                0x000000002ffdea6c                fdt_get_rcc_secure_status
 .text.fdt_get_clock_id
                0x000000002ffdea84       0x38 /home/lodge/STM32MP157/tf-a/tf-a-stm32mp/../build/trusted/bl2/stm32mp_clkfunc.o
                0x000000002ffdea84                fdt_get_clock_id
 .text.fdt_is_pll1_predefined
                0x000000002ffdeabc       0x14 /home/lodge/STM32MP157/tf-a/tf-a-stm32mp/../build/trusted/bl2/stm32mp_clkfunc.o
                0x000000002ffdeabc                fdt_is_pll1_predefined
 .text.stm32mp_stgen_get_counter
                0x000000002ffdead0        0xc /home/lodge/STM32MP157/tf-a/tf-a-stm32mp/../build/trusted/bl2/stm32mp_clkfunc.o
                0x000000002ffdead0                stm32mp_stgen_get_counter
 .text.stm32mp_stgen_config
                0x000000002ffdeadc       0x48 /home/lodge/STM32MP157/tf-a/tf-a-stm32mp/../build/trusted/bl2/stm32mp_clkfunc.o
                0x000000002ffdeadc                stm32mp_stgen_config
 .text.clock_is_always_on
                0x000000002ffdeb24       0x1c /home/lodge/STM32MP157/tf-a/tf-a-stm32mp/../build/trusted/bl2/stm32mp1_clk.o
 .text.stm32mp1_pll_compute_pllxcfgr2
                0x000000002ffdeb40       0x1e /home/lodge/STM32MP157/tf-a/tf-a-stm32mp/../build/trusted/bl2/stm32mp1_clk.o
 *fill*         0x000000002ffdeb5e        0x2 
 .text.stm32mp1_read_pll_freq
                0x000000002ffdeb60       0xa8 /home/lodge/STM32MP157/tf-a/tf-a-stm32mp/../build/trusted/bl2/stm32mp1_clk.o
 .text.get_clock_rate
                0x000000002ffdec08      0x198 /home/lodge/STM32MP157/tf-a/tf-a-stm32mp/../build/trusted/bl2/stm32mp1_clk.o
 .text.stm32mp1_pll_start
                0x000000002ffdeda0       0x24 /home/lodge/STM32MP157/tf-a/tf-a-stm32mp/../build/trusted/bl2/stm32mp1_clk.o
 .text.stm32mp1_mco_csg
                0x000000002ffdedc4       0x3a /home/lodge/STM32MP157/tf-a/tf-a-stm32mp/../build/trusted/bl2/stm32mp1_clk.o
 .text.stm32mp1_clk_lock
                0x000000002ffdedfe       0x16 /home/lodge/STM32MP157/tf-a/tf-a-stm32mp/../build/trusted/bl2/stm32mp1_clk.o
 .text.stm32mp1_clk_unlock
                0x000000002ffdee14       0x16 /home/lodge/STM32MP157/tf-a/tf-a-stm32mp/../build/trusted/bl2/stm32mp1_clk.o
 *fill*         0x000000002ffdee2a        0x2 
 .text.stm32mp1_set_clkdiv
                0x000000002ffdee2c       0x68 /home/lodge/STM32MP157/tf-a/tf-a-stm32mp/../build/trusted/bl2/stm32mp1_clk.o
 .text.__clk_enable
                0x000000002ffdee94       0x26 /home/lodge/STM32MP157/tf-a/tf-a-stm32mp/../build/trusted/bl2/stm32mp1_clk.o
 .text.__clk_disable
                0x000000002ffdeeba       0x28 /home/lodge/STM32MP157/tf-a/tf-a-stm32mp/../build/trusted/bl2/stm32mp1_clk.o
 *fill*         0x000000002ffdeee2        0x2 
 .text.stm32mp1_clk_get_gated_id
                0x000000002ffdeee4       0x34 /home/lodge/STM32MP157/tf-a/tf-a-stm32mp/../build/trusted/bl2/stm32mp1_clk.o
 .text.stm32mp1_clk_get_parent
                0x000000002ffdef18       0x78 /home/lodge/STM32MP157/tf-a/tf-a-stm32mp/../build/trusted/bl2/stm32mp1_clk.o
 .text.__stm32mp1_clk_enable
                0x000000002ffdef90       0x78 /home/lodge/STM32MP157/tf-a/tf-a-stm32mp/../build/trusted/bl2/stm32mp1_clk.o
 .text.__stm32mp1_clk_disable
                0x000000002ffdf008       0x74 /home/lodge/STM32MP157/tf-a/tf-a-stm32mp/../build/trusted/bl2/stm32mp1_clk.o
 .text.stm32mp1_check_pll_conf
                0x000000002ffdf07c      0x114 /home/lodge/STM32MP157/tf-a/tf-a-stm32mp/../build/trusted/bl2/stm32mp1_clk.o
 .text.stm32mp1_pll_compute_pllxcfgr1
                0x000000002ffdf190       0x8c /home/lodge/STM32MP157/tf-a/tf-a-stm32mp/../build/trusted/bl2/stm32mp1_clk.o
 .text.stm32mp1_pll_config
                0x000000002ffdf21c       0x58 /home/lodge/STM32MP157/tf-a/tf-a-stm32mp/../build/trusted/bl2/stm32mp1_clk.o
 .text.stm32mp1_osc_wait.isra.0
                0x000000002ffdf274       0x7c /home/lodge/STM32MP157/tf-a/tf-a-stm32mp/../build/trusted/bl2/stm32mp1_clk.o
 .text.stm32mp1_set_clksrc
                0x000000002ffdf2f0       0x80 /home/lodge/STM32MP157/tf-a/tf-a-stm32mp/../build/trusted/bl2/stm32mp1_clk.o
 .text.stm32mp1_pll_output
                0x000000002ffdf370       0x84 /home/lodge/STM32MP157/tf-a/tf-a-stm32mp/../build/trusted/bl2/stm32mp1_clk.o
 .text.stm32mp1_pll_stop
                0x000000002ffdf3f4       0x7c /home/lodge/STM32MP157/tf-a/tf-a-stm32mp/../build/trusted/bl2/stm32mp1_clk.o
 .text.stm32mp1_clk_rcc_regs_lock
                0x000000002ffdf470        0xc /home/lodge/STM32MP157/tf-a/tf-a-stm32mp/../build/trusted/bl2/stm32mp1_clk.o
                0x000000002ffdf470                stm32mp1_clk_rcc_regs_lock
 .text.stm32mp1_clk_rcc_regs_unlock
                0x000000002ffdf47c        0xc /home/lodge/STM32MP157/tf-a/tf-a-stm32mp/../build/trusted/bl2/stm32mp1_clk.o
                0x000000002ffdf47c                stm32mp1_clk_rcc_regs_unlock
 .text.stm32mp_clk_enable
                0x000000002ffdf488        0x6 /home/lodge/STM32MP157/tf-a/tf-a-stm32mp/../build/trusted/bl2/stm32mp1_clk.o
                0x000000002ffdf488                stm32mp_clk_enable
 .text.stm32mp_clk_disable
                0x000000002ffdf48e        0x6 /home/lodge/STM32MP157/tf-a/tf-a-stm32mp/../build/trusted/bl2/stm32mp1_clk.o
                0x000000002ffdf48e                stm32mp_clk_disable
 .text.stm32mp1_clk_force_enable
                0x000000002ffdf494        0x6 /home/lodge/STM32MP157/tf-a/tf-a-stm32mp/../build/trusted/bl2/stm32mp1_clk.o
                0x000000002ffdf494                stm32mp1_clk_force_enable
 .text.stm32mp_clk_get_rate
                0x000000002ffdf49a       0x16 /home/lodge/STM32MP157/tf-a/tf-a-stm32mp/../build/trusted/bl2/stm32mp1_clk.o
                0x000000002ffdf49a                stm32mp_clk_get_rate
 .text.clk_get_pll1_settings
                0x000000002ffdf4b0      0x1f4 /home/lodge/STM32MP157/tf-a/tf-a-stm32mp/../build/trusted/bl2/stm32mp1_clk.o
 .text.stm32mp1_clk_get_maxfreq_opp
                0x000000002ffdf6a4       0x54 /home/lodge/STM32MP157/tf-a/tf-a-stm32mp/../build/trusted/bl2/stm32mp1_clk.o
                0x000000002ffdf6a4                stm32mp1_clk_get_maxfreq_opp
 .text.stm32mp1_clk_lp_load_opp_pll1_settings
                0x000000002ffdf6f8       0x20 /home/lodge/STM32MP157/tf-a/tf-a-stm32mp/../build/trusted/bl2/stm32mp1_clk.o
                0x000000002ffdf6f8                stm32mp1_clk_lp_load_opp_pll1_settings
 .text.stm32mp1_clk_init
                0x000000002ffdf718      0x6e0 /home/lodge/STM32MP157/tf-a/tf-a-stm32mp/../build/trusted/bl2/stm32mp1_clk.o
                0x000000002ffdf718                stm32mp1_clk_init
 .text.stm32mp1_clk_probe
                0x000000002ffdfdf8       0xa4 /home/lodge/STM32MP157/tf-a/tf-a-stm32mp/../build/trusted/bl2/stm32mp1_clk.o
                0x000000002ffdfdf8                stm32mp1_clk_probe
 .text.ddr_enable_clock
                0x000000002ffdfe9c       0x22 /home/lodge/STM32MP157/tf-a/tf-a-stm32mp/../build/trusted/bl2/stm32mp1_ddr_helpers.o
                0x000000002ffdfe9c                ddr_enable_clock
 *fill*         0x000000002ffdfebe        0x2 
 .text.ddr_read_sr_mode
                0x000000002ffdfec0       0x18 /home/lodge/STM32MP157/tf-a/tf-a-stm32mp/../build/trusted/bl2/stm32mp1_ddr_helpers.o
                0x000000002ffdfec0                ddr_read_sr_mode
 .text.ddr_set_sr_mode
                0x000000002ffdfed8      0x1cc /home/lodge/STM32MP157/tf-a/tf-a-stm32mp/../build/trusted/bl2/stm32mp1_ddr_helpers.o
                0x000000002ffdfed8                ddr_set_sr_mode
 .text.fdt32_to_cpu
                0x000000002ffe00a4        0x4 /home/lodge/STM32MP157/tf-a/tf-a-stm32mp/../build/trusted/bl2/stm32_gpio.o
 .text.set_gpio
                0x000000002ffe00a8       0xd8 /home/lodge/STM32MP157/tf-a/tf-a-stm32mp/../build/trusted/bl2/stm32_gpio.o
                0x000000002ffe00a8                set_gpio
 .text.dt_set_pinctrl_config
                0x000000002ffe0180      0x204 /home/lodge/STM32MP157/tf-a/tf-a-stm32mp/../build/trusted/bl2/stm32_gpio.o
                0x000000002ffe0180                dt_set_pinctrl_config
 .text.i2c_wait_flag
                0x000000002ffe0384       0x44 /home/lodge/STM32MP157/tf-a/tf-a-stm32mp/../build/trusted/bl2/stm32_i2c.o
 .text.i2c_transfer_config.isra.0
                0x000000002ffe03c8       0x2c /home/lodge/STM32MP157/tf-a/tf-a-stm32mp/../build/trusted/bl2/stm32_i2c.o
 .text.i2c_ack_failed
                0x000000002ffe03f4       0x8e /home/lodge/STM32MP157/tf-a/tf-a-stm32mp/../build/trusted/bl2/stm32_i2c.o
 .text.i2c_wait_txis
                0x000000002ffe0482       0x42 /home/lodge/STM32MP157/tf-a/tf-a-stm32mp/../build/trusted/bl2/stm32_i2c.o
 .text.i2c_wait_stop
                0x000000002ffe04c4       0x42 /home/lodge/STM32MP157/tf-a/tf-a-stm32mp/../build/trusted/bl2/stm32_i2c.o
 *fill*         0x000000002ffe0506        0x2 
 .text.i2c_read.constprop.0
                0x000000002ffe0508      0x1ec /home/lodge/STM32MP157/tf-a/tf-a-stm32mp/../build/trusted/bl2/stm32_i2c.o
 .text.i2c_write
                0x000000002ffe06f4      0x224 /home/lodge/STM32MP157/tf-a/tf-a-stm32mp/../build/trusted/bl2/stm32_i2c.o
 .text.stm32_i2c_get_setup_from_fdt
                0x000000002ffe0918       0x60 /home/lodge/STM32MP157/tf-a/tf-a-stm32mp/../build/trusted/bl2/stm32_i2c.o
                0x000000002ffe0918                stm32_i2c_get_setup_from_fdt
 .text.stm32_i2c_init
                0x000000002ffe0978      0x45c /home/lodge/STM32MP157/tf-a/tf-a-stm32mp/../build/trusted/bl2/stm32_i2c.o
                0x000000002ffe0978                stm32_i2c_init
 .text.stm32_i2c_mem_write
                0x000000002ffe0dd4       0x1c /home/lodge/STM32MP157/tf-a/tf-a-stm32mp/../build/trusted/bl2/stm32_i2c.o
                0x000000002ffe0dd4                stm32_i2c_mem_write
 .text.stm32_i2c_mem_read
                0x000000002ffe0df0       0x12 /home/lodge/STM32MP157/tf-a/tf-a-stm32mp/../build/trusted/bl2/stm32_i2c.o
                0x000000002ffe0df0                stm32_i2c_mem_read
 *fill*         0x000000002ffe0e02        0x2 
 .text.stm32_i2c_is_device_ready
                0x000000002ffe0e04      0x144 /home/lodge/STM32MP157/tf-a/tf-a-stm32mp/../build/trusted/bl2/stm32_i2c.o
                0x000000002ffe0e04                stm32_i2c_is_device_ready
 .text.stm32_iwdg_refresh
                0x000000002ffe0f48       0x40 /home/lodge/STM32MP157/tf-a/tf-a-stm32mp/../build/trusted/bl2/stm32_iwdg.o
                0x000000002ffe0f48                stm32_iwdg_refresh
 .text.stm32_iwdg_init
                0x000000002ffe0f88      0x114 /home/lodge/STM32MP157/tf-a/tf-a-stm32mp/../build/trusted/bl2/stm32_iwdg.o
                0x000000002ffe0f88                stm32_iwdg_init
 .text.fdt32_to_cpu
                0x000000002ffe109c        0x4 /home/lodge/STM32MP157/tf-a/tf-a-stm32mp/../build/trusted/bl2/stm32mp_pmic.o
 .text.dt_get_pmic_node
                0x000000002ffe10a0       0x20 /home/lodge/STM32MP157/tf-a/tf-a-stm32mp/../build/trusted/bl2/stm32mp_pmic.o
 .text.dt_pmic_get_regulator_voltage
                0x000000002ffe10c0       0x60 /home/lodge/STM32MP157/tf-a/tf-a-stm32mp/../build/trusted/bl2/stm32mp_pmic.o
 .text.pmic_operate
                0x000000002ffe1120      0x17c /home/lodge/STM32MP157/tf-a/tf-a-stm32mp/../build/trusted/bl2/stm32mp_pmic.o
 .text.pmic_regulator_enable
                0x000000002ffe129c       0x2e /home/lodge/STM32MP157/tf-a/tf-a-stm32mp/../build/trusted/bl2/stm32mp_pmic.o
 .text.pmic_regulator_disable
                0x000000002ffe12ca       0x2e /home/lodge/STM32MP157/tf-a/tf-a-stm32mp/../build/trusted/bl2/stm32mp_pmic.o
 .text.dt_pmic_status
                0x000000002ffe12f8       0x28 /home/lodge/STM32MP157/tf-a/tf-a-stm32mp/../build/trusted/bl2/stm32mp_pmic.o
                0x000000002ffe12f8                dt_pmic_status
 .text.pmic_configure_boot_on_regulators
                0x000000002ffe1320        0xa /home/lodge/STM32MP157/tf-a/tf-a-stm32mp/../build/trusted/bl2/stm32mp_pmic.o
                0x000000002ffe1320                pmic_configure_boot_on_regulators
 *fill*         0x000000002ffe132a        0x2 
 .text.dt_pmic_find_supply
                0x000000002ffe132c       0x7c /home/lodge/STM32MP157/tf-a/tf-a-stm32mp/../build/trusted/bl2/stm32mp_pmic.o
                0x000000002ffe132c                dt_pmic_find_supply
 .text.initialize_pmic_i2c
                0x000000002ffe13a8      0x108 /home/lodge/STM32MP157/tf-a/tf-a-stm32mp/../build/trusted/bl2/stm32mp_pmic.o
                0x000000002ffe13a8                initialize_pmic_i2c
 .text.is_pmic_regulator
                0x000000002ffe14b0       0x38 /home/lodge/STM32MP157/tf-a/tf-a-stm32mp/../build/trusted/bl2/stm32mp_pmic.o
                0x000000002ffe14b0                is_pmic_regulator
 .text.bind_pmic_regulator
                0x000000002ffe14e8        0xc /home/lodge/STM32MP157/tf-a/tf-a-stm32mp/../build/trusted/bl2/stm32mp_pmic.o
                0x000000002ffe14e8                bind_pmic_regulator
 .text.initialize_pmic
                0x000000002ffe14f4       0x12 /home/lodge/STM32MP157/tf-a/tf-a-stm32mp/../build/trusted/bl2/stm32mp_pmic.o
                0x000000002ffe14f4                initialize_pmic
 .text.configure_pmic
                0x000000002ffe1506       0x14 /home/lodge/STM32MP157/tf-a/tf-a-stm32mp/../build/trusted/bl2/stm32mp_pmic.o
                0x000000002ffe1506                configure_pmic
 *fill*         0x000000002ffe151a        0x2 
 .text.print_pmic_info_and_debug
                0x000000002ffe151c       0x34 /home/lodge/STM32MP157/tf-a/tf-a-stm32mp/../build/trusted/bl2/stm32mp_pmic.o
                0x000000002ffe151c                print_pmic_info_and_debug
 .text.pmic_ddr_power_init
                0x000000002ffe1550      0x150 /home/lodge/STM32MP157/tf-a/tf-a-stm32mp/../build/trusted/bl2/stm32mp_pmic.o
                0x000000002ffe1550                pmic_ddr_power_init
 .text.get_regulator_data
                0x000000002ffe16a0       0x3c /home/lodge/STM32MP157/tf-a/tf-a-stm32mp/../build/trusted/bl2/stpmic1.o
 .text.voltage_to_index
                0x000000002ffe16dc       0x2a /home/lodge/STM32MP157/tf-a/tf-a-stm32mp/../build/trusted/bl2/stpmic1.o
 *fill*         0x000000002ffe1706        0x2 
 .text.stpmic1_register_read
                0x000000002ffe1708       0x28 /home/lodge/STM32MP157/tf-a/tf-a-stm32mp/../build/trusted/bl2/stpmic1.o
                0x000000002ffe1708                stpmic1_register_read
 .text.stpmic1_is_regulator_enabled
                0x000000002ffe1730       0x28 /home/lodge/STM32MP157/tf-a/tf-a-stm32mp/../build/trusted/bl2/stpmic1.o
                0x000000002ffe1730                stpmic1_is_regulator_enabled
 .text.stpmic1_regulator_voltage_get
                0x000000002ffe1758       0x74 /home/lodge/STM32MP157/tf-a/tf-a-stm32mp/../build/trusted/bl2/stpmic1.o
                0x000000002ffe1758                stpmic1_regulator_voltage_get
 .text.stpmic1_register_write
                0x000000002ffe17cc       0x58 /home/lodge/STM32MP157/tf-a/tf-a-stm32mp/../build/trusted/bl2/stpmic1.o
                0x000000002ffe17cc                stpmic1_register_write
 .text.stpmic1_register_update
                0x000000002ffe1824       0x2e /home/lodge/STM32MP157/tf-a/tf-a-stm32mp/../build/trusted/bl2/stpmic1.o
                0x000000002ffe1824                stpmic1_register_update
 .text.stpmic1_regulator_enable
                0x000000002ffe1852       0x14 /home/lodge/STM32MP157/tf-a/tf-a-stm32mp/../build/trusted/bl2/stpmic1.o
                0x000000002ffe1852                stpmic1_regulator_enable
 .text.stpmic1_regulator_disable
                0x000000002ffe1866       0x14 /home/lodge/STM32MP157/tf-a/tf-a-stm32mp/../build/trusted/bl2/stpmic1.o
                0x000000002ffe1866                stpmic1_regulator_disable
 *fill*         0x000000002ffe187a        0x2 
 .text.stpmic1_regulator_voltage_set
                0x000000002ffe187c       0x5c /home/lodge/STM32MP157/tf-a/tf-a-stm32mp/../build/trusted/bl2/stpmic1.o
                0x000000002ffe187c                stpmic1_regulator_voltage_set
 .text.stpmic1_regulator_pull_down_set
                0x000000002ffe18d8       0x24 /home/lodge/STM32MP157/tf-a/tf-a-stm32mp/../build/trusted/bl2/stpmic1.o
                0x000000002ffe18d8                stpmic1_regulator_pull_down_set
 .text.stpmic1_regulator_mask_reset_set
                0x000000002ffe18fc       0x1a /home/lodge/STM32MP157/tf-a/tf-a-stm32mp/../build/trusted/bl2/stpmic1.o
                0x000000002ffe18fc                stpmic1_regulator_mask_reset_set
 *fill*         0x000000002ffe1916        0x2 
 .text.stpmic1_bind_i2c
                0x000000002ffe1918       0x14 /home/lodge/STM32MP157/tf-a/tf-a-stm32mp/../build/trusted/bl2/stpmic1.o
                0x000000002ffe1918                stpmic1_bind_i2c
 .text.stpmic1_dump_regulators
                0x000000002ffe192c        0x2 /home/lodge/STM32MP157/tf-a/tf-a-stm32mp/../build/trusted/bl2/stpmic1.o
                0x000000002ffe192c                stpmic1_dump_regulators
 .text.stpmic1_get_version
                0x000000002ffe192e       0x1e /home/lodge/STM32MP157/tf-a/tf-a-stm32mp/../build/trusted/bl2/stpmic1.o
                0x000000002ffe192e                stpmic1_get_version
 .text.dummy_regulator_enable
                0x000000002ffe194c        0x4 /home/lodge/STM32MP157/tf-a/tf-a-stm32mp/../build/trusted/bl2/stm32mp_dummy_regulator.o
 .text.dummy_regulator_disable
                0x000000002ffe1950        0x4 /home/lodge/STM32MP157/tf-a/tf-a-stm32mp/../build/trusted/bl2/stm32mp_dummy_regulator.o
 .text.bind_dummy_regulator
                0x000000002ffe1954        0xc /home/lodge/STM32MP157/tf-a/tf-a-stm32mp/../build/trusted/bl2/stm32mp_dummy_regulator.o
                0x000000002ffe1954                bind_dummy_regulator
 .text.stm32mp_regulator_enable
                0x000000002ffe1960       0x1c /home/lodge/STM32MP157/tf-a/tf-a-stm32mp/../build/trusted/bl2/stm32mp_regulator.o
                0x000000002ffe1960                stm32mp_regulator_enable
 .text.stm32mp_regulator_disable
                0x000000002ffe197c       0x24 /home/lodge/STM32MP157/tf-a/tf-a-stm32mp/../build/trusted/bl2/stm32mp_regulator.o
                0x000000002ffe197c                stm32mp_regulator_disable
 .text.stm32mp_regulator_register
                0x000000002ffe19a0        0x4 /home/lodge/STM32MP157/tf-a/tf-a-stm32mp/../build/trusted/bl2/stm32mp_regulator.o
                0x000000002ffe19a0                stm32mp_regulator_register
 .text.stm32mp_reset_assert_to
                0x000000002ffe19a4       0x78 /home/lodge/STM32MP157/tf-a/tf-a-stm32mp/../build/trusted/bl2/stm32mp1_reset.o
                0x000000002ffe19a4                stm32mp_reset_assert_to
 .text.stm32mp_reset_deassert_to
                0x000000002ffe1a1c       0x7c /home/lodge/STM32MP157/tf-a/tf-a-stm32mp/../build/trusted/bl2/stm32mp1_reset.o
                0x000000002ffe1a1c                stm32mp_reset_deassert_to
 .text.fdt32_to_cpu
                0x000000002ffe1a98        0x4 /home/lodge/STM32MP157/tf-a/tf-a-stm32mp/../build/trusted/bl2/stm32mp_dt.o
 .text.fdt_get_node_parent_address_cells
                0x000000002ffe1a9c       0x24 /home/lodge/STM32MP157/tf-a/tf-a-stm32mp/../build/trusted/bl2/stm32mp_dt.o
 .text.dt_get_stdout_node_offset
                0x000000002ffe1ac0       0x7c /home/lodge/STM32MP157/tf-a/tf-a-stm32mp/../build/trusted/bl2/stm32mp_dt.o
 .text.dt_get_opp_freqvolt_from_subnode
                0x000000002ffe1b3c       0xc4 /home/lodge/STM32MP157/tf-a/tf-a-stm32mp/../build/trusted/bl2/stm32mp_dt.o
 .text.dt_open_and_check
                0x000000002ffe1c00       0x1c /home/lodge/STM32MP157/tf-a/tf-a-stm32mp/../build/trusted/bl2/stm32mp_dt.o
                0x000000002ffe1c00                dt_open_and_check
 .text.fdt_get_address
                0x000000002ffe1c1c       0x18 /home/lodge/STM32MP157/tf-a/tf-a-stm32mp/../build/trusted/bl2/stm32mp_dt.o
                0x000000002ffe1c1c                fdt_get_address
 .text.fdt_check_node
                0x000000002ffe1c34       0x20 /home/lodge/STM32MP157/tf-a/tf-a-stm32mp/../build/trusted/bl2/stm32mp_dt.o
                0x000000002ffe1c34                fdt_check_node
 .text.fdt_get_status
                0x000000002ffe1c54       0x64 /home/lodge/STM32MP157/tf-a/tf-a-stm32mp/../build/trusted/bl2/stm32mp_dt.o
                0x000000002ffe1c54                fdt_get_status
 .text.fdt_read_uint32_default
                0x000000002ffe1cb8       0x28 /home/lodge/STM32MP157/tf-a/tf-a-stm32mp/../build/trusted/bl2/stm32mp_dt.o
                0x000000002ffe1cb8                fdt_read_uint32_default
 .text.fdt_read_uint32_array
                0x000000002ffe1ce0       0x4c /home/lodge/STM32MP157/tf-a/tf-a-stm32mp/../build/trusted/bl2/stm32mp_dt.o
                0x000000002ffe1ce0                fdt_read_uint32_array
 .text.fdt_get_reg_props_by_name
                0x000000002ffe1d2c       0x98 /home/lodge/STM32MP157/tf-a/tf-a-stm32mp/../build/trusted/bl2/stm32mp_dt.o
                0x000000002ffe1d2c                fdt_get_reg_props_by_name
 .text.dt_set_stdout_pinctrl
                0x000000002ffe1dc4       0x18 /home/lodge/STM32MP157/tf-a/tf-a-stm32mp/../build/trusted/bl2/stm32mp_dt.o
                0x000000002ffe1dc4                dt_set_stdout_pinctrl
 .text.dt_fill_device_info
                0x000000002ffe1ddc       0x88 /home/lodge/STM32MP157/tf-a/tf-a-stm32mp/../build/trusted/bl2/stm32mp_dt.o
                0x000000002ffe1ddc                dt_fill_device_info
 .text.dt_get_node
                0x000000002ffe1e64       0x24 /home/lodge/STM32MP157/tf-a/tf-a-stm32mp/../build/trusted/bl2/stm32mp_dt.o
                0x000000002ffe1e64                dt_get_node
 .text.dt_get_stdout_uart_info
                0x000000002ffe1e88       0x1e /home/lodge/STM32MP157/tf-a/tf-a-stm32mp/../build/trusted/bl2/stm32mp_dt.o
                0x000000002ffe1e88                dt_get_stdout_uart_info
 *fill*         0x000000002ffe1ea6        0x2 
 .text.dt_get_node_by_compatible
                0x000000002ffe1ea8       0x28 /home/lodge/STM32MP157/tf-a/tf-a-stm32mp/../build/trusted/bl2/stm32mp_dt.o
                0x000000002ffe1ea8                dt_get_node_by_compatible
 .text.dt_match_instance_by_compatible
                0x000000002ffe1ed0       0x6c /home/lodge/STM32MP157/tf-a/tf-a-stm32mp/../build/trusted/bl2/stm32mp_dt.o
                0x000000002ffe1ed0                dt_match_instance_by_compatible
 .text.dt_get_ddr_size
                0x000000002ffe1f3c       0x24 /home/lodge/STM32MP157/tf-a/tf-a-stm32mp/../build/trusted/bl2/stm32mp_dt.o
                0x000000002ffe1f3c                dt_get_ddr_size
 .text.dt_get_max_opp_freqvolt
                0x000000002ffe1f60       0x88 /home/lodge/STM32MP157/tf-a/tf-a-stm32mp/../build/trusted/bl2/stm32mp_dt.o
                0x000000002ffe1f60                dt_get_max_opp_freqvolt
 .text.dt_get_pwr_vdd_voltage
                0x000000002ffe1fe8       0x54 /home/lodge/STM32MP157/tf-a/tf-a-stm32mp/../build/trusted/bl2/stm32mp_dt.o
                0x000000002ffe1fe8                dt_get_pwr_vdd_voltage
 .text.dt_get_cpu_regulator_name
                0x000000002ffe203c       0x50 /home/lodge/STM32MP157/tf-a/tf-a-stm32mp/../build/trusted/bl2/stm32mp_dt.o
                0x000000002ffe203c                dt_get_cpu_regulator_name
 .text.dt_get_board_model
                0x000000002ffe208c       0x2c /home/lodge/STM32MP157/tf-a/tf-a-stm32mp/../build/trusted/bl2/stm32mp_dt.o
                0x000000002ffe208c                dt_get_board_model
 .text.stm32mp_lock_shregs
                0x000000002ffe20b8       0x18 /home/lodge/STM32MP157/tf-a/tf-a-stm32mp/../build/trusted/bl2/stm32mp_shres_helpers.o
                0x000000002ffe20b8                stm32mp_lock_shregs
 .text.stm32mp_unlock_shregs
                0x000000002ffe20d0       0x18 /home/lodge/STM32MP157/tf-a/tf-a-stm32mp/../build/trusted/bl2/stm32mp_shres_helpers.o
                0x000000002ffe20d0                stm32mp_unlock_shregs
 .text.stm32mp_mmio_clrbits_32_shregs
                0x000000002ffe20e8       0x1a /home/lodge/STM32MP157/tf-a/tf-a-stm32mp/../build/trusted/bl2/stm32mp_shres_helpers.o
                0x000000002ffe20e8                stm32mp_mmio_clrbits_32_shregs
 .text.stm32mp_mmio_setbits_32_shregs
                0x000000002ffe2102       0x18 /home/lodge/STM32MP157/tf-a/tf-a-stm32mp/../build/trusted/bl2/stm32mp_shres_helpers.o
                0x000000002ffe2102                stm32mp_mmio_setbits_32_shregs
 .text.stm32_get_zdata_from_context
                0x000000002ffe211a       0x1e /home/lodge/STM32MP157/tf-a/tf-a-stm32mp/../build/trusted/bl2/stm32mp1_context.o
                0x000000002ffe211a                stm32_get_zdata_from_context
 .text.stm32_get_pll1_settings_from_context
                0x000000002ffe2138       0x20 /home/lodge/STM32MP157/tf-a/tf-a-stm32mp/../build/trusted/bl2/stm32mp1_context.o
                0x000000002ffe2138                stm32_get_pll1_settings_from_context