core_cm4.h:1676:26:__NVIC_GetPriorityGrouping	4	static
core_cm4.h:1816:22:__NVIC_SetPriority	16	static
core_cm4.h:1863:26:NVIC_EncodePriority	40	static
core_cm4.h:2022:26:SysTick_Config	16	static
stm32mp1xx_hal.c:153:19:HAL_Init	16	static
stm32mp1xx_hal.c:200:19:HAL_DeInit	8	static
stm32mp1xx_hal.c:216:13:HAL_MspInit	4	static
stm32mp1xx_hal.c:227:13:HAL_MspDeInit	4	static
stm32mp1xx_hal.c:250:26:HAL_InitTick	16	static
stm32mp1xx_hal.c:367:13:HAL_IncTick	4	static
stm32mp1xx_hal.c:378:17:HAL_GetTick	4	static
stm32mp1xx_hal.c:407:10:HAL_GetTickPrio	4	static
stm32mp1xx_hal.c:416:19:HAL_SetTickFreq	24	static
stm32mp1xx_hal.c:447:21:HAL_GetTickFreq	4	static
stm32mp1xx_hal.c:464:13:HAL_Delay	24	static
stm32mp1xx_hal.c:490:13:HAL_SuspendTick	4	static
stm32mp1xx_hal.c:509:13:HAL_ResumeTick	4	static
stm32mp1xx_hal.c:522:10:HAL_GetHalVersion	4	static
stm32mp1xx_hal.c:531:10:HAL_GetREVID	4	static
stm32mp1xx_hal.c:540:10:HAL_GetDEVID	4	static
stm32mp1xx_hal.c:549:6:HAL_EnableDBGWakeUp	4	static
stm32mp1xx_hal.c:562:6:HAL_DisableDBGWakeUp	4	static
stm32mp1xx_hal.c:575:6:HAL_EnableDBGSleepMode	4	static
stm32mp1xx_hal.c:584:6:HAL_DisableDBGSleepMode	4	static
stm32mp1xx_hal.c:593:6:HAL_EnableDBGStopMode	4	static
stm32mp1xx_hal.c:602:6:HAL_DisableDBGStopMode	4	static
stm32mp1xx_hal.c:611:6:HAL_EnableDBGStandbyMode	4	static
stm32mp1xx_hal.c:620:6:HAL_DisableDBGStandbyMode	4	static
stm32mp1xx_hal.c:640:6:HAL_SYSCFG_VREFBUF_VoltageScalingConfig	16	static
stm32mp1xx_hal.c:656:6:HAL_SYSCFG_VREFBUF_HighImpedanceConfig	16	static
stm32mp1xx_hal.c:668:6:HAL_SYSCFG_VREFBUF_TrimmingConfig	16	static
stm32mp1xx_hal.c:680:19:HAL_SYSCFG_EnableVREFBUF	16	static
stm32mp1xx_hal.c:706:6:HAL_SYSCFG_DisableVREFBUF	4	static
stm32mp1xx_hal.c:721:6:HAL_SYSCFG_ETHInterfaceSelect	16	static
stm32mp1xx_hal.c:744:6:HAL_SYSCFG_AnalogSwitchConfig	16	static
stm32mp1xx_hal.c:763:6:HAL_SYSCFG_EnableBOOST	4	static
stm32mp1xx_hal.c:775:6:HAL_SYSCFG_DisableBOOST	4	static
stm32mp1xx_hal.c:787:6:HAL_EnableCompensationCell	4	static
stm32mp1xx_hal.c:802:6:HAL_DisableCompensationCell	4	static
stm32mp1xx_hal.c:826:6:HAL_SYSCFG_EnableIOSpeedOptimize	16	static
stm32mp1xx_hal.c:845:6:HAL_SYSCFG_DisableIOSpeedOptimize	16	static
stm32mp1xx_hal.c:858:6:HAL_SYSCFG_CompensationCodeSelect	16	static
stm32mp1xx_hal.c:875:6:HAL_SYSCFG_CompensationCodeConfig	16	static
stm32mp1xx_hal.c:888:6:HAL_SYSCFG_DisableIOCompensation	16	static
stm32mp1xx_hal.c:920:19:HAL_SYSCFG_EnableIOCompensation	16	static
