Archive member included to satisfy reference by file (symbol)

/home/lodge/STM32MP157/tf-a/tf-a-stm32mp/../build/trusted/lib/libfdt.a(fdt.o)
                              /home/lodge/STM32MP157/tf-a/tf-a-stm32mp/../build/trusted/bl32/stm32mp_dt.o (fdt_check_header)
/home/lodge/STM32MP157/tf-a/tf-a-stm32mp/../build/trusted/lib/libfdt.a(fdt_addresses.o)
                              /home/lodge/STM32MP157/tf-a/tf-a-stm32mp/../build/trusted/bl32/stm32mp_dt.o (fdt_address_cells)
/home/lodge/STM32MP157/tf-a/tf-a-stm32mp/../build/trusted/lib/libfdt.a(fdt_ro.o)
                              /home/lodge/STM32MP157/tf-a/tf-a-stm32mp/../build/trusted/bl32/stm32mp_clkfunc.o (fdt_get_name)
/home/lodge/STM32MP157/tf-a/tf-a-stm32mp/../build/trusted/lib/libc.a(assert.o)
                              /home/lodge/STM32MP157/tf-a/tf-a-stm32mp/../build/trusted/bl32/sp_min_main.o (__assert)
/home/lodge/STM32MP157/tf-a/tf-a-stm32mp/../build/trusted/lib/libc.a(memchr.o)
                              /home/lodge/STM32MP157/tf-a/tf-a-stm32mp/../build/trusted/lib/libfdt.a(fdt_ro.o) (memchr)
/home/lodge/STM32MP157/tf-a/tf-a-stm32mp/../build/trusted/lib/libc.a(memcmp.o)
                              /home/lodge/STM32MP157/tf-a/tf-a-stm32mp/../build/trusted/lib/libfdt.a(fdt.o) (memcmp)
/home/lodge/STM32MP157/tf-a/tf-a-stm32mp/../build/trusted/lib/libc.a(memcpy.o)
                              /home/lodge/STM32MP157/tf-a/tf-a-stm32mp/../build/trusted/bl32/context_mgmt.o (memcpy)
/home/lodge/STM32MP157/tf-a/tf-a-stm32mp/../build/trusted/lib/libc.a(memmove.o)
                              /home/lodge/STM32MP157/tf-a/tf-a-stm32mp/../build/trusted/bl32/xlat_tables_core.o (memmove)
/home/lodge/STM32MP157/tf-a/tf-a-stm32mp/../build/trusted/lib/libc.a(memset.o)
                              /home/lodge/STM32MP157/tf-a/tf-a-stm32mp/../build/trusted/bl32/runtime_svc.o (memset)
/home/lodge/STM32MP157/tf-a/tf-a-stm32mp/../build/trusted/lib/libc.a(printf.o)
                              /home/lodge/STM32MP157/tf-a/tf-a-stm32mp/../build/trusted/bl32/tf_log.o (vprintf)
/home/lodge/STM32MP157/tf-a/tf-a-stm32mp/../build/trusted/lib/libc.a(putchar.o)
                              /home/lodge/STM32MP157/tf-a/tf-a-stm32mp/../build/trusted/bl32/tf_log.o (putchar)
/home/lodge/STM32MP157/tf-a/tf-a-stm32mp/../build/trusted/lib/libc.a(snprintf.o)
                              /home/lodge/STM32MP157/tf-a/tf-a-stm32mp/../build/trusted/bl32/stm32mp1_clk.o (snprintf)
/home/lodge/STM32MP157/tf-a/tf-a-stm32mp/../build/trusted/lib/libc.a(strchr.o)
                              /home/lodge/STM32MP157/tf-a/tf-a-stm32mp/../build/trusted/bl32/stm32mp_dt.o (strchr)
/home/lodge/STM32MP157/tf-a/tf-a-stm32mp/../build/trusted/lib/libc.a(strcmp.o)
                              /home/lodge/STM32MP157/tf-a/tf-a-stm32mp/../build/trusted/bl32/stm32mp_pmic.o (strcmp)
/home/lodge/STM32MP157/tf-a/tf-a-stm32mp/../build/trusted/lib/libc.a(strlcpy.o)
                              /home/lodge/STM32MP157/tf-a/tf-a-stm32mp/../build/trusted/bl32/base.o (strlcpy)
/home/lodge/STM32MP157/tf-a/tf-a-stm32mp/../build/trusted/lib/libc.a(strlen.o)
                              /home/lodge/STM32MP157/tf-a/tf-a-stm32mp/../build/trusted/bl32/base.o (strlen)
/home/lodge/STM32MP157/tf-a/tf-a-stm32mp/../build/trusted/lib/libc.a(strncmp.o)
                              /home/lodge/STM32MP157/tf-a/tf-a-stm32mp/../build/trusted/bl32/stm32mp_clkfunc.o (strncmp)
/home/lodge/STM32MP157/tf-a/tf-a-stm32mp/../build/trusted/lib/libc.a(strnlen.o)
                              /home/lodge/STM32MP157/tf-a/tf-a-stm32mp/../build/trusted/lib/libfdt.a(fdt_ro.o) (strnlen)
/home/lodge/STM32MP157/tf-a/tf-a-stm32mp/../build/trusted/lib/libc.a(strrchr.o)
                              /home/lodge/STM32MP157/tf-a/tf-a-stm32mp/../build/trusted/lib/libfdt.a(fdt_ro.o) (strrchr)

Discarded input sections

 .text          0x0000000000000000        0x0 /home/lodge/STM32MP157/tf-a/tf-a-stm32mp/../build/trusted/bl32/build_message.o
 .data          0x0000000000000000        0x0 /home/lodge/STM32MP157/tf-a/tf-a-stm32mp/../build/trusted/bl32/build_message.o
 .bss           0x0000000000000000        0x0 /home/lodge/STM32MP157/tf-a/tf-a-stm32mp/../build/trusted/bl32/build_message.o
 .text          0x0000000000000000        0x0 /home/lodge/STM32MP157/tf-a/tf-a-stm32mp/../build/trusted/bl32/sp_min_main.o
 .data          0x0000000000000000        0x0 /home/lodge/STM32MP157/tf-a/tf-a-stm32mp/../build/trusted/bl32/sp_min_main.o
 .bss           0x0000000000000000        0x0 /home/lodge/STM32MP157/tf-a/tf-a-stm32mp/../build/trusted/bl32/sp_min_main.o
 .text.smc_set_next_ctx
                0x0000000000000000       0x14 /home/lodge/STM32MP157/tf-a/tf-a-stm32mp/../build/trusted/bl32/sp_min_main.o
 .text.cm_set_context
                0x0000000000000000       0x24 /home/lodge/STM32MP157/tf-a/tf-a-stm32mp/../build/trusted/bl32/sp_min_main.o
[...]
Memory Configuration

Name             Origin             Length             Attributes
RAM              0x000000002ffed000 0x0000000000012000 xrw
*default*        0x0000000000000000 0xffffffffffffffff

Linker script and memory map

                0x000000002ffed000                . = 0x2ffed000
                0x0000000000000001                ASSERT ((. == ALIGN (0x1000)), BL32_BASE address is not aligned on a page boundary.)

ro              0x000000002ffed000    0x10000
                0x000000002ffed000                __RO_START__ = .
 *entrypoint.o(.text*)
 .text.asm.sp_min_entrypoint
                0x000000002ffed000      0x160 /home/lodge/STM32MP157/tf-a/tf-a-stm32mp/../build/trusted/bl32/entrypoint.o
                0x000000002ffed000                sp_min_entrypoint
 .text.asm.sp_min_handle_smc
                0x000000002ffed160       0xcc /home/lodge/STM32MP157/tf-a/tf-a-stm32mp/../build/trusted/bl32/entrypoint.o
                0x000000002ffed160                sp_min_handle_smc
 .text.asm.sp_min_handle_fiq
                0x000000002ffed22c       0xb4 /home/lodge/STM32MP157/tf-a/tf-a-stm32mp/../build/trusted/bl32/entrypoint.o
                0x000000002ffed22c                sp_min_handle_fiq
 .text.asm.sp_min_warm_entrypoint
                0x000000002ffed2e0       0xe0 /home/lodge/STM32MP157/tf-a/tf-a-stm32mp/../build/trusted/bl32/entrypoint.o
                0x000000002ffed2e0                sp_min_warm_entrypoint
 .text.asm.sp_min_exit
                0x000000002ffed3c0       0x84 /home/lodge/STM32MP157/tf-a/tf-a-stm32mp/../build/trusted/bl32/entrypoint.o
 *(.text*)
 .text.smc_get_ctx
                0x000000002ffed444       0x24 /home/lodge/STM32MP157/tf-a/tf-a-stm32mp/../build/trusted/bl32/sp_min_main.o
                0x000000002ffed444                smc_get_ctx
 .text.smc_get_next_ctx
                0x000000002ffed468       0x14 /home/lodge/STM32MP157/tf-a/tf-a-stm32mp/../build/trusted/bl32/sp_min_main.o
                0x000000002ffed468                smc_get_next_ctx
 .text.cm_get_context
                0x000000002ffed47c       0x24 /home/lodge/STM32MP157/tf-a/tf-a-stm32mp/../build/trusted/bl32/sp_min_main.o
                0x000000002ffed47c                cm_get_context
 .text.cm_get_context_by_index
                0x000000002ffed4a0       0x20 /home/lodge/STM32MP157/tf-a/tf-a-stm32mp/../build/trusted/bl32/sp_min_main.o
                0x000000002ffed4a0                cm_get_context_by_index
 .text.cm_set_context_by_index
                0x000000002ffed4c0       0x20 /home/lodge/STM32MP157/tf-a/tf-a-stm32mp/../build/trusted/bl32/sp_min_main.o
                0x000000002ffed4c0                cm_set_context_by_index
 .text.get_arm_std_svc_args
                0x000000002ffed4e0       0x20 /home/lodge/STM32MP157/tf-a/tf-a-stm32mp/../build/trusted/bl32/sp_min_main.o
                0x000000002ffed4e0                get_arm_std_svc_args
 .text.sp_min_main
                0x000000002ffed500       0xd0 /home/lodge/STM32MP157/tf-a/tf-a-stm32mp/../build/trusted/bl32/sp_min_main.o
                0x000000002ffed500                sp_min_main
 .text.sp_min_warm_boot
                0x000000002ffed5d0       0x74 /home/lodge/STM32MP157/tf-a/tf-a-stm32mp/../build/trusted/bl32/sp_min_main.o
                0x000000002ffed5d0                sp_min_warm_boot
 .text.sp_min_fiq
                0x000000002ffed644       0x16 /home/lodge/STM32MP157/tf-a/tf-a-stm32mp/../build/trusted/bl32/sp_min_main.o
                0x000000002ffed644                sp_min_fiq
 *fill*         0x000000002ffed65a        0x2 
 .text.handle_runtime_svc
                0x000000002ffed65c       0x60 /home/lodge/STM32MP157/tf-a/tf-a-stm32mp/../build/trusted/bl32/runtime_svc.o
                0x000000002ffed65c                handle_runtime_svc
 .text.runtime_svc_init
                0x000000002ffed6bc       0xd8 /home/lodge/STM32MP157/tf-a/tf-a-stm32mp/../build/trusted/bl32/runtime_svc.o
                0x000000002ffed6bc                runtime_svc_init
 .text.sp_min_plat_runtime_setup
                0x000000002ffed794        0x6 /home/lodge/STM32MP157/tf-a/tf-a-stm32mp/../build/trusted/bl32/plat_sp_min_common.o
                0x000000002ffed794                sp_min_plat_runtime_setup
 *fill*         0x000000002ffed79a        0x2 
 .text.std_svc_smc_handler
                0x000000002ffed79c       0x7c /home/lodge/STM32MP157/tf-a/tf-a-stm32mp/../build/trusted/bl32/std_svc_setup.o
 .text.std_svc_setup
                0x000000002ffed818       0x24 /home/lodge/STM32MP157/tf-a/tf-a-stm32mp/../build/trusted/bl32/std_svc_setup.o
 .text.cm_setup_context
                0x000000002ffed83c       0x78 /home/lodge/STM32MP157/tf-a/tf-a-stm32mp/../build/trusted/bl32/context_mgmt.o
                0x000000002ffed83c                cm_setup_context
 .text.cm_init_context_by_index
                0x000000002ffed8b4       0x18 /home/lodge/STM32MP157/tf-a/tf-a-stm32mp/../build/trusted/bl32/context_mgmt.o
                0x000000002ffed8b4                cm_init_context_by_index
 .text.cm_init_my_context
                0x000000002ffed8cc       0x18 /home/lodge/STM32MP157/tf-a/tf-a-stm32mp/../build/trusted/bl32/context_mgmt.o
                0x000000002ffed8cc                cm_init_my_context
 .text.cm_prepare_el3_exit
                0x000000002ffed8e4       0xb4 /home/lodge/STM32MP157/tf-a/tf-a-stm32mp/../build/trusted/bl32/context_mgmt.o
                0x000000002ffed8e4                cm_prepare_el3_exit
 .text.errata_needs_reporting
                0x000000002ffed998       0x2a /home/lodge/STM32MP157/tf-a/tf-a-stm32mp/../build/trusted/bl32/errata_report.o
                0x000000002ffed998                errata_needs_reporting
 *fill*         0x000000002ffed9c2        0x2 
 .text.psci_do_cpu_off
                0x000000002ffed9c4       0xbc /home/lodge/STM32MP157/tf-a/tf-a-stm32mp/../build/trusted/bl32/psci_off.o
                0x000000002ffed9c4                psci_do_cpu_off
 .text.psci_cpu_on_start
                0x000000002ffeda80      0x12c /home/lodge/STM32MP157/tf-a/tf-a-stm32mp/../build/trusted/bl32/psci_on.o
                0x000000002ffeda80                psci_cpu_on_start
 .text.psci_cpu_on_finish
                0x000000002ffedbac       0x9c /home/lodge/STM32MP157/tf-a/tf-a-stm32mp/../build/trusted/bl32/psci_on.o
                0x000000002ffedbac                psci_cpu_on_finish
 .text.psci_cpu_suspend_start
                0x000000002ffedc48      0x120 /home/lodge/STM32MP157/tf-a/tf-a-stm32mp/../build/trusted/bl32/psci_suspend.o
                0x000000002ffedc48                psci_cpu_suspend_start
 .text.psci_cpu_suspend_finish
                0x000000002ffedd68       0x8c /home/lodge/STM32MP157/tf-a/tf-a-stm32mp/../build/trusted/bl32/psci_suspend.o
                0x000000002ffedd68                psci_cpu_suspend_finish
 .text.psci_validate_power_state
                0x000000002ffeddf4       0x30 /home/lodge/STM32MP157/tf-a/tf-a-stm32mp/../build/trusted/bl32/psci_common.o
                0x000000002ffeddf4                psci_validate_power_state
 .text.psci_query_sys_suspend_pwrstate
                0x000000002ffede24       0x20 /home/lodge/STM32MP157/tf-a/tf-a-stm32mp/../build/trusted/bl32/psci_common.o
                0x000000002ffede24                psci_query_sys_suspend_pwrstate
 .text.psci_is_last_on_cpu
                0x000000002ffede44       0x50 /home/lodge/STM32MP157/tf-a/tf-a-stm32mp/../build/trusted/bl32/psci_common.o
                0x000000002ffede44                psci_is_last_on_cpu
 .text.psci_init_req_local_pwr_states
                0x000000002ffede94       0x10 /home/lodge/STM32MP157/tf-a/tf-a-stm32mp/../build/trusted/bl32/psci_common.o
                0x000000002ffede94                psci_init_req_local_pwr_states
 .text.psci_get_target_local_pwr_states
                0x000000002ffedea4       0x54 /home/lodge/STM32MP157/tf-a/tf-a-stm32mp/../build/trusted/bl32/psci_common.o
                0x000000002ffedea4                psci_get_target_local_pwr_states
 .text.psci_get_parent_pwr_domain_nodes
                0x000000002ffedef8       0x2c /home/lodge/STM32MP157/tf-a/tf-a-stm32mp/../build/trusted/bl32/psci_common.o
                0x000000002ffedef8                psci_get_parent_pwr_domain_nodes
 .text.psci_set_pwr_domains_to_run
                0x000000002ffedf24       0x84 /home/lodge/STM32MP157/tf-a/tf-a-stm32mp/../build/trusted/bl32/psci_common.o
                0x000000002ffedf24                psci_set_pwr_domains_to_run
 .text.psci_do_state_coordination
                0x000000002ffedfa8       0xbc /home/lodge/STM32MP157/tf-a/tf-a-stm32mp/../build/trusted/bl32/psci_common.o
                0x000000002ffedfa8                psci_do_state_coordination
 .text.psci_find_max_off_lvl
                0x000000002ffee064       0x18 /home/lodge/STM32MP157/tf-a/tf-a-stm32mp/../build/trusted/bl32/psci_common.o
                0x000000002ffee064                psci_find_max_off_lvl
 .text.psci_find_target_suspend_lvl
                0x000000002ffee07c       0x14 /home/lodge/STM32MP157/tf-a/tf-a-stm32mp/../build/trusted/bl32/psci_common.o
                0x000000002ffee07c                psci_find_target_suspend_lvl
 .text.psci_validate_suspend_req
                0x000000002ffee090       0x52 /home/lodge/STM32MP157/tf-a/tf-a-stm32mp/../build/trusted/bl32/psci_common.o
                0x000000002ffee090                psci_validate_suspend_req
 *fill*         0x000000002ffee0e2        0x2 
 .text.psci_acquire_pwr_domain_locks
                0x000000002ffee0e4       0x38 /home/lodge/STM32MP157/tf-a/tf-a-stm32mp/../build/trusted/bl32/psci_common.o
                0x000000002ffee0e4                psci_acquire_pwr_domain_locks
 .text.psci_release_pwr_domain_locks
                0x000000002ffee11c       0x30 /home/lodge/STM32MP157/tf-a/tf-a-stm32mp/../build/trusted/bl32/psci_common.o
                0x000000002ffee11c                psci_release_pwr_domain_locks
 .text.psci_validate_mpidr
                0x000000002ffee14c       0x12 /home/lodge/STM32MP157/tf-a/tf-a-stm32mp/../build/trusted/bl32/psci_common.o
                0x000000002ffee14c                psci_validate_mpidr
 *fill*         0x000000002ffee15e        0x2 
 .text.psci_validate_entry_point
                0x000000002ffee160       0x94 /home/lodge/STM32MP157/tf-a/tf-a-stm32mp/../build/trusted/bl32/psci_common.o
                0x000000002ffee160                psci_validate_entry_point
 .text.psci_warmboot_entrypoint
                0x000000002ffee1f4       0x98 /home/lodge/STM32MP157/tf-a/tf-a-stm32mp/../build/trusted/bl32/psci_common.o
                0x000000002ffee1f4                psci_warmboot_entrypoint
 .text.psci_spd_migrate_info
                0x000000002ffee28c       0x2c /home/lodge/STM32MP157/tf-a/tf-a-stm32mp/../build/trusted/bl32/psci_common.o
                0x000000002ffee28c                psci_spd_migrate_info
 .text.psci_print_power_domain_map
                0x000000002ffee2b8       0xb0 /home/lodge/STM32MP157/tf-a/tf-a-stm32mp/../build/trusted/bl32/psci_common.o
                0x000000002ffee2b8                psci_print_power_domain_map
 .text.psci_do_pwrdown_sequence
                0x000000002ffee368        0x4 /home/lodge/STM32MP157/tf-a/tf-a-stm32mp/../build/trusted/bl32/psci_common.o
                0x000000002ffee368                psci_do_pwrdown_sequence
 .text.psci_cpu_on
                0x000000002ffee36c       0x2e /home/lodge/STM32MP157/tf-a/tf-a-stm32mp/../build/trusted/bl32/psci_main.o
                0x000000002ffee36c                psci_cpu_on
 *fill*         0x000000002ffee39a        0x2 
 .text.psci_cpu_suspend
                0x000000002ffee39c       0xc4 /home/lodge/STM32MP157/tf-a/tf-a-stm32mp/../build/trusted/bl32/psci_main.o
                0x000000002ffee39c                psci_cpu_suspend
 .text.psci_system_suspend
                0x000000002ffee460       0x6c /home/lodge/STM32MP157/tf-a/tf-a-stm32mp/../build/trusted/bl32/psci_main.o
                0x000000002ffee460                psci_system_suspend
 .text.psci_cpu_off
                0x000000002ffee4cc       0x1c /home/lodge/STM32MP157/tf-a/tf-a-stm32mp/../build/trusted/bl32/psci_main.o
                0x000000002ffee4cc                psci_cpu_off
 .text.psci_affinity_info
                0x000000002ffee4e8       0x2a /home/lodge/STM32MP157/tf-a/tf-a-stm32mp/../build/trusted/bl32/psci_main.o
                0x000000002ffee4e8                psci_affinity_info
 *fill*         0x000000002ffee512        0x2 
 .text.psci_migrate
                0x000000002ffee514       0x6c /home/lodge/STM32MP157/tf-a/tf-a-stm32mp/../build/trusted/bl32/psci_main.o
                0x000000002ffee514                psci_migrate
 .text.psci_migrate_info_type
                0x000000002ffee580        0xe /home/lodge/STM32MP157/tf-a/tf-a-stm32mp/../build/trusted/bl32/psci_main.o
                0x000000002ffee580                psci_migrate_info_type
 .text.psci_migrate_info_up_cpu
                0x000000002ffee58e       0x18 /home/lodge/STM32MP157/tf-a/tf-a-stm32mp/../build/trusted/bl32/psci_main.o
                0x000000002ffee58e                psci_migrate_info_up_cpu
 *fill*         0x000000002ffee5a6        0x2 
 .text.psci_node_hw_state
                0x000000002ffee5a8       0x48 /home/lodge/STM32MP157/tf-a/tf-a-stm32mp/../build/trusted/bl32/psci_main.o
                0x000000002ffee5a8                psci_node_hw_state
 .text.psci_features
                0x000000002ffee5f0       0x60 /home/lodge/STM32MP157/tf-a/tf-a-stm32mp/../build/trusted/bl32/psci_main.o
                0x000000002ffee5f0                psci_features
 .text.psci_smc_handler
                0x000000002ffee650      0x134 /home/lodge/STM32MP157/tf-a/tf-a-stm32mp/../build/trusted/bl32/psci_main.o
                0x000000002ffee650                psci_smc_handler
 .text.psci_arch_setup
                0x000000002ffee784       0x16 /home/lodge/STM32MP157/tf-a/tf-a-stm32mp/../build/trusted/bl32/psci_setup.o
                0x000000002ffee784                psci_arch_setup
 *fill*         0x000000002ffee79a        0x2 
 .text.psci_setup
                0x000000002ffee79c      0x214 /home/lodge/STM32MP157/tf-a/tf-a-stm32mp/../build/trusted/bl32/psci_setup.o
                0x000000002ffee79c                psci_setup
 .text.psci_prepare_next_non_secure_ctx
                0x000000002ffee9b0       0x24 /home/lodge/STM32MP157/tf-a/tf-a-stm32mp/../build/trusted/bl32/psci_setup.o
                0x000000002ffee9b0                psci_prepare_next_non_secure_ctx
 .text.psci_system_off
                0x000000002ffee9d4       0x38 /home/lodge/STM32MP157/tf-a/tf-a-stm32mp/../build/trusted/bl32/psci_system_off.o
                0x000000002ffee9d4                psci_system_off
 .text.psci_system_reset
                0x000000002ffeea0c       0x38 /home/lodge/STM32MP157/tf-a/tf-a-stm32mp/../build/trusted/bl32/psci_system_off.o
                0x000000002ffeea0c                psci_system_reset
 .text.psci_system_reset2
                0x000000002ffeea44       0x70 /home/lodge/STM32MP157/tf-a/tf-a-stm32mp/../build/trusted/bl32/psci_system_off.o
                0x000000002ffeea44                psci_system_reset2
 .text.psci_mem_protect
                0x000000002ffeeab4       0x4c /home/lodge/STM32MP157/tf-a/tf-a-stm32mp/../build/trusted/bl32/psci_mem_protect.o
                0x000000002ffeeab4                psci_mem_protect
 .text.psci_mem_chk_range
                0x000000002ffeeb00       0x34 /home/lodge/STM32MP157/tf-a/tf-a-stm32mp/../build/trusted/bl32/psci_mem_protect.o
                0x000000002ffeeb00                psci_mem_chk_range
 .text.bakery_lock_get
                0x000000002ffeeb34      0x100 /home/lodge/STM32MP157/tf-a/tf-a-stm32mp/../build/trusted/bl32/bakery_lock_normal.o
                0x000000002ffeeb34                bakery_lock_get
 .text.bakery_lock_release
                0x000000002ffeec34       0x58 /home/lodge/STM32MP157/tf-a/tf-a-stm32mp/../build/trusted/bl32/bakery_lock_normal.o
                0x000000002ffeec34                bakery_lock_release
 .text.trim_increase
                0x000000002ffeec8c       0x26 /home/lodge/STM32MP157/tf-a/tf-a-stm32mp/../build/trusted/bl32/stm32mp1_calib.o
 .text.trim_table_init
                0x000000002ffeecb2       0x84 /home/lodge/STM32MP157/tf-a/tf-a-stm32mp/../build/trusted/bl32/stm32mp1_calib.o
 *fill*         0x000000002ffeed36        0x2 
 .text.csi_get_trimed_cal
                0x000000002ffeed38       0x20 /home/lodge/STM32MP157/tf-a/tf-a-stm32mp/../build/trusted/bl32/stm32mp1_calib.o
 .text.csi_set_trim
                0x000000002ffeed58       0x28 /home/lodge/STM32MP157/tf-a/tf-a-stm32mp/../build/trusted/bl32/stm32mp1_calib.o
 .text.hsi_get_trimed_cal
                0x000000002ffeed80       0x1c /home/lodge/STM32MP157/tf-a/tf-a-stm32mp/../build/trusted/bl32/stm32mp1_calib.o
 .text.hsi_set_trim
                0x000000002ffeed9c       0x24 /home/lodge/STM32MP157/tf-a/tf-a-stm32mp/../build/trusted/bl32/stm32mp1_calib.o
 .text.rcc_calibration
                0x000000002ffeedc0      0x180 /home/lodge/STM32MP157/tf-a/tf-a-stm32mp/../build/trusted/bl32/stm32mp1_calib.o
 .text.stm32mp1_calib_get_wakeup
                0x000000002ffeef40        0xc /home/lodge/STM32MP157/tf-a/tf-a-stm32mp/../build/trusted/bl32/stm32mp1_calib.o
                0x000000002ffeef40                stm32mp1_calib_get_wakeup
 .text.stm32mp1_calib_set_wakeup
                0x000000002ffeef4c        0xc /home/lodge/STM32MP157/tf-a/tf-a-stm32mp/../build/trusted/bl32/stm32mp1_calib.o
                0x000000002ffeef4c                stm32mp1_calib_set_wakeup
 .text.stm32mp1_calib_it_handler
                0x000000002ffeef58       0x88 /home/lodge/STM32MP157/tf-a/tf-a-stm32mp/../build/trusted/bl32/stm32mp1_calib.o
                0x000000002ffeef58                stm32mp1_calib_it_handler
 .text.stm32mp1_calib_start_hsi_cal
                0x000000002ffeefe0       0x1c /home/lodge/STM32MP157/tf-a/tf-a-stm32mp/../build/trusted/bl32/stm32mp1_calib.o
                0x000000002ffeefe0                stm32mp1_calib_start_hsi_cal
 .text.stm32mp1_calib_start_csi_cal
                0x000000002ffeeffc       0x1c /home/lodge/STM32MP157/tf-a/tf-a-stm32mp/../build/trusted/bl32/stm32mp1_calib.o
                0x000000002ffeeffc                stm32mp1_calib_start_csi_cal
 .text.stm32mp1_calib_init
                0x000000002ffef018       0xcc /home/lodge/STM32MP157/tf-a/tf-a-stm32mp/../build/trusted/bl32/stm32mp1_calib.o
                0x000000002ffef018                stm32mp1_calib_init
 .text.etzpc_configure_decprot
                0x000000002ffef0e4       0x40 /home/lodge/STM32MP157/tf-a/tf-a-stm32mp/../build/trusted/bl32/etzpc.o
                0x000000002ffef0e4                etzpc_configure_decprot
 .text.etzpc_get_decprot
                0x000000002ffef124       0x34 /home/lodge/STM32MP157/tf-a/tf-a-stm32mp/../build/trusted/bl32/etzpc.o
                0x000000002ffef124                etzpc_get_decprot
 .text.etzpc_lock_decprot
                0x000000002ffef158       0x30 /home/lodge/STM32MP157/tf-a/tf-a-stm32mp/../build/trusted/bl32/etzpc.o
                0x000000002ffef158                etzpc_lock_decprot
 .text.etzpc_configure_tzma
                0x000000002ffef188       0x24 /home/lodge/STM32MP157/tf-a/tf-a-stm32mp/../build/trusted/bl32/etzpc.o
                0x000000002ffef188                etzpc_configure_tzma
 .text.etzpc_init
                0x000000002ffef1ac       0xf4 /home/lodge/STM32MP157/tf-a/tf-a-stm32mp/../build/trusted/bl32/etzpc.o
                0x000000002ffef1ac                etzpc_init
 .text.stm32_rng_read
                0x000000002ffef2a0       0xe0 /home/lodge/STM32MP157/tf-a/tf-a-stm32mp/../build/trusted/bl32/stm32_rng.o
                0x000000002ffef2a0                stm32_rng_read
 .text.stm32_rng_init
                0x000000002ffef380       0x9c /home/lodge/STM32MP157/tf-a/tf-a-stm32mp/../build/trusted/bl32/stm32_rng.o
                0x000000002ffef380                stm32_rng_init
 .text.stm32_rtc_read_calendar
                0x000000002ffef41c       0x30 /home/lodge/STM32MP157/tf-a/tf-a-stm32mp/../build/trusted/bl32/stm32_rtc.o
 .text.stm32_is_a_leap_year
                0x000000002ffef44c       0x2c /home/lodge/STM32MP157/tf-a/tf-a-stm32mp/../build/trusted/bl32/stm32_rtc.o
 .text.stm32_rtc_get_date
                0x000000002ffef478       0x50 /home/lodge/STM32MP157/tf-a/tf-a-stm32mp/../build/trusted/bl32/stm32_rtc.o
 .text.stm32_rtc_get_time
                0x000000002ffef4c8       0x50 /home/lodge/STM32MP157/tf-a/tf-a-stm32mp/../build/trusted/bl32/stm32_rtc.o
 .text.stm32_rtc_get_second_fraction.isra.0
                0x000000002ffef518       0x20 /home/lodge/STM32MP157/tf-a/tf-a-stm32mp/../build/trusted/bl32/stm32_rtc.o
 .text.stm32_rtc_regs_lock
                0x000000002ffef538       0x18 /home/lodge/STM32MP157/tf-a/tf-a-stm32mp/../build/trusted/bl32/stm32_rtc.o
                0x000000002ffef538                stm32_rtc_regs_lock
 .text.stm32_rtc_regs_unlock
                0x000000002ffef550       0x18 /home/lodge/STM32MP157/tf-a/tf-a-stm32mp/../build/trusted/bl32/stm32_rtc.o
                0x000000002ffef550                stm32_rtc_regs_unlock
 .text.stm32_rtc_get_calendar
                0x000000002ffef568       0x40 /home/lodge/STM32MP157/tf-a/tf-a-stm32mp/../build/trusted/bl32/stm32_rtc.o
                0x000000002ffef568                stm32_rtc_get_calendar
 .text.stm32_rtc_diff_calendar
                0x000000002ffef5a8      0x1a8 /home/lodge/STM32MP157/tf-a/tf-a-stm32mp/../build/trusted/bl32/stm32_rtc.o
                0x000000002ffef5a8                stm32_rtc_diff_calendar
 .text.stm32_rtc_get_timestamp
                0x000000002ffef750       0x70 /home/lodge/STM32MP157/tf-a/tf-a-stm32mp/../build/trusted/bl32/stm32_rtc.o
                0x000000002ffef750                stm32_rtc_get_timestamp
 .text.stm32_rtc_set_tamper_timestamp
                0x000000002ffef7c0       0x48 /home/lodge/STM32MP157/tf-a/tf-a-stm32mp/../build/trusted/bl32/stm32_rtc.o
                0x000000002ffef7c0                stm32_rtc_set_tamper_timestamp
 .text.stm32_rtc_is_timestamp_enable
                0x000000002ffef808       0x20 /home/lodge/STM32MP157/tf-a/tf-a-stm32mp/../build/trusted/bl32/stm32_rtc.o
                0x000000002ffef808                stm32_rtc_is_timestamp_enable
 .text.stm32_rtc_init
                0x000000002ffef828       0x34 /home/lodge/STM32MP157/tf-a/tf-a-stm32mp/../build/trusted/bl32/stm32_rtc.o
                0x000000002ffef828                stm32_rtc_init
 .text.stm32_tamp_configure_internal
                0x000000002ffef85c       0x58 /home/lodge/STM32MP157/tf-a/tf-a-stm32mp/../build/trusted/bl32/stm32_tamp.o
                0x000000002ffef85c                stm32_tamp_configure_internal
 .text.stm32_tamp_configure_external
                0x000000002ffef8b4      0x104 /home/lodge/STM32MP157/tf-a/tf-a-stm32mp/../build/trusted/bl32/stm32_tamp.o
                0x000000002ffef8b4                stm32_tamp_configure_external
 .text.stm32_tamp_it_handler
                0x000000002ffef9b8       0xd8 /home/lodge/STM32MP157/tf-a/tf-a-stm32mp/../build/trusted/bl32/stm32_tamp.o
                0x000000002ffef9b8                stm32_tamp_it_handler
 .text.stm32_tamp_init
                0x000000002ffefa90      0x10c /home/lodge/STM32MP157/tf-a/tf-a-stm32mp/../build/trusted/bl32/stm32_tamp.o
                0x000000002ffefa90                stm32_tamp_init
 .text.stm32_timer_config
                0x000000002ffefb9c       0x7c /home/lodge/STM32MP157/tf-a/tf-a-stm32mp/../build/trusted/bl32/stm32_timer.o
 .text.stm32_timer_start_capture
                0x000000002ffefc18       0x80 /home/lodge/STM32MP157/tf-a/tf-a-stm32mp/../build/trusted/bl32/stm32_timer.o
 .text.stm32_timer_hsi_freq
                0x000000002ffefc98       0x24 /home/lodge/STM32MP157/tf-a/tf-a-stm32mp/../build/trusted/bl32/stm32_timer.o
                0x000000002ffefc98                stm32_timer_hsi_freq
 .text.stm32_timer_csi_freq
                0x000000002ffefcbc       0x28 /home/lodge/STM32MP157/tf-a/tf-a-stm32mp/../build/trusted/bl32/stm32_timer.o
                0x000000002ffefcbc                stm32_timer_csi_freq
 .text.stm32_timer_freq_func
                0x000000002ffefce4       0x34 /home/lodge/STM32MP157/tf-a/tf-a-stm32mp/../build/trusted/bl32/stm32_timer.o
                0x000000002ffefce4                stm32_timer_freq_func
 .text.stm32_timer_init
                0x000000002ffefd18       0xe0 /home/lodge/STM32MP157/tf-a/tf-a-stm32mp/../build/trusted/bl32/stm32_timer.o
                0x000000002ffefd18                stm32_timer_init
 .text.stm32mp1_tamper_action
                0x000000002ffefdf8       0x20 /home/lodge/STM32MP157/tf-a/tf-a-stm32mp/../build/trusted/bl32/sp_min_setup.o
 .text.sp_min_plat_fiq_handler
                0x000000002ffefe18       0xd0 /home/lodge/STM32MP157/tf-a/tf-a-stm32mp/../build/trusted/bl32/sp_min_setup.o
                0x000000002ffefe18                sp_min_plat_fiq_handler
 .text.sp_min_plat_get_bl33_ep_info
                0x000000002ffefee8       0x68 /home/lodge/STM32MP157/tf-a/tf-a-stm32mp/../build/trusted/bl32/sp_min_setup.o
                0x000000002ffefee8                sp_min_plat_get_bl33_ep_info
 .text.sp_min_early_platform_setup2
                0x000000002ffeff50      0x124 /home/lodge/STM32MP157/tf-a/tf-a-stm32mp/../build/trusted/bl32/sp_min_setup.o
                0x000000002ffeff50                sp_min_early_platform_setup2
 .text.sp_min_platform_setup
                0x000000002fff0074       0xa4 /home/lodge/STM32MP157/tf-a/tf-a-stm32mp/../build/trusted/bl32/sp_min_setup.o
                0x000000002fff0074                sp_min_platform_setup
 .text.sp_min_plat_arch_setup
                0x000000002fff0118        0x2 /home/lodge/STM32MP157/tf-a/tf-a-stm32mp/../build/trusted/bl32/sp_min_setup.o
                0x000000002fff0118                sp_min_plat_arch_setup
 *fill*         0x000000002fff011a        0x2 
 .text.stm32_apply_pmic_suspend_config
                0x000000002fff011c       0x44 /home/lodge/STM32MP157/tf-a/tf-a-stm32mp/../build/trusted/bl32/stm32mp1_low_power.o
                0x000000002fff011c                stm32_apply_pmic_suspend_config
 .text.stm32_exit_cstop
                0x000000002fff0160       0x98 /home/lodge/STM32MP157/tf-a/tf-a-stm32mp/../build/trusted/bl32/stm32mp1_low_power.o
                0x000000002fff0160                stm32_exit_cstop
 .text.stm32_pwr_down_wfi
                0x000000002fff01f8       0x38 /home/lodge/STM32MP157/tf-a/tf-a-stm32mp/../build/trusted/bl32/stm32mp1_low_power.o
                0x000000002fff01f8                stm32_pwr_down_wfi
 .text.stm32_enter_low_power
                0x000000002fff0230      0x194 /home/lodge/STM32MP157/tf-a/tf-a-stm32mp/../build/trusted/bl32/stm32mp1_low_power.o
                0x000000002fff0230                stm32_enter_low_power
 .text.stm32_pwr_domain_off
                0x000000002fff03c4        0x2 /home/lodge/STM32MP157/tf-a/tf-a-stm32mp/../build/trusted/bl32/stm32mp1_pm.o
 .text.stm32_validate_power_state
                0x000000002fff03c6       0x1c /home/lodge/STM32MP157/tf-a/tf-a-stm32mp/../build/trusted/bl32/stm32mp1_pm.o
 *fill*         0x000000002fff03e2        0x2 
 .text.stm32_validate_ns_entrypoint
                0x000000002fff03e4       0x18 /home/lodge/STM32MP157/tf-a/tf-a-stm32mp/../build/trusted/bl32/stm32mp1_pm.o
 .text.stm32_node_hw_state
                0x000000002fff03fc        0xc /home/lodge/STM32MP157/tf-a/tf-a-stm32mp/../build/trusted/bl32/stm32mp1_pm.o
 .text.stm32_get_sys_suspend_power_state
                0x000000002fff0408        0x8 /home/lodge/STM32MP157/tf-a/tf-a-stm32mp/../build/trusted/bl32/stm32mp1_pm.o
 .text.stm32_system_reset
                0x000000002fff0410       0x14 /home/lodge/STM32MP157/tf-a/tf-a-stm32mp/../build/trusted/bl32/stm32mp1_pm.o
 .text.stm32_pwr_domain_suspend
                0x000000002fff0424       0x18 /home/lodge/STM32MP157/tf-a/tf-a-stm32mp/../build/trusted/bl32/stm32mp1_pm.o
 .text.stm32_system_off
                0x000000002fff043c       0x3c /home/lodge/STM32MP157/tf-a/tf-a-stm32mp/../build/trusted/bl32/stm32mp1_pm.o
 .text.stm32_pwr_domain_pwr_down_wfi
                0x000000002fff0478       0x3c /home/lodge/STM32MP157/tf-a/tf-a-stm32mp/../build/trusted/bl32/stm32mp1_pm.o
 .text.stm32_pwr_domain_on_finish
                0x000000002fff04b4       0x14 /home/lodge/STM32MP157/tf-a/tf-a-stm32mp/../build/trusted/bl32/stm32mp1_pm.o
 .text.stm32_pwr_domain_on
                0x000000002fff04c8       0x84 /home/lodge/STM32MP157/tf-a/tf-a-stm32mp/../build/trusted/bl32/stm32mp1_pm.o
 .text.stm32_cpu_standby
                0x000000002fff054c       0x3c /home/lodge/STM32MP157/tf-a/tf-a-stm32mp/../build/trusted/bl32/stm32mp1_pm.o
 .text.stm32_pwr_domain_suspend_finish
                0x000000002fff0588        0x2 /home/lodge/STM32MP157/tf-a/tf-a-stm32mp/../build/trusted/bl32/stm32mp1_pm.o
 *fill*         0x000000002fff058a        0x2 
 .text.plat_setup_psci_ops
                0x000000002fff058c       0x14 /home/lodge/STM32MP157/tf-a/tf-a-stm32mp/../build/trusted/bl32/stm32mp1_pm.o
                0x000000002fff058c                plat_setup_psci_ops
 .text.stm32mp1_init_lp_states
                0x000000002fff05a0       0xdc /home/lodge/STM32MP157/tf-a/tf-a-stm32mp/../build/trusted/bl32/stm32mp1_power_config.o
                0x000000002fff05a0                stm32mp1_init_lp_states
 .text.stm32mp1_set_pm_domain_state
                0x000000002fff067c       0x14 /home/lodge/STM32MP157/tf-a/tf-a-stm32mp/../build/trusted/bl32/stm32mp1_power_config.o
                0x000000002fff067c                stm32mp1_set_pm_domain_state
 .text.stm32mp1_get_lp_soc_mode
                0x000000002fff0690       0x58 /home/lodge/STM32MP157/tf-a/tf-a-stm32mp/../build/trusted/bl32/stm32mp1_power_config.o
                0x000000002fff0690                stm32mp1_get_lp_soc_mode
 .text.decprot2str
                0x000000002fff06e8       0x38 /home/lodge/STM32MP157/tf-a/tf-a-stm32mp/../build/trusted/bl32/stm32mp1_shared_resources.o
 .text.check_decprot
                0x000000002fff0720       0x54 /home/lodge/STM32MP157/tf-a/tf-a-stm32mp/../build/trusted/bl32/stm32mp1_shared_resources.o
 .text.get_gpioz_nbpin
                0x000000002fff0774       0x30 /home/lodge/STM32MP157/tf-a/tf-a-stm32mp/../build/trusted/bl32/stm32mp1_shared_resources.o
 .text.register_periph
                0x000000002fff07a4       0xb0 /home/lodge/STM32MP157/tf-a/tf-a-stm32mp/../build/trusted/bl32/stm32mp1_shared_resources.o
 .text.register_periph_iomem
                0x000000002fff0854      0x128 /home/lodge/STM32MP157/tf-a/tf-a-stm32mp/../build/trusted/bl32/stm32mp1_shared_resources.o
 .text.stm32mp_register_secure_periph
                0x000000002fff097c        0x6 /home/lodge/STM32MP157/tf-a/tf-a-stm32mp/../build/trusted/bl32/stm32mp1_shared_resources.o
                0x000000002fff097c                stm32mp_register_secure_periph
 .text.stm32mp_register_secure_periph_iomem
                0x000000002fff0982        0x6 /home/lodge/STM32MP157/tf-a/tf-a-stm32mp/../build/trusted/bl32/stm32mp1_shared_resources.o
                0x000000002fff0982                stm32mp_register_secure_periph_iomem
 .text.stm32mp_register_non_secure_periph_iomem
                0x000000002fff0988        0x6 /home/lodge/STM32MP157/tf-a/tf-a-stm32mp/../build/trusted/bl32/stm32mp1_shared_resources.o
                0x000000002fff0988                stm32mp_register_non_secure_periph_iomem
 *fill*         0x000000002fff098e        0x2 
 .text.stm32mp_register_secure_gpio
                0x000000002fff0990       0x28 /home/lodge/STM32MP157/tf-a/tf-a-stm32mp/../build/trusted/bl32/stm32mp1_shared_resources.o
                0x000000002fff0990                stm32mp_register_secure_gpio
 .text.stm32mp_register_non_secure_gpio
                0x000000002fff09b8       0x10 /home/lodge/STM32MP157/tf-a/tf-a-stm32mp/../build/trusted/bl32/stm32mp1_shared_resources.o
                0x000000002fff09b8                stm32mp_register_non_secure_gpio
 .text.stm32mp1_register_etzpc_decprot
                0x000000002fff09c8       0x64 /home/lodge/STM32MP157/tf-a/tf-a-stm32mp/../build/trusted/bl32/stm32mp1_shared_resources.o
                0x000000002fff09c8                stm32mp1_register_etzpc_decprot
 .text.stm32mp1_periph_is_secure
                0x000000002fff0a2c       0x1c /home/lodge/STM32MP157/tf-a/tf-a-stm32mp/../build/trusted/bl32/stm32mp1_shared_resources.o
                0x000000002fff0a2c                stm32mp1_periph_is_secure
 .text.stm32mp_gpio_bank_is_non_secure.part.0
                0x000000002fff0a48       0x2a /home/lodge/STM32MP157/tf-a/tf-a-stm32mp/../build/trusted/bl32/stm32mp1_shared_resources.o
 *fill*         0x000000002fff0a72        0x2 
 .text.stm32mp_gpio_bank_is_non_secure
                0x000000002fff0a74       0x18 /home/lodge/STM32MP157/tf-a/tf-a-stm32mp/../build/trusted/bl32/stm32mp1_shared_resources.o
                0x000000002fff0a74                stm32mp_gpio_bank_is_non_secure
 .text.stm32mp_nsec_can_access_clock
                0x000000002fff0a8c       0xc0 /home/lodge/STM32MP157/tf-a/tf-a-stm32mp/../build/trusted/bl32/stm32mp1_shared_resources.o
                0x000000002fff0a8c                stm32mp_nsec_can_access_clock
 .text.stm32mp_nsec_can_access_reset
                0x000000002fff0b4c       0xb4 /home/lodge/STM32MP157/tf-a/tf-a-stm32mp/../build/trusted/bl32/stm32mp1_shared_resources.o
                0x000000002fff0b4c                stm32mp_nsec_can_access_reset
 .text.stm32mp_lock_periph_registering
                0x000000002fff0c00      0x1f4 /home/lodge/STM32MP157/tf-a/tf-a-stm32mp/../build/trusted/bl32/stm32mp1_shared_resources.o
                0x000000002fff0c00                stm32mp_lock_periph_registering
 .text.plat_get_power_domain_tree_desc
                0x000000002fff0df4        0x8 /home/lodge/STM32MP157/tf-a/tf-a-stm32mp/../build/trusted/bl32/stm32mp1_topology.o
                0x000000002fff0df4                plat_get_power_domain_tree_desc
 .text.plat_core_pos_by_mpidr
                0x000000002fff0dfc       0x22 /home/lodge/STM32MP157/tf-a/tf-a-stm32mp/../build/trusted/bl32/stm32mp1_topology.o
                0x000000002fff0dfc                plat_core_pos_by_mpidr
 .text.gicd_read_igroupr
                0x000000002fff0e1e        0xa /home/lodge/STM32MP157/tf-a/tf-a-stm32mp/../build/trusted/bl32/gic_common.o
                0x000000002fff0e1e                gicd_read_igroupr
 .text.gicd_read_icfgr
                0x000000002fff0e28        0xc /home/lodge/STM32MP157/tf-a/tf-a-stm32mp/../build/trusted/bl32/gic_common.o
                0x000000002fff0e28                gicd_read_icfgr
 .text.gicd_write_igroupr
                0x000000002fff0e34        0xa /home/lodge/STM32MP157/tf-a/tf-a-stm32mp/../build/trusted/bl32/gic_common.o
                0x000000002fff0e34                gicd_write_igroupr
 .text.gicd_write_isenabler
                0x000000002fff0e3e        0xc /home/lodge/STM32MP157/tf-a/tf-a-stm32mp/../build/trusted/bl32/gic_common.o
                0x000000002fff0e3e                gicd_write_isenabler
 .text.gicd_write_icenabler
                0x000000002fff0e4a        0xc /home/lodge/STM32MP157/tf-a/tf-a-stm32mp/../build/trusted/bl32/gic_common.o
                0x000000002fff0e4a                gicd_write_icenabler
 .text.gicd_write_ipriorityr
                0x000000002fff0e56        0xc /home/lodge/STM32MP157/tf-a/tf-a-stm32mp/../build/trusted/bl32/gic_common.o
                0x000000002fff0e56                gicd_write_ipriorityr
 .text.gicd_write_icfgr
                0x000000002fff0e62        0xc /home/lodge/STM32MP157/tf-a/tf-a-stm32mp/../build/trusted/bl32/gic_common.o
                0x000000002fff0e62                gicd_write_icfgr
 .text.gicd_set_igroupr
                0x000000002fff0e6e       0x20 /home/lodge/STM32MP157/tf-a/tf-a-stm32mp/../build/trusted/bl32/gic_common.o
                0x000000002fff0e6e                gicd_set_igroupr
 .text.gicd_clr_igroupr
                0x000000002fff0e8e       0x22 /home/lodge/STM32MP157/tf-a/tf-a-stm32mp/../build/trusted/bl32/gic_common.o
                0x000000002fff0e8e                gicd_clr_igroupr
 .text.gicd_set_isenabler
                0x000000002fff0eb0        0xc /home/lodge/STM32MP157/tf-a/tf-a-stm32mp/../build/trusted/bl32/gic_common.o
                0x000000002fff0eb0                gicd_set_isenabler
 .text.gicd_set_icenabler
                0x000000002fff0ebc        0xc /home/lodge/STM32MP157/tf-a/tf-a-stm32mp/../build/trusted/bl32/gic_common.o
                0x000000002fff0ebc                gicd_set_icenabler
 .text.gicd_set_ipriorityr
                0x000000002fff0ec8        0xa /home/lodge/STM32MP157/tf-a/tf-a-stm32mp/../build/trusted/bl32/gic_common.o
                0x000000002fff0ec8                gicd_set_ipriorityr
 .text.gicd_set_icfgr
                0x000000002fff0ed2       0x2c /home/lodge/STM32MP157/tf-a/tf-a-stm32mp/../build/trusted/bl32/gic_common.o
                0x000000002fff0ed2                gicd_set_icfgr
 .text.gicv2_get_cpuif_id
                0x000000002fff0efe        0x8 /home/lodge/STM32MP157/tf-a/tf-a-stm32mp/../build/trusted/bl32/gicv2_helpers.o
                0x000000002fff0efe                gicv2_get_cpuif_id
 .text.gicv2_spis_configure_defaults
                0x000000002fff0f06       0x50 /home/lodge/STM32MP157/tf-a/tf-a-stm32mp/../build/trusted/bl32/gicv2_helpers.o
                0x000000002fff0f06                gicv2_spis_configure_defaults
 *fill*         0x000000002fff0f56        0x2 
 .text.gicv2_secure_spis_configure_props
                0x000000002fff0f58       0x94 /home/lodge/STM32MP157/tf-a/tf-a-stm32mp/../build/trusted/bl32/gicv2_helpers.o
                0x000000002fff0f58                gicv2_secure_spis_configure_props
 .text.gicv2_secure_ppi_sgi_setup_props
                0x000000002fff0fec       0xb4 /home/lodge/STM32MP157/tf-a/tf-a-stm32mp/../build/trusted/bl32/gicv2_helpers.o
                0x000000002fff0fec                gicv2_secure_ppi_sgi_setup_props
 .text.gicv2_cpuif_enable
                0x000000002fff10a0       0x2c /home/lodge/STM32MP157/tf-a/tf-a-stm32mp/../build/trusted/bl32/gicv2_main.o
                0x000000002fff10a0                gicv2_cpuif_enable
 .text.gicv2_pcpu_distif_init
                0x000000002fff10cc       0x3c /home/lodge/STM32MP157/tf-a/tf-a-stm32mp/../build/trusted/bl32/gicv2_main.o
                0x000000002fff10cc                gicv2_pcpu_distif_init
 .text.gicv2_distif_init
                0x000000002fff1108       0x44 /home/lodge/STM32MP157/tf-a/tf-a-stm32mp/../build/trusted/bl32/gicv2_main.o
                0x000000002fff1108                gicv2_distif_init
 .text.gicv2_driver_init
                0x000000002fff114c       0x64 /home/lodge/STM32MP157/tf-a/tf-a-stm32mp/../build/trusted/bl32/gicv2_main.o
                0x000000002fff114c                gicv2_driver_init
 .text.gicv2_get_pending_interrupt_id
                0x000000002fff11b0       0x38 /home/lodge/STM32MP157/tf-a/tf-a-stm32mp/../build/trusted/bl32/gicv2_main.o
                0x000000002fff11b0                gicv2_get_pending_interrupt_id
 .text.gicv2_acknowledge_interrupt
                0x000000002fff11e8       0x24 /home/lodge/STM32MP157/tf-a/tf-a-stm32mp/../build/trusted/bl32/gicv2_main.o
                0x000000002fff11e8                gicv2_acknowledge_interrupt
 .text.gicv2_end_of_interrupt
                0x000000002fff120c       0x24 /home/lodge/STM32MP157/tf-a/tf-a-stm32mp/../build/trusted/bl32/gicv2_main.o
                0x000000002fff120c                gicv2_end_of_interrupt
 .text.gicv2_set_pe_target_mask
                0x000000002fff1230       0x68 /home/lodge/STM32MP157/tf-a/tf-a-stm32mp/../build/trusted/bl32/gicv2_main.o
                0x000000002fff1230                gicv2_set_pe_target_mask
 .text.gicv2_enable_interrupt
                0x000000002fff1298       0x44 /home/lodge/STM32MP157/tf-a/tf-a-stm32mp/../build/trusted/bl32/gicv2_main.o
                0x000000002fff1298                gicv2_enable_interrupt
 .text.gicv2_disable_interrupt
                0x000000002fff12dc       0x3c /home/lodge/STM32MP157/tf-a/tf-a-stm32mp/../build/trusted/bl32/gicv2_main.o
                0x000000002fff12dc                gicv2_disable_interrupt
 .text.gicv2_set_interrupt_priority
                0x000000002fff1318       0x40 /home/lodge/STM32MP157/tf-a/tf-a-stm32mp/../build/trusted/bl32/gicv2_main.o
                0x000000002fff1318                gicv2_set_interrupt_priority
 .text.gicv2_set_interrupt_type
                0x000000002fff1358       0x6c /home/lodge/STM32MP157/tf-a/tf-a-stm32mp/../build/trusted/bl32/gicv2_main.o
                0x000000002fff1358                gicv2_set_interrupt_type
 .text.gicv2_raise_sgi
                0x000000002fff13c4       0x6c /home/lodge/STM32MP157/tf-a/tf-a-stm32mp/../build/trusted/bl32/gicv2_main.o
                0x000000002fff13c4                gicv2_raise_sgi
 .text.gicv2_set_spi_routing
                0x000000002fff1430       0x6c /home/lodge/STM32MP157/tf-a/tf-a-stm32mp/../build/trusted/bl32/gicv2_main.o
                0x000000002fff1430                gicv2_set_spi_routing
 .text.gicv2_set_pmr
                0x000000002fff149c       0x38 /home/lodge/STM32MP157/tf-a/tf-a-stm32mp/../build/trusted/bl32/gicv2_main.o
                0x000000002fff149c                gicv2_set_pmr
 .text.gicv2_interrupt_set_cfg
                0x000000002fff14d4       0x14 /home/lodge/STM32MP157/tf-a/tf-a-stm32mp/../build/trusted/bl32/gicv2_main.o
                0x000000002fff14d4                gicv2_interrupt_set_cfg
 .text.plat_ic_get_pending_interrupt_id
                0x000000002fff14e8       0x14 /home/lodge/STM32MP157/tf-a/tf-a-stm32mp/../build/trusted/bl32/plat_gicv2.o
                0x000000002fff14e8                plat_ic_get_pending_interrupt_id
 .text.plat_ic_acknowledge_interrupt
                0x000000002fff14fc        0x4 /home/lodge/STM32MP157/tf-a/tf-a-stm32mp/../build/trusted/bl32/plat_gicv2.o
                0x000000002fff14fc                plat_ic_acknowledge_interrupt
 .text.plat_ic_end_of_interrupt
                0x000000002fff1500        0x4 /home/lodge/STM32MP157/tf-a/tf-a-stm32mp/../build/trusted/bl32/plat_gicv2.o
                0x000000002fff1500                plat_ic_end_of_interrupt
 .text.plat_ic_disable_interrupt
                0x000000002fff1504        0x4 /home/lodge/STM32MP157/tf-a/tf-a-stm32mp/../build/trusted/bl32/plat_gicv2.o
                0x000000002fff1504                plat_ic_disable_interrupt
 .text.plat_ic_set_interrupt_priority
                0x000000002fff1508        0x4 /home/lodge/STM32MP157/tf-a/tf-a-stm32mp/../build/trusted/bl32/plat_gicv2.o
                0x000000002fff1508                plat_ic_set_interrupt_priority
 .text.plat_ic_set_priority_mask
                0x000000002fff150c        0x4 /home/lodge/STM32MP157/tf-a/tf-a-stm32mp/../build/trusted/bl32/plat_gicv2.o
                0x000000002fff150c                plat_ic_set_priority_mask
 .text.fdt32_to_cpu
                0x000000002fff1510        0x4 /home/lodge/STM32MP157/tf-a/tf-a-stm32mp/../build/trusted/bl32/stm32_gic.o
 .text.enable_gic_interrupt
                0x000000002fff1514       0x62 /home/lodge/STM32MP157/tf-a/tf-a-stm32mp/../build/trusted/bl32/stm32_gic.o
 .text.stm32_gic_pcpu_init
                0x000000002fff1576       0x16 /home/lodge/STM32MP157/tf-a/tf-a-stm32mp/../build/trusted/bl32/stm32_gic.o
                0x000000002fff1576                stm32_gic_pcpu_init
 .text.stm32_gic_init
                0x000000002fff158c       0x90 /home/lodge/STM32MP157/tf-a/tf-a-stm32mp/../build/trusted/bl32/stm32_gic.o
                0x000000002fff158c                stm32_gic_init
 .text.stm32_gic_enable_spi
                0x000000002fff161c      0x138 /home/lodge/STM32MP157/tf-a/tf-a-stm32mp/../build/trusted/bl32/stm32_gic.o
                0x000000002fff161c                stm32_gic_enable_spi
 .text.plat_get_target_pwr_state
                0x000000002fff1754       0x24 /home/lodge/STM32MP157/tf-a/tf-a-stm32mp/../build/trusted/bl32/plat_psci_common.o
                0x000000002fff1754                plat_get_target_pwr_state
 .text.bsec_main
                0x000000002fff1778      0x12c /home/lodge/STM32MP157/tf-a/tf-a-stm32mp/../build/trusted/bl32/bsec_svc.o
                0x000000002fff1778                bsec_main
 .text.pm_domain_scv_handler
                0x000000002fff18a4       0x18 /home/lodge/STM32MP157/tf-a/tf-a-stm32mp/../build/trusted/bl32/low_power_svc.o
                0x000000002fff18a4                pm_domain_scv_handler
 .text.pwr_scv_handler
                0x000000002fff18bc       0x94 /home/lodge/STM32MP157/tf-a/tf-a-stm32mp/../build/trusted/bl32/pwr_svc.o
                0x000000002fff18bc                pwr_scv_handler
 .text.rcc_scv_handler
                0x000000002fff1950       0x76 /home/lodge/STM32MP157/tf-a/tf-a-stm32mp/../build/trusted/bl32/rcc_svc.o
                0x000000002fff1950                rcc_scv_handler
 .text.rcc_cal_scv_handler
                0x000000002fff19c6       0x26 /home/lodge/STM32MP157/tf-a/tf-a-stm32mp/../build/trusted/bl32/rcc_svc.o
                0x000000002fff19c6                rcc_cal_scv_handler
 .text.rcc_opp_scv_handler
                0x000000002fff19ec       0x4c /home/lodge/STM32MP157/tf-a/tf-a-stm32mp/../build/trusted/bl32/rcc_svc.o
                0x000000002fff19ec                rcc_opp_scv_handler
 .text.stm32mp1_svc_setup
                0x000000002fff1a38        0x4 /home/lodge/STM32MP157/tf-a/tf-a-stm32mp/../build/trusted/bl32/stm32mp1_svc_setup.o
 .text.stm32mp1_svc_smc_handler
                0x000000002fff1a3c       0xf0 /home/lodge/STM32MP157/tf-a/tf-a-stm32mp/../build/trusted/bl32/stm32mp1_svc_setup.o
 .text.discover_list_protocols
                0x000000002fff1b2c       0x8c /home/lodge/STM32MP157/tf-a/tf-a-stm32mp/../build/trusted/bl32/base.o
 .text.discover_implementation_version
                0x000000002fff1bb8       0x24 /home/lodge/STM32MP157/tf-a/tf-a-stm32mp/../build/trusted/bl32/base.o
 .text.report_message_attributes
                0x000000002fff1bdc       0x44 /home/lodge/STM32MP157/tf-a/tf-a-stm32mp/../build/trusted/bl32/base.o
 .text.report_version
                0x000000002fff1c20       0x28 /home/lodge/STM32MP157/tf-a/tf-a-stm32mp/../build/trusted/bl32/base.o
 .text.discover_sub_vendor
                0x000000002fff1c48       0x54 /home/lodge/STM32MP157/tf-a/tf-a-stm32mp/../build/trusted/bl32/base.o
 .text.discover_vendor
                0x000000002fff1c9c       0x54 /home/lodge/STM32MP157/tf-a/tf-a-stm32mp/../build/trusted/bl32/base.o
 .text.report_attributes
                0x000000002fff1cf0       0x2e /home/lodge/STM32MP157/tf-a/tf-a-stm32mp/../build/trusted/bl32/base.o
 *fill*         0x000000002fff1d1e        0x2 
 .text.scmi_msg_get_base_handler
                0x000000002fff1d20       0x24 /home/lodge/STM32MP157/tf-a/tf-a-stm32mp/../build/trusted/bl32/base.o
                0x000000002fff1d20                scmi_msg_get_base_handler
 .text.confine_array_index
                0x000000002fff1d44        0xc /home/lodge/STM32MP157/tf-a/tf-a-stm32mp/../build/trusted/bl32/clock.o
 .text.report_message_attributes
                0x000000002fff1d50       0x44 /home/lodge/STM32MP157/tf-a/tf-a-stm32mp/../build/trusted/bl32/clock.o
 .text.report_version
                0x000000002fff1d94       0x28 /home/lodge/STM32MP157/tf-a/tf-a-stm32mp/../build/trusted/bl32/clock.o
 .text.write_rate_desc_array_in_buffer
                0x000000002fff1dbc       0x30 /home/lodge/STM32MP157/tf-a/tf-a-stm32mp/../build/trusted/bl32/clock.o
 .text.report_attributes
                0x000000002fff1dec       0x34 /home/lodge/STM32MP157/tf-a/tf-a-stm32mp/../build/trusted/bl32/clock.o
 .text.scmi_clock_describe_rates
                0x000000002fff1e20       0xfc /home/lodge/STM32MP157/tf-a/tf-a-stm32mp/../build/trusted/bl32/clock.o
 .text.scmi_clock_rate_get
                0x000000002fff1f1c       0x60 /home/lodge/STM32MP157/tf-a/tf-a-stm32mp/../build/trusted/bl32/clock.o
 .text.scmi_clock_rate_set
                0x000000002fff1f7c       0x4a /home/lodge/STM32MP157/tf-a/tf-a-stm32mp/../build/trusted/bl32/clock.o
 *fill*         0x000000002fff1fc6        0x2 
 .text.scmi_clock_attributes
                0x000000002fff1fc8       0x90 /home/lodge/STM32MP157/tf-a/tf-a-stm32mp/../build/trusted/bl32/clock.o
 .text.scmi_clock_config_set
                0x000000002fff2058       0x4e /home/lodge/STM32MP157/tf-a/tf-a-stm32mp/../build/trusted/bl32/clock.o
 *fill*         0x000000002fff20a6        0x2 
 .text.scmi_msg_get_clock_handler
                0x000000002fff20a8       0x20 /home/lodge/STM32MP157/tf-a/tf-a-stm32mp/../build/trusted/bl32/clock.o
                0x000000002fff20a8                scmi_msg_get_clock_handler
 .text.scmi_status_response
                0x000000002fff20c8       0x30 /home/lodge/STM32MP157/tf-a/tf-a-stm32mp/../build/trusted/bl32/entry.o
                0x000000002fff20c8                scmi_status_response
 .text.scmi_write_response
                0x000000002fff20f8       0x2c /home/lodge/STM32MP157/tf-a/tf-a-stm32mp/../build/trusted/bl32/entry.o
                0x000000002fff20f8                scmi_write_response
 .text.scmi_process_message
                0x000000002fff2124       0x4c /home/lodge/STM32MP157/tf-a/tf-a-stm32mp/../build/trusted/bl32/entry.o
                0x000000002fff2124                scmi_process_message
 .text.report_message_attributes
                0x000000002fff2170       0x44 /home/lodge/STM32MP157/tf-a/tf-a-stm32mp/../build/trusted/bl32/reset_domain.o
 .text.report_version
                0x000000002fff21b4       0x28 /home/lodge/STM32MP157/tf-a/tf-a-stm32mp/../build/trusted/bl32/reset_domain.o
 .text.report_attributes
                0x000000002fff21dc       0x2e /home/lodge/STM32MP157/tf-a/tf-a-stm32mp/../build/trusted/bl32/reset_domain.o
 *fill*         0x000000002fff220a        0x2 
 .text.reset_domain_attributes
                0x000000002fff220c       0x98 /home/lodge/STM32MP157/tf-a/tf-a-stm32mp/../build/trusted/bl32/reset_domain.o
 .text.reset_request
                0x000000002fff22a4       0x78 /home/lodge/STM32MP157/tf-a/tf-a-stm32mp/../build/trusted/bl32/reset_domain.o
 .text.scmi_msg_get_rd_handler
                0x000000002fff231c       0x24 /home/lodge/STM32MP157/tf-a/tf-a-stm32mp/../build/trusted/bl32/reset_domain.o
                0x000000002fff231c                scmi_msg_get_rd_handler
 .text.scmi_proccess_smt
                0x000000002fff2340       0xb0 /home/lodge/STM32MP157/tf-a/tf-a-stm32mp/../build/trusted/bl32/smt.o
 .text.scmi_smt_fastcall_smc_entry
                0x000000002fff23f0       0x20 /home/lodge/STM32MP157/tf-a/tf-a-stm32mp/../build/trusted/bl32/smt.o
                0x000000002fff23f0                scmi_smt_fastcall_smc_entry
 .text.scmi_smt_init_agent_channel
                0x000000002fff2410       0x20 /home/lodge/STM32MP157/tf-a/tf-a-stm32mp/../build/trusted/bl32/smt.o
                0x000000002fff2410                scmi_smt_init_agent_channel
 .text.find_resource.part.0
                0x000000002fff2430       0x10 /home/lodge/STM32MP157/tf-a/tf-a-stm32mp/../build/trusted/bl32/stm32mp1_scmi.o
 .text.find_clock
                0x000000002fff2440       0x34 /home/lodge/STM32MP157/tf-a/tf-a-stm32mp/../build/trusted/bl32/stm32mp1_scmi.o
 .text.find_rd  0x000000002fff2474       0x34 /home/lodge/STM32MP157/tf-a/tf-a-stm32mp/../build/trusted/bl32/stm32mp1_scmi.o
 .text.plat_scmi_get_channel
                0x000000002fff24a8       0x20 /home/lodge/STM32MP157/tf-a/tf-a-stm32mp/../build/trusted/bl32/stm32mp1_scmi.o
                0x000000002fff24a8                plat_scmi_get_channel
 .text.plat_scmi_vendor_name
                0x000000002fff24c8        0x8 /home/lodge/STM32MP157/tf-a/tf-a-stm32mp/../build/trusted/bl32/stm32mp1_scmi.o
                0x000000002fff24c8                plat_scmi_vendor_name
 .text.plat_scmi_sub_vendor_name
                0x000000002fff24d0        0x8 /home/lodge/STM32MP157/tf-a/tf-a-stm32mp/../build/trusted/bl32/stm32mp1_scmi.o
                0x000000002fff24d0                plat_scmi_sub_vendor_name
 .text.plat_scmi_protocol_count
                0x000000002fff24d8        0x4 /home/lodge/STM32MP157/tf-a/tf-a-stm32mp/../build/trusted/bl32/stm32mp1_scmi.o
                0x000000002fff24d8                plat_scmi_protocol_count
 .text.plat_scmi_protocol_list
                0x000000002fff24dc        0x8 /home/lodge/STM32MP157/tf-a/tf-a-stm32mp/../build/trusted/bl32/stm32mp1_scmi.o
                0x000000002fff24dc                plat_scmi_protocol_list
 .text.plat_scmi_clock_count
                0x000000002fff24e4       0x18 /home/lodge/STM32MP157/tf-a/tf-a-stm32mp/../build/trusted/bl32/stm32mp1_scmi.o
                0x000000002fff24e4                plat_scmi_clock_count
 .text.plat_scmi_clock_get_name
                0x000000002fff24fc       0x1c /home/lodge/STM32MP157/tf-a/tf-a-stm32mp/../build/trusted/bl32/stm32mp1_scmi.o
                0x000000002fff24fc                plat_scmi_clock_get_name
 .text.plat_scmi_clock_rates_array
                0x000000002fff2518        0x6 /home/lodge/STM32MP157/tf-a/tf-a-stm32mp/../build/trusted/bl32/stm32mp1_scmi.o
                0x000000002fff2518                plat_scmi_clock_rates_array
 .text.plat_scmi_clock_rates_by_step
                0x000000002fff251e       0x44 /home/lodge/STM32MP157/tf-a/tf-a-stm32mp/../build/trusted/bl32/stm32mp1_scmi.o
                0x000000002fff251e                plat_scmi_clock_rates_by_step
 .text.plat_scmi_clock_set_rate
                0x000000002fff2562       0x48 /home/lodge/STM32MP157/tf-a/tf-a-stm32mp/../build/trusted/bl32/stm32mp1_scmi.o
                0x000000002fff2562                plat_scmi_clock_set_rate
 .text.plat_scmi_clock_get_rate
                0x000000002fff25aa       0x20 /home/lodge/STM32MP157/tf-a/tf-a-stm32mp/../build/trusted/bl32/stm32mp1_scmi.o
                0x000000002fff25aa                plat_scmi_clock_get_rate
 .text.plat_scmi_clock_get_state
                0x000000002fff25ca       0x1c /home/lodge/STM32MP157/tf-a/tf-a-stm32mp/../build/trusted/bl32/stm32mp1_scmi.o
                0x000000002fff25ca                plat_scmi_clock_get_state
 .text.plat_scmi_clock_set_state
                0x000000002fff25e6       0x44 /home/lodge/STM32MP157/tf-a/tf-a-stm32mp/../build/trusted/bl32/stm32mp1_scmi.o
                0x000000002fff25e6                plat_scmi_clock_set_state
 .text.plat_scmi_rd_get_name
                0x000000002fff262a        0xc /home/lodge/STM32MP157/tf-a/tf-a-stm32mp/../build/trusted/bl32/stm32mp1_scmi.o
                0x000000002fff262a                plat_scmi_rd_get_name
 *fill*         0x000000002fff2636        0x2 
 .text.plat_scmi_rd_count
                0x000000002fff2638       0x18 /home/lodge/STM32MP157/tf-a/tf-a-stm32mp/../build/trusted/bl32/stm32mp1_scmi.o
                0x000000002fff2638                plat_scmi_rd_count
 .text.plat_scmi_rd_autonomous
                0x000000002fff2650       0x46 /home/lodge/STM32MP157/tf-a/tf-a-stm32mp/../build/trusted/bl32/stm32mp1_scmi.o
                0x000000002fff2650                plat_scmi_rd_autonomous
 .text.plat_scmi_rd_set_state
                0x000000002fff2696       0x36 /home/lodge/STM32MP157/tf-a/tf-a-stm32mp/../build/trusted/bl32/stm32mp1_scmi.o
                0x000000002fff2696                plat_scmi_rd_set_state
 .text.stm32mp1_init_scmi_server
                0x000000002fff26cc       0xa8 /home/lodge/STM32MP157/tf-a/tf-a-stm32mp/../build/trusted/bl32/stm32mp1_scmi.o
                0x000000002fff26cc                stm32mp1_init_scmi_server
 .text.stm32mp1_pm_save_scmi_state
                0x000000002fff2774       0x78 /home/lodge/STM32MP157/tf-a/tf-a-stm32mp/../build/trusted/bl32/stm32mp1_scmi.o
                0x000000002fff2774                stm32mp1_pm_save_scmi_state
 .text.stm32mp1_pm_restore_scmi_state
                0x000000002fff27ec       0x78 /home/lodge/STM32MP157/tf-a/tf-a-stm32mp/../build/trusted/bl32/stm32mp1_scmi.o
                0x000000002fff27ec                stm32mp1_pm_restore_scmi_state
 .text.tf_log   0x000000002fff2864       0x5c /home/lodge/STM32MP157/tf-a/tf-a-stm32mp/../build/trusted/bl32/tf_log.o
                0x000000002fff2864                tf_log
 .text.console_is_registered
                0x000000002fff28c0       0x2c /home/lodge/STM32MP157/tf-a/tf-a-stm32mp/../build/trusted/bl32/multi_console.o
                0x000000002fff28c0                console_is_registered
 .text.console_register
                0x000000002fff28ec       0x40 /home/lodge/STM32MP157/tf-a/tf-a-stm32mp/../build/trusted/bl32/multi_console.o
                0x000000002fff28ec                console_register
 .text.console_switch_state
                0x000000002fff292c        0xc /home/lodge/STM32MP157/tf-a/tf-a-stm32mp/../build/trusted/bl32/multi_console.o
                0x000000002fff292c                console_switch_state
 .text.console_set_scope
                0x000000002fff2938       0x1c /home/lodge/STM32MP157/tf-a/tf-a-stm32mp/../build/trusted/bl32/multi_console.o
                0x000000002fff2938                console_set_scope
 .text.console_putc
                0x000000002fff2954       0x58 /home/lodge/STM32MP157/tf-a/tf-a-stm32mp/../build/trusted/bl32/multi_console.o
                0x000000002fff2954                console_putc
 .text.console_flush
                0x000000002fff29ac       0x40 /home/lodge/STM32MP157/tf-a/tf-a-stm32mp/../build/trusted/bl32/multi_console.o
                0x000000002fff29ac                console_flush
 .text.plat_log_get_prefix
                0x000000002fff29ec       0x24 /home/lodge/STM32MP157/tf-a/tf-a-stm32mp/../build/trusted/bl32/plat_log_common.o
                0x000000002fff29ec                plat_log_get_prefix
 .text.bl32_plat_enable_mmu
                0x000000002fff2a10        0x4 /home/lodge/STM32MP157/tf-a/tf-a-stm32mp/../build/trusted/bl32/plat_common.o
                0x000000002fff2a10                bl32_plat_enable_mmu
 .text.__ctzdi2
                0x000000002fff2a14       0x20 /home/lodge/STM32MP157/tf-a/tf-a-stm32mp/../build/trusted/bl32/ctzdi2.o
                0x000000002fff2a14                __ctzdi2
 .text.__udivmoddi4
                0x000000002fff2a34      0x17e /home/lodge/STM32MP157/tf-a/tf-a-stm32mp/../build/trusted/bl32/udivmoddi4.o
                0x000000002fff2a34                __udivmoddi4
 .text.plat_get_syscnt_freq2
                0x000000002fff2bb2        0x6 /home/lodge/STM32MP157/tf-a/tf-a-stm32mp/../build/trusted/bl32/stm32mp_common.o
                0x000000002fff2bb2                plat_get_syscnt_freq2
 .text.stm32mp_ddrctrl_base
                0x000000002fff2bb8        0x8 /home/lodge/STM32MP157/tf-a/tf-a-stm32mp/../build/trusted/bl32/stm32mp_common.o
                0x000000002fff2bb8                stm32mp_ddrctrl_base
 .text.stm32mp_ddrphyc_base
                0x000000002fff2bc0        0x8 /home/lodge/STM32MP157/tf-a/tf-a-stm32mp/../build/trusted/bl32/stm32mp_common.o
                0x000000002fff2bc0                stm32mp_ddrphyc_base
 .text.stm32mp_pwr_base
                0x000000002fff2bc8        0x8 /home/lodge/STM32MP157/tf-a/tf-a-stm32mp/../build/trusted/bl32/stm32mp_common.o
                0x000000002fff2bc8                stm32mp_pwr_base
 .text.stm32mp_rcc_base
                0x000000002fff2bd0        0x6 /home/lodge/STM32MP157/tf-a/tf-a-stm32mp/../build/trusted/bl32/stm32mp_common.o
                0x000000002fff2bd0                stm32mp_rcc_base
 .text.stm32mp_lock_available
                0x000000002fff2bd6       0x10 /home/lodge/STM32MP157/tf-a/tf-a-stm32mp/../build/trusted/bl32/stm32mp_common.o
                0x000000002fff2bd6                stm32mp_lock_available
 *fill*         0x000000002fff2be6        0x2 
 .text.stm32mp_pwr_regs_lock
                0x000000002fff2be8       0x18 /home/lodge/STM32MP157/tf-a/tf-a-stm32mp/../build/trusted/bl32/stm32mp_common.o
                0x000000002fff2be8                stm32mp_pwr_regs_lock
 .text.stm32mp_pwr_regs_unlock
                0x000000002fff2c00       0x18 /home/lodge/STM32MP157/tf-a/tf-a-stm32mp/../build/trusted/bl32/stm32mp_common.o
                0x000000002fff2c00                stm32mp_pwr_regs_unlock
 .text.stm32_get_gpio_bank_base
                0x000000002fff2c18       0x28 /home/lodge/STM32MP157/tf-a/tf-a-stm32mp/../build/trusted/bl32/stm32mp_common.o
                0x000000002fff2c18                stm32_get_gpio_bank_base
 .text.stm32_get_gpio_bank_offset
                0x000000002fff2c40       0x20 /home/lodge/STM32MP157/tf-a/tf-a-stm32mp/../build/trusted/bl32/stm32mp_common.o
                0x000000002fff2c40                stm32_get_gpio_bank_offset
 .text.stm32mp_get_cpu_supply_name
                0x000000002fff2c60       0x2e /home/lodge/STM32MP157/tf-a/tf-a-stm32mp/../build/trusted/bl32/stm32mp_common.o
                0x000000002fff2c60                stm32mp_get_cpu_supply_name
 *fill*         0x000000002fff2c8e        0x2 
 .text.configure_mmu
                0x000000002fff2c90       0x1c /home/lodge/STM32MP157/tf-a/tf-a-stm32mp/../build/trusted/bl32/stm32mp1_private.o
                0x000000002fff2c90                configure_mmu
 .text.stm32mp_mask_timer
                0x000000002fff2cac       0x1a /home/lodge/STM32MP157/tf-a/tf-a-stm32mp/../build/trusted/bl32/stm32mp1_private.o
                0x000000002fff2cac                stm32mp_mask_timer
 .text.stm32mp_wait_cpu_reset
                0x000000002fff2cc6       0x42 /home/lodge/STM32MP157/tf-a/tf-a-stm32mp/../build/trusted/bl32/stm32mp1_private.o
                0x000000002fff2cc6                stm32mp_wait_cpu_reset
 .text.stm32_get_gpio_bank_clock
                0x000000002fff2d08       0x20 /home/lodge/STM32MP157/tf-a/tf-a-stm32mp/../build/trusted/bl32/stm32mp1_private.o
                0x000000002fff2d08                stm32_get_gpio_bank_clock
 .text.stm32_get_otp_index
                0x000000002fff2d28       0x28 /home/lodge/STM32MP157/tf-a/tf-a-stm32mp/../build/trusted/bl32/stm32mp1_private.o
                0x000000002fff2d28                stm32_get_otp_index
 .text.stm32_get_otp_value_from_idx
                0x000000002fff2d50       0x30 /home/lodge/STM32MP157/tf-a/tf-a-stm32mp/../build/trusted/bl32/stm32mp1_private.o
                0x000000002fff2d50                stm32_get_otp_value_from_idx
 .text.stm32_get_otp_value
                0x000000002fff2d80       0x48 /home/lodge/STM32MP157/tf-a/tf-a-stm32mp/../build/trusted/bl32/stm32mp1_private.o
                0x000000002fff2d80                stm32_get_otp_value
 .text.get_part_number
                0x000000002fff2dc8       0x4c /home/lodge/STM32MP157/tf-a/tf-a-stm32mp/../build/trusted/bl32/stm32mp1_private.o
 .text.stm32mp_supports_cpu_opp
                0x000000002fff2e14       0x40 /home/lodge/STM32MP157/tf-a/tf-a-stm32mp/../build/trusted/bl32/stm32mp1_private.o
                0x000000002fff2e14                stm32mp_supports_cpu_opp
 .text.stm32mp_is_single_core
                0x000000002fff2e54       0x2c /home/lodge/STM32MP157/tf-a/tf-a-stm32mp/../build/trusted/bl32/stm32mp1_private.o
                0x000000002fff2e54                stm32mp_is_single_core
 .text.stm32mp_plat_reset
                0x000000002fff2e80       0xac /home/lodge/STM32MP157/tf-a/tf-a-stm32mp/../build/trusted/bl32/stm32mp1_private.o
                0x000000002fff2e80                stm32mp_plat_reset
 .text.stm32_iwdg_get_instance
                0x000000002fff2f2c       0x28 /home/lodge/STM32MP157/tf-a/tf-a-stm32mp/../build/trusted/bl32/stm32mp1_private.o
                0x000000002fff2f2c                stm32_iwdg_get_instance
 .text.stm32_iwdg_get_otp_config
                0x000000002fff2f54       0x54 /home/lodge/STM32MP157/tf-a/tf-a-stm32mp/../build/trusted/bl32/stm32mp1_private.o
                0x000000002fff2f54                stm32_iwdg_get_otp_config
 .text.stm32mp_etzpc_binding2decprot
                0x000000002fff2fa8       0x10 /home/lodge/STM32MP157/tf-a/tf-a-stm32mp/../build/trusted/bl32/stm32mp1_private.o
                0x000000002fff2fa8                stm32mp_etzpc_binding2decprot
 .text.xlat_arch_get_max_supported_pa
                0x000000002fff2fb8        0x8 /home/lodge/STM32MP157/tf-a/tf-a-stm32mp/../build/trusted/bl32/xlat_tables_arch.o
                0x000000002fff2fb8                xlat_arch_get_max_supported_pa
 .text.xlat_get_min_virt_addr_space_size
                0x000000002fff2fc0        0x6 /home/lodge/STM32MP157/tf-a/tf-a-stm32mp/../build/trusted/bl32/xlat_tables_arch.o
                0x000000002fff2fc0                xlat_get_min_virt_addr_space_size
 .text.is_dcache_enabled
                0x000000002fff2fc6       0x1c /home/lodge/STM32MP157/tf-a/tf-a-stm32mp/../build/trusted/bl32/xlat_tables_arch.o
                0x000000002fff2fc6                is_dcache_enabled
 *fill*         0x000000002fff2fe2        0x2 
 .text.xlat_arch_regime_get_xn_desc
                0x000000002fff2fe4       0x28 /home/lodge/STM32MP157/tf-a/tf-a-stm32mp/../build/trusted/bl32/xlat_tables_arch.o
                0x000000002fff2fe4                xlat_arch_regime_get_xn_desc
 .text.xlat_arch_tlbi_va
                0x000000002fff300c       0x30 /home/lodge/STM32MP157/tf-a/tf-a-stm32mp/../build/trusted/bl32/xlat_tables_arch.o
                0x000000002fff300c                xlat_arch_tlbi_va
 .text.xlat_arch_tlbi_va_sync
                0x000000002fff303c       0x10 /home/lodge/STM32MP157/tf-a/tf-a-stm32mp/../build/trusted/bl32/xlat_tables_arch.o
                0x000000002fff303c                xlat_arch_tlbi_va_sync
 .text.xlat_arch_current_el
                0x000000002fff304c       0x3c /home/lodge/STM32MP157/tf-a/tf-a-stm32mp/../build/trusted/bl32/xlat_tables_arch.o
                0x000000002fff304c                xlat_arch_current_el
 .text.is_mmu_enabled_ctx
                0x000000002fff3088       0x40 /home/lodge/STM32MP157/tf-a/tf-a-stm32mp/../build/trusted/bl32/xlat_tables_arch.o
                0x000000002fff3088                is_mmu_enabled_ctx
 .text.setup_mmu_cfg
                0x000000002fff30c8       0xac /home/lodge/STM32MP157/tf-a/tf-a-stm32mp/../build/trusted/bl32/xlat_tables_arch.o
                0x000000002fff30c8                setup_mmu_cfg
 .text.mmap_add_region
                0x000000002fff3174       0x28 /home/lodge/STM32MP157/tf-a/tf-a-stm32mp/../build/trusted/bl32/xlat_tables_context.o
                0x000000002fff3174                mmap_add_region
 .text.mmap_add
                0x000000002fff319c        0xc /home/lodge/STM32MP157/tf-a/tf-a-stm32mp/../build/trusted/bl32/xlat_tables_context.o
                0x000000002fff319c                mmap_add
 .text.mmap_add_dynamic_region
                0x000000002fff31a8       0x28 /home/lodge/STM32MP157/tf-a/tf-a-stm32mp/../build/trusted/bl32/xlat_tables_context.o
                0x000000002fff31a8                mmap_add_dynamic_region
 .text.mmap_remove_dynamic_region
                0x000000002fff31d0       0x10 /home/lodge/STM32MP157/tf-a/tf-a-stm32mp/../build/trusted/bl32/xlat_tables_context.o
                0x000000002fff31d0                mmap_remove_dynamic_region
 .text.init_xlat_tables
                0x000000002fff31e0       0x3c /home/lodge/STM32MP157/tf-a/tf-a-stm32mp/../build/trusted/bl32/xlat_tables_context.o
                0x000000002fff31e0                init_xlat_tables
 .text.enable_mmu_svc_mon
                0x000000002fff321c       0x34 /home/lodge/STM32MP157/tf-a/tf-a-stm32mp/../build/trusted/bl32/xlat_tables_context.o
                0x000000002fff321c                enable_mmu_svc_mon
 .text.mmap_add_region_check
                0x000000002fff3250      0x12e /home/lodge/STM32MP157/tf-a/tf-a-stm32mp/../build/trusted/bl32/xlat_tables_core.o
 .text.xlat_clean_dcache_range
                0x000000002fff337e       0x1a /home/lodge/STM32MP157/tf-a/tf-a-stm32mp/../build/trusted/bl32/xlat_tables_core.o
 .text.xlat_table_get_index
                0x000000002fff3398       0x28 /home/lodge/STM32MP157/tf-a/tf-a-stm32mp/../build/trusted/bl32/xlat_tables_core.o
 .text.xlat_tables_unmap_region
                0x000000002fff33c0      0x13c /home/lodge/STM32MP157/tf-a/tf-a-stm32mp/../build/trusted/bl32/xlat_tables_core.o
 .text.xlat_desc
                0x000000002fff34fc       0xa4 /home/lodge/STM32MP157/tf-a/tf-a-stm32mp/../build/trusted/bl32/xlat_tables_core.o
                0x000000002fff34fc                xlat_desc
 .text.xlat_tables_map_region
                0x000000002fff35a0      0x1a8 /home/lodge/STM32MP157/tf-a/tf-a-stm32mp/../build/trusted/bl32/xlat_tables_core.o
 .text.mmap_add_region_ctx
                0x000000002fff3748       0xe4 /home/lodge/STM32MP157/tf-a/tf-a-stm32mp/../build/trusted/bl32/xlat_tables_core.o
                0x000000002fff3748                mmap_add_region_ctx
 .text.mmap_add_ctx
                0x000000002fff382c       0x18 /home/lodge/STM32MP157/tf-a/tf-a-stm32mp/../build/trusted/bl32/xlat_tables_core.o
                0x000000002fff382c                mmap_add_ctx
 .text.mmap_add_dynamic_region_ctx
                0x000000002fff3844      0x160 /home/lodge/STM32MP157/tf-a/tf-a-stm32mp/../build/trusted/bl32/xlat_tables_core.o
                0x000000002fff3844                mmap_add_dynamic_region_ctx
 .text.mmap_remove_dynamic_region_ctx
                0x000000002fff39a4      0x108 /home/lodge/STM32MP157/tf-a/tf-a-stm32mp/../build/trusted/bl32/xlat_tables_core.o
                0x000000002fff39a4                mmap_remove_dynamic_region_ctx
 .text.init_xlat_tables_ctx
                0x000000002fff3aac      0x154 /home/lodge/STM32MP157/tf-a/tf-a-stm32mp/../build/trusted/bl32/xlat_tables_core.o
                0x000000002fff3aac                init_xlat_tables_ctx
 .text.xlat_mmap_print
                0x000000002fff3c00        0x2 /home/lodge/STM32MP157/tf-a/tf-a-stm32mp/../build/trusted/bl32/xlat_tables_utils.o
                0x000000002fff3c00                xlat_mmap_print
 .text.xlat_tables_print
                0x000000002fff3c02        0x2 /home/lodge/STM32MP157/tf-a/tf-a-stm32mp/../build/trusted/bl32/xlat_tables_utils.o
                0x000000002fff3c02                xlat_tables_print
 .text.tzc400_set_action
                0x000000002fff3c04       0x24 /home/lodge/STM32MP157/tf-a/tf-a-stm32mp/../build/trusted/bl32/tzc400.o
                0x000000002fff3c04                tzc400_set_action
 .text.tzc400_init
                0x000000002fff3c28       0x5c /home/lodge/STM32MP157/tf-a/tf-a-stm32mp/../build/trusted/bl32/tzc400.o
                0x000000002fff3c28                tzc400_init
 .text.tzc400_configure_region
                0x000000002fff3c84       0xb0 /home/lodge/STM32MP157/tf-a/tf-a-stm32mp/../build/trusted/bl32/tzc400.o
                0x000000002fff3c84                tzc400_configure_region
 .text.tzc400_enable_filters
                0x000000002fff3d34       0x68 /home/lodge/STM32MP157/tf-a/tf-a-stm32mp/../build/trusted/bl32/tzc400.o
                0x000000002fff3d34                tzc400_enable_filters
 .text.tzc400_disable_filters
                0x000000002fff3d9c       0x4c /home/lodge/STM32MP157/tf-a/tf-a-stm32mp/../build/trusted/bl32/tzc400.o
                0x000000002fff3d9c                tzc400_disable_filters
 .text.tzc400_is_pending_interrupt
                0x000000002fff3de8       0x3c /home/lodge/STM32MP157/tf-a/tf-a-stm32mp/../build/trusted/bl32/tzc400.o
                0x000000002fff3de8                tzc400_is_pending_interrupt
 .text.tzc400_it_handler
                0x000000002fff3e24       0xbc /home/lodge/STM32MP157/tf-a/tf-a-stm32mp/../build/trusted/bl32/tzc400.o
                0x000000002fff3e24                tzc400_it_handler
 .text.udelay   0x000000002fff3ee0       0x5c /home/lodge/STM32MP157/tf-a/tf-a-stm32mp/../build/trusted/bl32/delay_timer.o
                0x000000002fff3ee0                udelay
 .text.mdelay   0x000000002fff3f3c        0xa /home/lodge/STM32MP157/tf-a/tf-a-stm32mp/../build/trusted/bl32/delay_timer.o
                0x000000002fff3f3c                mdelay
 *fill*         0x000000002fff3f46        0x2 
 .text.timer_init
                0x000000002fff3f48       0x28 /home/lodge/STM32MP157/tf-a/tf-a-stm32mp/../build/trusted/bl32/delay_timer.o
                0x000000002fff3f48                timer_init
 .text.get_timer_value
                0x000000002fff3f70        0x8 /home/lodge/STM32MP157/tf-a/tf-a-stm32mp/../build/trusted/bl32/generic_delay_timer.o
 .text.generic_delay_timer_init_args
                0x000000002fff3f78       0x18 /home/lodge/STM32MP157/tf-a/tf-a-stm32mp/../build/trusted/bl32/generic_delay_timer.o
                0x000000002fff3f78                generic_delay_timer_init_args
 .text.generic_delay_timer_init
                0x000000002fff3f90       0x44 /home/lodge/STM32MP157/tf-a/tf-a-stm32mp/../build/trusted/bl32/generic_delay_timer.o
                0x000000002fff3f90                generic_delay_timer_init
 .text.fdt32_to_cpu
                0x000000002fff3fd4        0x4 /home/lodge/STM32MP157/tf-a/tf-a-stm32mp/../build/trusted/bl32/bsec2.o
 .text.bsec_lock
                0x000000002fff3fd8       0x18 /home/lodge/STM32MP157/tf-a/tf-a-stm32mp/../build/trusted/bl32/bsec2.o
 .text.bsec_unlock
                0x000000002fff3ff0       0x18 /home/lodge/STM32MP157/tf-a/tf-a-stm32mp/../build/trusted/bl32/bsec2.o
 .text.otp_bank_offset
                0x000000002fff4008       0x18 /home/lodge/STM32MP157/tf-a/tf-a-stm32mp/../build/trusted/bl32/bsec2.o
 .text.bsec_check_error
                0x000000002fff4020       0x34 /home/lodge/STM32MP157/tf-a/tf-a-stm32mp/../build/trusted/bl32/bsec2.o
 .text.bsec_find_otp_name_in_dt
                0x000000002fff4054       0xd0 /home/lodge/STM32MP157/tf-a/tf-a-stm32mp/../build/trusted/bl32/bsec2.o
                0x000000002fff4054                bsec_find_otp_name_in_dt
 .text.bsec_read_otp
                0x000000002fff4124       0x20 /home/lodge/STM32MP157/tf-a/tf-a-stm32mp/../build/trusted/bl32/bsec2.o
                0x000000002fff4124                bsec_read_otp
 .text.bsec_read_debug_conf
                0x000000002fff4144        0xc /home/lodge/STM32MP157/tf-a/tf-a-stm32mp/../build/trusted/bl32/bsec2.o
                0x000000002fff4144                bsec_read_debug_conf
 .text.bsec_get_status
                0x000000002fff4150        0xc /home/lodge/STM32MP157/tf-a/tf-a-stm32mp/../build/trusted/bl32/bsec2.o
                0x000000002fff4150                bsec_get_status
 .text.bsec_power_safmem
                0x000000002fff415c       0x64 /home/lodge/STM32MP157/tf-a/tf-a-stm32mp/../build/trusted/bl32/bsec2.o
 .text.bsec_permanent_lock_otp
                0x000000002fff41c0       0x90 /home/lodge/STM32MP157/tf-a/tf-a-stm32mp/../build/trusted/bl32/bsec2.o
                0x000000002fff41c0                bsec_permanent_lock_otp
 .text.bsec_get_version
                0x000000002fff4250       0x10 /home/lodge/STM32MP157/tf-a/tf-a-stm32mp/../build/trusted/bl32/bsec2.o
                0x000000002fff4250                bsec_get_version
 .text.bsec_get_id
                0x000000002fff4260       0x10 /home/lodge/STM32MP157/tf-a/tf-a-stm32mp/../build/trusted/bl32/bsec2.o
                0x000000002fff4260                bsec_get_id
 .text.bsec_read_sr_lock
                0x000000002fff4270       0x38 /home/lodge/STM32MP157/tf-a/tf-a-stm32mp/../build/trusted/bl32/bsec2.o
                0x000000002fff4270                bsec_read_sr_lock
 .text.bsec_shadow_register
                0x000000002fff42a8       0x7c /home/lodge/STM32MP157/tf-a/tf-a-stm32mp/../build/trusted/bl32/bsec2.o
                0x000000002fff42a8                bsec_shadow_register
 .text.bsec_probe
                0x000000002fff4324      0x11c /home/lodge/STM32MP157/tf-a/tf-a-stm32mp/../build/trusted/bl32/bsec2.o
                0x000000002fff4324                bsec_probe
 .text.bsec_read_sw_lock
                0x000000002fff4440       0x38 /home/lodge/STM32MP157/tf-a/tf-a-stm32mp/../build/trusted/bl32/bsec2.o
                0x000000002fff4440                bsec_read_sw_lock
 .text.bsec_write_otp
                0x000000002fff4478       0x44 /home/lodge/STM32MP157/tf-a/tf-a-stm32mp/../build/trusted/bl32/bsec2.o
                0x000000002fff4478                bsec_write_otp
 .text.bsec_read_sp_lock
                0x000000002fff44bc       0x38 /home/lodge/STM32MP157/tf-a/tf-a-stm32mp/../build/trusted/bl32/bsec2.o
                0x000000002fff44bc                bsec_read_sp_lock
 .text.bsec_read_permanent_lock
                0x000000002fff44f4       0x38 /home/lodge/STM32MP157/tf-a/tf-a-stm32mp/../build/trusted/bl32/bsec2.o
                0x000000002fff44f4                bsec_read_permanent_lock
 .text.bsec_program_otp
                0x000000002fff452c       0xe0 /home/lodge/STM32MP157/tf-a/tf-a-stm32mp/../build/trusted/bl32/bsec2.o
                0x000000002fff452c                bsec_program_otp
 .text.bsec_check_nsec_access_rights
                0x000000002fff460c       0x34 /home/lodge/STM32MP157/tf-a/tf-a-stm32mp/../build/trusted/bl32/bsec2.o
                0x000000002fff460c                bsec_check_nsec_access_rights
 .text.fdt32_to_cpu
                0x000000002fff4640        0x4 /home/lodge/STM32MP157/tf-a/tf-a-stm32mp/../build/trusted/bl32/stm32mp_clkfunc.o
 .text.fdt_osc_read_freq
                0x000000002fff4644       0x90 /home/lodge/STM32MP157/tf-a/tf-a-stm32mp/../build/trusted/bl32/stm32mp_clkfunc.o
                0x000000002fff4644                fdt_osc_read_freq
 .text.fdt_get_rcc_node
                0x000000002fff46d4        0xc /home/lodge/STM32MP157/tf-a/tf-a-stm32mp/../build/trusted/bl32/stm32mp_clkfunc.o
                0x000000002fff46d4                fdt_get_rcc_node
 .text.fdt_rcc_read_uint32_default
                0x000000002fff46e0       0x1e /home/lodge/STM32MP157/tf-a/tf-a-stm32mp/../build/trusted/bl32/stm32mp_clkfunc.o
                0x000000002fff46e0                fdt_rcc_read_uint32_default
 .text.fdt_rcc_read_prop
                0x000000002fff46fe       0x30 /home/lodge/STM32MP157/tf-a/tf-a-stm32mp/../build/trusted/bl32/stm32mp_clkfunc.o
                0x000000002fff46fe                fdt_rcc_read_prop
 .text.fdt_rcc_enable_it
                0x000000002fff472e       0x1c /home/lodge/STM32MP157/tf-a/tf-a-stm32mp/../build/trusted/bl32/stm32mp_clkfunc.o
                0x000000002fff472e                fdt_rcc_enable_it
 *fill*         0x000000002fff474a        0x2 
 .text.fdt_get_clock_id
                0x000000002fff474c       0x38 /home/lodge/STM32MP157/tf-a/tf-a-stm32mp/../build/trusted/bl32/stm32mp_clkfunc.o
                0x000000002fff474c                fdt_get_clock_id
 .text.fdt_get_clock_id_by_name
                0x000000002fff4784       0x64 /home/lodge/STM32MP157/tf-a/tf-a-stm32mp/../build/trusted/bl32/stm32mp_clkfunc.o
                0x000000002fff4784                fdt_get_clock_id_by_name
 .text.stm32mp_stgen_get_counter
                0x000000002fff47e8        0xc /home/lodge/STM32MP157/tf-a/tf-a-stm32mp/../build/trusted/bl32/stm32mp_clkfunc.o
                0x000000002fff47e8                stm32mp_stgen_get_counter
 .text.stm32mp_stgen_restore_counter
                0x000000002fff47f4       0x40 /home/lodge/STM32MP157/tf-a/tf-a-stm32mp/../build/trusted/bl32/stm32mp_clkfunc.o
                0x000000002fff47f4                stm32mp_stgen_restore_counter
 .text.clock_is_always_on
                0x000000002fff4834       0x1c /home/lodge/STM32MP157/tf-a/tf-a-stm32mp/../build/trusted/bl32/stm32mp1_clk.o
 .text.stm32mp1_pll_compute_pllxcfgr2
                0x000000002fff4850       0x1e /home/lodge/STM32MP157/tf-a/tf-a-stm32mp/../build/trusted/bl32/stm32mp1_clk.o
 *fill*         0x000000002fff486e        0x2 
 .text.stm32mp1_read_pll_freq
                0x000000002fff4870       0xa8 /home/lodge/STM32MP157/tf-a/tf-a-stm32mp/../build/trusted/bl32/stm32mp1_clk.o
 .text.get_clock_rate
                0x000000002fff4918      0x198 /home/lodge/STM32MP157/tf-a/tf-a-stm32mp/../build/trusted/bl32/stm32mp1_clk.o
 .text.stm32mp1_pll_start
                0x000000002fff4ab0       0x24 /home/lodge/STM32MP157/tf-a/tf-a-stm32mp/../build/trusted/bl32/stm32mp1_clk.o
 .text.stm32mp1_clk_lock
                0x000000002fff4ad4       0x16 /home/lodge/STM32MP157/tf-a/tf-a-stm32mp/../build/trusted/bl32/stm32mp1_clk.o
 .text.stm32mp1_clk_unlock
                0x000000002fff4aea       0x16 /home/lodge/STM32MP157/tf-a/tf-a-stm32mp/../build/trusted/bl32/stm32mp1_clk.o
 .text.stm32mp1_set_clkdiv
                0x000000002fff4b00       0x68 /home/lodge/STM32MP157/tf-a/tf-a-stm32mp/../build/trusted/bl32/stm32mp1_clk.o
 .text.__clk_enable
                0x000000002fff4b68       0x26 /home/lodge/STM32MP157/tf-a/tf-a-stm32mp/../build/trusted/bl32/stm32mp1_clk.o
 .text.__clk_disable
                0x000000002fff4b8e       0x28 /home/lodge/STM32MP157/tf-a/tf-a-stm32mp/../build/trusted/bl32/stm32mp1_clk.o
 *fill*         0x000000002fff4bb6        0x2 
 .text.stm32mp1_clk_get_gated_id
                0x000000002fff4bb8       0x34 /home/lodge/STM32MP157/tf-a/tf-a-stm32mp/../build/trusted/bl32/stm32mp1_clk.o
 .text.stm32mp1_clk_get_parent
                0x000000002fff4bec       0x78 /home/lodge/STM32MP157/tf-a/tf-a-stm32mp/../build/trusted/bl32/stm32mp1_clk.o
 .text.__stm32mp1_clk_enable
                0x000000002fff4c64       0x7c /home/lodge/STM32MP157/tf-a/tf-a-stm32mp/../build/trusted/bl32/stm32mp1_clk.o
 .text.__stm32mp1_clk_disable
                0x000000002fff4ce0       0x78 /home/lodge/STM32MP157/tf-a/tf-a-stm32mp/../build/trusted/bl32/stm32mp1_clk.o
 .text.stm32mp1_pll_compute_pllxcfgr1
                0x000000002fff4d58       0x8c /home/lodge/STM32MP157/tf-a/tf-a-stm32mp/../build/trusted/bl32/stm32mp1_clk.o
 .text.stm32mp1_pll_config
                0x000000002fff4de4       0x58 /home/lodge/STM32MP157/tf-a/tf-a-stm32mp/../build/trusted/bl32/stm32mp1_clk.o
 .text.stm32mp1_set_clksrc
                0x000000002fff4e3c       0x80 /home/lodge/STM32MP157/tf-a/tf-a-stm32mp/../build/trusted/bl32/stm32mp1_clk.o
 .text.stm32mp1_pll_output
                0x000000002fff4ebc       0x84 /home/lodge/STM32MP157/tf-a/tf-a-stm32mp/../build/trusted/bl32/stm32mp1_clk.o
 .text.stm32mp1_pll_stop
                0x000000002fff4f40       0x7c /home/lodge/STM32MP157/tf-a/tf-a-stm32mp/../build/trusted/bl32/stm32mp1_clk.o
 .text.stm32mp1_pll1_config_from_opp_khz
                0x000000002fff4fbc      0x13c /home/lodge/STM32MP157/tf-a/tf-a-stm32mp/../build/trusted/bl32/stm32mp1_clk.o
 .text.stm32mp1_rcc_is_secure
                0x000000002fff50f8        0xe /home/lodge/STM32MP157/tf-a/tf-a-stm32mp/../build/trusted/bl32/stm32mp1_clk.o
                0x000000002fff50f8                stm32mp1_rcc_is_secure
 .text.stm32mp1_rcc_is_mckprot
                0x000000002fff5106       0x14 /home/lodge/STM32MP157/tf-a/tf-a-stm32mp/../build/trusted/bl32/stm32mp1_clk.o
                0x000000002fff5106                stm32mp1_rcc_is_mckprot
 *fill*         0x000000002fff511a        0x2 
 .text.stm32mp1_clk_rcc_regs_lock
                0x000000002fff511c        0xc /home/lodge/STM32MP157/tf-a/tf-a-stm32mp/../build/trusted/bl32/stm32mp1_clk.o
                0x000000002fff511c                stm32mp1_clk_rcc_regs_lock
 .text.stm32mp1_clk_rcc_regs_unlock
                0x000000002fff5128        0xc /home/lodge/STM32MP157/tf-a/tf-a-stm32mp/../build/trusted/bl32/stm32mp1_clk.o
                0x000000002fff5128                stm32mp1_clk_rcc_regs_unlock
 .text.stm32mp_clk_enable
                0x000000002fff5134        0x6 /home/lodge/STM32MP157/tf-a/tf-a-stm32mp/../build/trusted/bl32/stm32mp1_clk.o
                0x000000002fff5134                stm32mp_clk_enable
 .text.stm32mp_clk_disable
                0x000000002fff513a        0x6 /home/lodge/STM32MP157/tf-a/tf-a-stm32mp/../build/trusted/bl32/stm32mp1_clk.o
                0x000000002fff513a                stm32mp_clk_disable
 .text.stm32mp1_clk_force_enable
                0x000000002fff5140        0x6 /home/lodge/STM32MP157/tf-a/tf-a-stm32mp/../build/trusted/bl32/stm32mp1_clk.o
                0x000000002fff5140                stm32mp1_clk_force_enable
 .text.stm32mp1_clk_force_disable
                0x000000002fff5146        0x6 /home/lodge/STM32MP157/tf-a/tf-a-stm32mp/../build/trusted/bl32/stm32mp1_clk.o
                0x000000002fff5146                stm32mp1_clk_force_disable
 .text.stm32mp_clk_is_enabled
                0x000000002fff514c       0x40 /home/lodge/STM32MP157/tf-a/tf-a-stm32mp/../build/trusted/bl32/stm32mp1_clk.o
                0x000000002fff514c                stm32mp_clk_is_enabled
 .text.stm32mp_clk_get_rate
                0x000000002fff518c       0x16 /home/lodge/STM32MP157/tf-a/tf-a-stm32mp/../build/trusted/bl32/stm32mp1_clk.o
                0x000000002fff518c                stm32mp_clk_get_rate
 *fill*         0x000000002fff51a2        0x2 
 .text.clk_get_pll1_settings
                0x000000002fff51a4      0x1f4 /home/lodge/STM32MP157/tf-a/tf-a-stm32mp/../build/trusted/bl32/stm32mp1_clk.o
 .text.stm32mp_clk_timer_get_rate
                0x000000002fff5398       0x3c /home/lodge/STM32MP157/tf-a/tf-a-stm32mp/../build/trusted/bl32/stm32mp1_clk.o
                0x000000002fff5398                stm32mp_clk_timer_get_rate
 .text.stm32mp1_rtc_get_read_twice
                0x000000002fff53d4       0x5e /home/lodge/STM32MP157/tf-a/tf-a-stm32mp/../build/trusted/bl32/stm32mp1_clk.o
                0x000000002fff53d4                stm32mp1_rtc_get_read_twice
 *fill*         0x000000002fff5432        0x2 
 .text.stm32mp1_round_opp_khz
                0x000000002fff5434       0x38 /home/lodge/STM32MP157/tf-a/tf-a-stm32mp/../build/trusted/bl32/stm32mp1_clk.o
                0x000000002fff5434                stm32mp1_round_opp_khz
 .text.stm32mp1_set_opp_khz
                0x000000002fff546c       0x70 /home/lodge/STM32MP157/tf-a/tf-a-stm32mp/../build/trusted/bl32/stm32mp1_clk.o
                0x000000002fff546c                stm32mp1_set_opp_khz
 .text.stm32mp1_clk_compute_all_pll1_settings
                0x000000002fff54dc      0x128 /home/lodge/STM32MP157/tf-a/tf-a-stm32mp/../build/trusted/bl32/stm32mp1_clk.o
                0x000000002fff54dc                stm32mp1_clk_compute_all_pll1_settings
 .text.stm32mp1_clk_lp_save_opp_pll1_settings
                0x000000002fff5604       0x2c /home/lodge/STM32MP157/tf-a/tf-a-stm32mp/../build/trusted/bl32/stm32mp1_clk.o
                0x000000002fff5604                stm32mp1_clk_lp_save_opp_pll1_settings
 .text.stm32mp1_clk_lp_load_opp_pll1_settings
                0x000000002fff5630       0x20 /home/lodge/STM32MP157/tf-a/tf-a-stm32mp/../build/trusted/bl32/stm32mp1_clk.o
                0x000000002fff5630                stm32mp1_clk_lp_load_opp_pll1_settings
 .text.stm32mp1_register_clock_parents_secure
                0x000000002fff5650      0x134 /home/lodge/STM32MP157/tf-a/tf-a-stm32mp/../build/trusted/bl32/stm32mp1_clk.o
                0x000000002fff5650                stm32mp1_register_clock_parents_secure
 .text.save_clock_pm_context
                0x000000002fff5784       0x50 /home/lodge/STM32MP157/tf-a/tf-a-stm32mp/../build/trusted/bl32/stm32mp1_clk.o
                0x000000002fff5784                save_clock_pm_context
 .text.restore_clock_pm_context
                0x000000002fff57d4       0x50 /home/lodge/STM32MP157/tf-a/tf-a-stm32mp/../build/trusted/bl32/stm32mp1_clk.o
                0x000000002fff57d4                restore_clock_pm_context
 .text.stm32mp1_clock_suspend
                0x000000002fff5824       0x98 /home/lodge/STM32MP157/tf-a/tf-a-stm32mp/../build/trusted/bl32/stm32mp1_clk.o
                0x000000002fff5824                stm32mp1_clock_suspend
 .text.stm32mp1_clock_resume
                0x000000002fff58bc       0xd4 /home/lodge/STM32MP157/tf-a/tf-a-stm32mp/../build/trusted/bl32/stm32mp1_clk.o
                0x000000002fff58bc                stm32mp1_clock_resume
 .text.stm32mp1_clock_stopmode_save
                0x000000002fff5990       0x4c /home/lodge/STM32MP157/tf-a/tf-a-stm32mp/../build/trusted/bl32/stm32mp1_clk.o
                0x000000002fff5990                stm32mp1_clock_stopmode_save
 .text.stm32mp1_clock_stopmode_resume
                0x000000002fff59dc       0x98 /home/lodge/STM32MP157/tf-a/tf-a-stm32mp/../build/trusted/bl32/stm32mp1_clk.o
                0x000000002fff59dc                stm32mp1_clock_stopmode_resume
 .text.stm32mp1_dump_clocks_state
                0x000000002fff5a74        0x2 /home/lodge/STM32MP157/tf-a/tf-a-stm32mp/../build/trusted/bl32/stm32mp1_clk.o
                0x000000002fff5a74                stm32mp1_dump_clocks_state
 *fill*         0x000000002fff5a76        0x2 
 .text.stm32mp1_clk_probe
                0x000000002fff5a78       0xbc /home/lodge/STM32MP157/tf-a/tf-a-stm32mp/../build/trusted/bl32/stm32mp1_clk.o
                0x000000002fff5a78                stm32mp1_clk_probe
 .text.do_sw_handshake
                0x000000002fff5b34       0x14 /home/lodge/STM32MP157/tf-a/tf-a-stm32mp/../build/trusted/bl32/stm32mp1_ddr_helpers.o
 .text.do_sw_ack
                0x000000002fff5b48       0x54 /home/lodge/STM32MP157/tf-a/tf-a-stm32mp/../build/trusted/bl32/stm32mp1_ddr_helpers.o
 .text.ddr_enable_clock
                0x000000002fff5b9c       0x22 /home/lodge/STM32MP157/tf-a/tf-a-stm32mp/../build/trusted/bl32/stm32mp1_ddr_helpers.o
                0x000000002fff5b9c                ddr_enable_clock
 *fill*         0x000000002fff5bbe        0x2 
 .text.ddr_sw_self_refresh_exit
                0x000000002fff5bc0      0x1e8 /home/lodge/STM32MP157/tf-a/tf-a-stm32mp/../build/trusted/bl32/stm32mp1_ddr_helpers.o
                0x000000002fff5bc0                ddr_sw_self_refresh_exit
 .text.ddr_standby_sr_entry
                0x000000002fff5da8      0x23c /home/lodge/STM32MP157/tf-a/tf-a-stm32mp/../build/trusted/bl32/stm32mp1_ddr_helpers.o
                0x000000002fff5da8                ddr_standby_sr_entry
 .text.ddr_read_sr_mode
                0x000000002fff5fe4       0x18 /home/lodge/STM32MP157/tf-a/tf-a-stm32mp/../build/trusted/bl32/stm32mp1_ddr_helpers.o
                0x000000002fff5fe4                ddr_read_sr_mode
 .text.ddr_set_sr_mode
                0x000000002fff5ffc      0x1cc /home/lodge/STM32MP157/tf-a/tf-a-stm32mp/../build/trusted/bl32/stm32mp1_ddr_helpers.o
                0x000000002fff5ffc                ddr_set_sr_mode
 .text.ddr_save_sr_mode
                0x000000002fff61c8       0x10 /home/lodge/STM32MP157/tf-a/tf-a-stm32mp/../build/trusted/bl32/stm32mp1_ddr_helpers.o
                0x000000002fff61c8                ddr_save_sr_mode
 .text.ddr_restore_sr_mode
                0x000000002fff61d8        0xc /home/lodge/STM32MP157/tf-a/tf-a-stm32mp/../build/trusted/bl32/stm32mp1_ddr_helpers.o
                0x000000002fff61d8                ddr_restore_sr_mode
 .text.fdt32_to_cpu
                0x000000002fff61e4        0x4 /home/lodge/STM32MP157/tf-a/tf-a-stm32mp/../build/trusted/bl32/stm32_gpio.o
 .text.set_gpio
                0x000000002fff61e8      0x100 /home/lodge/STM32MP157/tf-a/tf-a-stm32mp/../build/trusted/bl32/stm32_gpio.o
                0x000000002fff61e8                set_gpio
 .text.dt_set_pinctrl_config
                0x000000002fff62e8      0x204 /home/lodge/STM32MP157/tf-a/tf-a-stm32mp/../build/trusted/bl32/stm32_gpio.o
                0x000000002fff62e8                dt_set_pinctrl_config
 .text.set_gpio_secure_cfg
                0x000000002fff64ec       0x60 /home/lodge/STM32MP157/tf-a/tf-a-stm32mp/../build/trusted/bl32/stm32_gpio.o
                0x000000002fff64ec                set_gpio_secure_cfg
 .text.i2c_wait_flag
                0x000000002fff654c       0x44 /home/lodge/STM32MP157/tf-a/tf-a-stm32mp/../build/trusted/bl32/stm32_i2c.o
 .text.i2c_transfer_config.isra.0
                0x000000002fff6590       0x2c /home/lodge/STM32MP157/tf-a/tf-a-stm32mp/../build/trusted/bl32/stm32_i2c.o
 .text.i2c_ack_failed
                0x000000002fff65bc       0x8e /home/lodge/STM32MP157/tf-a/tf-a-stm32mp/../build/trusted/bl32/stm32_i2c.o
 .text.i2c_wait_txis
                0x000000002fff664a       0x42 /home/lodge/STM32MP157/tf-a/tf-a-stm32mp/../build/trusted/bl32/stm32_i2c.o
 .text.i2c_wait_stop
                0x000000002fff668c       0x42 /home/lodge/STM32MP157/tf-a/tf-a-stm32mp/../build/trusted/bl32/stm32_i2c.o
 *fill*         0x000000002fff66ce        0x2 
 .text.i2c_read.constprop.0
                0x000000002fff66d0      0x1ec /home/lodge/STM32MP157/tf-a/tf-a-stm32mp/../build/trusted/bl32/stm32_i2c.o
 .text.i2c_write
                0x000000002fff68bc      0x224 /home/lodge/STM32MP157/tf-a/tf-a-stm32mp/../build/trusted/bl32/stm32_i2c.o
 .text.stm32_i2c_get_setup_from_fdt
                0x000000002fff6ae0       0x60 /home/lodge/STM32MP157/tf-a/tf-a-stm32mp/../build/trusted/bl32/stm32_i2c.o
                0x000000002fff6ae0                stm32_i2c_get_setup_from_fdt
 .text.stm32_i2c_init
                0x000000002fff6b40      0x45c /home/lodge/STM32MP157/tf-a/tf-a-stm32mp/../build/trusted/bl32/stm32_i2c.o
                0x000000002fff6b40                stm32_i2c_init
 .text.stm32_i2c_mem_write
                0x000000002fff6f9c       0x1c /home/lodge/STM32MP157/tf-a/tf-a-stm32mp/../build/trusted/bl32/stm32_i2c.o
                0x000000002fff6f9c                stm32_i2c_mem_write
 .text.stm32_i2c_mem_read
                0x000000002fff6fb8       0x12 /home/lodge/STM32MP157/tf-a/tf-a-stm32mp/../build/trusted/bl32/stm32_i2c.o
                0x000000002fff6fb8                stm32_i2c_mem_read
 *fill*         0x000000002fff6fca        0x2 
 .text.stm32_i2c_is_device_ready
                0x000000002fff6fcc      0x144 /home/lodge/STM32MP157/tf-a/tf-a-stm32mp/../build/trusted/bl32/stm32_i2c.o
                0x000000002fff6fcc                stm32_i2c_is_device_ready
 .text.stm32_iwdg_refresh
                0x000000002fff7110       0x40 /home/lodge/STM32MP157/tf-a/tf-a-stm32mp/../build/trusted/bl32/stm32_iwdg.o
                0x000000002fff7110                stm32_iwdg_refresh
 .text.stm32_iwdg_it_handler
                0x000000002fff7150       0x5c /home/lodge/STM32MP157/tf-a/tf-a-stm32mp/../build/trusted/bl32/stm32_iwdg.o
                0x000000002fff7150                stm32_iwdg_it_handler
 .text.stm32_iwdg_init
                0x000000002fff71ac      0x1ec /home/lodge/STM32MP157/tf-a/tf-a-stm32mp/../build/trusted/bl32/stm32_iwdg.o