Archive member included to satisfy reference by file (symbol)

c:/st/stm32cubeide_1.7.0/stm32cubeide/plugins/com.st.stm32cube.ide.mcu.externaltools.gnu-tools-for-stm32.9-2020-q2-update.win32_2.0.0.202105311346/tools/bin/../lib/gcc/arm-none-eabi/9.3.1/../../../../arm-none-eabi/lib/thumb/v7e-m+fp/hard\libc_nano.a(lib_a-errno.o)
                              ./Core/Src/syscalls.o (__errno)
c:/st/stm32cubeide_1.7.0/stm32cubeide/plugins/com.st.stm32cube.ide.mcu.externaltools.gnu-tools-for-stm32.9-2020-q2-update.win32_2.0.0.202105311346/tools/bin/../lib/gcc/arm-none-eabi/9.3.1/../../../../arm-none-eabi/lib/thumb/v7e-m+fp/hard\libc_nano.a(lib_a-exit.o)
                              c:/st/stm32cubeide_1.7.0/stm32cubeide/plugins/com.st.stm32cube.ide.mcu.externaltools.gnu-tools-for-stm32.9-2020-q2-update.win32_2.0.0.202105311346/tools/bin/../lib/gcc/arm-none-eabi/9.3.1/../../../../arm-none-eabi/lib/thumb/v7e-m+fp/hard/crt0.o (exit)
c:/st/stm32cubeide_1.7.0/stm32cubeide/plugins/com.st.stm32cube.ide.mcu.externaltools.gnu-tools-for-stm32.9-2020-q2-update.win32_2.0.0.202105311346/tools/bin/../lib/gcc/arm-none-eabi/9.3.1/../../../../arm-none-eabi/lib/thumb/v7e-m+fp/hard\libc_nano.a(lib_a-impure.o)
                              c:/st/stm32cubeide_1.7.0/stm32cubeide/plugins/com.st.stm32cube.ide.mcu.externaltools.gnu-tools-for-stm32.9-2020-q2-update.win32_2.0.0.202105311346/tools/bin/../lib/gcc/arm-none-eabi/9.3.1/../../../../arm-none-eabi/lib/thumb/v7e-m+fp/hard\libc_nano.a(lib_a-exit.o) (_global_impure_ptr)
c:/st/stm32cubeide_1.7.0/stm32cubeide/plugins/com.st.stm32cube.ide.mcu.externaltools.gnu-tools-for-stm32.9-2020-q2-update.win32_2.0.0.202105311346/tools/bin/../lib/gcc/arm-none-eabi/9.3.1/../../../../arm-none-eabi/lib/thumb/v7e-m+fp/hard\libc_nano.a(lib_a-init.o)
                              c:/st/stm32cubeide_1.7.0/stm32cubeide/plugins/com.st.stm32cube.ide.mcu.externaltools.gnu-tools-for-stm32.9-2020-q2-update.win32_2.0.0.202105311346/tools/bin/../lib/gcc/arm-none-eabi/9.3.1/../../../../arm-none-eabi/lib/thumb/v7e-m+fp/hard/crt0.o (__libc_init_array)
c:/st/stm32cubeide_1.7.0/stm32cubeide/plugins/com.st.stm32cube.ide.mcu.externaltools.gnu-tools-for-stm32.9-2020-q2-update.win32_2.0.0.202105311346/tools/bin/../lib/gcc/arm-none-eabi/9.3.1/../../../../arm-none-eabi/lib/thumb/v7e-m+fp/hard\libc_nano.a(lib_a-memset.o)
                              c:/st/stm32cubeide_1.7.0/stm32cubeide/plugins/com.st.stm32cube.ide.mcu.externaltools.gnu-tools-for-stm32.9-2020-q2-update.win32_2.0.0.202105311346/tools/bin/../lib/gcc/arm-none-eabi/9.3.1/../../../../arm-none-eabi/lib/thumb/v7e-m+fp/hard/crt0.o (memset)
c:/st/stm32cubeide_1.7.0/stm32cubeide/plugins/com.st.stm32cube.ide.mcu.externaltools.gnu-tools-for-stm32.9-2020-q2-update.win32_2.0.0.202105311346/tools/bin/../lib/gcc/arm-none-eabi/9.3.1/../../../../arm-none-eabi/lib/thumb/v7e-m+fp/hard\libc_nano.a(lib_a-printf.o)
                              ./Core/Src/main.o (printf)
c:/st/stm32cubeide_1.7.0/stm32cubeide/plugins/com.st.stm32cube.ide.mcu.externaltools.gnu-tools-for-stm32.9-2020-q2-update.win32_2.0.0.202105311346/tools/bin/../lib/gcc/arm-none-eabi/9.3.1/../../../../arm-none-eabi/lib/thumb/v7e-m+fp/hard\libc_nano.a(lib_a-puts.o)
                              ./Core/Src/main.o (puts)
c:/st/stm32cubeide_1.7.0/stm32cubeide/plugins/com.st.stm32cube.ide.mcu.externaltools.gnu-tools-for-stm32.9-2020-q2-update.win32_2.0.0.202105311346/tools/bin/../lib/gcc/arm-none-eabi/9.3.1/../../../../arm-none-eabi/lib/thumb/v7e-m+fp/hard\libc_nano.a(lib_a-wbuf.o)
                              c:/st/stm32cubeide_1.7.0/stm32cubeide/plugins/com.st.stm32cube.ide.mcu.externaltools.gnu-tools-for-stm32.9-2020-q2-update.win32_2.0.0.202105311346/tools/bin/../lib/gcc/arm-none-eabi/9.3.1/../../../../arm-none-eabi/lib/thumb/v7e-m+fp/hard\libc_nano.a(lib_a-puts.o) (__swbuf_r)
c:/st/stm32cubeide_1.7.0/stm32cubeide/plugins/com.st.stm32cube.ide.mcu.externaltools.gnu-tools-for-stm32.9-2020-q2-update.win32_2.0.0.202105311346/tools/bin/../lib/gcc/arm-none-eabi/9.3.1/../../../../arm-none-eabi/lib/thumb/v7e-m+fp/hard\libc_nano.a(lib_a-wsetup.o)
                              c:/st/stm32cubeide_1.7.0/stm32cubeide/plugins/com.st.stm32cube.ide.mcu.externaltools.gnu-tools-for-stm32.9-2020-q2-update.win32_2.0.0.202105311346/tools/bin/../lib/gcc/arm-none-eabi/9.3.1/../../../../arm-none-eabi/lib/thumb/v7e-m+fp/hard\libc_nano.a(lib_a-puts.o) (__swsetup_r)
c:/st/stm32cubeide_1.7.0/stm32cubeide/plugins/com.st.stm32cube.ide.mcu.externaltools.gnu-tools-for-stm32.9-2020-q2-update.win32_2.0.0.202105311346/tools/bin/../lib/gcc/arm-none-eabi/9.3.1/../../../../arm-none-eabi/lib/thumb/v7e-m+fp/hard\libc_nano.a(lib_a-fflush.o)
                              c:/st/stm32cubeide_1.7.0/stm32cubeide/plugins/com.st.stm32cube.ide.mcu.externaltools.gnu-tools-for-stm32.9-2020-q2-update.win32_2.0.0.202105311346/tools/bin/../lib/gcc/arm-none-eabi/9.3.1/../../../../arm-none-eabi/lib/thumb/v7e-m+fp/hard\libc_nano.a(lib_a-wbuf.o) (_fflush_r)
[...]
Memory Configuration

Name             Origin             Length             Attributes
m_interrupts     0x0000000000000000 0x0000000000000298 xr
m_text           0x0000000010000000 0x0000000000020000 xr
m_data           0x0000000010020000 0x0000000000020000 rw
m_ipc_shm        0x0000000010040000 0x0000000000008000 rw
*default*        0x0000000000000000 0xffffffffffffffff

Linker script and memory map

LOAD c:/st/stm32cubeide_1.7.0/stm32cubeide/plugins/com.st.stm32cube.ide.mcu.externaltools.gnu-tools-for-stm32.9-2020-q2-update.win32_2.0.0.202105311346/tools/bin/../lib/gcc/arm-none-eabi/9.3.1/thumb/v7e-m+fp/hard/crti.o
LOAD c:/st/stm32cubeide_1.7.0/stm32cubeide/plugins/com.st.stm32cube.ide.mcu.externaltools.gnu-tools-for-stm32.9-2020-q2-update.win32_2.0.0.202105311346/tools/bin/../lib/gcc/arm-none-eabi/9.3.1/thumb/v7e-m+fp/hard/crtbegin.o
LOAD c:/st/stm32cubeide_1.7.0/stm32cubeide/plugins/com.st.stm32cube.ide.mcu.externaltools.gnu-tools-for-stm32.9-2020-q2-update.win32_2.0.0.202105311346/tools/bin/../lib/gcc/arm-none-eabi/9.3.1/../../../../arm-none-eabi/lib/thumb/v7e-m+fp/hard/crt0.o
LOAD ./Common/System/system_stm32mp1xx.o
LOAD ./Core/Src/gpio.o
LOAD ./Core/Src/main.o
LOAD ./Core/Src/stm32mp1xx_hal_msp.o
LOAD ./Core/Src/stm32mp1xx_it.o
LOAD ./Core/Src/syscalls.o
LOAD ./Core/Src/sysmem.o
LOAD ./Core/Src/usart.o
LOAD ./Core/Startup/startup_stm32mp157daax.o
LOAD ./Drivers/STM32MP1xx_HAL_Driver/stm32mp1xx_hal.o
LOAD ./Drivers/STM32MP1xx_HAL_Driver/stm32mp1xx_hal_cortex.o
LOAD ./Drivers/STM32MP1xx_HAL_Driver/stm32mp1xx_hal_dma.o
LOAD ./Drivers/STM32MP1xx_HAL_Driver/stm32mp1xx_hal_dma_ex.o
LOAD ./Drivers/STM32MP1xx_HAL_Driver/stm32mp1xx_hal_exti.o
LOAD ./Drivers/STM32MP1xx_HAL_Driver/stm32mp1xx_hal_gpio.o
LOAD ./Drivers/STM32MP1xx_HAL_Driver/stm32mp1xx_hal_hsem.o
LOAD ./Drivers/STM32MP1xx_HAL_Driver/stm32mp1xx_hal_mdma.o
LOAD ./Drivers/STM32MP1xx_HAL_Driver/stm32mp1xx_hal_pwr.o
LOAD ./Drivers/STM32MP1xx_HAL_Driver/stm32mp1xx_hal_pwr_ex.o
LOAD ./Drivers/STM32MP1xx_HAL_Driver/stm32mp1xx_hal_rcc.o
LOAD ./Drivers/STM32MP1xx_HAL_Driver/stm32mp1xx_hal_rcc_ex.o
LOAD ./Drivers/STM32MP1xx_HAL_Driver/stm32mp1xx_hal_tim.o
LOAD ./Drivers/STM32MP1xx_HAL_Driver/stm32mp1xx_hal_tim_ex.o
LOAD ./Drivers/STM32MP1xx_HAL_Driver/stm32mp1xx_hal_uart.o
LOAD ./Drivers/STM32MP1xx_HAL_Driver/stm32mp1xx_hal_uart_ex.o
START GROUP
LOAD c:/st/stm32cubeide_1.7.0/stm32cubeide/plugins/com.st.stm32cube.ide.mcu.externaltools.gnu-tools-for-stm32.9-2020-q2-update.win32_2.0.0.202105311346/tools/bin/../lib/gcc/arm-none-eabi/9.3.1/../../../../arm-none-eabi/lib/thumb/v7e-m+fp/hard\libc_nano.a
LOAD c:/st/stm32cubeide_1.7.0/stm32cubeide/plugins/com.st.stm32cube.ide.mcu.externaltools.gnu-tools-for-stm32.9-2020-q2-update.win32_2.0.0.202105311346/tools/bin/../lib/gcc/arm-none-eabi/9.3.1/../../../../arm-none-eabi/lib/thumb/v7e-m+fp/hard\libm.a
END GROUP
START GROUP
LOAD c:/st/stm32cubeide_1.7.0/stm32cubeide/plugins/com.st.stm32cube.ide.mcu.externaltools.gnu-tools-for-stm32.9-2020-q2-update.win32_2.0.0.202105311346/tools/bin/../lib/gcc/arm-none-eabi/9.3.1/thumb/v7e-m+fp/hard\libgcc.a
LOAD c:/st/stm32cubeide_1.7.0/stm32cubeide/plugins/com.st.stm32cube.ide.mcu.externaltools.gnu-tools-for-stm32.9-2020-q2-update.win32_2.0.0.202105311346/tools/bin/../lib/gcc/arm-none-eabi/9.3.1/../../../../arm-none-eabi/lib/thumb/v7e-m+fp/hard\libc_nano.a
END GROUP
START GROUP
LOAD c:/st/stm32cubeide_1.7.0/stm32cubeide/plugins/com.st.stm32cube.ide.mcu.externaltools.gnu-tools-for-stm32.9-2020-q2-update.win32_2.0.0.202105311346/tools/bin/../lib/gcc/arm-none-eabi/9.3.1/thumb/v7e-m+fp/hard\libgcc.a
LOAD c:/st/stm32cubeide_1.7.0/stm32cubeide/plugins/com.st.stm32cube.ide.mcu.externaltools.gnu-tools-for-stm32.9-2020-q2-update.win32_2.0.0.202105311346/tools/bin/../lib/gcc/arm-none-eabi/9.3.1/../../../../arm-none-eabi/lib/thumb/v7e-m+fp/hard\libc_nano.a
LOAD c:/st/stm32cubeide_1.7.0/stm32cubeide/plugins/com.st.stm32cube.ide.mcu.externaltools.gnu-tools-for-stm32.9-2020-q2-update.win32_2.0.0.202105311346/tools/bin/../lib/gcc/arm-none-eabi/9.3.1/../../../../arm-none-eabi/lib/thumb/v7e-m+fp/hard\libnosys.a
END GROUP
START GROUP
LOAD c:/st/stm32cubeide_1.7.0/stm32cubeide/plugins/com.st.stm32cube.ide.mcu.externaltools.gnu-tools-for-stm32.9-2020-q2-update.win32_2.0.0.202105311346/tools/bin/../lib/gcc/arm-none-eabi/9.3.1/thumb/v7e-m+fp/hard\libgcc.a
LOAD c:/st/stm32cubeide_1.7.0/stm32cubeide/plugins/com.st.stm32cube.ide.mcu.externaltools.gnu-tools-for-stm32.9-2020-q2-update.win32_2.0.0.202105311346/tools/bin/../lib/gcc/arm-none-eabi/9.3.1/../../../../arm-none-eabi/lib/thumb/v7e-m+fp/hard\libc_nano.a
LOAD c:/st/stm32cubeide_1.7.0/stm32cubeide/plugins/com.st.stm32cube.ide.mcu.externaltools.gnu-tools-for-stm32.9-2020-q2-update.win32_2.0.0.202105311346/tools/bin/../lib/gcc/arm-none-eabi/9.3.1/../../../../arm-none-eabi/lib/thumb/v7e-m+fp/hard\libnosys.a
END GROUP
LOAD c:/st/stm32cubeide_1.7.0/stm32cubeide/plugins/com.st.stm32cube.ide.mcu.externaltools.gnu-tools-for-stm32.9-2020-q2-update.win32_2.0.0.202105311346/tools/bin/../lib/gcc/arm-none-eabi/9.3.1/thumb/v7e-m+fp/hard/crtend.o
LOAD c:/st/stm32cubeide_1.7.0/stm32cubeide/plugins/com.st.stm32cube.ide.mcu.externaltools.gnu-tools-for-stm32.9-2020-q2-update.win32_2.0.0.202105311346/tools/bin/../lib/gcc/arm-none-eabi/9.3.1/thumb/v7e-m+fp/hard/crtn.o
                0x0000000010040000                _estack = 0x10040000
                0x0000000000000200                _Min_Heap_Size = 0x200
                0x0000000000000400                _Min_Stack_Size = 0x400
                0x0000000010040000                __OPENAMP_region_start__ = ORIGIN (m_ipc_shm)
                0x0000000010048000                __OPENAMP_region_end__ = (ORIGIN (m_ipc_shm) + LENGTH (m_ipc_shm))

.isr_vector     0x0000000000000000      0x298
                0x0000000000000000                . = ALIGN (0x4)
 *(.isr_vector)
 .isr_vector    0x0000000000000000      0x298 ./Core/Startup/startup_stm32mp157daax.o
                0x0000000000000000                g_pfnVectors
                0x0000000000000298                . = ALIGN (0x4)

.text           0x0000000010000000     0x81ac
                0x0000000010000000                . = ALIGN (0x4)
 *(.text)
 .text          0x0000000010000000       0x40 c:/st/stm32cubeide_1.7.0/stm32cubeide/plugins/com.st.stm32cube.ide.mcu.externaltools.gnu-tools-for-stm32.9-2020-q2-update.win32_2.0.0.202105311346/tools/bin/../lib/gcc/arm-none-eabi/9.3.1/thumb/v7e-m+fp/hard/crtbegin.o
 .text          0x0000000010000040       0xa0 c:/st/stm32cubeide_1.7.0/stm32cubeide/plugins/com.st.stm32cube.ide.mcu.externaltools.gnu-tools-for-stm32.9-2020-q2-update.win32_2.0.0.202105311346/tools/bin/../lib/gcc/arm-none-eabi/9.3.1/../../../../arm-none-eabi/lib/thumb/v7e-m+fp/hard\libc_nano.a(lib_a-memchr.o)
                0x0000000010000040                memchr
 *(.text*)
 .text.SystemInit
                0x00000000100000e0       0x4c ./Common/System/system_stm32mp1xx.o
                0x00000000100000e0                SystemInit
 .text.MX_GPIO_Init
                0x000000001000012c       0x36 ./Core/Src/gpio.o
                0x000000001000012c                MX_GPIO_Init
 *fill*         0x0000000010000162        0x2 
 .text.__NVIC_SetPriorityGrouping
                0x0000000010000164       0x48 ./Core/Src/main.o
 .text.enable_pclock
                0x00000000100001ac      0x460 ./Core/Src/main.o
                0x00000000100001ac                enable_pclock
 .text.gpio_clock_enable
                0x000000001000060c       0x18 ./Core/Src/main.o
                0x000000001000060c                gpio_clock_enable
 .text.gpio_peripheral
                0x0000000010000624      0x118 ./Core/Src/main.o
                0x0000000010000624                gpio_peripheral
 .text.main     0x000000001000073c      0x1bc ./Core/Src/main.o
                0x000000001000073c                main
 .text.SystemClock_Config
                0x00000000100008f8      0x156 ./Core/Src/main.o
                0x00000000100008f8                SystemClock_Config
 *fill*         0x0000000010000a4e        0x2 
 .text.__io_putchar
                0x0000000010000a50       0x34 ./Core/Src/main.o
                0x0000000010000a50                __io_putchar
 .text.Error_Handler
                0x0000000010000a84        0xe ./Core/Src/main.o
                0x0000000010000a84                Error_Handler
 .text.HAL_MspInit
                0x0000000010000a92       0x1a ./Core/Src/stm32mp1xx_hal_msp.o
                0x0000000010000a92                HAL_MspInit
 .text.NMI_Handler
                0x0000000010000aac        0xe ./Core/Src/stm32mp1xx_it.o
                0x0000000010000aac                NMI_Handler
 .text.HardFault_Handler
                0x0000000010000aba        0x6 ./Core/Src/stm32mp1xx_it.o
                0x0000000010000aba                HardFault_Handler
 .text.MemManage_Handler
                0x0000000010000ac0        0x6 ./Core/Src/stm32mp1xx_it.o
                0x0000000010000ac0                MemManage_Handler
 .text.BusFault_Handler
                0x0000000010000ac6        0x6 ./Core/Src/stm32mp1xx_it.o
                0x0000000010000ac6                BusFault_Handler
 .text.UsageFault_Handler
                0x0000000010000acc        0x6 ./Core/Src/stm32mp1xx_it.o
                0x0000000010000acc                UsageFault_Handler
 .text.SVC_Handler
                0x0000000010000ad2        0xe ./Core/Src/stm32mp1xx_it.o
                0x0000000010000ad2                SVC_Handler
 .text.DebugMon_Handler
                0x0000000010000ae0        0xe ./Core/Src/stm32mp1xx_it.o
                0x0000000010000ae0                DebugMon_Handler
 .text.PendSV_Handler
                0x0000000010000aee        0xe ./Core/Src/stm32mp1xx_it.o
                0x0000000010000aee                PendSV_Handler
 .text.SysTick_Handler
                0x0000000010000afc        0xc ./Core/Src/stm32mp1xx_it.o
                0x0000000010000afc                SysTick_Handler
 .text.UART4_IRQHandler
                0x0000000010000b08       0x14 ./Core/Src/stm32mp1xx_it.o
                0x0000000010000b08                UART4_IRQHandler
 .text._read    0x0000000010000b1c       0x3a ./Core/Src/syscalls.o
                0x0000000010000b1c                _read
 .text._write   0x0000000010000b56       0x38 ./Core/Src/syscalls.o
                0x0000000010000b56                _write
 .text._close   0x0000000010000b8e       0x18 ./Core/Src/syscalls.o
                0x0000000010000b8e                _close
 .text._fstat   0x0000000010000ba6       0x20 ./Core/Src/syscalls.o
                0x0000000010000ba6                _fstat
 .text._isatty  0x0000000010000bc6       0x16 ./Core/Src/syscalls.o
                0x0000000010000bc6                _isatty
 .text._lseek   0x0000000010000bdc       0x1a ./Core/Src/syscalls.o
                0x0000000010000bdc                _lseek
 *fill*         0x0000000010000bf6        0x2 
 .text._sbrk    0x0000000010000bf8       0x6c ./Core/Src/sysmem.o
                0x0000000010000bf8                _sbrk
 .text.MX_UART4_Init
                0x0000000010000c64       0x98 ./Core/Src/usart.o
                0x0000000010000c64                MX_UART4_Init
 .text.HAL_UART_MspInit
                0x0000000010000cfc       0xb0 ./Core/Src/usart.o
                0x0000000010000cfc                HAL_UART_MspInit
 .text.HAL_UART_RxCpltCallback
                0x0000000010000dac       0x30 ./Core/Src/usart.o
                0x0000000010000dac                HAL_UART_RxCpltCallback
 .text.Default_Handler
                0x0000000010000ddc        0x2 ./Core/Startup/startup_stm32mp157daax.o
                0x0000000010000ddc                EXTI2_IRQHandler
                0x0000000010000ddc                TIM8_TRG_COM_IRQHandler
                0x0000000010000ddc                TIM8_CC_IRQHandler
                0x0000000010000ddc                EXTI5_IRQHandler
                0x0000000010000ddc                UART8_IRQHandler
                0x0000000010000ddc                SPI4_IRQHandler
                0x0000000010000ddc                EXTI13_IRQHandler
                0x0000000010000ddc                TIM1_CC_IRQHandler
                0x0000000010000ddc                DMA2_Stream5_IRQHandler
                0x0000000010000ddc                ETH1_WKUP_IRQHandler
                0x0000000010000ddc                TAMP_IRQHandler
                0x0000000010000ddc                DMA1_Stream5_IRQHandler
                0x0000000010000ddc                TIM6_IRQHandler
                0x0000000010000ddc                EXTI12_IRQHandler
                0x0000000010000ddc                EXTI3_IRQHandler
                0x0000000010000ddc                LPTIM4_IRQHandler
                0x0000000010000ddc                EXTI8_IRQHandler
                0x0000000010000ddc                LPTIM2_IRQHandler
                0x0000000010000ddc                DFSDM1_FLT1_IRQHandler
                0x0000000010000ddc                I2C3_ER_IRQHandler
                0x0000000010000ddc                DFSDM1_FLT2_IRQHandler
                0x0000000010000ddc                I2C5_EV_IRQHandler
                0x0000000010000ddc                MDMA_IRQHandler
                0x0000000010000ddc                IPCC_TX1_IRQHandler
                0x0000000010000ddc                LPTIM3_IRQHandler
                0x0000000010000ddc                EXTI0_IRQHandler
                0x0000000010000ddc                I2C2_EV_IRQHandler
                0x0000000010000ddc                DMA1_Stream2_IRQHandler
                0x0000000010000ddc                FPU_IRQHandler
                0x0000000010000ddc                USBH_OHCI_IRQHandler
                0x0000000010000ddc                FDCAN1_IT1_IRQHandler
                0x0000000010000ddc                LTDC_ER_IRQHandler
                0x0000000010000ddc                DMA2_Stream2_IRQHandler
                0x0000000010000ddc                IPCC_RX0_IRQHandler
                0x0000000010000ddc                OTG_IRQHandler
                0x0000000010000ddc                SPI1_IRQHandler
                0x0000000010000ddc                DCMI_IRQHandler
                0x0000000010000ddc                TIM8_UP_IRQHandler
                0x0000000010000ddc                DMA2_Stream3_IRQHandler
                0x0000000010000ddc                USBH_EHCI_IRQHandler
                0x0000000010000ddc                nCTIIRQ2_IRQHandler
                0x0000000010000ddc                HASH1_IRQHandler
                0x0000000010000ddc                GPU_IRQHandler
                0x0000000010000ddc                SAI2_IRQHandler
                0x0000000010000ddc                ADC1_IRQHandler
                0x0000000010000ddc                RESERVED148_IRQHandler
                0x0000000010000ddc                RTC_TIMESTAMP_IRQHandler
                0x0000000010000ddc                DFSDM1_FLT3_IRQHandler
                0x0000000010000ddc                USART6_IRQHandler
                0x0000000010000ddc                EXTI15_IRQHandler
                0x0000000010000ddc                TIM17_IRQHandler
                0x0000000010000ddc                USART3_IRQHandler
                0x0000000010000ddc                EXTI9_IRQHandler
                0x0000000010000ddc                LPTIM5_IRQHandler
                0x0000000010000ddc                UART5_IRQHandler
                0x0000000010000ddc                DMA2_Stream0_IRQHandler
                0x0000000010000ddc                TIM4_IRQHandler
                0x0000000010000ddc                RCC_WAKEUP_IRQHandler
                0x0000000010000ddc                CRYP2_IRQHandler
                0x0000000010000ddc                QUADSPI_IRQHandler
                0x0000000010000ddc                I2C1_EV_IRQHandler
                0x0000000010000ddc                DMA1_Stream6_IRQHandler
                0x0000000010000ddc                RESERVED99_IRQHandler
                0x0000000010000ddc                DMAMUX1_OVR_IRQHandler
                0x0000000010000ddc                DMA1_Stream1_IRQHandler
                0x0000000010000ddc                TIM16_IRQHandler
                0x0000000010000ddc                TIM3_IRQHandler
                0x0000000010000ddc                RCC_IRQHandler
                0x0000000010000ddc                TIM1_TRG_COM_IRQHandler
                0x0000000010000ddc                nCTIIRQ1_IRQHandler
                0x0000000010000ddc                Default_Handler
                0x0000000010000ddc                IPCC_RX1_IRQHandler
                0x0000000010000ddc                CEC_IRQHandler
                0x0000000010000ddc                DFSDM1_FLT4_IRQHandler
                0x0000000010000ddc                TIM14_IRQHandler
                0x0000000010000ddc                I2C5_ER_IRQHandler
                0x0000000010000ddc                TIM13_IRQHandler
                0x0000000010000ddc                DMA1_Stream7_IRQHandler
                0x0000000010000ddc                IPCC_TX0_IRQHandler
                0x0000000010000ddc                SPI5_IRQHandler
                0x0000000010000ddc                TIM12_IRQHandler
                0x0000000010000ddc                TIM7_IRQHandler
                0x0000000010000ddc                SDMMC1_IRQHandler
                0x0000000010000ddc                TIM5_IRQHandler
                0x0000000010000ddc                DMA2_Stream7_IRQHandler
                0x0000000010000ddc                TIM15_IRQHandler
                0x0000000010000ddc                PVD_AVD_IRQHandler
                0x0000000010000ddc                I2C3_EV_IRQHandler
                0x0000000010000ddc                SDMMC3_IRQHandler
                0x0000000010000ddc                ETH1_IRQHandler
                0x0000000010000ddc                LTDC_IRQHandler
                0x0000000010000ddc                SAI3_IRQHandler
                0x0000000010000ddc                SPDIF_RX_IRQHandler
                0x0000000010000ddc                ADC2_IRQHandler
                0x0000000010000ddc                SPI2_IRQHandler
                0x0000000010000ddc                DFSDM1_FLT5_IRQHandler
                0x0000000010000ddc                DMA1_Stream0_IRQHandler
                0x0000000010000ddc                EXTI14_IRQHandler
                0x0000000010000ddc                EXTI11_IRQHandler
                0x0000000010000ddc                CRYP1_IRQHandler
                0x0000000010000ddc                RNG2_IRQHandler
                0x0000000010000ddc                RNG1_IRQHandler
                0x0000000010000ddc                HASH2_IRQHandler
                0x0000000010000ddc                EXTI4_IRQHandler
                0x0000000010000ddc                ETH1_LPI_IRQHandler
                0x0000000010000ddc                FDCAN2_IT1_IRQHandler
                0x0000000010000ddc                DSI_IRQHandler
                0x0000000010000ddc                TIM1_UP_IRQHandler
                0x0000000010000ddc                HSEM_IT2_IRQHandler
                0x0000000010000ddc                SPI6_IRQHandler
                0x0000000010000ddc                MDIOS_IRQHandler
                0x0000000010000ddc                I2C4_EV_IRQHandler
                0x0000000010000ddc                FDCAN2_IT0_IRQHandler
                0x0000000010000ddc                I2C6_ER_IRQHandler
                0x0000000010000ddc                FDCAN1_IT0_IRQHandler
                0x0000000010000ddc                TIM2_IRQHandler
                0x0000000010000ddc                EXTI7_IRQHandler
                0x0000000010000ddc                TIM1_BRK_IRQHandler
                0x0000000010000ddc                DAC_IRQHandler
                0x0000000010000ddc                EXTI1_IRQHandler
                0x0000000010000ddc                SDMMC2_IRQHandler
                0x0000000010000ddc                DTS_IRQHandler
                0x0000000010000ddc                UART7_IRQHandler
                0x0000000010000ddc                USART2_IRQHandler
                0x0000000010000ddc                I2C6_EV_IRQHandler
                0x0000000010000ddc                DFSDM1_FLT0_IRQHandler
                0x0000000010000ddc                SAI4_IRQHandler
                0x0000000010000ddc                I2C2_ER_IRQHandler
                0x0000000010000ddc                DMA2_Stream1_IRQHandler
                0x0000000010000ddc                TIM8_BRK_IRQHandler
                0x0000000010000ddc                WWDG1_IRQHandler
                0x0000000010000ddc                DMA2_Stream4_IRQHandler
                0x0000000010000ddc                USART1_IRQHandler
                0x0000000010000ddc                RESERVED143_IRQHandler
                0x0000000010000ddc                EXTI10_IRQHandler
                0x0000000010000ddc                SPI3_IRQHandler
                0x0000000010000ddc                WAKEUP_PIN_IRQHandler
                0x0000000010000ddc                DMA1_Stream4_IRQHandler
                0x0000000010000ddc                I2C1_ER_IRQHandler
                0x0000000010000ddc                FMC_IRQHandler
                0x0000000010000ddc                FDCAN_CAL_IRQHandler
                0x0000000010000ddc                EXTI6_IRQHandler
                0x0000000010000ddc                MPU_SEV_IRQHandler
                0x0000000010000ddc                LPTIM1_IRQHandler
                0x0000000010000ddc                RTC_WKUP_ALARM_IRQHandler
                0x0000000010000ddc                I2C4_ER_IRQHandler
                0x0000000010000ddc                DMA2_Stream6_IRQHandler
                0x0000000010000ddc                SAI1_IRQHandler
                0x0000000010000ddc                DMA1_Stream3_IRQHandler
                0x0000000010000ddc                RESERVED4_IRQHandler
 *fill*         0x0000000010000dde        0x2 
 .text.__NVIC_GetPriorityGrouping
                0x0000000010000de0       0x1c ./Drivers/STM32MP1xx_HAL_Driver/stm32mp1xx_hal.o
 .text.__NVIC_SetPriority
                0x0000000010000dfc       0x54 ./Drivers/STM32MP1xx_HAL_Driver/stm32mp1xx_hal.o
 .text.NVIC_EncodePriority
                0x0000000010000e50       0x66 ./Drivers/STM32MP1xx_HAL_Driver/stm32mp1xx_hal.o
 *fill*         0x0000000010000eb6        0x2 
 .text.SysTick_Config
                0x0000000010000eb8       0x44 ./Drivers/STM32MP1xx_HAL_Driver/stm32mp1xx_hal.o
 .text.HAL_Init
                0x0000000010000efc       0x8c ./Drivers/STM32MP1xx_HAL_Driver/stm32mp1xx_hal.o
                0x0000000010000efc                HAL_Init
 .text.HAL_InitTick
                0x0000000010000f88       0x6c ./Drivers/STM32MP1xx_HAL_Driver/stm32mp1xx_hal.o
                0x0000000010000f88                HAL_InitTick
 .text.HAL_IncTick
                0x0000000010000ff4       0x28 ./Drivers/STM32MP1xx_HAL_Driver/stm32mp1xx_hal.o
                0x0000000010000ff4                HAL_IncTick
 .text.HAL_GetTick
                0x000000001000101c       0x18 ./Drivers/STM32MP1xx_HAL_Driver/stm32mp1xx_hal.o
                0x000000001000101c                HAL_GetTick
 .text.HAL_Delay
                0x0000000010001034       0x48 ./Drivers/STM32MP1xx_HAL_Driver/stm32mp1xx_hal.o
                0x0000000010001034                HAL_Delay
 .text.__NVIC_SetPriorityGrouping
                0x000000001000107c       0x48 ./Drivers/STM32MP1xx_HAL_Driver/stm32mp1xx_hal_cortex.o
 .text.__NVIC_GetPriorityGrouping
                0x00000000100010c4       0x1c ./Drivers/STM32MP1xx_HAL_Driver/stm32mp1xx_hal_cortex.o
 .text.__NVIC_EnableIRQ
                0x00000000100010e0       0x3c ./Drivers/STM32MP1xx_HAL_Driver/stm32mp1xx_hal_cortex.o
 .text.__NVIC_SetPriority
                0x000000001000111c       0x54 ./Drivers/STM32MP1xx_HAL_Driver/stm32mp1xx_hal_cortex.o
 .text.NVIC_EncodePriority
                0x0000000010001170       0x66 ./Drivers/STM32MP1xx_HAL_Driver/stm32mp1xx_hal_cortex.o
 *fill*         0x00000000100011d6        0x2 
 .text.SysTick_Config
                0x00000000100011d8       0x44 ./Drivers/STM32MP1xx_HAL_Driver/stm32mp1xx_hal_cortex.o
 .text.HAL_NVIC_SetPriorityGrouping
                0x000000001000121c       0x16 ./Drivers/STM32MP1xx_HAL_Driver/stm32mp1xx_hal_cortex.o
                0x000000001000121c                HAL_NVIC_SetPriorityGrouping
 .text.HAL_NVIC_SetPriority
                0x0000000010001232       0x38 ./Drivers/STM32MP1xx_HAL_Driver/stm32mp1xx_hal_cortex.o
                0x0000000010001232                HAL_NVIC_SetPriority
 .text.HAL_NVIC_EnableIRQ
                0x000000001000126a       0x1c ./Drivers/STM32MP1xx_HAL_Driver/stm32mp1xx_hal_cortex.o
                0x000000001000126a                HAL_NVIC_EnableIRQ
 .text.HAL_SYSTICK_Config
                0x0000000010001286       0x18 ./Drivers/STM32MP1xx_HAL_Driver/stm32mp1xx_hal_cortex.o
                0x0000000010001286                HAL_SYSTICK_Config
 .text.HAL_DMA_Abort_IT
                0x000000001000129e       0x4e ./Drivers/STM32MP1xx_HAL_Driver/stm32mp1xx_hal_dma.o
                0x000000001000129e                HAL_DMA_Abort_IT
 .text.HAL_MDMA_Abort_IT
                0x00000000100012ec       0x4e ./Drivers/STM32MP1xx_HAL_Driver/stm32mp1xx_hal_mdma.o
                0x00000000100012ec                HAL_MDMA_Abort_IT
 *fill*         0x000000001000133a        0x2 
 .text.HAL_RCC_OscConfig
                0x000000001000133c      0x660 ./Drivers/STM32MP1xx_HAL_Driver/stm32mp1xx_hal_rcc.o
                0x000000001000133c                HAL_RCC_OscConfig
 .text.HAL_RCC_HSEConfig
                0x000000001000199c       0xd6 ./Drivers/STM32MP1xx_HAL_Driver/stm32mp1xx_hal_rcc.o
                0x000000001000199c                HAL_RCC_HSEConfig
 .text.HAL_RCC_LSEConfig
                0x0000000010001a72       0xfa ./Drivers/STM32MP1xx_HAL_Driver/stm32mp1xx_hal_rcc.o
                0x0000000010001a72                HAL_RCC_LSEConfig
 .text.RCC_PLL1_Config
                0x0000000010001b6c      0x308 ./Drivers/STM32MP1xx_HAL_Driver/stm32mp1xx_hal_rcc.o
                0x0000000010001b6c                RCC_PLL1_Config
 .text.HAL_RCC_ClockConfig
                0x0000000010001e74      0x224 ./Drivers/STM32MP1xx_HAL_Driver/stm32mp1xx_hal_rcc.o
                0x0000000010001e74                HAL_RCC_ClockConfig
 .text.RCC_MPUConfig
                0x0000000010002098       0xec ./Drivers/STM32MP1xx_HAL_Driver/stm32mp1xx_hal_rcc.o
                0x0000000010002098                RCC_MPUConfig
 .text.RCC_AXISSConfig
                0x0000000010002184      0x12e ./Drivers/STM32MP1xx_HAL_Driver/stm32mp1xx_hal_rcc.o
                0x0000000010002184                RCC_AXISSConfig
 *fill*         0x00000000100022b2        0x2 
 .text.RCC_MCUConfig
                0x00000000100022b4      0x150 ./Drivers/STM32MP1xx_HAL_Driver/stm32mp1xx_hal_rcc.o
                0x00000000100022b4                RCC_MCUConfig
 .text.HAL_RCC_GetPLL2ClockFreq
                0x0000000010002404      0x1d8 ./Drivers/STM32MP1xx_HAL_Driver/stm32mp1xx_hal_rcc.o
                0x0000000010002404                HAL_RCC_GetPLL2ClockFreq
 .text.HAL_RCC_GetPLL3ClockFreq
                0x00000000100025dc      0x1f4 ./Drivers/STM32MP1xx_HAL_Driver/stm32mp1xx_hal_rcc.o
                0x00000000100025dc                HAL_RCC_GetPLL3ClockFreq
 .text.HAL_RCC_GetPLL4ClockFreq
                0x00000000100027d0      0x210 ./Drivers/STM32MP1xx_HAL_Driver/stm32mp1xx_hal_rcc.o
                0x00000000100027d0                HAL_RCC_GetPLL4ClockFreq
 .text.HAL_RCC_GetPCLK1Freq
                0x00000000100029e0       0x36 ./Drivers/STM32MP1xx_HAL_Driver/stm32mp1xx_hal_rcc.o
                0x00000000100029e0                HAL_RCC_GetPCLK1Freq
 .text.HAL_RCC_GetPCLK2Freq
                0x0000000010002a16       0x36 ./Drivers/STM32MP1xx_HAL_Driver/stm32mp1xx_hal_rcc.o
                0x0000000010002a16                HAL_RCC_GetPCLK2Freq
 .text.HAL_RCC_GetPCLK5Freq
                0x0000000010002a4c       0x34 ./Drivers/STM32MP1xx_HAL_Driver/stm32mp1xx_hal_rcc.o
                0x0000000010002a4c                HAL_RCC_GetPCLK5Freq
 .text.HAL_RCC_GetACLKFreq
                0x0000000010002a80       0x3a ./Drivers/STM32MP1xx_HAL_Driver/stm32mp1xx_hal_rcc.o
                0x0000000010002a80                HAL_RCC_GetACLKFreq
 .text.HAL_RCC_GetMCUFreq
                0x0000000010002aba       0x36 ./Drivers/STM32MP1xx_HAL_Driver/stm32mp1xx_hal_rcc.o
                0x0000000010002aba                HAL_RCC_GetMCUFreq
 .text.HAL_RCC_GetSystemCoreClockFreq
                0x0000000010002af0        0xe ./Drivers/STM32MP1xx_HAL_Driver/stm32mp1xx_hal_rcc.o
                0x0000000010002af0                HAL_RCC_GetSystemCoreClockFreq
 *fill*         0x0000000010002afe        0x2 
 .text.HAL_RCC_GetAXISSFreq
                0x0000000010002b00       0x7c ./Drivers/STM32MP1xx_HAL_Driver/stm32mp1xx_hal_rcc.o
                0x0000000010002b00                HAL_RCC_GetAXISSFreq
 .text.HAL_RCC_GetMCUSSFreq
                0x0000000010002b7c       0x74 ./Drivers/STM32MP1xx_HAL_Driver/stm32mp1xx_hal_rcc.o
                0x0000000010002b7c                HAL_RCC_GetMCUSSFreq
 .text.RCCEx_PLL2_Config
                0x0000000010002bf0      0x304 ./Drivers/STM32MP1xx_HAL_Driver/stm32mp1xx_hal_rcc_ex.o
                0x0000000010002bf0                RCCEx_PLL2_Config
 .text.RCCEx_PLL3_Config
                0x0000000010002ef4      0x2d4 ./Drivers/STM32MP1xx_HAL_Driver/stm32mp1xx_hal_rcc_ex.o
                0x0000000010002ef4                RCCEx_PLL3_Config
 .text.RCCEx_PLL4_Config
                0x00000000100031c8      0x2b0 ./Drivers/STM32MP1xx_HAL_Driver/stm32mp1xx_hal_rcc_ex.o
                0x00000000100031c8                RCCEx_PLL4_Config
 .text.HAL_RCCEx_PeriphCLKConfig
                0x0000000010003478     0x1b5c ./Drivers/STM32MP1xx_HAL_Driver/stm32mp1xx_hal_rcc_ex.o
                0x0000000010003478                HAL_RCCEx_PeriphCLKConfig
 .text.HAL_UART_Init
                0x0000000010004fd4       0xa0 ./Drivers/STM32MP1xx_HAL_Driver/stm32mp1xx_hal_uart.o
                0x0000000010004fd4                HAL_UART_Init
 .text.HAL_UART_Transmit
                0x0000000010005074      0x12e ./Drivers/STM32MP1xx_HAL_Driver/stm32mp1xx_hal_uart.o
                0x0000000010005074                HAL_UART_Transmit
 *fill*         0x00000000100051a2        0x2 
 .text.HAL_UART_Receive_IT
                0x00000000100051a4      0x1b0 ./Drivers/STM32MP1xx_HAL_Driver/stm32mp1xx_hal_uart.o
                0x00000000100051a4                HAL_UART_Receive_IT
 .text.HAL_UART_IRQHandler
                0x0000000010005354      0x33c ./Drivers/STM32MP1xx_HAL_Driver/stm32mp1xx_hal_uart.o
                0x0000000010005354                HAL_UART_IRQHandler
 .text.HAL_UART_TxCpltCallback
                0x0000000010005690       0x14 ./Drivers/STM32MP1xx_HAL_Driver/stm32mp1xx_hal_uart.o
                0x0000000010005690                HAL_UART_TxCpltCallback
 .text.HAL_UART_ErrorCallback
                0x00000000100056a4       0x14 ./Drivers/STM32MP1xx_HAL_Driver/stm32mp1xx_hal_uart.o
                0x00000000100056a4                HAL_UART_ErrorCallback
 .text.UART_SetConfig
                0x00000000100056b8     0x114c ./Drivers/STM32MP1xx_HAL_Driver/stm32mp1xx_hal_uart.o
                0x00000000100056b8                UART_SetConfig
 .text.UART_AdvFeatureConfig
                0x0000000010006804      0x144 ./Drivers/STM32MP1xx_HAL_Driver/stm32mp1xx_hal_uart.o
                0x0000000010006804                UART_AdvFeatureConfig
 .text.UART_CheckIdleState
                0x0000000010006948       0x90 ./Drivers/STM32MP1xx_HAL_Driver/stm32mp1xx_hal_uart.o
                0x0000000010006948                UART_CheckIdleState
 .text.UART_WaitOnFlagUntilTimeout
                0x00000000100069d8      0x100 ./Drivers/STM32MP1xx_HAL_Driver/stm32mp1xx_hal_uart.o
                0x00000000100069d8                UART_WaitOnFlagUntilTimeout
 .text.UART_EndRxTransfer
                0x0000000010006ad8       0x46 ./Drivers/STM32MP1xx_HAL_Driver/stm32mp1xx_hal_uart.o
 .text.UART_DMAAbortOnError
                0x0000000010006b1e       0x2c ./Drivers/STM32MP1xx_HAL_Driver/stm32mp1xx_hal_uart.o
 .text.UART_MDMAAbortOnError
                0x0000000010006b4a       0x2c ./Drivers/STM32MP1xx_HAL_Driver/stm32mp1xx_hal_uart.o
 .text.UART_EndTransmit_IT
                0x0000000010006b76       0x34 ./Drivers/STM32MP1xx_HAL_Driver/stm32mp1xx_hal_uart.o
 .text.UART_RxISR_8BIT
                0x0000000010006baa       0xae ./Drivers/STM32MP1xx_HAL_Driver/stm32mp1xx_hal_uart.o
 .text.UART_RxISR_16BIT
                0x0000000010006c58       0xae ./Drivers/STM32MP1xx_HAL_Driver/stm32mp1xx_hal_uart.o
 *fill*         0x0000000010006d06        0x2 
 .text.UART_RxISR_8BIT_FIFOEN
                0x0000000010006d08      0x10c ./Drivers/STM32MP1xx_HAL_Driver/stm32mp1xx_hal_uart.o
 .text.UART_RxISR_16BIT_FIFOEN
                0x0000000010006e14      0x10c ./Drivers/STM32MP1xx_HAL_Driver/stm32mp1xx_hal_uart.o
 .text.HAL_UARTEx_WakeupCallback
                0x0000000010006f20       0x14 ./Drivers/STM32MP1xx_HAL_Driver/stm32mp1xx_hal_uart_ex.o
                0x0000000010006f20                HAL_UARTEx_WakeupCallback
 .text.HAL_UARTEx_RxFifoFullCallback
                0x0000000010006f34       0x14 ./Drivers/STM32MP1xx_HAL_Driver/stm32mp1xx_hal_uart_ex.o
                0x0000000010006f34                HAL_UARTEx_RxFifoFullCallback
 .text.HAL_UARTEx_TxFifoEmptyCallback
                0x0000000010006f48       0x14 ./Drivers/STM32MP1xx_HAL_Driver/stm32mp1xx_hal_uart_ex.o
                0x0000000010006f48                HAL_UARTEx_TxFifoEmptyCallback
 .text.HAL_UARTEx_DisableFifoMode
                0x0000000010006f5c       0x72 ./Drivers/STM32MP1xx_HAL_Driver/stm32mp1xx_hal_uart_ex.o
                0x0000000010006f5c                HAL_UARTEx_DisableFifoMode
 .text.HAL_UARTEx_SetTxFifoThreshold
                0x0000000010006fce       0x7c ./Drivers/STM32MP1xx_HAL_Driver/stm32mp1xx_hal_uart_ex.o
                0x0000000010006fce                HAL_UARTEx_SetTxFifoThreshold
 .text.HAL_UARTEx_SetRxFifoThreshold
                0x000000001000704a       0x7c ./Drivers/STM32MP1xx_HAL_Driver/stm32mp1xx_hal_uart_ex.o
                0x000000001000704a                HAL_UARTEx_SetRxFifoThreshold
 *fill*         0x00000000100070c6        0x2 
 .text.UARTEx_SetNbDataToProcess
                0x00000000100070c8       0xd0 ./Drivers/STM32MP1xx_HAL_Driver/stm32mp1xx_hal_uart_ex.o
 .text.__errno  0x0000000010007198        0xc c:/st/stm32cubeide_1.7.0/stm32cubeide/plugins/com.st.stm32cube.ide.mcu.externaltools.gnu-tools-for-stm32.9-2020-q2-update.win32_2.0.0.202105311346/tools/bin/../lib/gcc/arm-none-eabi/9.3.1/../../../../arm-none-eabi/lib/thumb/v7e-m+fp/hard\libc_nano.a(lib_a-errno.o)
                0x0000000010007198                __errno
 .text.__libc_init_array
                0x00000000100071a4       0x48 c:/st/stm32cubeide_1.7.0/stm32cubeide/plugins/com.st.stm32cube.ide.mcu.externaltools.gnu-tools-for-stm32.9-2020-q2-update.win32_2.0.0.202105311346/tools/bin/../lib/gcc/arm-none-eabi/9.3.1/../../../../arm-none-eabi/lib/thumb/v7e-m+fp/hard\libc_nano.a(lib_a-init.o)
                0x00000000100071a4                __libc_init_array
 .text.memset   0x00000000100071ec       0x10 c:/st/stm32cubeide_1.7.0/stm32cubeide/plugins/com.st.stm32cube.ide.mcu.externaltools.gnu-tools-for-stm32.9-2020-q2-update.win32_2.0.0.202105311346/tools/bin/../lib/gcc/arm-none-eabi/9.3.1/../../../../arm-none-eabi/lib/thumb/v7e-m+fp/hard\libc_nano.a(lib_a-memset.o)
                0x00000000100071ec                memset
 .text.printf   0x00000000100071fc       0x30 c:/st/stm32cubeide_1.7.0/stm32cubeide/plugins/com.st.stm32cube.ide.mcu.externaltools.gnu-tools-for-stm32.9-2020-q2-update.win32_2.0.0.202105311346/tools/bin/../lib/gcc/arm-none-eabi/9.3.1/../../../../arm-none-eabi/lib/thumb/v7e-m+fp/hard\libc_nano.a(lib_a-printf.o)
                0x00000000100071fc                iprintf
                0x00000000100071fc                printf
 .text._puts_r  0x000000001000722c       0xdc c:/st/stm32cubeide_1.7.0/stm32cubeide/plugins/com.st.stm32cube.ide.mcu.externaltools.gnu-tools-for-stm32.9-2020-q2-update.win32_2.0.0.202105311346/tools/bin/../lib/gcc/arm-none-eabi/9.3.1/../../../../arm-none-eabi/lib/thumb/v7e-m+fp/hard\libc_nano.a(lib_a-puts.o)
                0x000000001000722c                _puts_r
 .text.puts     0x0000000010007308       0x10 c:/st/stm32cubeide_1.7.0/stm32cubeide/plugins/com.st.stm32cube.ide.mcu.externaltools.gnu-tools-for-stm32.9-2020-q2-update.win32_2.0.0.202105311346/tools/bin/../lib/gcc/arm-none-eabi/9.3.1/../../../../arm-none-eabi/lib/thumb/v7e-m+fp/hard\libc_nano.a(lib_a-puts.o)
                0x0000000010007308                puts
 .text.__swbuf_r
                0x0000000010007318       0xa4 c:/st/stm32cubeide_1.7.0/stm32cubeide/plugins/com.st.stm32cube.ide.mcu.externaltools.gnu-tools-for-stm32.9-2020-q2-update.win32_2.0.0.202105311346/tools/bin/../lib/gcc/arm-none-eabi/9.3.1/../../../../arm-none-eabi/lib/thumb/v7e-m+fp/hard\libc_nano.a(lib_a-wbuf.o)
                0x0000000010007318                __swbuf_r
 .text.__swsetup_r
                0x00000000100073bc       0xdc c:/st/stm32cubeide_1.7.0/stm32cubeide/plugins/com.st.stm32cube.ide.mcu.externaltools.gnu-tools-for-stm32.9-2020-q2-update.win32_2.0.0.202105311346/tools/bin/../lib/gcc/arm-none-eabi/9.3.1/../../../../arm-none-eabi/lib/thumb/v7e-m+fp/hard\libc_nano.a(lib_a-wsetup.o)
                0x00000000100073bc                __swsetup_r
 .text.__sflush_r
                0x0000000010007498      0x10c c:/st/stm32cubeide_1.7.0/stm32cubeide/plugins/com.st.stm32cube.ide.mcu.externaltools.gnu-tools-for-stm32.9-2020-q2-update.win32_2.0.0.202105311346/tools/bin/../lib/gcc/arm-none-eabi/9.3.1/../../../../arm-none-eabi/lib/thumb/v7e-m+fp/hard\libc_nano.a(lib_a-fflush.o)
                0x0000000010007498                __sflush_r
 .text._fflush_r
                0x00000000100075a4       0x78 c:/st/stm32cubeide_1.7.0/stm32cubeide/plugins/com.st.stm32cube.ide.mcu.externaltools.gnu-tools-for-stm32.9-2020-q2-update.win32_2.0.0.202105311346/tools/bin/../lib/gcc/arm-none-eabi/9.3.1/../../../../arm-none-eabi/lib/thumb/v7e-m+fp/hard\libc_nano.a(lib_a-fflush.o)
                0x00000000100075a4                _fflush_r
 .text.std      0x000000001000761c       0x48 c:/st/stm32cubeide_1.7.0/stm32cubeide/plugins/com.st.stm32cube.ide.mcu.externaltools.gnu-tools-for-stm32.9-2020-q2-update.win32_2.0.0.202105311346/tools/bin/../lib/gcc/arm-none-eabi/9.3.1/../../../../arm-none-eabi/lib/thumb/v7e-m+fp/hard\libc_nano.a(lib_a-findfp.o)
 .text._cleanup_r
                0x0000000010007664        0xc c:/st/stm32cubeide_1.7.0/stm32cubeide/plugins/com.st.stm32cube.ide.mcu.externaltools.gnu-tools-for-stm32.9-2020-q2-update.win32_2.0.0.202105311346/tools/bin/../lib/gcc/arm-none-eabi/9.3.1/../../../../arm-none-eabi/lib/thumb/v7e-m+fp/hard\libc_nano.a(lib_a-findfp.o)
                0x0000000010007664                _cleanup_r
 .text.__sfmoreglue
                0x0000000010007670       0x2c c:/st/stm32cubeide_1.7.0/stm32cubeide/plugins/com.st.stm32cube.ide.mcu.externaltools.gnu-tools-for-stm32.9-2020-q2-update.win32_2.0.0.202105311346/tools/bin/../lib/gcc/arm-none-eabi/9.3.1/../../../../arm-none-eabi/lib/thumb/v7e-m+fp/hard\libc_nano.a(lib_a-findfp.o)
                0x0000000010007670                __sfmoreglue
 .text.__sfp_lock_acquire
                0x000000001000769c        0xc c:/st/stm32cubeide_1.7.0/stm32cubeide/plugins/com.st.stm32cube.ide.mcu.externaltools.gnu-tools-for-stm32.9-2020-q2-update.win32_2.0.0.202105311346/tools/bin/../lib/gcc/arm-none-eabi/9.3.1/../../../../arm-none-eabi/lib/thumb/v7e-m+fp/hard\libc_nano.a(lib_a-findfp.o)
                0x000000001000769c                __sfp_lock_acquire
 .text.__sfp_lock_release
                0x00000000100076a8        0xc c:/st/stm32cubeide_1.7.0/stm32cubeide/plugins/com.st.stm32cube.ide.mcu.externaltools.gnu-tools-for-stm32.9-2020-q2-update.win32_2.0.0.202105311346/tools/bin/../lib/gcc/arm-none-eabi/9.3.1/../../../../arm-none-eabi/lib/thumb/v7e-m+fp/hard\libc_nano.a(lib_a-findfp.o)
                0x00000000100076a8                __sfp_lock_release
 .text.__sinit_lock_acquire
                0x00000000100076b4        0xc c:/st/stm32cubeide_1.7.0/stm32cubeide/plugins/com.st.stm32cube.ide.mcu.externaltools.gnu-tools-for-stm32.9-2020-q2-update.win32_2.0.0.202105311346/tools/bin/../lib/gcc/arm-none-eabi/9.3.1/../../../../arm-none-eabi/lib/thumb/v7e-m+fp/hard\libc_nano.a(lib_a-findfp.o)
                0x00000000100076b4                __sinit_lock_acquire
 .text.__sinit_lock_release
                0x00000000100076c0        0xc c:/st/stm32cubeide_1.7.0/stm32cubeide/plugins/com.st.stm32cube.ide.mcu.externaltools.gnu-tools-for-stm32.9-2020-q2-update.win32_2.0.0.202105311346/tools/bin/../lib/gcc/arm-none-eabi/9.3.1/../../../../arm-none-eabi/lib/thumb/v7e-m+fp/hard\libc_nano.a(lib_a-findfp.o)
                0x00000000100076c0                __sinit_lock_release
 .text.__sinit  0x00000000100076cc       0x70 c:/st/stm32cubeide_1.7.0/stm32cubeide/plugins/com.st.stm32cube.ide.mcu.externaltools.gnu-tools-for-stm32.9-2020-q2-update.win32_2.0.0.202105311346/tools/bin/../lib/gcc/arm-none-eabi/9.3.1/../../../../arm-none-eabi/lib/thumb/v7e-m+fp/hard\libc_nano.a(lib_a-findfp.o)
                0x00000000100076cc                __sinit
 .text.__sfp    0x000000001000773c       0x8c c:/st/stm32cubeide_1.7.0/stm32cubeide/plugins/com.st.stm32cube.ide.mcu.externaltools.gnu-tools-for-stm32.9-2020-q2-update.win32_2.0.0.202105311346/tools/bin/../lib/gcc/arm-none-eabi/9.3.1/../../../../arm-none-eabi/lib/thumb/v7e-m+fp/hard\libc_nano.a(lib_a-findfp.o)
                0x000000001000773c                __sfp
 .text._fwalk_reent
                0x00000000100077c8       0x3e c:/st/stm32cubeide_1.7.0/stm32cubeide/plugins/com.st.stm32cube.ide.mcu.externaltools.gnu-tools-for-stm32.9-2020-q2-update.win32_2.0.0.202105311346/tools/bin/../lib/gcc/arm-none-eabi/9.3.1/../../../../arm-none-eabi/lib/thumb/v7e-m+fp/hard\libc_nano.a(lib_a-fwalk.o)
                0x00000000100077c8                _fwalk_reent
 .text.__retarget_lock_init_recursive
                0x0000000010007806        0x2 c:/st/stm32cubeide_1.7.0/stm32cubeide/plugins/com.st.stm32cube.ide.mcu.externaltools.gnu-tools-for-stm32.9-2020-q2-update.win32_2.0.0.202105311346/tools/bin/../lib/gcc/arm-none-eabi/9.3.1/../../../../arm-none-eabi/lib/thumb/v7e-m+fp/hard\libc_nano.a(lib_a-lock.o)
                0x0000000010007806                __retarget_lock_init_recursive
 .text.__retarget_lock_acquire_recursive
                0x0000000010007808        0x2 c:/st/stm32cubeide_1.7.0/stm32cubeide/plugins/com.st.stm32cube.ide.mcu.externaltools.gnu-tools-for-stm32.9-2020-q2-update.win32_2.0.0.202105311346/tools/bin/../lib/gcc/arm-none-eabi/9.3.1/../../../../arm-none-eabi/lib/thumb/v7e-m+fp/hard\libc_nano.a(lib_a-lock.o)
                0x0000000010007808                __retarget_lock_acquire_recursive
 .text.__retarget_lock_release_recursive
                0x000000001000780a        0x2 c:/st/stm32cubeide_1.7.0/stm32cubeide/plugins/com.st.stm32cube.ide.mcu.externaltools.gnu-tools-for-stm32.9-2020-q2-update.win32_2.0.0.202105311346/tools/bin/../lib/gcc/arm-none-eabi/9.3.1/../../../../arm-none-eabi/lib/thumb/v7e-m+fp/hard\libc_nano.a(lib_a-lock.o)
                0x000000001000780a                __retarget_lock_release_recursive
 .text.__swhatbuf_r
                0x000000001000780c       0x48 c:/st/stm32cubeide_1.7.0/stm32cubeide/plugins/com.st.stm32cube.ide.mcu.externaltools.gnu-tools-for-stm32.9-2020-q2-update.win32_2.0.0.202105311346/tools/bin/../lib/gcc/arm-none-eabi/9.3.1/../../../../arm-none-eabi/lib/thumb/v7e-m+fp/hard\libc_nano.a(lib_a-makebuf.o)
                0x000000001000780c                __swhatbuf_r
 .text.__smakebuf_r
                0x0000000010007854       0x80 c:/st/stm32cubeide_1.7.0/stm32cubeide/plugins/com.st.stm32cube.ide.mcu.externaltools.gnu-tools-for-stm32.9-2020-q2-update.win32_2.0.0.202105311346/tools/bin/../lib/gcc/arm-none-eabi/9.3.1/../../../../arm-none-eabi/lib/thumb/v7e-m+fp/hard\libc_nano.a(lib_a-makebuf.o)
                0x0000000010007854                __smakebuf_r
 .text._free_r  0x00000000100078d4       0xa0 c:/st/stm32cubeide_1.7.0/stm32cubeide/plugins/com.st.stm32cube.ide.mcu.externaltools.gnu-tools-for-stm32.9-2020-q2-update.win32_2.0.0.202105311346/tools/bin/../lib/gcc/arm-none-eabi/9.3.1/../../../../arm-none-eabi/lib/thumb/v7e-m+fp/hard\libc_nano.a(lib_a-nano-freer.o)
                0x00000000100078d4                _free_r
 .text._malloc_r
                0x0000000010007974       0xb4 c:/st/stm32cubeide_1.7.0/stm32cubeide/plugins/com.st.stm32cube.ide.mcu.externaltools.gnu-tools-for-stm32.9-2020-q2-update.win32_2.0.0.202105311346/tools/bin/../lib/gcc/arm-none-eabi/9.3.1/../../../../arm-none-eabi/lib/thumb/v7e-m+fp/hard\libc_nano.a(lib_a-nano-mallocr.o)
                0x0000000010007974                _malloc_r
 .text.__sfputc_r
                0x0000000010007a28       0x2e c:/st/stm32cubeide_1.7.0/stm32cubeide/plugins/com.st.stm32cube.ide.mcu.externaltools.gnu-tools-for-stm32.9-2020-q2-update.win32_2.0.0.202105311346/tools/bin/../lib/gcc/arm-none-eabi/9.3.1/../../../../arm-none-eabi/lib/thumb/v7e-m+fp/hard\libc_nano.a(lib_a-nano-vfprintf.o)
 .text.__sfputs_r
                0x0000000010007a56       0x24 c:/st/stm32cubeide_1.7.0/stm32cubeide/plugins/com.st.stm32cube.ide.mcu.externaltools.gnu-tools-for-stm32.9-2020-q2-update.win32_2.0.0.202105311346/tools/bin/../lib/gcc/arm-none-eabi/9.3.1/../../../../arm-none-eabi/lib/thumb/v7e-m+fp/hard\libc_nano.a(lib_a-nano-vfprintf.o)
                0x0000000010007a56                __sfputs_r
 *fill*         0x0000000010007a7a        0x2 
 .text._vfprintf_r
                0x0000000010007a7c      0x260 c:/st/stm32cubeide_1.7.0/stm32cubeide/plugins/com.st.stm32cube.ide.mcu.externaltools.gnu-tools-for-stm32.9-2020-q2-update.win32_2.0.0.202105311346/tools/bin/../lib/gcc/arm-none-eabi/9.3.1/../../../../arm-none-eabi/lib/thumb/v7e-m+fp/hard\libc_nano.a(lib_a-nano-vfprintf.o)
                0x0000000010007a7c                _vfprintf_r
                0x0000000010007a7c                _vfiprintf_r
 .text._printf_common
                0x0000000010007cdc       0xda c:/st/stm32cubeide_1.7.0/stm32cubeide/plugins/com.st.stm32cube.ide.mcu.externaltools.gnu-tools-for-stm32.9-2020-q2-update.win32_2.0.0.202105311346/tools/bin/../lib/gcc/arm-none-eabi/9.3.1/../../../../arm-none-eabi/lib/thumb/v7e-m+fp/hard\libc_nano.a(lib_a-nano-vfprintf_i.o)
                0x0000000010007cdc                _printf_common
 *fill*         0x0000000010007db6        0x2 
 .text._printf_i
                0x0000000010007db8      0x24c c:/st/stm32cubeide_1.7.0/stm32cubeide/plugins/com.st.stm32cube.ide.mcu.externaltools.gnu-tools-for-stm32.9-2020-q2-update.win32_2.0.0.202105311346/tools/bin/../lib/gcc/arm-none-eabi/9.3.1/../../../../arm-none-eabi/lib/thumb/v7e-m+fp/hard\libc_nano.a(lib_a-nano-vfprintf_i.o)
                0x0000000010007db8                _printf_i
 .text._sbrk_r  0x0000000010008004       0x20 c:/st/stm32cubeide_1.7.0/stm32cubeide/plugins/com.st.stm32cube.ide.mcu.externaltools.gnu-tools-for-stm32.9-2020-q2-update.win32_2.0.0.202105311346/tools/bin/../lib/gcc/arm-none-eabi/9.3.1/../../../../arm-none-eabi/lib/thumb/v7e-m+fp/hard\libc_nano.a(lib_a-sbrkr.o)
                0x0000000010008004                _sbrk_r
 .text.__sread  0x0000000010008024       0x22 c:/st/stm32cubeide_1.7.0/stm32cubeide/plugins/com.st.stm32cube.ide.mcu.externaltools.gnu-tools-for-stm32.9-2020-q2-update.win32_2.0.0.202105311346/tools/bin/../lib/gcc/arm-none-eabi/9.3.1/../../../../arm-none-eabi/lib/thumb/v7e-m+fp/hard\libc_nano.a(lib_a-stdio.o)
                0x0000000010008024                __sread
 .text.__swrite
                0x0000000010008046       0x38 c:/st/stm32cubeide_1.7.0/stm32cubeide/plugins/com.st.stm32cube.ide.mcu.externaltools.gnu-tools-for-stm32.9-2020-q2-update.win32_2.0.0.202105311346/tools/bin/../lib/gcc/arm-none-eabi/9.3.1/../../../../arm-none-eabi/lib/thumb/v7e-m+fp/hard\libc_nano.a(lib_a-stdio.o)
                0x0000000010008046                __swrite
 .text.__sseek  0x000000001000807e       0x24 c:/st/stm32cubeide_1.7.0/stm32cubeide/plugins/com.st.stm32cube.ide.mcu.externaltools.gnu-tools-for-stm32.9-2020-q2-update.win32_2.0.0.202105311346/tools/bin/../lib/gcc/arm-none-eabi/9.3.1/../../../../arm-none-eabi/lib/thumb/v7e-m+fp/hard\libc_nano.a(lib_a-stdio.o)
                0x000000001000807e                __sseek
 .text.__sclose
                0x00000000100080a2        0x8 c:/st/stm32cubeide_1.7.0/stm32cubeide/plugins/com.st.stm32cube.ide.mcu.externaltools.gnu-tools-for-stm32.9-2020-q2-update.win32_2.0.0.202105311346/tools/bin/../lib/gcc/arm-none-eabi/9.3.1/../../../../arm-none-eabi/lib/thumb/v7e-m+fp/hard\libc_nano.a(lib_a-stdio.o)
                0x00000000100080a2                __sclose
 *fill*         0x00000000100080aa        0x2 
 .text._write_r
                0x00000000100080ac       0x24 c:/st/stm32cubeide_1.7.0/stm32cubeide/plugins/com.st.stm32cube.ide.mcu.externaltools.gnu-tools-for-stm32.9-2020-q2-update.win32_2.0.0.202105311346/tools/bin/../lib/gcc/arm-none-eabi/9.3.1/../../../../arm-none-eabi/lib/thumb/v7e-m+fp/hard\libc_nano.a(lib_a-writer.o)
                0x00000000100080ac                _write_r
 .text._close_r
                0x00000000100080d0       0x20 c:/st/stm32cubeide_1.7.0/stm32cubeide/plugins/com.st.stm32cube.ide.mcu.externaltools.gnu-tools-for-stm32.9-2020-q2-update.win32_2.0.0.202105311346/tools/bin/../lib/gcc/arm-none-eabi/9.3.1/../../../../arm-none-eabi/lib/thumb/v7e-m+fp/hard\libc_nano.a(lib_a-closer.o)
                0x00000000100080d0                _close_r
 .text._fstat_r
                0x00000000100080f0       0x24 c:/st/stm32cubeide_1.7.0/stm32cubeide/plugins/com.st.stm32cube.ide.mcu.externaltools.gnu-tools-for-stm32.9-2020-q2-update.win32_2.0.0.202105311346/tools/bin/../lib/gcc/arm-none-eabi/9.3.1/../../../../arm-none-eabi/lib/thumb/v7e-m+fp/hard\libc_nano.a(lib_a-fstatr.o)
                0x00000000100080f0                _fstat_r
 .text._isatty_r
                0x0000000010008114       0x20 c:/st/stm32cubeide_1.7.0/stm32cubeide/plugins/com.st.stm32cube.ide.mcu.externaltools.gnu-tools-for-stm32.9-2020-q2-update.win32_2.0.0.202105311346/tools/bin/../lib/gcc/arm-none-eabi/9.3.1/../../../../arm-none-eabi/lib/thumb/v7e-m+fp/hard\libc_nano.a(lib_a-isattyr.o)
                0x0000000010008114                _isatty_r
 .text._lseek_r
                0x0000000010008134       0x24 c:/st/stm32cubeide_1.7.0/stm32cubeide/plugins/com.st.stm32cube.ide.mcu.externaltools.gnu-tools-for-stm32.9-2020-q2-update.win32_2.0.0.202105311346/tools/bin/../lib/gcc/arm-none-eabi/9.3.1/../../../../arm-none-eabi/lib/thumb/v7e-m+fp/hard\libc_nano.a(lib_a-lseekr.o)
                0x0000000010008134                _lseek_r
 .text.__malloc_lock
                0x0000000010008158        0xc c:/st/stm32cubeide_1.7.0/stm32cubeide/plugins/com.st.stm32cube.ide.mcu.externaltools.gnu-tools-for-stm32.9-2020-q2-update.win32_2.0.0.202105311346/tools/bin/../lib/gcc/arm-none-eabi/9.3.1/../../../../arm-none-eabi/lib/thumb/v7e-m+fp/hard\libc_nano.a(lib_a-mlock.o)
                0x0000000010008158                __malloc_lock
 .text.__malloc_unlock
                0x0000000010008164        0xc c:/st/stm32cubeide_1.7.0/stm32cubeide/plugins/com.st.stm32cube.ide.mcu.externaltools.gnu-tools-for-stm32.9-2020-q2-update.win32_2.0.0.202105311346/tools/bin/../lib/gcc/arm-none-eabi/9.3.1/../../../../arm-none-eabi/lib/thumb/v7e-m+fp/hard\libc_nano.a(lib_a-mlock.o)
                0x0000000010008164                __malloc_unlock
 .text._read_r  0x0000000010008170       0x24 c:/st/stm32cubeide_1.7.0/stm32cubeide/plugins/com.st.stm32cube.ide.mcu.externaltools.gnu-tools-for-stm32.9-2020-q2-update.win32_2.0.0.202105311346/tools/bin/../lib/gcc/arm-none-eabi/9.3.1/../../../../arm-none-eabi/lib/thumb/v7e-m+fp/hard\libc_nano.a(lib_a-readr.o)
                0x0000000010008170                _read_r
 *(.glue_7)
 .glue_7        0x0000000010008194        0x0 linker stubs
 *(.glue_7t)
 .glue_7t       0x0000000010008194        0x0 linker stubs
 *(.eh_frame)
 .eh_frame      0x0000000010008194        0x0 c:/st/stm32cubeide_1.7.0/stm32cubeide/plugins/com.st.stm32cube.ide.mcu.externaltools.gnu-tools-for-stm32.9-2020-q2-update.win32_2.0.0.202105311346/tools/bin/../lib/gcc/arm-none-eabi/9.3.1/thumb/v7e-m+fp/hard/crtbegin.o
 *(.init)
 .init          0x0000000010008194        0x4 c:/st/stm32cubeide_1.7.0/stm32cubeide/plugins/com.st.stm32cube.ide.mcu.externaltools.gnu-tools-for-stm32.9-2020-q2-update.win32_2.0.0.202105311346/tools/bin/../lib/gcc/arm-none-eabi/9.3.1/thumb/v7e-m+fp/hard/crti.o
                0x0000000010008194                _init
 .init          0x0000000010008198        0x8 c:/st/stm32cubeide_1.7.0/stm32cubeide/plugins/com.st.stm32cube.ide.mcu.externaltools.gnu-tools-for-stm32.9-2020-q2-update.win32_2.0.0.202105311346/tools/bin/../lib/gcc/arm-none-eabi/9.3.1/thumb/v7e-m+fp/hard/crtn.o
 *(.fini)
 .fini          0x00000000100081a0        0x4 c:/st/stm32cubeide_1.7.0/stm32cubeide/plugins/com.st.stm32cube.ide.mcu.externaltools.gnu-tools-for-stm32.9-2020-q2-update.win32_2.0.0.202105311346/tools/bin/../lib/gcc/arm-none-eabi/9.3.1/thumb/v7e-m+fp/hard/crti.o
                0x00000000100081a0                _fini
 .fini          0x00000000100081a4        0x8 c:/st/stm32cubeide_1.7.0/stm32cubeide/plugins/com.st.stm32cube.ide.mcu.externaltools.gnu-tools-for-stm32.9-2020-q2-update.win32_2.0.0.202105311346/tools/bin/../lib/gcc/arm-none-eabi/9.3.1/thumb/v7e-m+fp/hard/crtn.o
                0x00000000100081ac                . = ALIGN (0x4)
                0x00000000100081ac                _etext = .

.vfp11_veneer   0x00000000100081ac        0x0
 .vfp11_veneer  0x00000000100081ac        0x0 linker stubs

.v4_bx          0x00000000100081ac        0x0
 .v4_bx         0x00000000100081ac        0x0 linker stubs

.iplt           0x00000000100081ac        0x0
 .iplt          0x00000000100081ac        0x0 c:/st/stm32cubeide_1.7.0/stm32cubeide/plugins/com.st.stm32cube.ide.mcu.externaltools.gnu-tools-for-stm32.9-2020-q2-update.win32_2.0.0.202105311346/tools/bin/../lib/gcc/arm-none-eabi/9.3.1/thumb/v7e-m+fp/hard/crtbegin.o

.startup_copro_fw.Reset_Handler
                0x00000000100081ac       0x50
 .startup_copro_fw.Reset_Handler
                0x00000000100081ac       0x50 ./Core/Startup/startup_stm32mp157daax.o
                0x00000000100081ac                Reset_Handler

.rodata         0x00000000100081fc      0x34c
                0x00000000100081fc                . = ALIGN (0x4)
 *(.rodata)
 .rodata        0x00000000100081fc      0x239 ./Core/Src/main.o
 *fill*         0x0000000010008435        0x3 
 .rodata        0x0000000010008438       0x10 ./Drivers/STM32MP1xx_HAL_Driver/stm32mp1xx_hal_uart_ex.o
 *(.rodata*)
 .rodata.digital_regs
                0x0000000010008448       0x68 ./Core/Src/main.o
                0x0000000010008448                digital_regs
 .rodata._global_impure_ptr
                0x00000000100084b0        0x4 c:/st/stm32cubeide_1.7.0/stm32cubeide/plugins/com.st.stm32cube.ide.mcu.externaltools.gnu-tools-for-stm32.9-2020-q2-update.win32_2.0.0.202105311346/tools/bin/../lib/gcc/arm-none-eabi/9.3.1/../../../../arm-none-eabi/lib/thumb/v7e-m+fp/hard\libc_nano.a(lib_a-impure.o)
                0x00000000100084b0                _global_impure_ptr
 .rodata.__sf_fake_stderr
                0x00000000100084b4       0x20 c:/st/stm32cubeide_1.7.0/stm32cubeide/plugins/com.st.stm32cube.ide.mcu.externaltools.gnu-tools-for-stm32.9-2020-q2-update.win32_2.0.0.202105311346/tools/bin/../lib/gcc/arm-none-eabi/9.3.1/../../../../arm-none-eabi/lib/thumb/v7e-m+fp/hard\libc_nano.a(lib_a-findfp.o)
                0x00000000100084b4                __sf_fake_stderr
 .rodata.__sf_fake_stdin
                0x00000000100084d4       0x20 c:/st/stm32cubeide_1.7.0/stm32cubeide/plugins/com.st.stm32cube.ide.mcu.externaltools.gnu-tools-for-stm32.9-2020-q2-update.win32_2.0.0.202105311346/tools/bin/../lib/gcc/arm-none-eabi/9.3.1/../../../../arm-none-eabi/lib/thumb/v7e-m+fp/hard\libc_nano.a(lib_a-findfp.o)
                0x00000000100084d4                __sf_fake_stdin
 .rodata.__sf_fake_stdout
                0x00000000100084f4       0x20 c:/st/stm32cubeide_1.7.0/stm32cubeide/plugins/com.st.stm32cube.ide.mcu.externaltools.gnu-tools-for-stm32.9-2020-q2-update.win32_2.0.0.202105311346/tools/bin/../lib/gcc/arm-none-eabi/9.3.1/../../../../arm-none-eabi/lib/thumb/v7e-m+fp/hard\libc_nano.a(lib_a-findfp.o)
                0x00000000100084f4                __sf_fake_stdout
 .rodata._vfprintf_r.str1.1
                0x0000000010008514       0x11 c:/st/stm32cubeide_1.7.0/stm32cubeide/plugins/com.st.stm32cube.ide.mcu.externaltools.gnu-tools-for-stm32.9-2020-q2-update.win32_2.0.0.202105311346/tools/bin/../lib/gcc/arm-none-eabi/9.3.1/../../../../arm-none-eabi/lib/thumb/v7e-m+fp/hard\libc_nano.a(lib_a-nano-vfprintf.o)
 .rodata._printf_i.str1.1
                0x0000000010008525       0x22 c:/st/stm32cubeide_1.7.0/stm32cubeide/plugins/com.st.stm32cube.ide.mcu.externaltools.gnu-tools-for-stm32.9-2020-q2-update.win32_2.0.0.202105311346/tools/bin/../lib/gcc/arm-none-eabi/9.3.1/../../../../arm-none-eabi/lib/thumb/v7e-m+fp/hard\libc_nano.a(lib_a-nano-vfprintf_i.o)
                0x0000000010008548                . = ALIGN (0x4)
 *fill*         0x0000000010008547        0x1 

.rel.dyn        0x0000000010008548        0x0
 .rel.iplt      0x0000000010008548        0x0 c:/st/stm32cubeide_1.7.0/stm32cubeide/plugins/com.st.stm32cube.ide.mcu.externaltools.gnu-tools-for-stm32.9-2020-q2-update.win32_2.0.0.202105311346/tools/bin/../lib/gcc/arm-none-eabi/9.3.1/thumb/v7e-m+fp/hard/crtbegin.o

.ARM.extab      0x0000000010008548        0x0
                0x0000000010008548                . = ALIGN (0x4)
 *(.ARM.extab* .gnu.linkonce.armextab.*)
                0x0000000010008548                . = ALIGN (0x4)

.ARM            0x0000000010008548        0x0
                0x0000000010008548                . = ALIGN (0x4)
                0x0000000010008548                __exidx_start = .
 *(.ARM.exidx*)
                0x0000000010008548                __exidx_end = .
                0x0000000010008548                . = ALIGN (0x4)

.preinit_array  0x0000000010008548        0x0
                0x0000000010008548                . = ALIGN (0x4)
                0x0000000010008548                PROVIDE (__preinit_array_start = .)
 *(.preinit_array*)
                0x0000000010008548                PROVIDE (__preinit_array_end = .)
                0x0000000010008548                . = ALIGN (0x4)

.init_array     0x0000000010008548        0x4
                0x0000000010008548                . = ALIGN (0x4)
                0x0000000010008548                PROVIDE (__init_array_start = .)
 *(SORT_BY_NAME(.init_array.*))
 *(.init_array*)
 .init_array    0x0000000010008548        0x4 c:/st/stm32cubeide_1.7.0/stm32cubeide/plugins/com.st.stm32cube.ide.mcu.externaltools.gnu-tools-for-stm32.9-2020-q2-update.win32_2.0.0.202105311346/tools/bin/../lib/gcc/arm-none-eabi/9.3.1/thumb/v7e-m+fp/hard/crtbegin.o
                0x000000001000854c                PROVIDE (__init_array_end = .)
                0x000000001000854c                . = ALIGN (0x4)

.fini_array     0x000000001000854c        0x4
                0x000000001000854c                . = ALIGN (0x4)
                [!provide]                        PROVIDE (__fini_array_start = .)
 *(SORT_BY_NAME(.fini_array.*))
 *(.fini_array*)
 .fini_array    0x000000001000854c        0x4 c:/st/stm32cubeide_1.7.0/stm32cubeide/plugins/com.st.stm32cube.ide.mcu.externaltools.gnu-tools-for-stm32.9-2020-q2-update.win32_2.0.0.202105311346/tools/bin/../lib/gcc/arm-none-eabi/9.3.1/thumb/v7e-m+fp/hard/crtbegin.o
                [!provide]                        PROVIDE (__fini_array_end = .)
                0x0000000010008550                . = ALIGN (0x4)
                0x0000000010008550                __DATA_ROM = .
                0x0000000010008550                _sidata = LOADADDR (.data)

.data           0x0000000010020000       0x70 load address 0x0000000010008550
                0x0000000010020000                . = ALIGN (0x4)
                0x0000000010020000                _sdata = .
 *(.data)
 *(.data*)
 .data.SystemCoreClock
                0x0000000010020000        0x4 ./Common/System/system_stm32mp1xx.o
                0x0000000010020000                SystemCoreClock
 .data.uwTickPrio
                0x0000000010020004        0x4 ./Drivers/STM32MP1xx_HAL_Driver/stm32mp1xx_hal.o
                0x0000000010020004                uwTickPrio
 .data.uwTickFreq
                0x0000000010020008        0x1 ./Drivers/STM32MP1xx_HAL_Driver/stm32mp1xx_hal.o
                0x0000000010020008                uwTickFreq
 *fill*         0x0000000010020009        0x3 
 .data._impure_ptr
                0x000000001002000c        0x4 c:/st/stm32cubeide_1.7.0/stm32cubeide/plugins/com.st.stm32cube.ide.mcu.externaltools.gnu-tools-for-stm32.9-2020-q2-update.win32_2.0.0.202105311346/tools/bin/../lib/gcc/arm-none-eabi/9.3.1/../../../../arm-none-eabi/lib/thumb/v7e-m+fp/hard\libc_nano.a(lib_a-impure.o)
                0x000000001002000c                _impure_ptr
 .data.impure_data
                0x0000000010020010       0x60 c:/st/stm32cubeide_1.7.0/stm32cubeide/plugins/com.st.stm32cube.ide.mcu.externaltools.gnu-tools-for-stm32.9-2020-q2-update.win32_2.0.0.202105311346/tools/bin/../lib/gcc/arm-none-eabi/9.3.1/../../../../arm-none-eabi/lib/thumb/v7e-m+fp/hard\libc_nano.a(lib_a-impure.o)
                0x0000000010020070                . = ALIGN (0x4)
                0x0000000010020070                _edata = .
                0x00000000100085c0                __DATA_END = (__DATA_ROM + (_edata - _sdata))
                0x0000000010020000                text_end = (ORIGIN (m_text) + LENGTH (m_text))
                0x0000000000000001                ASSERT ((__DATA_END <= text_end), region m_text overflowed with text and data)

.igot.plt       0x0000000010020070        0x0 load address 0x00000000100085c0
 .igot.plt      0x0000000010020070        0x0 c:/st/stm32cubeide_1.7.0/stm32cubeide/plugins/com.st.stm32cube.ide.mcu.externaltools.gnu-tools-for-stm32.9-2020-q2-update.win32_2.0.0.202105311346/tools/bin/../lib/gcc/arm-none-eabi/9.3.1/thumb/v7e-m+fp/hard/crtbegin.o

.resource_table
                0x0000000010020070        0x0
                0x0000000010020070                . = ALIGN (0x4)
 *(.resource_table*)
                0x0000000010020070                . = ALIGN (0x4)
                0x0000000010020070                . = ALIGN (0x4)

.bss            0x0000000010020070       0xd4 load address 0x00000000100085c0
                0x0000000010020070                _sbss = .
                0x0000000010020070                __bss_start__ = _sbss
 *(.bss)
 .bss           0x0000000010020070       0x1c c:/st/stm32cubeide_1.7.0/stm32cubeide/plugins/com.st.stm32cube.ide.mcu.externaltools.gnu-tools-for-stm32.9-2020-q2-update.win32_2.0.0.202105311346/tools/bin/../lib/gcc/arm-none-eabi/9.3.1/thumb/v7e-m+fp/hard/crtbegin.o
 *(.bss*)
 .bss.__sbrk_heap_end
                0x000000001002008c        0x4 ./Core/Src/sysmem.o
 .bss.__malloc_free_list
                0x0000000010020090        0x4 c:/st/stm32cubeide_1.7.0/stm32cubeide/plugins/com.st.stm32cube.ide.mcu.externaltools.gnu-tools-for-stm32.9-2020-q2-update.win32_2.0.0.202105311346/tools/bin/../lib/gcc/arm-none-eabi/9.3.1/../../../../arm-none-eabi/lib/thumb/v7e-m+fp/hard\libc_nano.a(lib_a-nano-mallocr.o)
                0x0000000010020090                __malloc_free_list
 .bss.__malloc_sbrk_start
                0x0000000010020094        0x4 c:/st/stm32cubeide_1.7.0/stm32cubeide/plugins/com.st.stm32cube.ide.mcu.externaltools.gnu-tools-for-stm32.9-2020-q2-update.win32_2.0.0.202105311346/tools/bin/../lib/gcc/arm-none-eabi/9.3.1/../../../../arm-none-eabi/lib/thumb/v7e-m+fp/hard\libc_nano.a(lib_a-nano-mallocr.o)
                0x0000000010020094                __malloc_sbrk_start
 *(COMMON)
 COMMON         0x0000000010020098        0x1 ./Core/Src/main.o
                0x0000000010020098                RxBuffer
 *fill*         0x0000000010020099        0x3 
 COMMON         0x000000001002009c       0x94 ./Core/Src/usart.o
                0x000000001002009c                huart4
 COMMON         0x0000000010020130        0x4 ./Drivers/STM32MP1xx_HAL_Driver/stm32mp1xx_hal.o
                0x0000000010020130                uwTick
 COMMON         0x0000000010020134        0x9 c:/st/stm32cubeide_1.7.0/stm32cubeide/plugins/com.st.stm32cube.ide.mcu.externaltools.gnu-tools-for-stm32.9-2020-q2-update.win32_2.0.0.202105311346/tools/bin/../lib/gcc/arm-none-eabi/9.3.1/../../../../arm-none-eabi/lib/thumb/v7e-m+fp/hard\libc_nano.a(lib_a-lock.o)
                0x0000000010020134                __lock___atexit_recursive_mutex
                0x0000000010020135                __lock___arc4random_mutex
                0x0000000010020136                __lock___env_recursive_mutex
                0x0000000010020137                __lock___sinit_recursive_mutex
                0x0000000010020138                __lock___malloc_recursive_mutex
                0x0000000010020139                __lock___at_quick_exit_mutex
                0x000000001002013a                __lock___dd_hash_mutex
                0x000000001002013b                __lock___tz_mutex
                0x000000001002013c                __lock___sfp_recursive_mutex
 *fill*         0x000000001002013d        0x3 
 COMMON         0x0000000010020140        0x4 c:/st/stm32cubeide_1.7.0/stm32cubeide/plugins/com.st.stm32cube.ide.mcu.externaltools.gnu-tools-for-stm32.9-2020-q2-update.win32_2.0.0.202105311346/tools/bin/../lib/gcc/arm-none-eabi/9.3.1/../../../../arm-none-eabi/lib/thumb/v7e-m+fp/hard\libc_nano.a(lib_a-reent.o)
                0x0000000010020140                errno
                0x0000000010020144                . = ALIGN (0x4)
                0x0000000010020144                _ebss = .
                0x0000000010020144                __bss_end__ = _ebss

._user_heap_stack
                0x0000000010020144      0x604 load address 0x0000000010008694
                0x0000000010020148                . = ALIGN (0x8)
 *fill*         0x0000000010020144        0x4 
                [!provide]                        PROVIDE (end = .)
                0x0000000010020148                PROVIDE (_end = .)
                0x0000000010020348                . = (. + _Min_Heap_Size)
 *fill*         0x0000000010020148      0x200 
                0x0000000010020748                . = (. + _Min_Stack_Size)
 *fill*         0x0000000010020348      0x400 
                0x0000000010020748                . = ALIGN (0x8)

/DISCARD/
 libc.a(*)
 libm.a(*)
 libgcc.a(*)

.ARM.attributes
                0x0000000000000000       0x30
 *(.ARM.attributes)
 .ARM.attributes
                0x0000000000000000       0x1e c:/st/stm32cubeide_1.7.0/stm32cubeide/plugins/com.st.stm32cube.ide.mcu.externaltools.gnu-tools-for-stm32.9-2020-q2-update.win32_2.0.0.202105311346/tools/bin/../lib/gcc/arm-none-eabi/9.3.1/thumb/v7e-m+fp/hard/crti.o
 .ARM.attributes
                0x000000000000001e       0x34 c:/st/stm32cubeide_1.7.0/stm32cubeide/plugins/com.st.stm32cube.ide.mcu.externaltools.gnu-tools-for-stm32.9-2020-q2-update.win32_2.0.0.202105311346/tools/bin/../lib/gcc/arm-none-eabi/9.3.1/thumb/v7e-m+fp/hard/crtbegin.o
 .ARM.attributes
                0x0000000000000052       0x34 ./Common/System/system_stm32mp1xx.o
 .ARM.attributes
                0x0000000000000086       0x34 ./Core/Src/gpio.o
 .ARM.attributes
                0x00000000000000ba       0x34 ./Core/Src/main.o
 .ARM.attributes
                0x00000000000000ee       0x34 ./Core/Src/stm32mp1xx_hal_msp.o
 .ARM.attributes
                0x0000000000000122       0x34 ./Core/Src/stm32mp1xx_it.o
 .ARM.attributes
                0x0000000000000156       0x34 ./Core/Src/syscalls.o
 .ARM.attributes
                0x000000000000018a       0x34 ./Core/Src/sysmem.o
 .ARM.attributes
                0x00000000000001be       0x34 ./Core/Src/usart.o
 .ARM.attributes
                0x00000000000001f2       0x21 ./Core/Startup/startup_stm32mp157daax.o
 .ARM.attributes
                0x0000000000000213       0x34 ./Drivers/STM32MP1xx_HAL_Driver/stm32mp1xx_hal.o
 .ARM.attributes
                0x0000000000000247       0x34 ./Drivers/STM32MP1xx_HAL_Driver/stm32mp1xx_hal_cortex.o
 .ARM.attributes
                0x000000000000027b       0x34 ./Drivers/STM32MP1xx_HAL_Driver/stm32mp1xx_hal_dma.o
 .ARM.attributes
                0x00000000000002af       0x34 ./Drivers/STM32MP1xx_HAL_Driver/stm32mp1xx_hal_mdma.o
 .ARM.attributes
                0x00000000000002e3       0x34 ./Drivers/STM32MP1xx_HAL_Driver/stm32mp1xx_hal_rcc.o
 .ARM.attributes
                0x0000000000000317       0x34 ./Drivers/STM32MP1xx_HAL_Driver/stm32mp1xx_hal_rcc_ex.o
 .ARM.attributes
                0x000000000000034b       0x34 ./Drivers/STM32MP1xx_HAL_Driver/stm32mp1xx_hal_uart.o
 .ARM.attributes
                0x000000000000037f       0x34 ./Drivers/STM32MP1xx_HAL_Driver/stm32mp1xx_hal_uart_ex.o
 .ARM.attributes
                0x00000000000003b3       0x34 c:/st/stm32cubeide_1.7.0/stm32cubeide/plugins/com.st.stm32cube.ide.mcu.externaltools.gnu-tools-for-stm32.9-2020-q2-update.win32_2.0.0.202105311346/tools/bin/../lib/gcc/arm-none-eabi/9.3.1/../../../../arm-none-eabi/lib/thumb/v7e-m+fp/hard\libc_nano.a(lib_a-errno.o)
 .ARM.attributes
                0x00000000000003e7       0x32 c:/st/stm32cubeide_1.7.0/stm32cubeide/plugins/com.st.stm32cube.ide.mcu.externaltools.gnu-tools-for-stm32.9-2020-q2-update.win32_2.0.0.202105311346/tools/bin/../lib/gcc/arm-none-eabi/9.3.1/../../../../arm-none-eabi/lib/thumb/v7e-m+fp/hard\libc_nano.a(lib_a-impure.o)
 .ARM.attributes
                0x0000000000000419       0x34 c:/st/stm32cubeide_1.7.0/stm32cubeide/plugins/com.st.stm32cube.ide.mcu.externaltools.gnu-tools-for-stm32.9-2020-q2-update.win32_2.0.0.202105311346/tools/bin/../lib/gcc/arm-none-eabi/9.3.1/../../../../arm-none-eabi/lib/thumb/v7e-m+fp/hard\libc_nano.a(lib_a-init.o)
 .ARM.attributes
                0x000000000000044d       0x34 c:/st/stm32cubeide_1.7.0/stm32cubeide/plugins/com.st.stm32cube.ide.mcu.externaltools.gnu-tools-for-stm32.9-2020-q2-update.win32_2.0.0.202105311346/tools/bin/../lib/gcc/arm-none-eabi/9.3.1/../../../../arm-none-eabi/lib/thumb/v7e-m+fp/hard\libc_nano.a(lib_a-memset.o)
 .ARM.attributes
                0x0000000000000481       0x34 c:/st/stm32cubeide_1.7.0/stm32cubeide/plugins/com.st.stm32cube.ide.mcu.externaltools.gnu-tools-for-stm32.9-2020-q2-update.win32_2.0.0.202105311346/tools/bin/../lib/gcc/arm-none-eabi/9.3.1/../../../../arm-none-eabi/lib/thumb/v7e-m+fp/hard\libc_nano.a(lib_a-printf.o)
 .ARM.attributes
                0x00000000000004b5       0x34 c:/st/stm32cubeide_1.7.0/stm32cubeide/plugins/com.st.stm32cube.ide.mcu.externaltools.gnu-tools-for-stm32.9-2020-q2-update.win32_2.0.0.202105311346/tools/bin/../lib/gcc/arm-none-eabi/9.3.1/../../../../arm-none-eabi/lib/thumb/v7e-m+fp/hard\libc_nano.a(lib_a-puts.o)
 .ARM.attributes
                0x00000000000004e9       0x34 c:/st/stm32cubeide_1.7.0/stm32cubeide/plugins/com.st.stm32cube.ide.mcu.externaltools.gnu-tools-for-stm32.9-2020-q2-update.win32_2.0.0.202105311346/tools/bin/../lib/gcc/arm-none-eabi/9.3.1/../../../../arm-none-eabi/lib/thumb/v7e-m+fp/hard\libc_nano.a(lib_a-wbuf.o)
 .ARM.attributes
                0x000000000000051d       0x34 c:/st/stm32cubeide_1.7.0/stm32cubeide/plugins/com.st.stm32cube.ide.mcu.externaltools.gnu-tools-for-stm32.9-2020-q2-update.win32_2.0.0.202105311346/tools/bin/../lib/gcc/arm-none-eabi/9.3.1/../../../../arm-none-eabi/lib/thumb/v7e-m+fp/hard\libc_nano.a(lib_a-wsetup.o)
 .ARM.attributes
                0x0000000000000551       0x34 c:/st/stm32cubeide_1.7.0/stm32cubeide/plugins/com.st.stm32cube.ide.mcu.externaltools.gnu-tools-for-stm32.9-2020-q2-update.win32_2.0.0.202105311346/tools/bin/../lib/gcc/arm-none-eabi/9.3.1/../../../../arm-none-eabi/lib/thumb/v7e-m+fp/hard\libc_nano.a(lib_a-fflush.o)
 .ARM.attributes
                0x0000000000000585       0x34 c:/st/stm32cubeide_1.7.0/stm32cubeide/plugins/com.st.stm32cube.ide.mcu.externaltools.gnu-tools-for-stm32.9-2020-q2-update.win32_2.0.0.202105311346/tools/bin/../lib/gcc/arm-none-eabi/9.3.1/../../../../arm-none-eabi/lib/thumb/v7e-m+fp/hard\libc_nano.a(lib_a-findfp.o)
 .ARM.attributes
                0x00000000000005b9       0x34 c:/st/stm32cubeide_1.7.0/stm32cubeide/plugins/com.st.stm32cube.ide.mcu.externaltools.gnu-tools-for-stm32.9-2020-q2-update.win32_2.0.0.202105311346/tools/bin/../lib/gcc/arm-none-eabi/9.3.1/../../../../arm-none-eabi/lib/thumb/v7e-m+fp/hard\libc_nano.a(lib_a-fwalk.o)
 .ARM.attributes
                0x00000000000005ed       0x34 c:/st/stm32cubeide_1.7.0/stm32cubeide/plugins/com.st.stm32cube.ide.mcu.externaltools.gnu-tools-for-stm32.9-2020-q2-update.win32_2.0.0.202105311346/tools/bin/../lib/gcc/arm-none-eabi/9.3.1/../../../../arm-none-eabi/lib/thumb/v7e-m+fp/hard\libc_nano.a(lib_a-lock.o)
 .ARM.attributes
                0x0000000000000621       0x34 c:/st/stm32cubeide_1.7.0/stm32cubeide/plugins/com.st.stm32cube.ide.mcu.externaltools.gnu-tools-for-stm32.9-2020-q2-update.win32_2.0.0.202105311346/tools/bin/../lib/gcc/arm-none-eabi/9.3.1/../../../../arm-none-eabi/lib/thumb/v7e-m+fp/hard\libc_nano.a(lib_a-makebuf.o)
 .ARM.attributes
                0x0000000000000655       0x34 c:/st/stm32cubeide_1.7.0/stm32cubeide/plugins/com.st.stm32cube.ide.mcu.externaltools.gnu-tools-for-stm32.9-2020-q2-update.win32_2.0.0.202105311346/tools/bin/../lib/gcc/arm-none-eabi/9.3.1/../../../../arm-none-eabi/lib/thumb/v7e-m+fp/hard\libc_nano.a(lib_a-nano-freer.o)
 .ARM.attributes
                0x0000000000000689       0x34 c:/st/stm32cubeide_1.7.0/stm32cubeide/plugins/com.st.stm32cube.ide.mcu.externaltools.gnu-tools-for-stm32.9-2020-q2-update.win32_2.0.0.202105311346/tools/bin/../lib/gcc/arm-none-eabi/9.3.1/../../../../arm-none-eabi/lib/thumb/v7e-m+fp/hard\libc_nano.a(lib_a-nano-mallocr.o)
 .ARM.attributes
                0x00000000000006bd       0x34 c:/st/stm32cubeide_1.7.0/stm32cubeide/plugins/com.st.stm32cube.ide.mcu.externaltools.gnu-tools-for-stm32.9-2020-q2-update.win32_2.0.0.202105311346/tools/bin/../lib/gcc/arm-none-eabi/9.3.1/../../../../arm-none-eabi/lib/thumb/v7e-m+fp/hard\libc_nano.a(lib_a-nano-vfprintf.o)
 .ARM.attributes
                0x00000000000006f1       0x34 c:/st/stm32cubeide_1.7.0/stm32cubeide/plugins/com.st.stm32cube.ide.mcu.externaltools.gnu-tools-for-stm32.9-2020-q2-update.win32_2.0.0.202105311346/tools/bin/../lib/gcc/arm-none-eabi/9.3.1/../../../../arm-none-eabi/lib/thumb/v7e-m+fp/hard\libc_nano.a(lib_a-nano-vfprintf_i.o)
 .ARM.attributes
                0x0000000000000725       0x34 c:/st/stm32cubeide_1.7.0/stm32cubeide/plugins/com.st.stm32cube.ide.mcu.externaltools.gnu-tools-for-stm32.9-2020-q2-update.win32_2.0.0.202105311346/tools/bin/../lib/gcc/arm-none-eabi/9.3.1/../../../../arm-none-eabi/lib/thumb/v7e-m+fp/hard\libc_nano.a(lib_a-sbrkr.o)
 .ARM.attributes
                0x0000000000000759       0x34 c:/st/stm32cubeide_1.7.0/stm32cubeide/plugins/com.st.stm32cube.ide.mcu.externaltools.gnu-tools-for-stm32.9-2020-q2-update.win32_2.0.0.202105311346/tools/bin/../lib/gcc/arm-none-eabi/9.3.1/../../../../arm-none-eabi/lib/thumb/v7e-m+fp/hard\libc_nano.a(lib_a-stdio.o)
 .ARM.attributes
                0x000000000000078d       0x34 c:/st/stm32cubeide_1.7.0/stm32cubeide/plugins/com.st.stm32cube.ide.mcu.externaltools.gnu-tools-for-stm32.9-2020-q2-update.win32_2.0.0.202105311346/tools/bin/../lib/gcc/arm-none-eabi/9.3.1/../../../../arm-none-eabi/lib/thumb/v7e-m+fp/hard\libc_nano.a(lib_a-writer.o)
 .ARM.attributes
                0x00000000000007c1       0x34 c:/st/stm32cubeide_1.7.0/stm32cubeide/plugins/com.st.stm32cube.ide.mcu.externaltools.gnu-tools-for-stm32.9-2020-q2-update.win32_2.0.0.202105311346/tools/bin/../lib/gcc/arm-none-eabi/9.3.1/../../../../arm-none-eabi/lib/thumb/v7e-m+fp/hard\libc_nano.a(lib_a-closer.o)
 .ARM.attributes
                0x00000000000007f5       0x34 c:/st/stm32cubeide_1.7.0/stm32cubeide/plugins/com.st.stm32cube.ide.mcu.externaltools.gnu-tools-for-stm32.9-2020-q2-update.win32_2.0.0.202105311346/tools/bin/../lib/gcc/arm-none-eabi/9.3.1/../../../../arm-none-eabi/lib/thumb/v7e-m+fp/hard\libc_nano.a(lib_a-fstatr.o)
 .ARM.attributes
                0x0000000000000829       0x34 c:/st/stm32cubeide_1.7.0/stm32cubeide/plugins/com.st.stm32cube.ide.mcu.externaltools.gnu-tools-for-stm32.9-2020-q2-update.win32_2.0.0.202105311346/tools/bin/../lib/gcc/arm-none-eabi/9.3.1/../../../../arm-none-eabi/lib/thumb/v7e-m+fp/hard\libc_nano.a(lib_a-isattyr.o)
 .ARM.attributes
                0x000000000000085d       0x34 c:/st/stm32cubeide_1.7.0/stm32cubeide/plugins/com.st.stm32cube.ide.mcu.externaltools.gnu-tools-for-stm32.9-2020-q2-update.win32_2.0.0.202105311346/tools/bin/../lib/gcc/arm-none-eabi/9.3.1/../../../../arm-none-eabi/lib/thumb/v7e-m+fp/hard\libc_nano.a(lib_a-lseekr.o)
 .ARM.attributes
                0x0000000000000891       0x1c c:/st/stm32cubeide_1.7.0/stm32cubeide/plugins/com.st.stm32cube.ide.mcu.externaltools.gnu-tools-for-stm32.9-2020-q2-update.win32_2.0.0.202105311346/tools/bin/../lib/gcc/arm-none-eabi/9.3.1/../../../../arm-none-eabi/lib/thumb/v7e-m+fp/hard\libc_nano.a(lib_a-memchr.o)
 .ARM.attributes
                0x00000000000008ad       0x34 c:/st/stm32cubeide_1.7.0/stm32cubeide/plugins/com.st.stm32cube.ide.mcu.externaltools.gnu-tools-for-stm32.9-2020-q2-update.win32_2.0.0.202105311346/tools/bin/../lib/gcc/arm-none-eabi/9.3.1/../../../../arm-none-eabi/lib/thumb/v7e-m+fp/hard\libc_nano.a(lib_a-mlock.o)
 .ARM.attributes
                0x00000000000008e1       0x34 c:/st/stm32cubeide_1.7.0/stm32cubeide/plugins/com.st.stm32cube.ide.mcu.externaltools.gnu-tools-for-stm32.9-2020-q2-update.win32_2.0.0.202105311346/tools/bin/../lib/gcc/arm-none-eabi/9.3.1/../../../../arm-none-eabi/lib/thumb/v7e-m+fp/hard\libc_nano.a(lib_a-readr.o)
 .ARM.attributes
                0x0000000000000915       0x34 c:/st/stm32cubeide_1.7.0/stm32cubeide/plugins/com.st.stm32cube.ide.mcu.externaltools.gnu-tools-for-stm32.9-2020-q2-update.win32_2.0.0.202105311346/tools/bin/../lib/gcc/arm-none-eabi/9.3.1/../../../../arm-none-eabi/lib/thumb/v7e-m+fp/hard\libc_nano.a(lib_a-reent.o)
 .ARM.attributes
                0x0000000000000949       0x1e c:/st/stm32cubeide_1.7.0/stm32cubeide/plugins/com.st.stm32cube.ide.mcu.externaltools.gnu-tools-for-stm32.9-2020-q2-update.win32_2.0.0.202105311346/tools/bin/../lib/gcc/arm-none-eabi/9.3.1/thumb/v7e-m+fp/hard/crtn.o
OUTPUT(UART_CM4.elf elf32-littlearm)
LOAD linker stubs
LOAD c:/st/stm32cubeide_1.7.0/stm32cubeide/plugins/com.st.stm32cube.ide.mcu.externaltools.gnu-tools-for-stm32.9-2020-q2-update.win32_2.0.0.202105311346/tools/bin/../lib/gcc/arm-none-eabi/9.3.1/../../../../arm-none-eabi/lib/thumb/v7e-m+fp/hard\libc.a
LOAD c:/st/stm32cubeide_1.7.0/stm32cubeide/plugins/com.st.stm32cube.ide.mcu.externaltools.gnu-tools-for-stm32.9-2020-q2-update.win32_2.0.0.202105311346/tools/bin/../lib/gcc/arm-none-eabi/9.3.1/../../../../arm-none-eabi/lib/thumb/v7e-m+fp/hard\libm.a
LOAD c:/st/stm32cubeide_1.7.0/stm32cubeide/plugins/com.st.stm32cube.ide.mcu.externaltools.gnu-tools-for-stm32.9-2020-q2-update.win32_2.0.0.202105311346/tools/bin/../lib/gcc/arm-none-eabi/9.3.1/thumb/v7e-m+fp/hard\libgcc.a

.debug_info     0x0000000000000000    0x1f437
 .debug_info    0x0000000000000000     0x1c3a ./Common/System/system_stm32mp1xx.o
 .debug_info    0x0000000000001c3a     0x1b47 ./Core/Src/gpio.o
 .debug_info    0x0000000000003781     0x368e ./Core/Src/main.o
 .debug_info    0x0000000000006e0f     0x1b47 ./Core/Src/stm32mp1xx_hal_msp.o
 .debug_info    0x0000000000008956     0x1842 ./Core/Src/stm32mp1xx_it.o
 .debug_info    0x000000000000a198      0xfb4 ./Core/Src/syscalls.o
 .debug_info    0x000000000000b14c      0xa25 ./Core/Src/sysmem.o
 .debug_info    0x000000000000bb71     0x30ae ./Core/Src/usart.o
 .debug_info    0x000000000000ec1f       0x22 ./Core/Startup/startup_stm32mp157daax.o
 .debug_info    0x000000000000ec41     0x29cf ./Drivers/STM32MP1xx_HAL_Driver/stm32mp1xx_hal.o
 .debug_info    0x0000000000011610     0x1854 ./Drivers/STM32MP1xx_HAL_Driver/stm32mp1xx_hal_cortex.o
 .debug_info    0x0000000000012e64     0x148e ./Drivers/STM32MP1xx_HAL_Driver/stm32mp1xx_hal_dma.o
 .debug_info    0x00000000000142f2     0x1729 ./Drivers/STM32MP1xx_HAL_Driver/stm32mp1xx_hal_mdma.o
 .debug_info    0x0000000000015a1b     0x26fe ./Drivers/STM32MP1xx_HAL_Driver/stm32mp1xx_hal_rcc.o
 .debug_info    0x0000000000018119     0x2165 ./Drivers/STM32MP1xx_HAL_Driver/stm32mp1xx_hal_rcc_ex.o
 .debug_info    0x000000000001a27e     0x37e9 ./Drivers/STM32MP1xx_HAL_Driver/stm32mp1xx_hal_uart.o
 .debug_info    0x000000000001da67     0x19d0 ./Drivers/STM32MP1xx_HAL_Driver/stm32mp1xx_hal_uart_ex.o

.debug_abbrev   0x0000000000000000     0x2b84
 .debug_abbrev  0x0000000000000000      0x222 ./Common/System/system_stm32mp1xx.o
 .debug_abbrev  0x0000000000000222      0x1dc ./Core/Src/gpio.o
 .debug_abbrev  0x00000000000003fe      0x3f3 ./Core/Src/main.o
 .debug_abbrev  0x00000000000007f1      0x1dc ./Core/Src/stm32mp1xx_hal_msp.o
 .debug_abbrev  0x00000000000009cd      0x205 ./Core/Src/stm32mp1xx_it.o
 .debug_abbrev  0x0000000000000bd2      0x297 ./Core/Src/syscalls.o
 .debug_abbrev  0x0000000000000e69      0x1bf ./Core/Src/sysmem.o
 .debug_abbrev  0x0000000000001028      0x299 ./Core/Src/usart.o
 .debug_abbrev  0x00000000000012c1       0x12 ./Core/Startup/startup_stm32mp157daax.o
 .debug_abbrev  0x00000000000012d3      0x3ac ./Drivers/STM32MP1xx_HAL_Driver/stm32mp1xx_hal.o
 .debug_abbrev  0x000000000000167f      0x3f6 ./Drivers/STM32MP1xx_HAL_Driver/stm32mp1xx_hal_cortex.o
 .debug_abbrev  0x0000000000001a75      0x2c3 ./Drivers/STM32MP1xx_HAL_Driver/stm32mp1xx_hal_dma.o
 .debug_abbrev  0x0000000000001d38      0x32c ./Drivers/STM32MP1xx_HAL_Driver/stm32mp1xx_hal_mdma.o
 .debug_abbrev  0x0000000000002064      0x2f9 ./Drivers/STM32MP1xx_HAL_Driver/stm32mp1xx_hal_rcc.o
 .debug_abbrev  0x000000000000235d      0x2b4 ./Drivers/STM32MP1xx_HAL_Driver/stm32mp1xx_hal_rcc_ex.o
 .debug_abbrev  0x0000000000002611      0x2cc ./Drivers/STM32MP1xx_HAL_Driver/stm32mp1xx_hal_uart.o
 .debug_abbrev  0x00000000000028dd      0x2a7 ./Drivers/STM32MP1xx_HAL_Driver/stm32mp1xx_hal_uart_ex.o

.debug_aranges  0x0000000000000000      0xb08
 .debug_aranges
                0x0000000000000000       0x28 ./Common/System/system_stm32mp1xx.o
 .debug_aranges
                0x0000000000000028       0x20 ./Core/Src/gpio.o
 .debug_aranges
                0x0000000000000048       0x80 ./Core/Src/main.o
 .debug_aranges
                0x00000000000000c8       0x20 ./Core/Src/stm32mp1xx_hal_msp.o
 .debug_aranges
                0x00000000000000e8       0x68 ./Core/Src/stm32mp1xx_it.o
 .debug_aranges
                0x0000000000000150       0xa8 ./Core/Src/syscalls.o
 .debug_aranges
                0x00000000000001f8       0x20 ./Core/Src/sysmem.o
 .debug_aranges
                0x0000000000000218       0x38 ./Core/Src/usart.o
 .debug_aranges
                0x0000000000000250       0x28 ./Core/Startup/startup_stm32mp157daax.o
 .debug_aranges
                0x0000000000000278      0x180 ./Drivers/STM32MP1xx_HAL_Driver/stm32mp1xx_hal.o
 .debug_aranges
                0x00000000000003f8      0x100 ./Drivers/STM32MP1xx_HAL_Driver/stm32mp1xx_hal_cortex.o
 .debug_aranges
                0x00000000000004f8       0xa0 ./Drivers/STM32MP1xx_HAL_Driver/stm32mp1xx_hal_dma.o
 .debug_aranges
                0x0000000000000598       0xc0 ./Drivers/STM32MP1xx_HAL_Driver/stm32mp1xx_hal_mdma.o
 .debug_aranges
                0x0000000000000658      0x160 ./Drivers/STM32MP1xx_HAL_Driver/stm32mp1xx_hal_rcc.o
 .debug_aranges
                0x00000000000007b8       0x58 ./Drivers/STM32MP1xx_HAL_Driver/stm32mp1xx_hal_rcc_ex.o
 .debug_aranges
                0x0000000000000810      0x270 ./Drivers/STM32MP1xx_HAL_Driver/stm32mp1xx_hal_uart.o
 .debug_aranges
                0x0000000000000a80       0x88 ./Drivers/STM32MP1xx_HAL_Driver/stm32mp1xx_hal_uart_ex.o

.debug_ranges   0x0000000000000000      0xa00
 .debug_ranges  0x0000000000000000       0x18 ./Common/System/system_stm32mp1xx.o
 .debug_ranges  0x0000000000000018       0x10 ./Core/Src/gpio.o
 .debug_ranges  0x0000000000000028       0x70 ./Core/Src/main.o
 .debug_ranges  0x0000000000000098       0x10 ./Core/Src/stm32mp1xx_hal_msp.o
 .debug_ranges  0x00000000000000a8       0x58 ./Core/Src/stm32mp1xx_it.o
 .debug_ranges  0x0000000000000100       0x98 ./Core/Src/syscalls.o
 .debug_ranges  0x0000000000000198       0x10 ./Core/Src/sysmem.o
 .debug_ranges  0x00000000000001a8       0x28 ./Core/Src/usart.o
 .debug_ranges  0x00000000000001d0       0x20 ./Core/Startup/startup_stm32mp157daax.o
 .debug_ranges  0x00000000000001f0      0x170 ./Drivers/STM32MP1xx_HAL_Driver/stm32mp1xx_hal.o
 .debug_ranges  0x0000000000000360       0xf0 ./Drivers/STM32MP1xx_HAL_Driver/stm32mp1xx_hal_cortex.o
 .debug_ranges  0x0000000000000450       0x90 ./Drivers/STM32MP1xx_HAL_Driver/stm32mp1xx_hal_dma.o
 .debug_ranges  0x00000000000004e0       0xb0 ./Drivers/STM32MP1xx_HAL_Driver/stm32mp1xx_hal_mdma.o
 .debug_ranges  0x0000000000000590      0x150 ./Drivers/STM32MP1xx_HAL_Driver/stm32mp1xx_hal_rcc.o
 .debug_ranges  0x00000000000006e0       0x48 ./Drivers/STM32MP1xx_HAL_Driver/stm32mp1xx_hal_rcc_ex.o
 .debug_ranges  0x0000000000000728      0x260 ./Drivers/STM32MP1xx_HAL_Driver/stm32mp1xx_hal_uart.o
 .debug_ranges  0x0000000000000988       0x78 ./Drivers/STM32MP1xx_HAL_Driver/stm32mp1xx_hal_uart_ex.o

.debug_macro    0x0000000000000000    0x38951
 .debug_macro   0x0000000000000000      0x310 ./Common/System/system_stm32mp1xx.o
 .debug_macro   0x0000000000000310      0xaae ./Common/System/system_stm32mp1xx.o
 .debug_macro   0x0000000000000dbe       0xe0 ./Common/System/system_stm32mp1xx.o
 .debug_macro   0x0000000000000e9e       0x2e ./Common/System/system_stm32mp1xx.o
 .debug_macro   0x0000000000000ecc       0x3a ./Common/System/system_stm32mp1xx.o
 .debug_macro   0x0000000000000f06       0x22 ./Common/System/system_stm32mp1xx.o
 .debug_macro   0x0000000000000f28       0x8e ./Common/System/system_stm32mp1xx.o
 .debug_macro   0x0000000000000fb6       0x51 ./Common/System/system_stm32mp1xx.o
 .debug_macro   0x0000000000001007      0x103 ./Common/System/system_stm32mp1xx.o
 .debug_macro   0x000000000000110a       0x6a ./Common/System/system_stm32mp1xx.o
 .debug_macro   0x0000000000001174      0x1df ./Common/System/system_stm32mp1xx.o
 .debug_macro   0x0000000000001353       0x1c ./Common/System/system_stm32mp1xx.o
 .debug_macro   0x000000000000136f       0x22 ./Common/System/system_stm32mp1xx.o
 .debug_macro   0x0000000000001391       0xdf ./Common/System/system_stm32mp1xx.o
 .debug_macro   0x0000000000001470     0x102d ./Common/System/system_stm32mp1xx.o
 .debug_macro   0x000000000000249d      0x11f ./Common/System/system_stm32mp1xx.o
 .debug_macro   0x00000000000025bc    0x2d0e0 ./Common/System/system_stm32mp1xx.o
 .debug_macro   0x000000000002f69c       0x43 ./Common/System/system_stm32mp1xx.o
 .debug_macro   0x000000000002f6df       0x52 ./Common/System/system_stm32mp1xx.o
 .debug_macro   0x000000000002f731       0x18 ./Common/System/system_stm32mp1xx.o
 .debug_macro   0x000000000002f749       0x3c ./Common/System/system_stm32mp1xx.o
 .debug_macro   0x000000000002f785       0x34 ./Common/System/system_stm32mp1xx.o
 .debug_macro   0x000000000002f7b9       0x16 ./Common/System/system_stm32mp1xx.o
 .debug_macro   0x000000000002f7cf       0x97 ./Common/System/system_stm32mp1xx.o
 .debug_macro   0x000000000002f866      0x333 ./Common/System/system_stm32mp1xx.o
 .debug_macro   0x000000000002fb99       0xfd ./Common/System/system_stm32mp1xx.o
 .debug_macro   0x000000000002fc96       0x10 ./Common/System/system_stm32mp1xx.o
 .debug_macro   0x000000000002fca6       0x16 ./Common/System/system_stm32mp1xx.o
 .debug_macro   0x000000000002fcbc       0x43 ./Common/System/system_stm32mp1xx.o
 .debug_macro   0x000000000002fcff       0x34 ./Common/System/system_stm32mp1xx.o
 .debug_macro   0x000000000002fd33       0x10 ./Common/System/system_stm32mp1xx.o
 .debug_macro   0x000000000002fd43       0x58 ./Common/System/system_stm32mp1xx.o
 .debug_macro   0x000000000002fd9b       0x71 ./Common/System/system_stm32mp1xx.o
 .debug_macro   0x000000000002fe0c       0x1c ./Common/System/system_stm32mp1xx.o
 .debug_macro   0x000000000002fe28      0x12a ./Common/System/system_stm32mp1xx.o
 .debug_macro   0x000000000002ff52       0x10 ./Common/System/system_stm32mp1xx.o
 .debug_macro   0x000000000002ff62       0x1c ./Common/System/system_stm32mp1xx.o
 .debug_macro   0x000000000002ff7e       0x52 ./Common/System/system_stm32mp1xx.o
 .debug_macro   0x000000000002ffd0       0x22 ./Common/System/system_stm32mp1xx.o
 .debug_macro   0x000000000002fff2       0x10 ./Common/System/system_stm32mp1xx.o
 .debug_macro   0x0000000000030002       0x40 ./Common/System/system_stm32mp1xx.o
 .debug_macro   0x0000000000030042       0xd5 ./Common/System/system_stm32mp1xx.o
 .debug_macro   0x0000000000030117       0x1c ./Common/System/system_stm32mp1xx.o
 .debug_macro   0x0000000000030133       0x3d ./Common/System/system_stm32mp1xx.o
 .debug_macro   0x0000000000030170       0x16 ./Common/System/system_stm32mp1xx.o
 .debug_macro   0x0000000000030186      0x145 ./Common/System/system_stm32mp1xx.o
 .debug_macro   0x00000000000302cb       0x55 ./Common/System/system_stm32mp1xx.o
 .debug_macro   0x0000000000030320     0x1d2a ./Common/System/system_stm32mp1xx.o
 .debug_macro   0x000000000003204a      0x9b1 ./Common/System/system_stm32mp1xx.o
 .debug_macro   0x00000000000329fb       0x2e ./Common/System/system_stm32mp1xx.o
 .debug_macro   0x0000000000032a29      0x33b ./Common/System/system_stm32mp1xx.o
 .debug_macro   0x0000000000032d64      0x13a ./Common/System/system_stm32mp1xx.o
 .debug_macro   0x0000000000032e9e      0x2f3 ./Common/System/system_stm32mp1xx.o
 .debug_macro   0x0000000000033191       0x27 ./Common/System/system_stm32mp1xx.o
 .debug_macro   0x00000000000331b8       0x4a ./Common/System/system_stm32mp1xx.o
 .debug_macro   0x0000000000033202      0x558 ./Common/System/system_stm32mp1xx.o
 .debug_macro   0x000000000003375a       0xe1 ./Common/System/system_stm32mp1xx.o
 .debug_macro   0x000000000003383b       0x66 ./Common/System/system_stm32mp1xx.o
 .debug_macro   0x00000000000338a1      0x3bb ./Common/System/system_stm32mp1xx.o
 .debug_macro   0x0000000000033c5c      0x228 ./Common/System/system_stm32mp1xx.o
 .debug_macro   0x0000000000033e84      0x152 ./Common/System/system_stm32mp1xx.o
 .debug_macro   0x0000000000033fd6      0x1fa ./Common/System/system_stm32mp1xx.o
 .debug_macro   0x00000000000341d0       0x19 ./Common/System/system_stm32mp1xx.o
 .debug_macro   0x00000000000341e9      0x64d ./Common/System/system_stm32mp1xx.o
 .debug_macro   0x0000000000034836       0xa6 ./Common/System/system_stm32mp1xx.o
 .debug_macro   0x00000000000348dc      0x522 ./Common/System/system_stm32mp1xx.o
 .debug_macro   0x0000000000034dfe      0x323 ./Core/Src/gpio.o
 .debug_macro   0x0000000000035121       0x4c ./Core/Src/gpio.o
 .debug_macro   0x000000000003516d      0x342 ./Core/Src/main.o
 .debug_macro   0x00000000000354af      0x319 ./Core/Src/stm32mp1xx_hal_msp.o
 .debug_macro   0x00000000000357c8      0x323 ./Core/Src/stm32mp1xx_it.o
 .debug_macro   0x0000000000035aeb      0x24c ./Core/Src/syscalls.o
 .debug_macro   0x0000000000035d37       0x4c ./Core/Src/syscalls.o
 .debug_macro   0x0000000000035d83       0x94 ./Core/Src/syscalls.o
 .debug_macro   0x0000000000035e17       0x57 ./Core/Src/syscalls.o
 .debug_macro   0x0000000000035e6e      0x174 ./Core/Src/syscalls.o
 .debug_macro   0x0000000000035fe2      0x339 ./Core/Src/syscalls.o
 .debug_macro   0x000000000003631b       0x10 ./Core/Src/syscalls.o
 .debug_macro   0x000000000003632b       0x35 ./Core/Src/syscalls.o
 .debug_macro   0x0000000000036360       0x10 ./Core/Src/syscalls.o
 .debug_macro   0x0000000000036370       0x10 ./Core/Src/syscalls.o
 .debug_macro   0x0000000000036380       0x35 ./Core/Src/syscalls.o
 .debug_macro   0x00000000000363b5      0x12c ./Core/Src/syscalls.o
 .debug_macro   0x00000000000364e1       0x16 ./Core/Src/syscalls.o
 .debug_macro   0x00000000000364f7       0x16 ./Core/Src/syscalls.o
 .debug_macro   0x000000000003650d       0x29 ./Core/Src/syscalls.o
 .debug_macro   0x0000000000036536       0x10 ./Core/Src/syscalls.o
 .debug_macro   0x0000000000036546      0x241 ./Core/Src/syscalls.o
 .debug_macro   0x0000000000036787       0x1c ./Core/Src/syscalls.o
 .debug_macro   0x00000000000367a3       0x10 ./Core/Src/syscalls.o
 .debug_macro   0x00000000000367b3      0x189 ./Core/Src/syscalls.o
 .debug_macro   0x000000000003693c       0x16 ./Core/Src/syscalls.o
 .debug_macro   0x0000000000036952       0xce ./Core/Src/syscalls.o
 .debug_macro   0x0000000000036a20       0xff ./Core/Src/sysmem.o
 .debug_macro   0x0000000000036b1f      0x23b ./Core/Src/sysmem.o
 .debug_macro   0x0000000000036d5a      0x327 ./Core/Src/usart.o
 .debug_macro   0x0000000000037081      0x33a ./Drivers/STM32MP1xx_HAL_Driver/stm32mp1xx_hal.o
 .debug_macro   0x00000000000373bb      0x30a ./Drivers/STM32MP1xx_HAL_Driver/stm32mp1xx_hal_cortex.o
 .debug_macro   0x00000000000376c5      0x310 ./Drivers/STM32MP1xx_HAL_Driver/stm32mp1xx_hal_dma.o
 .debug_macro   0x00000000000379d5      0x319 ./Drivers/STM32MP1xx_HAL_Driver/stm32mp1xx_hal_mdma.o
 .debug_macro   0x0000000000037cee      0x316 ./Drivers/STM32MP1xx_HAL_Driver/stm32mp1xx_hal_rcc.o
 .debug_macro   0x0000000000038004      0x310 ./Drivers/STM32MP1xx_HAL_Driver/stm32mp1xx_hal_rcc_ex.o
 .debug_macro   0x0000000000038314      0x327 ./Drivers/STM32MP1xx_HAL_Driver/stm32mp1xx_hal_uart.o
 .debug_macro   0x000000000003863b      0x316 ./Drivers/STM32MP1xx_HAL_Driver/stm32mp1xx_hal_uart_ex.o

.debug_line     0x0000000000000000     0xf9f5
 .debug_line    0x0000000000000000      0x940 ./Common/System/system_stm32mp1xx.o
 .debug_line    0x0000000000000940      0x84d ./Core/Src/gpio.o
 .debug_line    0x000000000000118d      0xe6a ./Core/Src/main.o
 .debug_line    0x0000000000001ff7      0x850 ./Core/Src/stm32mp1xx_hal_msp.o
 .debug_line    0x0000000000002847      0x925 ./Core/Src/stm32mp1xx_it.o